mysql> show databases;
+--------------------+
| Database           |
+--------------------+
| db1                |
| db2                |
| information_schema |
| mysql              |
| performance_schema |
| sakila             |
| sys                |
| world              |
| z                  |
+--------------------+
9 rows in set (0.19 sec)

mysql> use information_schema
Database changed
mysql> show tables;
+---------------------------------------+
| Tables_in_information_schema          |
+---------------------------------------+
| ADMINISTRABLE_ROLE_AUTHORIZATIONS     |
| APPLICABLE_ROLES                      |
| CHARACTER_SETS                        |
| CHECK_CONSTRAINTS                     |
| COLLATION_CHARACTER_SET_APPLICABILITY |
| COLLATIONS                            |
| COLUMN_PRIVILEGES                     |
| COLUMN_STATISTICS                     |
| COLUMNS                               |
| COLUMNS_EXTENSIONS                    |
| ENABLED_ROLES                         |
| ENGINES                               |
| EVENTS                                |
| FILES                                 |
| INNODB_BUFFER_PAGE                    |
| INNODB_BUFFER_PAGE_LRU                |
| INNODB_BUFFER_POOL_STATS              |
| INNODB_CACHED_INDEXES                 |
| INNODB_CMP                            |
| INNODB_CMP_PER_INDEX                  |
| INNODB_CMP_PER_INDEX_RESET            |
| INNODB_CMP_RESET                      |
| INNODB_CMPMEM                         |
| INNODB_CMPMEM_RESET                   |
| INNODB_COLUMNS                        |
| INNODB_DATAFILES                      |
| INNODB_FIELDS                         |
| INNODB_FOREIGN                        |
| INNODB_FOREIGN_COLS                   |
| INNODB_FT_BEING_DELETED               |
| INNODB_FT_CONFIG                      |
| INNODB_FT_DEFAULT_STOPWORD            |
| INNODB_FT_DELETED                     |
| INNODB_FT_INDEX_CACHE                 |
| INNODB_FT_INDEX_TABLE                 |
| INNODB_INDEXES                        |
| INNODB_METRICS                        |
| INNODB_SESSION_TEMP_TABLESPACES       |
| INNODB_TABLES                         |
| INNODB_TABLESPACES                    |
| INNODB_TABLESPACES_BRIEF              |
| INNODB_TABLESTATS                     |
| INNODB_TEMP_TABLE_INFO                |
| INNODB_TRX                            |
| INNODB_VIRTUAL                        |
| KEY_COLUMN_USAGE                      |
| KEYWORDS                              |
| OPTIMIZER_TRACE                       |
| PARAMETERS                            |
| PARTITIONS                            |
| PLUGINS                               |
| PROCESSLIST                           |
| PROFILING                             |
| REFERENTIAL_CONSTRAINTS               |
| RESOURCE_GROUPS                       |
| ROLE_COLUMN_GRANTS                    |
| ROLE_ROUTINE_GRANTS                   |
| ROLE_TABLE_GRANTS                     |
| ROUTINES                              |
| SCHEMA_PRIVILEGES                     |
| SCHEMATA                              |
| SCHEMATA_EXTENSIONS                   |
| ST_GEOMETRY_COLUMNS                   |
| ST_SPATIAL_REFERENCE_SYSTEMS          |
| ST_UNITS_OF_MEASURE                   |
| STATISTICS                            |
| TABLE_CONSTRAINTS                     |
| TABLE_CONSTRAINTS_EXTENSIONS          |
| TABLE_PRIVILEGES                      |
| TABLES                                |
| TABLES_EXTENSIONS                     |
| TABLESPACES                           |
| TABLESPACES_EXTENSIONS                |
| TRIGGERS                              |
| USER_ATTRIBUTES                       |
| USER_PRIVILEGES                       |
| VIEW_ROUTINE_USAGE                    |
| VIEW_TABLE_USAGE                      |
| VIEWS                                 |
+---------------------------------------+
79 rows in set (0.01 sec)

mysql> use db1;\
Database changed
mysql> select * from emp;
+-------+----------+--------+---------------------+------+------------+------+------+--------+---------+--------------+------------+------------+----------+
| EMPNO | ENAME    | GENDER | JOB                 | MGR  | HIREDATE   | SAL  | COMM | DEPTNO | BONUSID | USER NAME    | PWD        | PHONE      | isActive |
+-------+----------+--------+---------------------+------+------------+------+------+--------+---------+--------------+------------+------------+----------+
|  6001 | GITA     | F      | Compliance officers | 7920 | 1981-07-19 | 1750 | NULL |     30 |       1 | GITA         | sales@2017 | NULL       |        1 |
|  6129 | VRUSHALI | F      | Compliance officers | 7920 | 1981-07-19 | 1750 | NULL |     50 |       1 | VRUSHALI     | PUN@8877   | NULL       |        1 |
|  6473 | SHARMIN  | F      | Public Relation     | 7920 | 1981-07-19 | 1750 | NULL |     20 |       1 | SHARMIN      | a12recmpm  | NULL       |        1 |
|  6781 | BANDISH  | F      | Public Relation     | 7920 | 1981-07-19 | 1750 | NULL |     20 |       1 | BANDISH      | a12recmpm  | NULL       |        1 |
|  7369 | SMITH    | M      | CLERK               | 7902 | 1980-12-17 |  800 | NULL |     20 |       2 | TRITONE      | a12recmpm  | 7032300023 |        0 |
|  7415 | AARAV    | M      | CLERK               | 7902 | 1981-12-31 | 3350 | NULL |     10 |    NULL | AARAV        | NULL       | 7032300084 |        0 |
|  7421 | THOMAS   | M      | CLERK               | 7920 | 1981-07-19 | 1750 | NULL |     10 |       1 | THOMAS       | r50mpm     | 7032300011 |        0 |
|  7499 | ALLEN    | M      | SALESMAN            | 7698 | 1981-02-20 | 1600 |  300 |     30 |       4 | ALWAYS TESTE | sales@2017 | 7032300096 |        1 |
|  7521 | WARD     | M      | SALESMAN            | 7698 | 1981-02-22 | 1250 |  500 |     30 |       1 | WARD         | sales@2017 | 7132300034 |        1 |
|  7566 | JONES    | M      | MANAGER             | 7839 | 1981-04-02 | 2975 | NULL |     20 |       4 | HONEYCOMB    | a12recmpm  | 7132300039 |        1 |
|  7654 | MARTIN   | M      | SALESMAN            | 7698 | 1981-09-28 | 1250 | 1400 |     30 |       6 | LIFE RACER   | sales@2017 | 7132300050 |        1 |
|  7698 | BLAKE    | M      | MANAGER             | 7839 | 1981-05-01 | 2850 | NULL |     30 |       1 | BIG BEN      | sales@2017 | 7132300027 |        1 |
|  7782 | CLARK    | M      | MANAGER             | 7839 | 1981-06-09 | 2450 | NULL |     10 |       3 | CLARK        | r50mpm     | 7032300001 |        1 |
|  7788 | SCOTT    | M      | ANALYST             | 7566 | 1982-12-09 | 3000 | NULL |     20 |       3 | WHITE SAND   | a12recmpm  | NULL       |        1 |
|  7839 | KING     | M      | PRESIDENT           | NULL | 1981-11-17 | 5000 | NULL |     10 |       1 | KING         | r50mpm     | 7132300081 |        1 |
|  7840 | FRED     | M      | vice PRESIDENT      | 7839 | 1983-08-09 | 5000 | NULL |     20 |       1 | SAND STONE   | a12recmpm  | NULL       |        1 |
|  7844 | TURNER   | M      | SALESMAN            | 7698 | 1981-09-08 | 1500 |    0 |     30 |       5 | SAND DUST    | sales@2017 | NULL       |        1 |
|  7876 | ADAMS    | M      | CLERK               | 7788 | 1983-01-12 | 1100 | NULL |     20 |       1 | CRAZY ANYONE | a12recmpm  | 7132300086 |        1 |
|  7900 | JAMES    | M      | CLERK               | 7698 | 1981-12-03 |  950 | NULL |     30 |       2 | CRAZY LEADER | sales@2017 | 7132300042 |        1 |
|  7902 | FORD     | M      | ANALYST             | 7566 | 1981-12-03 | 3000 | NULL |     20 |       4 | CONBRIO      | a12recmpm  | NULL       |        0 |
|  7919 | HOFFMAN  | M      | MANAGER             | 7566 | 1982-03-24 | 4150 | NULL |     30 |       3 | INTERVAL     | sales@2017 | NULL       |        1 |
|  7920 | GRASS    | M      | SALESMAN            | 7919 | 1980-02-14 | 2575 | 2700 |     30 |       5 | GRASS        | sales@2017 | NULL       |        1 |
|  7934 | MILLER   | M      | CLERK               | 7782 | 1982-01-23 | 1300 | NULL |     10 |       2 | QUARTERNOTE  | r50mpm     | 7132300055 |        0 |
|  7945 | AARUSH   | M      | SALESMAN            | 7902 | 1980-02-14 | 1350 | 2700 |     30 |    NULL | AARUSH       | ABCDEF     | NULL       |        0 |
|  7949 | ALEX     | M      | MANAGER             | 7698 | 1982-01-24 | 1250 |  500 |     30 |       5 | QUARTERREST  | sales@2017 | 7156567183 |        1 |
|  8433 | NATASHA  | F      | CLERK               | 7920 | 1981-07-19 | 1750 | NULL |     30 |       1 | NATASHA      | sales@2017 | NULL       |        1 |
|  9400 | SANGITA  | F      | Compliance officers | 7920 | 1981-07-19 | 1750 | NULL |     50 |       1 | SANGITA      | NULL       | NULL       |        1 |
|  9473 | SUPRIYA  | F      | ANALYST             | 7920 | 1981-07-19 | 1750 | NULL |     50 |       1 | SUPRIYA      | XYZ@1234   | NULL       |        1 |
+-------+----------+--------+---------------------+------+------------+------+------+--------+---------+--------------+------------+------------+----------+
28 rows in set (0.00 sec)

mysql> select 1 + 1;
+-------+
| 1 + 1 |
+-------+
|     2 |
+-------+
1 row in set (0.02 sec)

mysql> select ename, job, sal from emp;
+----------+---------------------+------+
| ename    | job                 | sal  |
+----------+---------------------+------+
| GITA     | Compliance officers | 1750 |
| VRUSHALI | Compliance officers | 1750 |
| SHARMIN  | Public Relation     | 1750 |
| BANDISH  | Public Relation     | 1750 |
| SMITH    | CLERK               |  800 |
| AARAV    | CLERK               | 3350 |
| THOMAS   | CLERK               | 1750 |
| ALLEN    | SALESMAN            | 1600 |
| WARD     | SALESMAN            | 1250 |
| JONES    | MANAGER             | 2975 |
| MARTIN   | SALESMAN            | 1250 |
| BLAKE    | MANAGER             | 2850 |
| CLARK    | MANAGER             | 2450 |
| SCOTT    | ANALYST             | 3000 |
| KING     | PRESIDENT           | 5000 |
| FRED     | vice PRESIDENT      | 5000 |
| TURNER   | SALESMAN            | 1500 |
| ADAMS    | CLERK               | 1100 |
| JAMES    | CLERK               |  950 |
| FORD     | ANALYST             | 3000 |
| HOFFMAN  | MANAGER             | 4150 |
| GRASS    | SALESMAN            | 2575 |
| MILLER   | CLERK               | 1300 |
| AARUSH   | SALESMAN            | 1350 |
| ALEX     | MANAGER             | 1250 |
| NATASHA  | CLERK               | 1750 |
| SANGITA  | Compliance officers | 1750 |
| SUPRIYA  | ANALYST             | 1750 |
+----------+---------------------+------+
28 rows in set (0.00 sec)

mysql> select ename, job, sal, sal + 1000 from emp;
+----------+---------------------+------+------------+
| ename    | job                 | sal  | sal + 1000 |
+----------+---------------------+------+------------+
| GITA     | Compliance officers | 1750 |       2750 |
| VRUSHALI | Compliance officers | 1750 |       2750 |
| SHARMIN  | Public Relation     | 1750 |       2750 |
| BANDISH  | Public Relation     | 1750 |       2750 |
| SMITH    | CLERK               |  800 |       1800 |
| AARAV    | CLERK               | 3350 |       4350 |
| THOMAS   | CLERK               | 1750 |       2750 |
| ALLEN    | SALESMAN            | 1600 |       2600 |
| WARD     | SALESMAN            | 1250 |       2250 |
| JONES    | MANAGER             | 2975 |       3975 |
| MARTIN   | SALESMAN            | 1250 |       2250 |
| BLAKE    | MANAGER             | 2850 |       3850 |
| CLARK    | MANAGER             | 2450 |       3450 |
| SCOTT    | ANALYST             | 3000 |       4000 |
| KING     | PRESIDENT           | 5000 |       6000 |
| FRED     | vice PRESIDENT      | 5000 |       6000 |
| TURNER   | SALESMAN            | 1500 |       2500 |
| ADAMS    | CLERK               | 1100 |       2100 |
| JAMES    | CLERK               |  950 |       1950 |
| FORD     | ANALYST             | 3000 |       4000 |
| HOFFMAN  | MANAGER             | 4150 |       5150 |
| GRASS    | SALESMAN            | 2575 |       3575 |
| MILLER   | CLERK               | 1300 |       2300 |
| AARUSH   | SALESMAN            | 1350 |       2350 |
| ALEX     | MANAGER             | 1250 |       2250 |
| NATASHA  | CLERK               | 1750 |       2750 |
| SANGITA  | Compliance officers | 1750 |       2750 |
| SUPRIYA  | ANALYST             | 1750 |       2750 |
+----------+---------------------+------+------------+
28 rows in set (0.00 sec)

mysql> select ename, job, sal, sal + 1000 R1 from emp;
+----------+---------------------+------+------+
| ename    | job                 | sal  | R1   |
+----------+---------------------+------+------+
| GITA     | Compliance officers | 1750 | 2750 |
| VRUSHALI | Compliance officers | 1750 | 2750 |
| SHARMIN  | Public Relation     | 1750 | 2750 |
| BANDISH  | Public Relation     | 1750 | 2750 |
| SMITH    | CLERK               |  800 | 1800 |
| AARAV    | CLERK               | 3350 | 4350 |
| THOMAS   | CLERK               | 1750 | 2750 |
| ALLEN    | SALESMAN            | 1600 | 2600 |
| WARD     | SALESMAN            | 1250 | 2250 |
| JONES    | MANAGER             | 2975 | 3975 |
| MARTIN   | SALESMAN            | 1250 | 2250 |
| BLAKE    | MANAGER             | 2850 | 3850 |
| CLARK    | MANAGER             | 2450 | 3450 |
| SCOTT    | ANALYST             | 3000 | 4000 |
| KING     | PRESIDENT           | 5000 | 6000 |
| FRED     | vice PRESIDENT      | 5000 | 6000 |
| TURNER   | SALESMAN            | 1500 | 2500 |
| ADAMS    | CLERK               | 1100 | 2100 |
| JAMES    | CLERK               |  950 | 1950 |
| FORD     | ANALYST             | 3000 | 4000 |
| HOFFMAN  | MANAGER             | 4150 | 5150 |
| GRASS    | SALESMAN            | 2575 | 3575 |
| MILLER   | CLERK               | 1300 | 2300 |
| AARUSH   | SALESMAN            | 1350 | 2350 |
| ALEX     | MANAGER             | 1250 | 2250 |
| NATASHA  | CLERK               | 1750 | 2750 |
| SANGITA  | Compliance officers | 1750 | 2750 |
| SUPRIYA  | ANALYST             | 1750 | 2750 |
+----------+---------------------+------+------+
28 rows in set (0.00 sec)

mysql> select ename, job, sal, sal + 1000 NewSalary from emp;
+----------+---------------------+------+-----------+
| ename    | job                 | sal  | NewSalary |
+----------+---------------------+------+-----------+
| GITA     | Compliance officers | 1750 |      2750 |
| VRUSHALI | Compliance officers | 1750 |      2750 |
| SHARMIN  | Public Relation     | 1750 |      2750 |
| BANDISH  | Public Relation     | 1750 |      2750 |
| SMITH    | CLERK               |  800 |      1800 |
| AARAV    | CLERK               | 3350 |      4350 |
| THOMAS   | CLERK               | 1750 |      2750 |
| ALLEN    | SALESMAN            | 1600 |      2600 |
| WARD     | SALESMAN            | 1250 |      2250 |
| JONES    | MANAGER             | 2975 |      3975 |
| MARTIN   | SALESMAN            | 1250 |      2250 |
| BLAKE    | MANAGER             | 2850 |      3850 |
| CLARK    | MANAGER             | 2450 |      3450 |
| SCOTT    | ANALYST             | 3000 |      4000 |
| KING     | PRESIDENT           | 5000 |      6000 |
| FRED     | vice PRESIDENT      | 5000 |      6000 |
| TURNER   | SALESMAN            | 1500 |      2500 |
| ADAMS    | CLERK               | 1100 |      2100 |
| JAMES    | CLERK               |  950 |      1950 |
| FORD     | ANALYST             | 3000 |      4000 |
| HOFFMAN  | MANAGER             | 4150 |      5150 |
| GRASS    | SALESMAN            | 2575 |      3575 |
| MILLER   | CLERK               | 1300 |      2300 |
| AARUSH   | SALESMAN            | 1350 |      2350 |
| ALEX     | MANAGER             | 1250 |      2250 |
| NATASHA  | CLERK               | 1750 |      2750 |
| SANGITA  | Compliance officers | 1750 |      2750 |
| SUPRIYA  | ANALYST             | 1750 |      2750 |
+----------+---------------------+------+-----------+
28 rows in set (0.00 sec)

mysql> select 1 + '1';
+---------+
| 1 + '1' |
+---------+
|       2 |
+---------+
1 row in set (0.02 sec)

mysql> select 1 + '1';
+---------+
| 1 + '1' |
+---------+
|       2 |
+---------+
1 row in set (0.00 sec)

mysql> select 1 + 'A1';
+----------+
| 1 + 'A1' |
+----------+
|        1 |
+----------+
1 row in set, 1 warning (0.00 sec)

mysql> select 1 + '1A';
+----------+
| 1 + '1A' |
+----------+
|        2 |
+----------+
1 row in set, 1 warning (0.00 sec)

mysql> select 1 + '12A';
+-----------+
| 1 + '12A' |
+-----------+
|        13 |
+-----------+
1 row in set, 1 warning (0.00 sec)

mysql> select 1 + 'A12A';
+------------+
| 1 + 'A12A' |
+------------+
|          1 |
+------------+
1 row in set, 1 warning (0.00 sec)

mysql> SELECT '2435Saleel' / 1;
+------------------+
| '2435Saleel' / 1 |
+------------------+
|             2435 |
+------------------+
1 row in set, 1 warning (0.02 sec)

mysql> select * from numberstring;
+---------------+
| c1            |
+---------------+
| 1saleel       |
| 34sharmin     |
| 56731vrushali |
| 6001GITA      |
| 6129VRUSHALI  |
| 6473SHARMIN   |
| 6781BANDISH   |
| 7369SMITH     |
| 7415AARAV     |
| 7421THOMAS    |
| 743ruhan      |
| 7499ALLEN     |
| 7521WARD      |
| 7566JONES     |
| 7654MARTIN    |
| 7657822ajay   |
| 7698BLAKE     |
| 7782CLARK     |
| 7788SCOTT     |
| 7839KING      |
| 7840FRED      |
| 7844TURNER    |
| 7876ADAMS     |
| 7900JAMES     |
| 7902FORD      |
| 7919HOFFMAN   |
| 7920GRASS     |
| 7934MILLER    |
| 7945AARUSH    |
| 7949ALEX      |
| 836379bandish |
| 8433NATASHA   |
| 9400SANGITA   |
| 9473SUPRIYA   |
+---------------+
34 rows in set (0.09 sec)

mysql> desc numberstring;
+-------+-------------+------+-----+---------+-------+
| Field | Type        | Null | Key | Default | Extra |
+-------+-------------+------+-----+---------+-------+
| c1    | varchar(45) | NO   | PRI | NULL    |       |
+-------+-------------+------+-----+---------+-------+
1 row in set (0.00 sec)

mysql> select c1, c1 / 1 R1 from numberstring;
+---------------+---------+
| c1            | R1      |
+---------------+---------+
| 1saleel       |       1 |
| 34sharmin     |      34 |
| 56731vrushali |   56731 |
| 6001GITA      |    6001 |
| 6129VRUSHALI  |    6129 |
| 6473SHARMIN   |    6473 |
| 6781BANDISH   |    6781 |
| 7369SMITH     |    7369 |
| 7415AARAV     |    7415 |
| 7421THOMAS    |    7421 |
| 743ruhan      |     743 |
| 7499ALLEN     |    7499 |
| 7521WARD      |    7521 |
| 7566JONES     |    7566 |
| 7654MARTIN    |    7654 |
| 7657822ajay   | 7657822 |
| 7698BLAKE     |    7698 |
| 7782CLARK     |    7782 |
| 7788SCOTT     |    7788 |
| 7839KING      |    7839 |
| 7840FRED      |    7840 |
| 7844TURNER    |    7844 |
| 7876ADAMS     |    7876 |
| 7900JAMES     |    7900 |
| 7902FORD      |    7902 |
| 7919HOFFMAN   |    7919 |
| 7920GRASS     |    7920 |
| 7934MILLER    |    7934 |
| 7945AARUSH    |    7945 |
| 7949ALEX      |    7949 |
| 836379bandish |  836379 |
| 8433NATASHA   |    8433 |
| 9400SANGITA   |    9400 |
| 9473SUPRIYA   |    9473 |
+---------------+---------+
34 rows in set, 34 warnings (0.00 sec)

mysql> select 1 + null;
+----------+
| 1 + null |
+----------+
|     NULL |
+----------+
1 row in set (0.00 sec)

mysql> select ename, job, sal,comm, sal + 1000 NewSalary from emp;
+----------+---------------------+------+------+-----------+
| ename    | job                 | sal  | comm | NewSalary |
+----------+---------------------+------+------+-----------+
| GITA     | Compliance officers | 1750 | NULL |      2750 |
| VRUSHALI | Compliance officers | 1750 | NULL |      2750 |
| SHARMIN  | Public Relation     | 1750 | NULL |      2750 |
| BANDISH  | Public Relation     | 1750 | NULL |      2750 |
| SMITH    | CLERK               |  800 | NULL |      1800 |
| AARAV    | CLERK               | 3350 | NULL |      4350 |
| THOMAS   | CLERK               | 1750 | NULL |      2750 |
| ALLEN    | SALESMAN            | 1600 |  300 |      2600 |
| WARD     | SALESMAN            | 1250 |  500 |      2250 |
| JONES    | MANAGER             | 2975 | NULL |      3975 |
| MARTIN   | SALESMAN            | 1250 | 1400 |      2250 |
| BLAKE    | MANAGER             | 2850 | NULL |      3850 |
| CLARK    | MANAGER             | 2450 | NULL |      3450 |
| SCOTT    | ANALYST             | 3000 | NULL |      4000 |
| KING     | PRESIDENT           | 5000 | NULL |      6000 |
| FRED     | vice PRESIDENT      | 5000 | NULL |      6000 |
| TURNER   | SALESMAN            | 1500 |    0 |      2500 |
| ADAMS    | CLERK               | 1100 | NULL |      2100 |
| JAMES    | CLERK               |  950 | NULL |      1950 |
| FORD     | ANALYST             | 3000 | NULL |      4000 |
| HOFFMAN  | MANAGER             | 4150 | NULL |      5150 |
| GRASS    | SALESMAN            | 2575 | 2700 |      3575 |
| MILLER   | CLERK               | 1300 | NULL |      2300 |
| AARUSH   | SALESMAN            | 1350 | 2700 |      2350 |
| ALEX     | MANAGER             | 1250 |  500 |      2250 |
| NATASHA  | CLERK               | 1750 | NULL |      2750 |
| SANGITA  | Compliance officers | 1750 | NULL |      2750 |
| SUPRIYA  | ANALYST             | 1750 | NULL |      2750 |
+----------+---------------------+------+------+-----------+
28 rows in set (0.00 sec)

mysql> select ename, job, sal,comm, sal + 1000 "Increased Salary" from emp;
+----------+---------------------+------+------+------------------+
| ename    | job                 | sal  | comm | Increased Salary |
+----------+---------------------+------+------+------------------+
| GITA     | Compliance officers | 1750 | NULL |             2750 |
| VRUSHALI | Compliance officers | 1750 | NULL |             2750 |
| SHARMIN  | Public Relation     | 1750 | NULL |             2750 |
| BANDISH  | Public Relation     | 1750 | NULL |             2750 |
| SMITH    | CLERK               |  800 | NULL |             1800 |
| AARAV    | CLERK               | 3350 | NULL |             4350 |
| THOMAS   | CLERK               | 1750 | NULL |             2750 |
| ALLEN    | SALESMAN            | 1600 |  300 |             2600 |
| WARD     | SALESMAN            | 1250 |  500 |             2250 |
| JONES    | MANAGER             | 2975 | NULL |             3975 |
| MARTIN   | SALESMAN            | 1250 | 1400 |             2250 |
| BLAKE    | MANAGER             | 2850 | NULL |             3850 |
| CLARK    | MANAGER             | 2450 | NULL |             3450 |
| SCOTT    | ANALYST             | 3000 | NULL |             4000 |
| KING     | PRESIDENT           | 5000 | NULL |             6000 |
| FRED     | vice PRESIDENT      | 5000 | NULL |             6000 |
| TURNER   | SALESMAN            | 1500 |    0 |             2500 |
| ADAMS    | CLERK               | 1100 | NULL |             2100 |
| JAMES    | CLERK               |  950 | NULL |             1950 |
| FORD     | ANALYST             | 3000 | NULL |             4000 |
| HOFFMAN  | MANAGER             | 4150 | NULL |             5150 |
| GRASS    | SALESMAN            | 2575 | 2700 |             3575 |
| MILLER   | CLERK               | 1300 | NULL |             2300 |
| AARUSH   | SALESMAN            | 1350 | 2700 |             2350 |
| ALEX     | MANAGER             | 1250 |  500 |             2250 |
| NATASHA  | CLERK               | 1750 | NULL |             2750 |
| SANGITA  | Compliance officers | 1750 | NULL |             2750 |
| SUPRIYA  | ANALYST             | 1750 | NULL |             2750 |
+----------+---------------------+------+------+------------------+
28 rows in set (0.00 sec)

mysql> select ename, job, sal,comm, sal + 1000 "Increased Salary", sal + comm R1 from emp;
+----------+---------------------+------+------+------------------+------+
| ename    | job                 | sal  | comm | Increased Salary | R1   |
+----------+---------------------+------+------+------------------+------+
| GITA     | Compliance officers | 1750 | NULL |             2750 | NULL |
| VRUSHALI | Compliance officers | 1750 | NULL |             2750 | NULL |
| SHARMIN  | Public Relation     | 1750 | NULL |             2750 | NULL |
| BANDISH  | Public Relation     | 1750 | NULL |             2750 | NULL |
| SMITH    | CLERK               |  800 | NULL |             1800 | NULL |
| AARAV    | CLERK               | 3350 | NULL |             4350 | NULL |
| THOMAS   | CLERK               | 1750 | NULL |             2750 | NULL |
| ALLEN    | SALESMAN            | 1600 |  300 |             2600 | 1900 |
| WARD     | SALESMAN            | 1250 |  500 |             2250 | 1750 |
| JONES    | MANAGER             | 2975 | NULL |             3975 | NULL |
| MARTIN   | SALESMAN            | 1250 | 1400 |             2250 | 2650 |
| BLAKE    | MANAGER             | 2850 | NULL |             3850 | NULL |
| CLARK    | MANAGER             | 2450 | NULL |             3450 | NULL |
| SCOTT    | ANALYST             | 3000 | NULL |             4000 | NULL |
| KING     | PRESIDENT           | 5000 | NULL |             6000 | NULL |
| FRED     | vice PRESIDENT      | 5000 | NULL |             6000 | NULL |
| TURNER   | SALESMAN            | 1500 |    0 |             2500 | 1500 |
| ADAMS    | CLERK               | 1100 | NULL |             2100 | NULL |
| JAMES    | CLERK               |  950 | NULL |             1950 | NULL |
| FORD     | ANALYST             | 3000 | NULL |             4000 | NULL |
| HOFFMAN  | MANAGER             | 4150 | NULL |             5150 | NULL |
| GRASS    | SALESMAN            | 2575 | 2700 |             3575 | 5275 |
| MILLER   | CLERK               | 1300 | NULL |             2300 | NULL |
| AARUSH   | SALESMAN            | 1350 | 2700 |             2350 | 4050 |
| ALEX     | MANAGER             | 1250 |  500 |             2250 | 1750 |
| NATASHA  | CLERK               | 1750 | NULL |             2750 | NULL |
| SANGITA  | Compliance officers | 1750 | NULL |             2750 | NULL |
| SUPRIYA  | ANALYST             | 1750 | NULL |             2750 | NULL |
+----------+---------------------+------+------+------------------+------+
28 rows in set (0.00 sec)

mysql> select ename, job, sal,comm, sal + comm R1 from emp;
+----------+---------------------+------+------+------+
| ename    | job                 | sal  | comm | R1   |
+----------+---------------------+------+------+------+
| GITA     | Compliance officers | 1750 | NULL | NULL |
| VRUSHALI | Compliance officers | 1750 | NULL | NULL |
| SHARMIN  | Public Relation     | 1750 | NULL | NULL |
| BANDISH  | Public Relation     | 1750 | NULL | NULL |
| SMITH    | CLERK               |  800 | NULL | NULL |
| AARAV    | CLERK               | 3350 | NULL | NULL |
| THOMAS   | CLERK               | 1750 | NULL | NULL |
| ALLEN    | SALESMAN            | 1600 |  300 | 1900 |
| WARD     | SALESMAN            | 1250 |  500 | 1750 |
| JONES    | MANAGER             | 2975 | NULL | NULL |
| MARTIN   | SALESMAN            | 1250 | 1400 | 2650 |
| BLAKE    | MANAGER             | 2850 | NULL | NULL |
| CLARK    | MANAGER             | 2450 | NULL | NULL |
| SCOTT    | ANALYST             | 3000 | NULL | NULL |
| KING     | PRESIDENT           | 5000 | NULL | NULL |
| FRED     | vice PRESIDENT      | 5000 | NULL | NULL |
| TURNER   | SALESMAN            | 1500 |    0 | 1500 |
| ADAMS    | CLERK               | 1100 | NULL | NULL |
| JAMES    | CLERK               |  950 | NULL | NULL |
| FORD     | ANALYST             | 3000 | NULL | NULL |
| HOFFMAN  | MANAGER             | 4150 | NULL | NULL |
| GRASS    | SALESMAN            | 2575 | 2700 | 5275 |
| MILLER   | CLERK               | 1300 | NULL | NULL |
| AARUSH   | SALESMAN            | 1350 | 2700 | 4050 |
| ALEX     | MANAGER             | 1250 |  500 | 1750 |
| NATASHA  | CLERK               | 1750 | NULL | NULL |
| SANGITA  | Compliance officers | 1750 | NULL | NULL |
| SUPRIYA  | ANALYST             | 1750 | NULL | NULL |
+----------+---------------------+------+------+------+
28 rows in set (0.00 sec)

mysql> select ename, job, sal,comm, ifnull(null, -1) from emp;
+----------+---------------------+------+------+------------------+
| ename    | job                 | sal  | comm | ifnull(null, -1) |
+----------+---------------------+------+------+------------------+
| GITA     | Compliance officers | 1750 | NULL |               -1 |
| VRUSHALI | Compliance officers | 1750 | NULL |               -1 |
| SHARMIN  | Public Relation     | 1750 | NULL |               -1 |
| BANDISH  | Public Relation     | 1750 | NULL |               -1 |
| SMITH    | CLERK               |  800 | NULL |               -1 |
| AARAV    | CLERK               | 3350 | NULL |               -1 |
| THOMAS   | CLERK               | 1750 | NULL |               -1 |
| ALLEN    | SALESMAN            | 1600 |  300 |               -1 |
| WARD     | SALESMAN            | 1250 |  500 |               -1 |
| JONES    | MANAGER             | 2975 | NULL |               -1 |
| MARTIN   | SALESMAN            | 1250 | 1400 |               -1 |
| BLAKE    | MANAGER             | 2850 | NULL |               -1 |
| CLARK    | MANAGER             | 2450 | NULL |               -1 |
| SCOTT    | ANALYST             | 3000 | NULL |               -1 |
| KING     | PRESIDENT           | 5000 | NULL |               -1 |
| FRED     | vice PRESIDENT      | 5000 | NULL |               -1 |
| TURNER   | SALESMAN            | 1500 |    0 |               -1 |
| ADAMS    | CLERK               | 1100 | NULL |               -1 |
| JAMES    | CLERK               |  950 | NULL |               -1 |
| FORD     | ANALYST             | 3000 | NULL |               -1 |
| HOFFMAN  | MANAGER             | 4150 | NULL |               -1 |
| GRASS    | SALESMAN            | 2575 | 2700 |               -1 |
| MILLER   | CLERK               | 1300 | NULL |               -1 |
| AARUSH   | SALESMAN            | 1350 | 2700 |               -1 |
| ALEX     | MANAGER             | 1250 |  500 |               -1 |
| NATASHA  | CLERK               | 1750 | NULL |               -1 |
| SANGITA  | Compliance officers | 1750 | NULL |               -1 |
| SUPRIYA  | ANALYST             | 1750 | NULL |               -1 |
+----------+---------------------+------+------+------------------+
28 rows in set (0.01 sec)

mysql> select ename, job, sal,comm, ifnull(comm, "N/A") from emp;
+----------+---------------------+------+------+---------------------+
| ename    | job                 | sal  | comm | ifnull(comm, "N/A") |
+----------+---------------------+------+------+---------------------+
| GITA     | Compliance officers | 1750 | NULL | N/A                 |
| VRUSHALI | Compliance officers | 1750 | NULL | N/A                 |
| SHARMIN  | Public Relation     | 1750 | NULL | N/A                 |
| BANDISH  | Public Relation     | 1750 | NULL | N/A                 |
| SMITH    | CLERK               |  800 | NULL | N/A                 |
| AARAV    | CLERK               | 3350 | NULL | N/A                 |
| THOMAS   | CLERK               | 1750 | NULL | N/A                 |
| ALLEN    | SALESMAN            | 1600 |  300 | 300                 |
| WARD     | SALESMAN            | 1250 |  500 | 500                 |
| JONES    | MANAGER             | 2975 | NULL | N/A                 |
| MARTIN   | SALESMAN            | 1250 | 1400 | 1400                |
| BLAKE    | MANAGER             | 2850 | NULL | N/A                 |
| CLARK    | MANAGER             | 2450 | NULL | N/A                 |
| SCOTT    | ANALYST             | 3000 | NULL | N/A                 |
| KING     | PRESIDENT           | 5000 | NULL | N/A                 |
| FRED     | vice PRESIDENT      | 5000 | NULL | N/A                 |
| TURNER   | SALESMAN            | 1500 |    0 | 0                   |
| ADAMS    | CLERK               | 1100 | NULL | N/A                 |
| JAMES    | CLERK               |  950 | NULL | N/A                 |
| FORD     | ANALYST             | 3000 | NULL | N/A                 |
| HOFFMAN  | MANAGER             | 4150 | NULL | N/A                 |
| GRASS    | SALESMAN            | 2575 | 2700 | 2700                |
| MILLER   | CLERK               | 1300 | NULL | N/A                 |
| AARUSH   | SALESMAN            | 1350 | 2700 | 2700                |
| ALEX     | MANAGER             | 1250 |  500 | 500                 |
| NATASHA  | CLERK               | 1750 | NULL | N/A                 |
| SANGITA  | Compliance officers | 1750 | NULL | N/A                 |
| SUPRIYA  | ANALYST             | 1750 | NULL | N/A                 |
+----------+---------------------+------+------+---------------------+
28 rows in set (0.00 sec)

mysql> select ename, job, sal,comm, ifnull(comm, "Can be a string") from emp;
+----------+---------------------+------+------+---------------------------------+
| ename    | job                 | sal  | comm | ifnull(comm, "Can be a string") |
+----------+---------------------+------+------+---------------------------------+
| GITA     | Compliance officers | 1750 | NULL | Can be a string                 |
| VRUSHALI | Compliance officers | 1750 | NULL | Can be a string                 |
| SHARMIN  | Public Relation     | 1750 | NULL | Can be a string                 |
| BANDISH  | Public Relation     | 1750 | NULL | Can be a string                 |
| SMITH    | CLERK               |  800 | NULL | Can be a string                 |
| AARAV    | CLERK               | 3350 | NULL | Can be a string                 |
| THOMAS   | CLERK               | 1750 | NULL | Can be a string                 |
| ALLEN    | SALESMAN            | 1600 |  300 | 300                             |
| WARD     | SALESMAN            | 1250 |  500 | 500                             |
| JONES    | MANAGER             | 2975 | NULL | Can be a string                 |
| MARTIN   | SALESMAN            | 1250 | 1400 | 1400                            |
| BLAKE    | MANAGER             | 2850 | NULL | Can be a string                 |
| CLARK    | MANAGER             | 2450 | NULL | Can be a string                 |
| SCOTT    | ANALYST             | 3000 | NULL | Can be a string                 |
| KING     | PRESIDENT           | 5000 | NULL | Can be a string                 |
| FRED     | vice PRESIDENT      | 5000 | NULL | Can be a string                 |
| TURNER   | SALESMAN            | 1500 |    0 | 0                               |
| ADAMS    | CLERK               | 1100 | NULL | Can be a string                 |
| JAMES    | CLERK               |  950 | NULL | Can be a string                 |
| FORD     | ANALYST             | 3000 | NULL | Can be a string                 |
| HOFFMAN  | MANAGER             | 4150 | NULL | Can be a string                 |
| GRASS    | SALESMAN            | 2575 | 2700 | 2700                            |
| MILLER   | CLERK               | 1300 | NULL | Can be a string                 |
| AARUSH   | SALESMAN            | 1350 | 2700 | 2700                            |
| ALEX     | MANAGER             | 1250 |  500 | 500                             |
| NATASHA  | CLERK               | 1750 | NULL | Can be a string                 |
| SANGITA  | Compliance officers | 1750 | NULL | Can be a string                 |
| SUPRIYA  | ANALYST             | 1750 | NULL | Can be a string                 |
+----------+---------------------+------+------+---------------------------------+
28 rows in set (0.00 sec)

mysql> select ename, job, sal,comm, ifnull(comm, 0) from emp;
+----------+---------------------+------+------+-----------------+
| ename    | job                 | sal  | comm | ifnull(comm, 0) |
+----------+---------------------+------+------+-----------------+
| GITA     | Compliance officers | 1750 | NULL |               0 |
| VRUSHALI | Compliance officers | 1750 | NULL |               0 |
| SHARMIN  | Public Relation     | 1750 | NULL |               0 |
| BANDISH  | Public Relation     | 1750 | NULL |               0 |
| SMITH    | CLERK               |  800 | NULL |               0 |
| AARAV    | CLERK               | 3350 | NULL |               0 |
| THOMAS   | CLERK               | 1750 | NULL |               0 |
| ALLEN    | SALESMAN            | 1600 |  300 |             300 |
| WARD     | SALESMAN            | 1250 |  500 |             500 |
| JONES    | MANAGER             | 2975 | NULL |               0 |
| MARTIN   | SALESMAN            | 1250 | 1400 |            1400 |
| BLAKE    | MANAGER             | 2850 | NULL |               0 |
| CLARK    | MANAGER             | 2450 | NULL |               0 |
| SCOTT    | ANALYST             | 3000 | NULL |               0 |
| KING     | PRESIDENT           | 5000 | NULL |               0 |
| FRED     | vice PRESIDENT      | 5000 | NULL |               0 |
| TURNER   | SALESMAN            | 1500 |    0 |               0 |
| ADAMS    | CLERK               | 1100 | NULL |               0 |
| JAMES    | CLERK               |  950 | NULL |               0 |
| FORD     | ANALYST             | 3000 | NULL |               0 |
| HOFFMAN  | MANAGER             | 4150 | NULL |               0 |
| GRASS    | SALESMAN            | 2575 | 2700 |            2700 |
| MILLER   | CLERK               | 1300 | NULL |               0 |
| AARUSH   | SALESMAN            | 1350 | 2700 |            2700 |
| ALEX     | MANAGER             | 1250 |  500 |             500 |
| NATASHA  | CLERK               | 1750 | NULL |               0 |
| SANGITA  | Compliance officers | 1750 | NULL |               0 |
| SUPRIYA  | ANALYST             | 1750 | NULL |               0 |
+----------+---------------------+------+------+-----------------+
28 rows in set (0.00 sec)

mysql> select ename, job, sal,comm, sal + ifnull(comm,0) from emp;
+----------+---------------------+------+------+----------------------+
| ename    | job                 | sal  | comm | sal + ifnull(comm,0) |
+----------+---------------------+------+------+----------------------+
| GITA     | Compliance officers | 1750 | NULL |                 1750 |
| VRUSHALI | Compliance officers | 1750 | NULL |                 1750 |
| SHARMIN  | Public Relation     | 1750 | NULL |                 1750 |
| BANDISH  | Public Relation     | 1750 | NULL |                 1750 |
| SMITH    | CLERK               |  800 | NULL |                  800 |
| AARAV    | CLERK               | 3350 | NULL |                 3350 |
| THOMAS   | CLERK               | 1750 | NULL |                 1750 |
| ALLEN    | SALESMAN            | 1600 |  300 |                 1900 |
| WARD     | SALESMAN            | 1250 |  500 |                 1750 |
| JONES    | MANAGER             | 2975 | NULL |                 2975 |
| MARTIN   | SALESMAN            | 1250 | 1400 |                 2650 |
| BLAKE    | MANAGER             | 2850 | NULL |                 2850 |
| CLARK    | MANAGER             | 2450 | NULL |                 2450 |
| SCOTT    | ANALYST             | 3000 | NULL |                 3000 |
| KING     | PRESIDENT           | 5000 | NULL |                 5000 |
| FRED     | vice PRESIDENT      | 5000 | NULL |                 5000 |
| TURNER   | SALESMAN            | 1500 |    0 |                 1500 |
| ADAMS    | CLERK               | 1100 | NULL |                 1100 |
| JAMES    | CLERK               |  950 | NULL |                  950 |
| FORD     | ANALYST             | 3000 | NULL |                 3000 |
| HOFFMAN  | MANAGER             | 4150 | NULL |                 4150 |
| GRASS    | SALESMAN            | 2575 | 2700 |                 5275 |
| MILLER   | CLERK               | 1300 | NULL |                 1300 |
| AARUSH   | SALESMAN            | 1350 | 2700 |                 4050 |
| ALEX     | MANAGER             | 1250 |  500 |                 1750 |
| NATASHA  | CLERK               | 1750 | NULL |                 1750 |
| SANGITA  | Compliance officers | 1750 | NULL |                 1750 |
| SUPRIYA  | ANALYST             | 1750 | NULL |                 1750 |
+----------+---------------------+------+------+----------------------+
28 rows in set (0.00 sec)

mysql> select ename, job, sal, sal + sal*.20 R1  from emp;
+----------+---------------------+------+---------+
| ename    | job                 | sal  | R1      |
+----------+---------------------+------+---------+
| GITA     | Compliance officers | 1750 | 2100.00 |
| VRUSHALI | Compliance officers | 1750 | 2100.00 |
| SHARMIN  | Public Relation     | 1750 | 2100.00 |
| BANDISH  | Public Relation     | 1750 | 2100.00 |
| SMITH    | CLERK               |  800 |  960.00 |
| AARAV    | CLERK               | 3350 | 4020.00 |
| THOMAS   | CLERK               | 1750 | 2100.00 |
| ALLEN    | SALESMAN            | 1600 | 1920.00 |
| WARD     | SALESMAN            | 1250 | 1500.00 |
| JONES    | MANAGER             | 2975 | 3570.00 |
| MARTIN   | SALESMAN            | 1250 | 1500.00 |
| BLAKE    | MANAGER             | 2850 | 3420.00 |
| CLARK    | MANAGER             | 2450 | 2940.00 |
| SCOTT    | ANALYST             | 3000 | 3600.00 |
| KING     | PRESIDENT           | 5000 | 6000.00 |
| FRED     | vice PRESIDENT      | 5000 | 6000.00 |
| TURNER   | SALESMAN            | 1500 | 1800.00 |
| ADAMS    | CLERK               | 1100 | 1320.00 |
| JAMES    | CLERK               |  950 | 1140.00 |
| FORD     | ANALYST             | 3000 | 3600.00 |
| HOFFMAN  | MANAGER             | 4150 | 4980.00 |
| GRASS    | SALESMAN            | 2575 | 3090.00 |
| MILLER   | CLERK               | 1300 | 1560.00 |
| AARUSH   | SALESMAN            | 1350 | 1620.00 |
| ALEX     | MANAGER             | 1250 | 1500.00 |
| NATASHA  | CLERK               | 1750 | 2100.00 |
| SANGITA  | Compliance officers | 1750 | 2100.00 |
| SUPRIYA  | ANALYST             | 1750 | 2100.00 |
+----------+---------------------+------+---------+
28 rows in set (0.00 sec)

mysql> select ename, job, sal, sal*.2, sal + sal*.20 R1  from emp;
+----------+---------------------+------+--------+---------+
| ename    | job                 | sal  | sal*.2 | R1      |
+----------+---------------------+------+--------+---------+
| GITA     | Compliance officers | 1750 |  350.0 | 2100.00 |
| VRUSHALI | Compliance officers | 1750 |  350.0 | 2100.00 |
| SHARMIN  | Public Relation     | 1750 |  350.0 | 2100.00 |
| BANDISH  | Public Relation     | 1750 |  350.0 | 2100.00 |
| SMITH    | CLERK               |  800 |  160.0 |  960.00 |
| AARAV    | CLERK               | 3350 |  670.0 | 4020.00 |
| THOMAS   | CLERK               | 1750 |  350.0 | 2100.00 |
| ALLEN    | SALESMAN            | 1600 |  320.0 | 1920.00 |
| WARD     | SALESMAN            | 1250 |  250.0 | 1500.00 |
| JONES    | MANAGER             | 2975 |  595.0 | 3570.00 |
| MARTIN   | SALESMAN            | 1250 |  250.0 | 1500.00 |
| BLAKE    | MANAGER             | 2850 |  570.0 | 3420.00 |
| CLARK    | MANAGER             | 2450 |  490.0 | 2940.00 |
| SCOTT    | ANALYST             | 3000 |  600.0 | 3600.00 |
| KING     | PRESIDENT           | 5000 | 1000.0 | 6000.00 |
| FRED     | vice PRESIDENT      | 5000 | 1000.0 | 6000.00 |
| TURNER   | SALESMAN            | 1500 |  300.0 | 1800.00 |
| ADAMS    | CLERK               | 1100 |  220.0 | 1320.00 |
| JAMES    | CLERK               |  950 |  190.0 | 1140.00 |
| FORD     | ANALYST             | 3000 |  600.0 | 3600.00 |
| HOFFMAN  | MANAGER             | 4150 |  830.0 | 4980.00 |
| GRASS    | SALESMAN            | 2575 |  515.0 | 3090.00 |
| MILLER   | CLERK               | 1300 |  260.0 | 1560.00 |
| AARUSH   | SALESMAN            | 1350 |  270.0 | 1620.00 |
| ALEX     | MANAGER             | 1250 |  250.0 | 1500.00 |
| NATASHA  | CLERK               | 1750 |  350.0 | 2100.00 |
| SANGITA  | Compliance officers | 1750 |  350.0 | 2100.00 |
| SUPRIYA  | ANALYST             | 1750 |  350.0 | 2100.00 |
+----------+---------------------+------+--------+---------+
28 rows in set (0.00 sec)

mysql> select 1750 + 350;
+------------+
| 1750 + 350 |
+------------+
|       2100 |
+------------+
1 row in set (0.00 sec)

mysql> select database();
+------------+
| database() |
+------------+
| db1        |
+------------+
1 row in set (0.00 sec)

mysql> select * from emp;\
+-------+----------+--------+---------------------+------+------------+------+------+--------+---------+--------------+------------+------------+----------+
| EMPNO | ENAME    | GENDER | JOB                 | MGR  | HIREDATE   | SAL  | COMM | DEPTNO | BONUSID | USER NAME    | PWD        | PHONE      | isActive |
+-------+----------+--------+---------------------+------+------------+------+------+--------+---------+--------------+------------+------------+----------+
|  6001 | GITA     | F      | Compliance officers | 7920 | 1981-07-19 | 1750 | NULL |     30 |       1 | GITA         | sales@2017 | NULL       |        1 |
|  6129 | VRUSHALI | F      | Compliance officers | 7920 | 1981-07-19 | 1750 | NULL |     50 |       1 | VRUSHALI     | PUN@8877   | NULL       |        1 |
|  6473 | SHARMIN  | F      | Public Relation     | 7920 | 1981-07-19 | 1750 | NULL |     20 |       1 | SHARMIN      | a12recmpm  | NULL       |        1 |
|  6781 | BANDISH  | F      | Public Relation     | 7920 | 1981-07-19 | 1750 | NULL |     20 |       1 | BANDISH      | a12recmpm  | NULL       |        1 |
|  7369 | SMITH    | M      | CLERK               | 7902 | 1980-12-17 |  800 | NULL |     20 |       2 | TRITONE      | a12recmpm  | 7032300023 |        0 |
|  7415 | AARAV    | M      | CLERK               | 7902 | 1981-12-31 | 3350 | NULL |     10 |    NULL | AARAV        | NULL       | 7032300084 |        0 |
|  7421 | THOMAS   | M      | CLERK               | 7920 | 1981-07-19 | 1750 | NULL |     10 |       1 | THOMAS       | r50mpm     | 7032300011 |        0 |
|  7499 | ALLEN    | M      | SALESMAN            | 7698 | 1981-02-20 | 1600 |  300 |     30 |       4 | ALWAYS TESTE | sales@2017 | 7032300096 |        1 |
|  7521 | WARD     | M      | SALESMAN            | 7698 | 1981-02-22 | 1250 |  500 |     30 |       1 | WARD         | sales@2017 | 7132300034 |        1 |
|  7566 | JONES    | M      | MANAGER             | 7839 | 1981-04-02 | 2975 | NULL |     20 |       4 | HONEYCOMB    | a12recmpm  | 7132300039 |        1 |
|  7654 | MARTIN   | M      | SALESMAN            | 7698 | 1981-09-28 | 1250 | 1400 |     30 |       6 | LIFE RACER   | sales@2017 | 7132300050 |        1 |
|  7698 | BLAKE    | M      | MANAGER             | 7839 | 1981-05-01 | 2850 | NULL |     30 |       1 | BIG BEN      | sales@2017 | 7132300027 |        1 |
|  7782 | CLARK    | M      | MANAGER             | 7839 | 1981-06-09 | 2450 | NULL |     10 |       3 | CLARK        | r50mpm     | 7032300001 |        1 |
|  7788 | SCOTT    | M      | ANALYST             | 7566 | 1982-12-09 | 3000 | NULL |     20 |       3 | WHITE SAND   | a12recmpm  | NULL       |        1 |
|  7839 | KING     | M      | PRESIDENT           | NULL | 1981-11-17 | 5000 | NULL |     10 |       1 | KING         | r50mpm     | 7132300081 |        1 |
|  7840 | FRED     | M      | vice PRESIDENT      | 7839 | 1983-08-09 | 5000 | NULL |     20 |       1 | SAND STONE   | a12recmpm  | NULL       |        1 |
|  7844 | TURNER   | M      | SALESMAN            | 7698 | 1981-09-08 | 1500 |    0 |     30 |       5 | SAND DUST    | sales@2017 | NULL       |        1 |
|  7876 | ADAMS    | M      | CLERK               | 7788 | 1983-01-12 | 1100 | NULL |     20 |       1 | CRAZY ANYONE | a12recmpm  | 7132300086 |        1 |
|  7900 | JAMES    | M      | CLERK               | 7698 | 1981-12-03 |  950 | NULL |     30 |       2 | CRAZY LEADER | sales@2017 | 7132300042 |        1 |
|  7902 | FORD     | M      | ANALYST             | 7566 | 1981-12-03 | 3000 | NULL |     20 |       4 | CONBRIO      | a12recmpm  | NULL       |        0 |
|  7919 | HOFFMAN  | M      | MANAGER             | 7566 | 1982-03-24 | 4150 | NULL |     30 |       3 | INTERVAL     | sales@2017 | NULL       |        1 |
|  7920 | GRASS    | M      | SALESMAN            | 7919 | 1980-02-14 | 2575 | 2700 |     30 |       5 | GRASS        | sales@2017 | NULL       |        1 |
|  7934 | MILLER   | M      | CLERK               | 7782 | 1982-01-23 | 1300 | NULL |     10 |       2 | QUARTERNOTE  | r50mpm     | 7132300055 |        0 |
|  7945 | AARUSH   | M      | SALESMAN            | 7902 | 1980-02-14 | 1350 | 2700 |     30 |    NULL | AARUSH       | ABCDEF     | NULL       |        0 |
|  7949 | ALEX     | M      | MANAGER             | 7698 | 1982-01-24 | 1250 |  500 |     30 |       5 | QUARTERREST  | sales@2017 | 7156567183 |        1 |
|  8433 | NATASHA  | F      | CLERK               | 7920 | 1981-07-19 | 1750 | NULL |     30 |       1 | NATASHA      | sales@2017 | NULL       |        1 |
|  9400 | SANGITA  | F      | Compliance officers | 7920 | 1981-07-19 | 1750 | NULL |     50 |       1 | SANGITA      | NULL       | NULL       |        1 |
|  9473 | SUPRIYA  | F      | ANALYST             | 7920 | 1981-07-19 | 1750 | NULL |     50 |       1 | SUPRIYA      | XYZ@1234   | NULL       |        1 |
+-------+----------+--------+---------------------+------+------------+------+------+--------+---------+--------------+------------+------------+----------+
28 rows in set (0.00 sec)

mysql> use db2;
Database changed
mysql> select * from emp;
+----+--------+----------+--------+------+------+-------+
| id | ename  | job type | city   | sal  | comm | total |
+----+--------+----------+--------+------+------+-------+
|  1 | saleel | manager  | Baroda | 6000 |  200 |  6200 |
|  2 | saleel | manager  | Baroda | 7000 | 5200 | 12200 |
+----+--------+----------+--------+------+------+-------+
2 rows in set (0.00 sec)

mysql> drop table emp;
Query OK, 0 rows affected (0.38 sec)

mysql> select * from emp;
ERROR 1146 (42S02): Table 'db2.emp' doesn't exist
mysql> select * from db1.emp;
+-------+----------+--------+---------------------+------+------------+------+------+--------+---------+--------------+------------+------------+----------+
| EMPNO | ENAME    | GENDER | JOB                 | MGR  | HIREDATE   | SAL  | COMM | DEPTNO | BONUSID | USER NAME    | PWD        | PHONE      | isActive |
+-------+----------+--------+---------------------+------+------------+------+------+--------+---------+--------------+------------+------------+----------+
|  6001 | GITA     | F      | Compliance officers | 7920 | 1981-07-19 | 1750 | NULL |     30 |       1 | GITA         | sales@2017 | NULL       |        1 |
|  6129 | VRUSHALI | F      | Compliance officers | 7920 | 1981-07-19 | 1750 | NULL |     50 |       1 | VRUSHALI     | PUN@8877   | NULL       |        1 |
|  6473 | SHARMIN  | F      | Public Relation     | 7920 | 1981-07-19 | 1750 | NULL |     20 |       1 | SHARMIN      | a12recmpm  | NULL       |        1 |
|  6781 | BANDISH  | F      | Public Relation     | 7920 | 1981-07-19 | 1750 | NULL |     20 |       1 | BANDISH      | a12recmpm  | NULL       |        1 |
|  7369 | SMITH    | M      | CLERK               | 7902 | 1980-12-17 |  800 | NULL |     20 |       2 | TRITONE      | a12recmpm  | 7032300023 |        0 |
|  7415 | AARAV    | M      | CLERK               | 7902 | 1981-12-31 | 3350 | NULL |     10 |    NULL | AARAV        | NULL       | 7032300084 |        0 |
|  7421 | THOMAS   | M      | CLERK               | 7920 | 1981-07-19 | 1750 | NULL |     10 |       1 | THOMAS       | r50mpm     | 7032300011 |        0 |
|  7499 | ALLEN    | M      | SALESMAN            | 7698 | 1981-02-20 | 1600 |  300 |     30 |       4 | ALWAYS TESTE | sales@2017 | 7032300096 |        1 |
|  7521 | WARD     | M      | SALESMAN            | 7698 | 1981-02-22 | 1250 |  500 |     30 |       1 | WARD         | sales@2017 | 7132300034 |        1 |
|  7566 | JONES    | M      | MANAGER             | 7839 | 1981-04-02 | 2975 | NULL |     20 |       4 | HONEYCOMB    | a12recmpm  | 7132300039 |        1 |
|  7654 | MARTIN   | M      | SALESMAN            | 7698 | 1981-09-28 | 1250 | 1400 |     30 |       6 | LIFE RACER   | sales@2017 | 7132300050 |        1 |
|  7698 | BLAKE    | M      | MANAGER             | 7839 | 1981-05-01 | 2850 | NULL |     30 |       1 | BIG BEN      | sales@2017 | 7132300027 |        1 |
|  7782 | CLARK    | M      | MANAGER             | 7839 | 1981-06-09 | 2450 | NULL |     10 |       3 | CLARK        | r50mpm     | 7032300001 |        1 |
|  7788 | SCOTT    | M      | ANALYST             | 7566 | 1982-12-09 | 3000 | NULL |     20 |       3 | WHITE SAND   | a12recmpm  | NULL       |        1 |
|  7839 | KING     | M      | PRESIDENT           | NULL | 1981-11-17 | 5000 | NULL |     10 |       1 | KING         | r50mpm     | 7132300081 |        1 |
|  7840 | FRED     | M      | vice PRESIDENT      | 7839 | 1983-08-09 | 5000 | NULL |     20 |       1 | SAND STONE   | a12recmpm  | NULL       |        1 |
|  7844 | TURNER   | M      | SALESMAN            | 7698 | 1981-09-08 | 1500 |    0 |     30 |       5 | SAND DUST    | sales@2017 | NULL       |        1 |
|  7876 | ADAMS    | M      | CLERK               | 7788 | 1983-01-12 | 1100 | NULL |     20 |       1 | CRAZY ANYONE | a12recmpm  | 7132300086 |        1 |
|  7900 | JAMES    | M      | CLERK               | 7698 | 1981-12-03 |  950 | NULL |     30 |       2 | CRAZY LEADER | sales@2017 | 7132300042 |        1 |
|  7902 | FORD     | M      | ANALYST             | 7566 | 1981-12-03 | 3000 | NULL |     20 |       4 | CONBRIO      | a12recmpm  | NULL       |        0 |
|  7919 | HOFFMAN  | M      | MANAGER             | 7566 | 1982-03-24 | 4150 | NULL |     30 |       3 | INTERVAL     | sales@2017 | NULL       |        1 |
|  7920 | GRASS    | M      | SALESMAN            | 7919 | 1980-02-14 | 2575 | 2700 |     30 |       5 | GRASS        | sales@2017 | NULL       |        1 |
|  7934 | MILLER   | M      | CLERK               | 7782 | 1982-01-23 | 1300 | NULL |     10 |       2 | QUARTERNOTE  | r50mpm     | 7132300055 |        0 |
|  7945 | AARUSH   | M      | SALESMAN            | 7902 | 1980-02-14 | 1350 | 2700 |     30 |    NULL | AARUSH       | ABCDEF     | NULL       |        0 |
|  7949 | ALEX     | M      | MANAGER             | 7698 | 1982-01-24 | 1250 |  500 |     30 |       5 | QUARTERREST  | sales@2017 | 7156567183 |        1 |
|  8433 | NATASHA  | F      | CLERK               | 7920 | 1981-07-19 | 1750 | NULL |     30 |       1 | NATASHA      | sales@2017 | NULL       |        1 |
|  9400 | SANGITA  | F      | Compliance officers | 7920 | 1981-07-19 | 1750 | NULL |     50 |       1 | SANGITA      | NULL       | NULL       |        1 |
|  9473 | SUPRIYA  | F      | ANALYST             | 7920 | 1981-07-19 | 1750 | NULL |     50 |       1 | SUPRIYA      | XYZ@1234   | NULL       |        1 |
+-------+----------+--------+---------------------+------+------------+------+------+--------+---------+--------------+------------+------------+----------+
28 rows in set (0.00 sec)

mysql> use db1;
Database changed
mysql> select hiredate from emp;
+------------+
| hiredate   |
+------------+
| 1981-07-19 |
| 1981-07-19 |
| 1981-07-19 |
| 1981-07-19 |
| 1980-12-17 |
| 1981-12-31 |
| 1981-07-19 |
| 1981-02-20 |
| 1981-02-22 |
| 1981-04-02 |
| 1981-09-28 |
| 1981-05-01 |
| 1981-06-09 |
| 1982-12-09 |
| 1981-11-17 |
| 1983-08-09 |
| 1981-09-08 |
| 1983-01-12 |
| 1981-12-03 |
| 1981-12-03 |
| 1982-03-24 |
| 1980-02-14 |
| 1982-01-23 |
| 1980-02-14 |
| 1982-01-24 |
| 1981-07-19 |
| 1981-07-19 |
| 1981-07-19 |
+------------+
28 rows in set (0.00 sec)

mysql> select now();
+---------------------+
| now()               |
+---------------------+
| 2022-05-17 08:43:57 |
+---------------------+
1 row in set (0.00 sec)

mysql> select now(), curdate();
+---------------------+------------+
| now()               | curdate()  |
+---------------------+------------+
| 2022-05-17 08:44:10 | 2022-05-17 |
+---------------------+------------+
1 row in set (0.02 sec)

mysql> select now(), curdate(), curtime();
+---------------------+------------+-----------+
| now()               | curdate()  | curtime() |
+---------------------+------------+-----------+
| 2022-05-17 08:44:19 | 2022-05-17 | 08:44:19  |
+---------------------+------------+-----------+
1 row in set (0.00 sec)

mysql> select now(), now() + interval '1 1:20' day_minutes;
ERROR 1064 (42000): You have an error in your SQL syntax; check the manual that corresponds to your MySQL server version for the right syntax to use near 'day_minutes' at line 1
mysql> select now(), now() + interval '1 1:20' day_minute;
+---------------------+--------------------------------------+
| now()               | now() + interval '1 1:20' day_minute |
+---------------------+--------------------------------------+
| 2022-05-17 08:51:18 | 2022-05-18 10:11:18                  |
+---------------------+--------------------------------------+
1 row in set (0.00 sec)

mysql> select now(), now() + interval '1 0:20' day_minute;
+---------------------+--------------------------------------+
| now()               | now() + interval '1 0:20' day_minute |
+---------------------+--------------------------------------+
| 2022-05-17 08:51:55 | 2022-05-18 09:11:55                  |
+---------------------+--------------------------------------+
1 row in set (0.00 sec)

mysql> select now(), now() + interval 1 day;
+---------------------+------------------------+
| now()               | now() + interval 1 day |
+---------------------+------------------------+
| 2022-05-17 08:53:04 | 2022-05-18 08:53:04    |
+---------------------+------------------------+
1 row in set (0.00 sec)

mysql> select now(), now() - interval 1 day;
+---------------------+------------------------+
| now()               | now() - interval 1 day |
+---------------------+------------------------+
| 2022-05-17 08:53:19 | 2022-05-16 08:53:19    |
+---------------------+------------------------+
1 row in set (0.00 sec)

mysql> select now(), now() - interval 5 day;
+---------------------+------------------------+
| now()               | now() - interval 5 day |
+---------------------+------------------------+
| 2022-05-17 08:53:32 | 2022-05-12 08:53:32    |
+---------------------+------------------------+
1 row in set (0.00 sec)

mysql> select now();
+---------------------+
| now()               |
+---------------------+
| 2022-05-17 08:55:19 |
+---------------------+
1 row in set (0.00 sec)

mysql> select now() "Issue Date";
+---------------------+
| Issue Date          |
+---------------------+
| 2022-05-17 08:55:41 |
+---------------------+
1 row in set (0.00 sec)

mysql> select now() "Issue Date", now() +  interval 7 days ;
ERROR 1064 (42000): You have an error in your SQL syntax; check the manual that corresponds to your MySQL server version for the right syntax to use near 'days' at line 1
mysql> select now() "Issue Date", now() +  interval 7 day ;
+---------------------+-------------------------+
| Issue Date          | now() +  interval 7 day |
+---------------------+-------------------------+
| 2022-05-17 08:57:00 | 2022-05-24 08:57:00     |
+---------------------+-------------------------+
1 row in set (0.00 sec)

mysql> select now() "Issue Date", now() +  interval 7 day "Return Date";
+---------------------+---------------------+
| Issue Date          | Return Date         |
+---------------------+---------------------+
| 2022-05-17 08:57:09 | 2022-05-24 08:57:09 |
+---------------------+---------------------+
1 row in set (0.00 sec)

mysql>
mysql> select now() "FD Date", now() +  interval 7 day "Return Date";
+---------------------+---------------------+
| FD Date             | Return Date         |
+---------------------+---------------------+
| 2022-05-17 08:57:53 | 2022-05-24 08:57:53 |
+---------------------+---------------------+
1 row in set (0.00 sec)

mysql> select now() "FD Date", now() +  interval 365 day "Return Date";
+---------------------+---------------------+
| FD Date             | Return Date         |
+---------------------+---------------------+
| 2022-05-17 08:58:39 | 2023-05-17 08:58:39 |
+---------------------+---------------------+
1 row in set (0.00 sec)

mysql> select now() "FD Date", now() +  interval 1 year "Return Date";
+---------------------+---------------------+
| FD Date             | Return Date         |
+---------------------+---------------------+
| 2022-05-17 08:59:04 | 2023-05-17 08:59:04 |
+---------------------+---------------------+
1 row in set (0.00 sec)

mysql> select now() "FD Date", now() +  interval '1 0' year_month "Return Date";
+---------------------+---------------------+
| FD Date             | Return Date         |
+---------------------+---------------------+
| 2022-05-17 09:00:26 | 2023-05-17 09:00:26 |
+---------------------+---------------------+
1 row in set (0.00 sec)

mysql> select now() "FD Date", now() +  interval '1 1' year_month "Return Date";
+---------------------+---------------------+
| FD Date             | Return Date         |
+---------------------+---------------------+
| 2022-05-17 09:00:51 | 2023-06-17 09:00:51 |
+---------------------+---------------------+
1 row in set (0.00 sec)

mysql> select now(), date_add(now(), interval 1 week);
+---------------------+----------------------------------+
| now()               | date_add(now(), interval 1 week) |
+---------------------+----------------------------------+
| 2022-05-17 09:03:48 | 2022-05-24 09:03:48              |
+---------------------+----------------------------------+
1 row in set (0.00 sec)

mysql> select now(), date_sub(now(), interval 1 week);
+---------------------+----------------------------------+
| now()               | date_sub(now(), interval 1 week) |
+---------------------+----------------------------------+
| 2022-05-17 09:05:00 | 2022-05-10 09:05:00              |
+---------------------+----------------------------------+
1 row in set (0.00 sec)

mysql> select now();
+---------------------+
| now()               |
+---------------------+
| 2022-05-17 09:05:43 |
+---------------------+
1 row in set (0.00 sec)

mysql> select hiredate, extract(month from hiredate) R1 from emp;
+------------+------+
| hiredate   | R1   |
+------------+------+
| 1981-07-19 |    7 |
| 1981-07-19 |    7 |
| 1981-07-19 |    7 |
| 1981-07-19 |    7 |
| 1980-12-17 |   12 |
| 1981-12-31 |   12 |
| 1981-07-19 |    7 |
| 1981-02-20 |    2 |
| 1981-02-22 |    2 |
| 1981-04-02 |    4 |
| 1981-09-28 |    9 |
| 1981-05-01 |    5 |
| 1981-06-09 |    6 |
| 1982-12-09 |   12 |
| 1981-11-17 |   11 |
| 1983-08-09 |    8 |
| 1981-09-08 |    9 |
| 1983-01-12 |    1 |
| 1981-12-03 |   12 |
| 1981-12-03 |   12 |
| 1982-03-24 |    3 |
| 1980-02-14 |    2 |
| 1982-01-23 |    1 |
| 1980-02-14 |    2 |
| 1982-01-24 |    1 |
| 1981-07-19 |    7 |
| 1981-07-19 |    7 |
| 1981-07-19 |    7 |
+------------+------+
28 rows in set (0.00 sec)

mysql> select hiredate, extract(yearmonth from hiredate) R1 from emp;
ERROR 1064 (42000): You have an error in your SQL syntax; check the manual that corresponds to your MySQL server version for the right syntax to use near 'yearmonth from hiredate) R1 from emp' at line 1
mysql> select hiredate, extract(year_month from hiredate) R1 from emp;
+------------+--------+
| hiredate   | R1     |
+------------+--------+
| 1981-07-19 | 198107 |
| 1981-07-19 | 198107 |
| 1981-07-19 | 198107 |
| 1981-07-19 | 198107 |
| 1980-12-17 | 198012 |
| 1981-12-31 | 198112 |
| 1981-07-19 | 198107 |
| 1981-02-20 | 198102 |
| 1981-02-22 | 198102 |
| 1981-04-02 | 198104 |
| 1981-09-28 | 198109 |
| 1981-05-01 | 198105 |
| 1981-06-09 | 198106 |
| 1982-12-09 | 198212 |
| 1981-11-17 | 198111 |
| 1983-08-09 | 198308 |
| 1981-09-08 | 198109 |
| 1983-01-12 | 198301 |
| 1981-12-03 | 198112 |
| 1981-12-03 | 198112 |
| 1982-03-24 | 198203 |
| 1980-02-14 | 198002 |
| 1982-01-23 | 198201 |
| 1980-02-14 | 198002 |
| 1982-01-24 | 198201 |
| 1981-07-19 | 198107 |
| 1981-07-19 | 198107 |
| 1981-07-19 | 198107 |
+------------+--------+
28 rows in set (0.00 sec)

mysql> select hiredate, extract(day from hiredate) R1 from emp;
+------------+------+
| hiredate   | R1   |
+------------+------+
| 1981-07-19 |   19 |
| 1981-07-19 |   19 |
| 1981-07-19 |   19 |
| 1981-07-19 |   19 |
| 1980-12-17 |   17 |
| 1981-12-31 |   31 |
| 1981-07-19 |   19 |
| 1981-02-20 |   20 |
| 1981-02-22 |   22 |
| 1981-04-02 |    2 |
| 1981-09-28 |   28 |
| 1981-05-01 |    1 |
| 1981-06-09 |    9 |
| 1982-12-09 |    9 |
| 1981-11-17 |   17 |
| 1983-08-09 |    9 |
| 1981-09-08 |    8 |
| 1983-01-12 |   12 |
| 1981-12-03 |    3 |
| 1981-12-03 |    3 |
| 1982-03-24 |   24 |
| 1980-02-14 |   14 |
| 1982-01-23 |   23 |
| 1980-02-14 |   14 |
| 1982-01-24 |   24 |
| 1981-07-19 |   19 |
| 1981-07-19 |   19 |
| 1981-07-19 |   19 |
+------------+------+
28 rows in set (0.00 sec)

mysql> select hiredate, extract(day from hiredate) R1, extract(month from hiredate) R2, extract(year from hiredate) R3 from emp;
+------------+------+------+------+
| hiredate   | R1   | R2   | R3   |
+------------+------+------+------+
| 1981-07-19 |   19 |    7 | 1981 |
| 1981-07-19 |   19 |    7 | 1981 |
| 1981-07-19 |   19 |    7 | 1981 |
| 1981-07-19 |   19 |    7 | 1981 |
| 1980-12-17 |   17 |   12 | 1980 |
| 1981-12-31 |   31 |   12 | 1981 |
| 1981-07-19 |   19 |    7 | 1981 |
| 1981-02-20 |   20 |    2 | 1981 |
| 1981-02-22 |   22 |    2 | 1981 |
| 1981-04-02 |    2 |    4 | 1981 |
| 1981-09-28 |   28 |    9 | 1981 |
| 1981-05-01 |    1 |    5 | 1981 |
| 1981-06-09 |    9 |    6 | 1981 |
| 1982-12-09 |    9 |   12 | 1982 |
| 1981-11-17 |   17 |   11 | 1981 |
| 1983-08-09 |    9 |    8 | 1983 |
| 1981-09-08 |    8 |    9 | 1981 |
| 1983-01-12 |   12 |    1 | 1983 |
| 1981-12-03 |    3 |   12 | 1981 |
| 1981-12-03 |    3 |   12 | 1981 |
| 1982-03-24 |   24 |    3 | 1982 |
| 1980-02-14 |   14 |    2 | 1980 |
| 1982-01-23 |   23 |    1 | 1982 |
| 1980-02-14 |   14 |    2 | 1980 |
| 1982-01-24 |   24 |    1 | 1982 |
| 1981-07-19 |   19 |    7 | 1981 |
| 1981-07-19 |   19 |    7 | 1981 |
| 1981-07-19 |   19 |    7 | 1981 |
+------------+------+------+------+
28 rows in set (0.00 sec)

mysql> select hiredate, extract(day from hiredate), extract(month from hiredate), extract(year from hiredate) from emp;
+------------+----------------------------+------------------------------+-----------------------------+
| hiredate   | extract(day from hiredate) | extract(month from hiredate) | extract(year from hiredate) |
+------------+----------------------------+------------------------------+-----------------------------+
| 1981-07-19 |                         19 |                            7 |                        1981 |
| 1981-07-19 |                         19 |                            7 |                        1981 |
| 1981-07-19 |                         19 |                            7 |                        1981 |
| 1981-07-19 |                         19 |                            7 |                        1981 |
| 1980-12-17 |                         17 |                           12 |                        1980 |
| 1981-12-31 |                         31 |                           12 |                        1981 |
| 1981-07-19 |                         19 |                            7 |                        1981 |
| 1981-02-20 |                         20 |                            2 |                        1981 |
| 1981-02-22 |                         22 |                            2 |                        1981 |
| 1981-04-02 |                          2 |                            4 |                        1981 |
| 1981-09-28 |                         28 |                            9 |                        1981 |
| 1981-05-01 |                          1 |                            5 |                        1981 |
| 1981-06-09 |                          9 |                            6 |                        1981 |
| 1982-12-09 |                          9 |                           12 |                        1982 |
| 1981-11-17 |                         17 |                           11 |                        1981 |
| 1983-08-09 |                          9 |                            8 |                        1983 |
| 1981-09-08 |                          8 |                            9 |                        1981 |
| 1983-01-12 |                         12 |                            1 |                        1983 |
| 1981-12-03 |                          3 |                           12 |                        1981 |
| 1981-12-03 |                          3 |                           12 |                        1981 |
| 1982-03-24 |                         24 |                            3 |                        1982 |
| 1980-02-14 |                         14 |                            2 |                        1980 |
| 1982-01-23 |                         23 |                            1 |                        1982 |
| 1980-02-14 |                         14 |                            2 |                        1980 |
| 1982-01-24 |                         24 |                            1 |                        1982 |
| 1981-07-19 |                         19 |                            7 |                        1981 |
| 1981-07-19 |                         19 |                            7 |                        1981 |
| 1981-07-19 |                         19 |                            7 |                        1981 |
+------------+----------------------------+------------------------------+-----------------------------+
28 rows in set (0.00 sec)

mysql> select hiredate, extract(day from hiredate) R1, extract(month from hiredate), extract(year from hiredate) from emp;
+------------+------+------------------------------+-----------------------------+
| hiredate   | R1   | extract(month from hiredate) | extract(year from hiredate) |
+------------+------+------------------------------+-----------------------------+
| 1981-07-19 |   19 |                            7 |                        1981 |
| 1981-07-19 |   19 |                            7 |                        1981 |
| 1981-07-19 |   19 |                            7 |                        1981 |
| 1981-07-19 |   19 |                            7 |                        1981 |
| 1980-12-17 |   17 |                           12 |                        1980 |
| 1981-12-31 |   31 |                           12 |                        1981 |
| 1981-07-19 |   19 |                            7 |                        1981 |
| 1981-02-20 |   20 |                            2 |                        1981 |
| 1981-02-22 |   22 |                            2 |                        1981 |
| 1981-04-02 |    2 |                            4 |                        1981 |
| 1981-09-28 |   28 |                            9 |                        1981 |
| 1981-05-01 |    1 |                            5 |                        1981 |
| 1981-06-09 |    9 |                            6 |                        1981 |
| 1982-12-09 |    9 |                           12 |                        1982 |
| 1981-11-17 |   17 |                           11 |                        1981 |
| 1983-08-09 |    9 |                            8 |                        1983 |
| 1981-09-08 |    8 |                            9 |                        1981 |
| 1983-01-12 |   12 |                            1 |                        1983 |
| 1981-12-03 |    3 |                           12 |                        1981 |
| 1981-12-03 |    3 |                           12 |                        1981 |
| 1982-03-24 |   24 |                            3 |                        1982 |
| 1980-02-14 |   14 |                            2 |                        1980 |
| 1982-01-23 |   23 |                            1 |                        1982 |
| 1980-02-14 |   14 |                            2 |                        1980 |
| 1982-01-24 |   24 |                            1 |                        1982 |
| 1981-07-19 |   19 |                            7 |                        1981 |
| 1981-07-19 |   19 |                            7 |                        1981 |
| 1981-07-19 |   19 |                            7 |                        1981 |
+------------+------+------------------------------+-----------------------------+
28 rows in set (0.00 sec)

mysql> select  concat("string One", " ", "Second string");
+--------------------------------------------+
| concat("string One", " ", "Second string") |
+--------------------------------------------+
| string One Second string                   |
+--------------------------------------------+
1 row in set (0.00 sec)

mysql> select  "string One" +  "Second string";
+---------------------------------+
| "string One" +  "Second string" |
+---------------------------------+
|                               0 |
+---------------------------------+
1 row in set, 2 warnings (0.00 sec)

mysql> select hiredate, concat(extract(day from hiredate) , extract(month from hiredate), extract(year from hiredate)) from emp;
+------------+------------------------------------------------------------------------------------------------+
| hiredate   | concat(extract(day from hiredate) , extract(month from hiredate), extract(year from hiredate)) |
+------------+------------------------------------------------------------------------------------------------+
| 1981-07-19 | 1971981                                                                                        |
| 1981-07-19 | 1971981                                                                                        |
| 1981-07-19 | 1971981                                                                                        |
| 1981-07-19 | 1971981                                                                                        |
| 1980-12-17 | 17121980                                                                                       |
| 1981-12-31 | 31121981                                                                                       |
| 1981-07-19 | 1971981                                                                                        |
| 1981-02-20 | 2021981                                                                                        |
| 1981-02-22 | 2221981                                                                                        |
| 1981-04-02 | 241981                                                                                         |
| 1981-09-28 | 2891981                                                                                        |
| 1981-05-01 | 151981                                                                                         |
| 1981-06-09 | 961981                                                                                         |
| 1982-12-09 | 9121982                                                                                        |
| 1981-11-17 | 17111981                                                                                       |
| 1983-08-09 | 981983                                                                                         |
| 1981-09-08 | 891981                                                                                         |
| 1983-01-12 | 1211983                                                                                        |
| 1981-12-03 | 3121981                                                                                        |
| 1981-12-03 | 3121981                                                                                        |
| 1982-03-24 | 2431982                                                                                        |
| 1980-02-14 | 1421980                                                                                        |
| 1982-01-23 | 2311982                                                                                        |
| 1980-02-14 | 1421980                                                                                        |
| 1982-01-24 | 2411982                                                                                        |
| 1981-07-19 | 1971981                                                                                        |
| 1981-07-19 | 1971981                                                                                        |
| 1981-07-19 | 1971981                                                                                        |
+------------+------------------------------------------------------------------------------------------------+
28 rows in set (0.00 sec)

mysql> select hiredate, concat(extract(day from hiredate) , extract(month from hiredate), extract(year from hiredate)) R1 from emp;
+------------+----------+
| hiredate   | R1       |
+------------+----------+
| 1981-07-19 | 1971981  |
| 1981-07-19 | 1971981  |
| 1981-07-19 | 1971981  |
| 1981-07-19 | 1971981  |
| 1980-12-17 | 17121980 |
| 1981-12-31 | 31121981 |
| 1981-07-19 | 1971981  |
| 1981-02-20 | 2021981  |
| 1981-02-22 | 2221981  |
| 1981-04-02 | 241981   |
| 1981-09-28 | 2891981  |
| 1981-05-01 | 151981   |
| 1981-06-09 | 961981   |
| 1982-12-09 | 9121982  |
| 1981-11-17 | 17111981 |
| 1983-08-09 | 981983   |
| 1981-09-08 | 891981   |
| 1983-01-12 | 1211983  |
| 1981-12-03 | 3121981  |
| 1981-12-03 | 3121981  |
| 1982-03-24 | 2431982  |
| 1980-02-14 | 1421980  |
| 1982-01-23 | 2311982  |
| 1980-02-14 | 1421980  |
| 1982-01-24 | 2411982  |
| 1981-07-19 | 1971981  |
| 1981-07-19 | 1971981  |
| 1981-07-19 | 1971981  |
+------------+----------+
28 rows in set (0.00 sec)

mysql> select hiredate, concat(extract(day from hiredate)," " , extract(month from hiredate)," ", extract(year from hiredate)) R1 from emp;
+------------+------------+
| hiredate   | R1         |
+------------+------------+
| 1981-07-19 | 19 7 1981  |
| 1981-07-19 | 19 7 1981  |
| 1981-07-19 | 19 7 1981  |
| 1981-07-19 | 19 7 1981  |
| 1980-12-17 | 17 12 1980 |
| 1981-12-31 | 31 12 1981 |
| 1981-07-19 | 19 7 1981  |
| 1981-02-20 | 20 2 1981  |
| 1981-02-22 | 22 2 1981  |
| 1981-04-02 | 2 4 1981   |
| 1981-09-28 | 28 9 1981  |
| 1981-05-01 | 1 5 1981   |
| 1981-06-09 | 9 6 1981   |
| 1982-12-09 | 9 12 1982  |
| 1981-11-17 | 17 11 1981 |
| 1983-08-09 | 9 8 1983   |
| 1981-09-08 | 8 9 1981   |
| 1983-01-12 | 12 1 1983  |
| 1981-12-03 | 3 12 1981  |
| 1981-12-03 | 3 12 1981  |
| 1982-03-24 | 24 3 1982  |
| 1980-02-14 | 14 2 1980  |
| 1982-01-23 | 23 1 1982  |
| 1980-02-14 | 14 2 1980  |
| 1982-01-24 | 24 1 1982  |
| 1981-07-19 | 19 7 1981  |
| 1981-07-19 | 19 7 1981  |
| 1981-07-19 | 19 7 1981  |
+------------+------------+
28 rows in set (0.00 sec)

mysql> select hiredate, month(hiredate), monthname(hiredte) from emp;
ERROR 1054 (42S22): Unknown column 'hiredte' in 'field list'
mysql> select hiredate, month(hiredate), monthname(hiredate) from emp;
+------------+-----------------+---------------------+
| hiredate   | month(hiredate) | monthname(hiredate) |
+------------+-----------------+---------------------+
| 1981-07-19 |               7 | July                |
| 1981-07-19 |               7 | July                |
| 1981-07-19 |               7 | July                |
| 1981-07-19 |               7 | July                |
| 1980-12-17 |              12 | December            |
| 1981-12-31 |              12 | December            |
| 1981-07-19 |               7 | July                |
| 1981-02-20 |               2 | February            |
| 1981-02-22 |               2 | February            |
| 1981-04-02 |               4 | April               |
| 1981-09-28 |               9 | September           |
| 1981-05-01 |               5 | May                 |
| 1981-06-09 |               6 | June                |
| 1982-12-09 |              12 | December            |
| 1981-11-17 |              11 | November            |
| 1983-08-09 |               8 | August              |
| 1981-09-08 |               9 | September           |
| 1983-01-12 |               1 | January             |
| 1981-12-03 |              12 | December            |
| 1981-12-03 |              12 | December            |
| 1982-03-24 |               3 | March               |
| 1980-02-14 |               2 | February            |
| 1982-01-23 |               1 | January             |
| 1980-02-14 |               2 | February            |
| 1982-01-24 |               1 | January             |
| 1981-07-19 |               7 | July                |
| 1981-07-19 |               7 | July                |
| 1981-07-19 |               7 | July                |
+------------+-----------------+---------------------+
28 rows in set (0.02 sec)

mysql> select * from dept;
+--------+------------+----------+------------+------------+
| DEPTNO | DNAME      | LOC      | PWD        | STARTEDON  |
+--------+------------+----------+------------+------------+
|     10 | ACCOUNTING | NEW YORK | r50mpm     | 24/03/1989 |
|     20 | RESEARCH   | DALLAS   | a12recmpm  | 12/04/1989 |
|     30 | SALES      | CHICAGO  | sales@2017 | 13/04/1989 |
|     40 | OPERATIONS | BOSTON   | opr@123    | 12/07/1989 |
|     50 | HR         | PUNE     | PUN@8877   | 22/12/1989 |
+--------+------------+----------+------------+------------+
5 rows in set (0.03 sec)

mysql> desc dept;
+-----------+-------------+------+-----+---------+-------+
| Field     | Type        | Null | Key | Default | Extra |
+-----------+-------------+------+-----+---------+-------+
| DEPTNO    | int         | NO   | PRI | NULL    |       |
| DNAME     | varchar(12) | YES  |     | NULL    |       |
| LOC       | varchar(10) | YES  |     | NULL    |       |
| PWD       | varchar(20) | YES  |     | NULL    |       |
| STARTEDON | varchar(10) | YES  |     | NULL    |       |
+-----------+-------------+------+-----+---------+-------+
5 rows in set (0.00 sec)

mysql> select 24/03/1989, '24/03/1989';
+------------+------------+
| 24/03/1989 | 24/03/1989 |
+------------+------------+
| 0.00402212 | 24/03/1989 |
+------------+------------+
1 row in set (0.00 sec)

mysql>
mysql> select * from dept;
+--------+------------+----------+------------+------------+
| DEPTNO | DNAME      | LOC      | PWD        | STARTEDON  |
+--------+------------+----------+------------+------------+
|     10 | ACCOUNTING | NEW YORK | r50mpm     | 24/03/1989 |
|     20 | RESEARCH   | DALLAS   | a12recmpm  | 12/04/1989 |
|     30 | SALES      | CHICAGO  | sales@2017 | 13/04/1989 |
|     40 | OPERATIONS | BOSTON   | opr@123    | 12/07/1989 |
|     50 | HR         | PUNE     | PUN@8877   | 22/12/1989 |
+--------+------------+----------+------------+------------+
5 rows in set (0.00 sec)

mysql> select startedon from dept;
+------------+
| startedon  |
+------------+
| 24/03/1989 |
| 12/04/1989 |
| 13/04/1989 |
| 12/07/1989 |
| 22/12/1989 |
+------------+
5 rows in set (0.00 sec)

mysql> select startedon, str_to_date(STARTEDON, '%d/%m/%Y') from dept;
+------------+------------------------------------+
| startedon  | str_to_date(STARTEDON, '%d/%m/%Y') |
+------------+------------------------------------+
| 24/03/1989 | 1989-03-24                         |
| 12/04/1989 | 1989-04-12                         |
| 13/04/1989 | 1989-04-13                         |
| 12/07/1989 | 1989-07-12                         |
| 22/12/1989 | 1989-12-22                         |
+------------+------------------------------------+
5 rows in set (0.03 sec)

mysql> select startedon, str_to_date(STARTEDON, '%d/%m/%Y') R1 from dept;
+------------+------------+
| startedon  | R1         |
+------------+------------+
| 24/03/1989 | 1989-03-24 |
| 12/04/1989 | 1989-04-12 |
| 13/04/1989 | 1989-04-13 |
| 12/07/1989 | 1989-07-12 |
| 22/12/1989 | 1989-12-22 |
+------------+------------+
5 rows in set (0.00 sec)

mysql> select hiredate from emp;
+------------+
| hiredate   |
+------------+
| 1981-07-19 |
| 1981-07-19 |
| 1981-07-19 |
| 1981-07-19 |
| 1980-12-17 |
| 1981-12-31 |
| 1981-07-19 |
| 1981-02-20 |
| 1981-02-22 |
| 1981-04-02 |
| 1981-09-28 |
| 1981-05-01 |
| 1981-06-09 |
| 1982-12-09 |
| 1981-11-17 |
| 1983-08-09 |
| 1981-09-08 |
| 1983-01-12 |
| 1981-12-03 |
| 1981-12-03 |
| 1982-03-24 |
| 1980-02-14 |
| 1982-01-23 |
| 1980-02-14 |
| 1982-01-24 |
| 1981-07-19 |
| 1981-07-19 |
| 1981-07-19 |
+------------+
28 rows in set (0.00 sec)

mysql> select hiredate, date_format(hiredate, '%a %b') from emp;
+------------+--------------------------------+
| hiredate   | date_format(hiredate, '%a %b') |
+------------+--------------------------------+
| 1981-07-19 | Sun Jul                        |
| 1981-07-19 | Sun Jul                        |
| 1981-07-19 | Sun Jul                        |
| 1981-07-19 | Sun Jul                        |
| 1980-12-17 | Wed Dec                        |
| 1981-12-31 | Thu Dec                        |
| 1981-07-19 | Sun Jul                        |
| 1981-02-20 | Fri Feb                        |
| 1981-02-22 | Sun Feb                        |
| 1981-04-02 | Thu Apr                        |
| 1981-09-28 | Mon Sep                        |
| 1981-05-01 | Fri May                        |
| 1981-06-09 | Tue Jun                        |
| 1982-12-09 | Thu Dec                        |
| 1981-11-17 | Tue Nov                        |
| 1983-08-09 | Tue Aug                        |
| 1981-09-08 | Tue Sep                        |
| 1983-01-12 | Wed Jan                        |
| 1981-12-03 | Thu Dec                        |
| 1981-12-03 | Thu Dec                        |
| 1982-03-24 | Wed Mar                        |
| 1980-02-14 | Thu Feb                        |
| 1982-01-23 | Sat Jan                        |
| 1980-02-14 | Thu Feb                        |
| 1982-01-24 | Sun Jan                        |
| 1981-07-19 | Sun Jul                        |
| 1981-07-19 | Sun Jul                        |
| 1981-07-19 | Sun Jul                        |
+------------+--------------------------------+
28 rows in set (0.01 sec)

mysql> select hiredate, date_format(hiredate, '%a %b, %M') from emp;
+------------+------------------------------------+
| hiredate   | date_format(hiredate, '%a %b, %M') |
+------------+------------------------------------+
| 1981-07-19 | Sun Jul, July                      |
| 1981-07-19 | Sun Jul, July                      |
| 1981-07-19 | Sun Jul, July                      |
| 1981-07-19 | Sun Jul, July                      |
| 1980-12-17 | Wed Dec, December                  |
| 1981-12-31 | Thu Dec, December                  |
| 1981-07-19 | Sun Jul, July                      |
| 1981-02-20 | Fri Feb, February                  |
| 1981-02-22 | Sun Feb, February                  |
| 1981-04-02 | Thu Apr, April                     |
| 1981-09-28 | Mon Sep, September                 |
| 1981-05-01 | Fri May, May                       |
| 1981-06-09 | Tue Jun, June                      |
| 1982-12-09 | Thu Dec, December                  |
| 1981-11-17 | Tue Nov, November                  |
| 1983-08-09 | Tue Aug, August                    |
| 1981-09-08 | Tue Sep, September                 |
| 1983-01-12 | Wed Jan, January                   |
| 1981-12-03 | Thu Dec, December                  |
| 1981-12-03 | Thu Dec, December                  |
| 1982-03-24 | Wed Mar, March                     |
| 1980-02-14 | Thu Feb, February                  |
| 1982-01-23 | Sat Jan, January                   |
| 1980-02-14 | Thu Feb, February                  |
| 1982-01-24 | Sun Jan, January                   |
| 1981-07-19 | Sun Jul, July                      |
| 1981-07-19 | Sun Jul, July                      |
| 1981-07-19 | Sun Jul, July                      |
+------------+------------------------------------+
28 rows in set (0.00 sec)

mysql> select ename, hiredate from emp;
+----------+------------+
| ename    | hiredate   |
+----------+------------+
| GITA     | 1981-07-19 |
| VRUSHALI | 1981-07-19 |
| SHARMIN  | 1981-07-19 |
| BANDISH  | 1981-07-19 |
| SMITH    | 1980-12-17 |
| AARAV    | 1981-12-31 |
| THOMAS   | 1981-07-19 |
| ALLEN    | 1981-02-20 |
| WARD     | 1981-02-22 |
| JONES    | 1981-04-02 |
| MARTIN   | 1981-09-28 |
| BLAKE    | 1981-05-01 |
| CLARK    | 1981-06-09 |
| SCOTT    | 1982-12-09 |
| KING     | 1981-11-17 |
| FRED     | 1983-08-09 |
| TURNER   | 1981-09-08 |
| ADAMS    | 1983-01-12 |
| JAMES    | 1981-12-03 |
| FORD     | 1981-12-03 |
| HOFFMAN  | 1982-03-24 |
| GRASS    | 1980-02-14 |
| MILLER   | 1982-01-23 |
| AARUSH   | 1980-02-14 |
| ALEX     | 1982-01-24 |
| NATASHA  | 1981-07-19 |
| SANGITA  | 1981-07-19 |
| SUPRIYA  | 1981-07-19 |
+----------+------------+
28 rows in set (0.00 sec)

mysql> select ename, job, hiredate from emp;
+----------+---------------------+------------+
| ename    | job                 | hiredate   |
+----------+---------------------+------------+
| GITA     | Compliance officers | 1981-07-19 |
| VRUSHALI | Compliance officers | 1981-07-19 |
| SHARMIN  | Public Relation     | 1981-07-19 |
| BANDISH  | Public Relation     | 1981-07-19 |
| SMITH    | CLERK               | 1980-12-17 |
| AARAV    | CLERK               | 1981-12-31 |
| THOMAS   | CLERK               | 1981-07-19 |
| ALLEN    | SALESMAN            | 1981-02-20 |
| WARD     | SALESMAN            | 1981-02-22 |
| JONES    | MANAGER             | 1981-04-02 |
| MARTIN   | SALESMAN            | 1981-09-28 |
| BLAKE    | MANAGER             | 1981-05-01 |
| CLARK    | MANAGER             | 1981-06-09 |
| SCOTT    | ANALYST             | 1982-12-09 |
| KING     | PRESIDENT           | 1981-11-17 |
| FRED     | vice PRESIDENT      | 1983-08-09 |
| TURNER   | SALESMAN            | 1981-09-08 |
| ADAMS    | CLERK               | 1983-01-12 |
| JAMES    | CLERK               | 1981-12-03 |
| FORD     | ANALYST             | 1981-12-03 |
| HOFFMAN  | MANAGER             | 1982-03-24 |
| GRASS    | SALESMAN            | 1980-02-14 |
| MILLER   | CLERK               | 1982-01-23 |
| AARUSH   | SALESMAN            | 1980-02-14 |
| ALEX     | MANAGER             | 1982-01-24 |
| NATASHA  | CLERK               | 1981-07-19 |
| SANGITA  | Compliance officers | 1981-07-19 |
| SUPRIYA  | ANALYST             | 1981-07-19 |
+----------+---------------------+------------+
28 rows in set (0.00 sec)

mysql> select concat("Mr.", ename, " was hired in the month of ", monthname(hiredate)) from emp;
+--------------------------------------------------------------------------+
| concat("Mr.", ename, " was hired in the month of ", monthname(hiredate)) |
+--------------------------------------------------------------------------+
| Mr.GITA was hired in the month of July                                   |
| Mr.VRUSHALI was hired in the month of July                               |
| Mr.SHARMIN was hired in the month of July                                |
| Mr.BANDISH was hired in the month of July                                |
| Mr.SMITH was hired in the month of December                              |
| Mr.AARAV was hired in the month of December                              |
| Mr.THOMAS was hired in the month of July                                 |
| Mr.ALLEN was hired in the month of February                              |
| Mr.WARD was hired in the month of February                               |
| Mr.JONES was hired in the month of April                                 |
| Mr.MARTIN was hired in the month of September                            |
| Mr.BLAKE was hired in the month of May                                   |
| Mr.CLARK was hired in the month of June                                  |
| Mr.SCOTT was hired in the month of December                              |
| Mr.KING was hired in the month of November                               |
| Mr.FRED was hired in the month of August                                 |
| Mr.TURNER was hired in the month of September                            |
| Mr.ADAMS was hired in the month of January                               |
| Mr.JAMES was hired in the month of December                              |
| Mr.FORD was hired in the month of December                               |
| Mr.HOFFMAN was hired in the month of March                               |
| Mr.GRASS was hired in the month of February                              |
| Mr.MILLER was hired in the month of January                              |
| Mr.AARUSH was hired in the month of February                             |
| Mr.ALEX was hired in the month of January                                |
| Mr.NATASHA was hired in the month of July                                |
| Mr.SANGITA was hired in the month of July                                |
| Mr.SUPRIYA was hired in the month of July                                |
+--------------------------------------------------------------------------+
28 rows in set (0.00 sec)

mysql> select concat("Mr.", ename, " was hired in the month of ", monthname(hiredate))  R1 from emp;
+-----------------------------------------------+
| R1                                            |
+-----------------------------------------------+
| Mr.GITA was hired in the month of July        |
| Mr.VRUSHALI was hired in the month of July    |
| Mr.SHARMIN was hired in the month of July     |
| Mr.BANDISH was hired in the month of July     |
| Mr.SMITH was hired in the month of December   |
| Mr.AARAV was hired in the month of December   |
| Mr.THOMAS was hired in the month of July      |
| Mr.ALLEN was hired in the month of February   |
| Mr.WARD was hired in the month of February    |
| Mr.JONES was hired in the month of April      |
| Mr.MARTIN was hired in the month of September |
| Mr.BLAKE was hired in the month of May        |
| Mr.CLARK was hired in the month of June       |
| Mr.SCOTT was hired in the month of December   |
| Mr.KING was hired in the month of November    |
| Mr.FRED was hired in the month of August      |
| Mr.TURNER was hired in the month of September |
| Mr.ADAMS was hired in the month of January    |
| Mr.JAMES was hired in the month of December   |
| Mr.FORD was hired in the month of December    |
| Mr.HOFFMAN was hired in the month of March    |
| Mr.GRASS was hired in the month of February   |
| Mr.MILLER was hired in the month of January   |
| Mr.AARUSH was hired in the month of February  |
| Mr.ALEX was hired in the month of January     |
| Mr.NATASHA was hired in the month of July     |
| Mr.SANGITA was hired in the month of July     |
| Mr.SUPRIYA was hired in the month of July     |
+-----------------------------------------------+
28 rows in set (0.00 sec)

mysql> select concat("Mr.", ename, " was hired in the month of ", date_format(hiredate, '%M' ))  R1 from emp;
+-----------------------------------------------+
| R1                                            |
+-----------------------------------------------+
| Mr.GITA was hired in the month of July        |
| Mr.VRUSHALI was hired in the month of July    |
| Mr.SHARMIN was hired in the month of July     |
| Mr.BANDISH was hired in the month of July     |
| Mr.SMITH was hired in the month of December   |
| Mr.AARAV was hired in the month of December   |
| Mr.THOMAS was hired in the month of July      |
| Mr.ALLEN was hired in the month of February   |
| Mr.WARD was hired in the month of February    |
| Mr.JONES was hired in the month of April      |
| Mr.MARTIN was hired in the month of September |
| Mr.BLAKE was hired in the month of May        |
| Mr.CLARK was hired in the month of June       |
| Mr.SCOTT was hired in the month of December   |
| Mr.KING was hired in the month of November    |
| Mr.FRED was hired in the month of August      |
| Mr.TURNER was hired in the month of September |
| Mr.ADAMS was hired in the month of January    |
| Mr.JAMES was hired in the month of December   |
| Mr.FORD was hired in the month of December    |
| Mr.HOFFMAN was hired in the month of March    |
| Mr.GRASS was hired in the month of February   |
| Mr.MILLER was hired in the month of January   |
| Mr.AARUSH was hired in the month of February  |
| Mr.ALEX was hired in the month of January     |
| Mr.NATASHA was hired in the month of July     |
| Mr.SANGITA was hired in the month of July     |
| Mr.SUPRIYA was hired in the month of July     |
+-----------------------------------------------+
28 rows in set (0.00 sec)

mysql> select hiredate, date_format(hiredate, '%b') R1, date_format(hiredate, '%M') from emp;
+------------+------+-----------------------------+
| hiredate   | R1   | date_format(hiredate, '%M') |
+------------+------+-----------------------------+
| 1981-07-19 | Jul  | July                        |
| 1981-07-19 | Jul  | July                        |
| 1981-07-19 | Jul  | July                        |
| 1981-07-19 | Jul  | July                        |
| 1980-12-17 | Dec  | December                    |
| 1981-12-31 | Dec  | December                    |
| 1981-07-19 | Jul  | July                        |
| 1981-02-20 | Feb  | February                    |
| 1981-02-22 | Feb  | February                    |
| 1981-04-02 | Apr  | April                       |
| 1981-09-28 | Sep  | September                   |
| 1981-05-01 | May  | May                         |
| 1981-06-09 | Jun  | June                        |
| 1982-12-09 | Dec  | December                    |
| 1981-11-17 | Nov  | November                    |
| 1983-08-09 | Aug  | August                      |
| 1981-09-08 | Sep  | September                   |
| 1983-01-12 | Jan  | January                     |
| 1981-12-03 | Dec  | December                    |
| 1981-12-03 | Dec  | December                    |
| 1982-03-24 | Mar  | March                       |
| 1980-02-14 | Feb  | February                    |
| 1982-01-23 | Jan  | January                     |
| 1980-02-14 | Feb  | February                    |
| 1982-01-24 | Jan  | January                     |
| 1981-07-19 | Jul  | July                        |
| 1981-07-19 | Jul  | July                        |
| 1981-07-19 | Jul  | July                        |
+------------+------+-----------------------------+
28 rows in set (0.00 sec)

mysql> select asccc('A');
ERROR 1305 (42000): FUNCTION db1.asccc does not exist
mysql> select ascii('A');
+------------+
| ascii('A') |
+------------+
|         65 |
+------------+
1 row in set (0.00 sec)

mysql> select ascii('A'), ascii('a');
+------------+------------+
| ascii('A') | ascii('a') |
+------------+------------+
|         65 |         97 |
+------------+------------+
1 row in set (0.00 sec)

mysql> select char(65);
+--------------------+
| char(65)           |
+--------------------+
| 0x41               |
+--------------------+
1 row in set (0.01 sec)

mysql> select cast(char(65) as char) );
ERROR 1064 (42000): You have an error in your SQL syntax; check the manual that corresponds to your MySQL server version for the right syntax to use near ')' at line 1
mysql> select cast(char(65) as char);
+------------------------+
| cast(char(65) as char) |
+------------------------+
| A                      |
+------------------------+
1 row in set (0.02 sec)

mysql> select elt(1, 'saleel', 'sharmin', 'ruhan', 'natasha');
+-------------------------------------------------+
| elt(1, 'saleel', 'sharmin', 'ruhan', 'natasha') |
+-------------------------------------------------+
| saleel                                          |
+-------------------------------------------------+
1 row in set (0.02 sec)

mysql> select elt(2, 'saleel', 'sharmin', 'ruhan', 'natasha');
+-------------------------------------------------+
| elt(2, 'saleel', 'sharmin', 'ruhan', 'natasha') |
+-------------------------------------------------+
| sharmin                                         |
+-------------------------------------------------+
1 row in set (0.00 sec)

mysql> select elt(20, 'saleel', 'sharmin', 'ruhan', 'natasha');
+--------------------------------------------------+
| elt(20, 'saleel', 'sharmin', 'ruhan', 'natasha') |
+--------------------------------------------------+
| NULL                                             |
+--------------------------------------------------+
1 row in set (0.00 sec)

mysql> select  extract(month from hiredate) from emp;
+------------------------------+
| extract(month from hiredate) |
+------------------------------+
|                            7 |
|                            7 |
|                            7 |
|                            7 |
|                           12 |
|                           12 |
|                            7 |
|                            2 |
|                            2 |
|                            4 |
|                            9 |
|                            5 |
|                            6 |
|                           12 |
|                           11 |
|                            8 |
|                            9 |
|                            1 |
|                           12 |
|                           12 |
|                            3 |
|                            2 |
|                            1 |
|                            2 |
|                            1 |
|                            7 |
|                            7 |
|                            7 |
+------------------------------+
28 rows in set (0.00 sec)

mysql> select  ename, hiredate, extract(month from hiredate) from emp;
+----------+------------+------------------------------+
| ename    | hiredate   | extract(month from hiredate) |
+----------+------------+------------------------------+
| GITA     | 1981-07-19 |                            7 |
| VRUSHALI | 1981-07-19 |                            7 |
| SHARMIN  | 1981-07-19 |                            7 |
| BANDISH  | 1981-07-19 |                            7 |
| SMITH    | 1980-12-17 |                           12 |
| AARAV    | 1981-12-31 |                           12 |
| THOMAS   | 1981-07-19 |                            7 |
| ALLEN    | 1981-02-20 |                            2 |
| WARD     | 1981-02-22 |                            2 |
| JONES    | 1981-04-02 |                            4 |
| MARTIN   | 1981-09-28 |                            9 |
| BLAKE    | 1981-05-01 |                            5 |
| CLARK    | 1981-06-09 |                            6 |
| SCOTT    | 1982-12-09 |                           12 |
| KING     | 1981-11-17 |                           11 |
| FRED     | 1983-08-09 |                            8 |
| TURNER   | 1981-09-08 |                            9 |
| ADAMS    | 1983-01-12 |                            1 |
| JAMES    | 1981-12-03 |                           12 |
| FORD     | 1981-12-03 |                           12 |
| HOFFMAN  | 1982-03-24 |                            3 |
| GRASS    | 1980-02-14 |                            2 |
| MILLER   | 1982-01-23 |                            1 |
| AARUSH   | 1980-02-14 |                            2 |
| ALEX     | 1982-01-24 |                            1 |
| NATASHA  | 1981-07-19 |                            7 |
| SANGITA  | 1981-07-19 |                            7 |
| SUPRIYA  | 1981-07-19 |                            7 |
+----------+------------+------------------------------+
28 rows in set (0.00 sec)

mysql> select * from a1;
ERROR 1146 (42S02): Table 'db1.a1' doesn't exist
mysql> select * from a;
+------+------+
| c1   | c2   |
+------+------+
|    1 |    1 |
|    2 |    2 |
|    3 |    3 |
|    4 |    4 |
+------+------+
4 rows in set (0.05 sec)

mysql> select  elt(c1,'summer', 'winter', 'autom', 'rainy') from a;
+----------------------------------------------+
| elt(c1,'summer', 'winter', 'autom', 'rainy') |
+----------------------------------------------+
| summer                                       |
| winter                                       |
| autom                                        |
| rainy                                        |
+----------------------------------------------+
4 rows in set (0.00 sec)

mysql> select  c1, elt(c1,'summer', 'winter', 'autom', 'rainy') from a;
+------+----------------------------------------------+
| c1   | elt(c1,'summer', 'winter', 'autom', 'rainy') |
+------+----------------------------------------------+
|    1 | summer                                       |
|    2 | winter                                       |
|    3 | autom                                        |
|    4 | rainy                                        |
+------+----------------------------------------------+
4 rows in set (0.00 sec)

mysql> select elt(1, 'mobile', 'bread', 'cheese', 'burger');
+-----------------------------------------------+
| elt(1, 'mobile', 'bread', 'cheese', 'burger') |
+-----------------------------------------------+
| mobile                                        |
+-----------------------------------------------+
1 row in set (0.00 sec)

mysql> select elt(2, 'mobile', 'bread', 'cheese', 'burger');
+-----------------------------------------------+
| elt(2, 'mobile', 'bread', 'cheese', 'burger') |
+-----------------------------------------------+
| bread                                         |
+-----------------------------------------------+
1 row in set (0.00 sec)

mysql> select elt(3, 'mobile', 'bread', 'cheese', 'burger');
+-----------------------------------------------+
| elt(3, 'mobile', 'bread', 'cheese', 'burger') |
+-----------------------------------------------+
| cheese                                        |
+-----------------------------------------------+
1 row in set (0.00 sec)

mysql> select elt(4, 'mobile', 'bread', 'cheese', 'burger');
+-----------------------------------------------+
| elt(4, 'mobile', 'bread', 'cheese', 'burger') |
+-----------------------------------------------+
| burger                                        |
+-----------------------------------------------+
1 row in set (0.00 sec)

mysql> select elt(4, ename, job, sal, hiredate) from emp;
+-----------------------------------+
| elt(4, ename, job, sal, hiredate) |
+-----------------------------------+
| 1981-07-19                        |
| 1981-07-19                        |
| 1981-07-19                        |
| 1981-07-19                        |
| 1980-12-17                        |
| 1981-12-31                        |
| 1981-07-19                        |
| 1981-02-20                        |
| 1981-02-22                        |
| 1981-04-02                        |
| 1981-09-28                        |
| 1981-05-01                        |
| 1981-06-09                        |
| 1982-12-09                        |
| 1981-11-17                        |
| 1983-08-09                        |
| 1981-09-08                        |
| 1983-01-12                        |
| 1981-12-03                        |
| 1981-12-03                        |
| 1982-03-24                        |
| 1980-02-14                        |
| 1982-01-23                        |
| 1980-02-14                        |
| 1982-01-24                        |
| 1981-07-19                        |
| 1981-07-19                        |
| 1981-07-19                        |
+-----------------------------------+
28 rows in set (0.00 sec)

mysql> select elt(1, ename, job, sal, hiredate) from emp;
+-----------------------------------+
| elt(1, ename, job, sal, hiredate) |
+-----------------------------------+
| GITA                              |
| VRUSHALI                          |
| SHARMIN                           |
| BANDISH                           |
| SMITH                             |
| AARAV                             |
| THOMAS                            |
| ALLEN                             |
| WARD                              |
| JONES                             |
| MARTIN                            |
| BLAKE                             |
| CLARK                             |
| SCOTT                             |
| KING                              |
| FRED                              |
| TURNER                            |
| ADAMS                             |
| JAMES                             |
| FORD                              |
| HOFFMAN                           |
| GRASS                             |
| MILLER                            |
| AARUSH                            |
| ALEX                              |
| NATASHA                           |
| SANGITA                           |
| SUPRIYA                           |
+-----------------------------------+
28 rows in set (0.00 sec)

mysql> select elt(2, ename, job, sal, hiredate) from emp;
+-----------------------------------+
| elt(2, ename, job, sal, hiredate) |
+-----------------------------------+
| Compliance officers               |
| Compliance officers               |
| Public Relation                   |
| Public Relation                   |
| CLERK                             |
| CLERK                             |
| CLERK                             |
| SALESMAN                          |
| SALESMAN                          |
| MANAGER                           |
| SALESMAN                          |
| MANAGER                           |
| MANAGER                           |
| ANALYST                           |
| PRESIDENT                         |
| vice PRESIDENT                    |
| SALESMAN                          |
| CLERK                             |
| CLERK                             |
| ANALYST                           |
| MANAGER                           |
| SALESMAN                          |
| CLERK                             |
| SALESMAN                          |
| MANAGER                           |
| CLERK                             |
| Compliance officers               |
| ANALYST                           |
+-----------------------------------+
28 rows in set (0.00 sec)

mysql> select elt(2, ename, job, sal, hiredate) from emp;
+-----------------------------------+
| elt(2, ename, job, sal, hiredate) |
+-----------------------------------+
| Compliance officers               |
| Compliance officers               |
| Public Relation                   |
| Public Relation                   |
| CLERK                             |
| CLERK                             |
| CLERK                             |
| SALESMAN                          |
| SALESMAN                          |
| MANAGER                           |
| SALESMAN                          |
| MANAGER                           |
| MANAGER                           |
| ANALYST                           |
| PRESIDENT                         |
| vice PRESIDENT                    |
| SALESMAN                          |
| CLERK                             |
| CLERK                             |
| ANALYST                           |
| MANAGER                           |
| SALESMAN                          |
| CLERK                             |
| SALESMAN                          |
| MANAGER                           |
| CLERK                             |
| Compliance officers               |
| ANALYST                           |
+-----------------------------------+
28 rows in set (0.00 sec)

mysql> select elt(3, ename, job, sal, hiredate) from emp;
+-----------------------------------+
| elt(3, ename, job, sal, hiredate) |
+-----------------------------------+
| 1750                              |
| 1750                              |
| 1750                              |
| 1750                              |
| 800                               |
| 3350                              |
| 1750                              |
| 1600                              |
| 1250                              |
| 2975                              |
| 1250                              |
| 2850                              |
| 2450                              |
| 3000                              |
| 5000                              |
| 5000                              |
| 1500                              |
| 1100                              |
| 950                               |
| 3000                              |
| 4150                              |
| 2575                              |
| 1300                              |
| 1350                              |
| 1250                              |
| 1750                              |
| 1750                              |
| 1750                              |
+-----------------------------------+
28 rows in set (0.00 sec)

mysql> select elt(4, 'mobile', 'bread', 'cheese', 'burger');
+-----------------------------------------------+
| elt(4, 'mobile', 'bread', 'cheese', 'burger') |
+-----------------------------------------------+
| burger                                        |
+-----------------------------------------------+
1 row in set (0.00 sec)

mysql> select elt(4, 'mobile', 'bread', 'cheese', burger);
ERROR 1054 (42S22): Unknown column 'burger' in 'field list'
mysql>
mysql> select elt(4, 'mobile', 'bread', 'cheese', 'burger');
+-----------------------------------------------+
| elt(4, 'mobile', 'bread', 'cheese', 'burger') |
+-----------------------------------------------+
| burger                                        |
+-----------------------------------------------+
1 row in set (0.00 sec)

mysql> select ename from emp;
+----------+
| ename    |
+----------+
| GITA     |
| VRUSHALI |
| SHARMIN  |
| BANDISH  |
| SMITH    |
| AARAV    |
| THOMAS   |
| ALLEN    |
| WARD     |
| JONES    |
| MARTIN   |
| BLAKE    |
| CLARK    |
| SCOTT    |
| KING     |
| FRED     |
| TURNER   |
| ADAMS    |
| JAMES    |
| FORD     |
| HOFFMAN  |
| GRASS    |
| MILLER   |
| AARUSH   |
| ALEX     |
| NATASHA  |
| SANGITA  |
| SUPRIYA  |
+----------+
28 rows in set (0.00 sec)

mysql> select ename, lcase(ename) from emp;
+----------+--------------+
| ename    | lcase(ename) |
+----------+--------------+
| GITA     | gita         |
| VRUSHALI | vrushali     |
| SHARMIN  | sharmin      |
| BANDISH  | bandish      |
| SMITH    | smith        |
| AARAV    | aarav        |
| THOMAS   | thomas       |
| ALLEN    | allen        |
| WARD     | ward         |
| JONES    | jones        |
| MARTIN   | martin       |
| BLAKE    | blake        |
| CLARK    | clark        |
| SCOTT    | scott        |
| KING     | king         |
| FRED     | fred         |
| TURNER   | turner       |
| ADAMS    | adams        |
| JAMES    | james        |
| FORD     | ford         |
| HOFFMAN  | hoffman      |
| GRASS    | grass        |
| MILLER   | miller       |
| AARUSH   | aarush       |
| ALEX     | alex         |
| NATASHA  | natasha      |
| SANGITA  | sangita      |
| SUPRIYA  | supriya      |
+----------+--------------+
28 rows in set (0.00 sec)

mysql> select ename, lcase(ename),length(ename) from emp;
+----------+--------------+---------------+
| ename    | lcase(ename) | length(ename) |
+----------+--------------+---------------+
| GITA     | gita         |             4 |
| VRUSHALI | vrushali     |             8 |
| SHARMIN  | sharmin      |             7 |
| BANDISH  | bandish      |             7 |
| SMITH    | smith        |             5 |
| AARAV    | aarav        |             5 |
| THOMAS   | thomas       |             6 |
| ALLEN    | allen        |             5 |
| WARD     | ward         |             4 |
| JONES    | jones        |             5 |
| MARTIN   | martin       |             6 |
| BLAKE    | blake        |             5 |
| CLARK    | clark        |             5 |
| SCOTT    | scott        |             5 |
| KING     | king         |             4 |
| FRED     | fred         |             4 |
| TURNER   | turner       |             6 |
| ADAMS    | adams        |             5 |
| JAMES    | james        |             5 |
| FORD     | ford         |             4 |
| HOFFMAN  | hoffman      |             7 |
| GRASS    | grass        |             5 |
| MILLER   | miller       |             6 |
| AARUSH   | aarush       |             6 |
| ALEX     | alex         |             4 |
| NATASHA  | natasha      |             7 |
| SANGITA  | sangita      |             7 |
| SUPRIYA  | supriya      |             7 |
+----------+--------------+---------------+
28 rows in set (0.00 sec)

mysql> select ename, lcase(ename),length(ename), length(sal) from emp;
+----------+--------------+---------------+-------------+
| ename    | lcase(ename) | length(ename) | length(sal) |
+----------+--------------+---------------+-------------+
| GITA     | gita         |             4 |           4 |
| VRUSHALI | vrushali     |             8 |           4 |
| SHARMIN  | sharmin      |             7 |           4 |
| BANDISH  | bandish      |             7 |           4 |
| SMITH    | smith        |             5 |           3 |
| AARAV    | aarav        |             5 |           4 |
| THOMAS   | thomas       |             6 |           4 |
| ALLEN    | allen        |             5 |           4 |
| WARD     | ward         |             4 |           4 |
| JONES    | jones        |             5 |           4 |
| MARTIN   | martin       |             6 |           4 |
| BLAKE    | blake        |             5 |           4 |
| CLARK    | clark        |             5 |           4 |
| SCOTT    | scott        |             5 |           4 |
| KING     | king         |             4 |           4 |
| FRED     | fred         |             4 |           4 |
| TURNER   | turner       |             6 |           4 |
| ADAMS    | adams        |             5 |           4 |
| JAMES    | james        |             5 |           3 |
| FORD     | ford         |             4 |           4 |
| HOFFMAN  | hoffman      |             7 |           4 |
| GRASS    | grass        |             5 |           4 |
| MILLER   | miller       |             6 |           4 |
| AARUSH   | aarush       |             6 |           4 |
| ALEX     | alex         |             4 |           4 |
| NATASHA  | natasha      |             7 |           4 |
| SANGITA  | sangita      |             7 |           4 |
| SUPRIYA  | supriya      |             7 |           4 |
+----------+--------------+---------------+-------------+
28 rows in set (0.00 sec)

mysql> select ename, lcase(ename),length(ename), sal, length(sal) from emp;
+----------+--------------+---------------+------+-------------+
| ename    | lcase(ename) | length(ename) | sal  | length(sal) |
+----------+--------------+---------------+------+-------------+
| GITA     | gita         |             4 | 1750 |           4 |
| VRUSHALI | vrushali     |             8 | 1750 |           4 |
| SHARMIN  | sharmin      |             7 | 1750 |           4 |
| BANDISH  | bandish      |             7 | 1750 |           4 |
| SMITH    | smith        |             5 |  800 |           3 |
| AARAV    | aarav        |             5 | 3350 |           4 |
| THOMAS   | thomas       |             6 | 1750 |           4 |
| ALLEN    | allen        |             5 | 1600 |           4 |
| WARD     | ward         |             4 | 1250 |           4 |
| JONES    | jones        |             5 | 2975 |           4 |
| MARTIN   | martin       |             6 | 1250 |           4 |
| BLAKE    | blake        |             5 | 2850 |           4 |
| CLARK    | clark        |             5 | 2450 |           4 |
| SCOTT    | scott        |             5 | 3000 |           4 |
| KING     | king         |             4 | 5000 |           4 |
| FRED     | fred         |             4 | 5000 |           4 |
| TURNER   | turner       |             6 | 1500 |           4 |
| ADAMS    | adams        |             5 | 1100 |           4 |
| JAMES    | james        |             5 |  950 |           3 |
| FORD     | ford         |             4 | 3000 |           4 |
| HOFFMAN  | hoffman      |             7 | 4150 |           4 |
| GRASS    | grass        |             5 | 2575 |           4 |
| MILLER   | miller       |             6 | 1300 |           4 |
| AARUSH   | aarush       |             6 | 1350 |           4 |
| ALEX     | alex         |             4 | 1250 |           4 |
| NATASHA  | natasha      |             7 | 1750 |           4 |
| SANGITA  | sangita      |             7 | 1750 |           4 |
| SUPRIYA  | supriya      |             7 | 1750 |           4 |
+----------+--------------+---------------+------+-------------+
28 rows in set (0.00 sec)

mysql> select  '     saleel';
+-------------+
| saleel      |
+-------------+
|      saleel |
+-------------+
1 row in set (0.00 sec)

mysql> select  '     saleel', ltrim('     saleel');
+-------------+----------------------+
| saleel      | ltrim('     saleel') |
+-------------+----------------------+
|      saleel | saleel               |
+-------------+----------------------+
1 row in set (0.03 sec)

mysql> select  '     saleel', rtrim('     saleel');
+-------------+----------------------+
| saleel      | rtrim('     saleel') |
+-------------+----------------------+
|      saleel |      saleel          |
+-------------+----------------------+
1 row in set (0.01 sec)

mysql> select  '     saleel', lengthj'     saleel');
ERROR 1064 (42000): You have an error in your SQL syntax; check the manual that corresponds to your MySQL server version for the right syntax to use near ')' at line 1
mysql> select  '     saleel', length('     saleel');
+-------------+-----------------------+
| saleel      | length('     saleel') |
+-------------+-----------------------+
|      saleel |                    11 |
+-------------+-----------------------+
1 row in set (0.00 sec)

mysql> select  '     saleel', length(ltrim('     saleel'));
+-------------+------------------------------+
| saleel      | length(ltrim('     saleel')) |
+-------------+------------------------------+
|      saleel |                            6 |
+-------------+------------------------------+
1 row in set (0.00 sec)

mysql> select  '     saleel', length('     saleel      ');
+-------------+-----------------------------+
| saleel      | length('     saleel      ') |
+-------------+-----------------------------+
|      saleel |                          17 |
+-------------+-----------------------------+
1 row in set (0.00 sec)

mysql> select  '     saleel', length(trim('     saleel      '));
+-------------+-----------------------------------+
| saleel      | length(trim('     saleel      ')) |
+-------------+-----------------------------------+
|      saleel |                                 6 |
+-------------+-----------------------------------+
1 row in set (0.00 sec)

mysql> select 'saleel.gabde@gmail.com', instr('saleel.gabde@gmail.com','@');
+------------------------+-------------------------------------+
| saleel.gabde@gmail.com | instr('saleel.gabde@gmail.com','@') |
+------------------------+-------------------------------------+
| saleel.gabde@gmail.com |                                  13 |
+------------------------+-------------------------------------+
1 row in set (0.00 sec)

mysql> s
    -> select 'saleel.gabde@gmail.com', instr('saleel.gabdegmail.com','@');
ERROR 1064 (42000): You have an error in your SQL syntax; check the manual that corresponds to your MySQL server version for the right syntax to use near 's
select 'saleel.gabde@gmail.com', instr('saleel.gabdegmail.com','@')' at line 1
mysql> select 'saleel.gabde@gmail.com', instr('saleel.gabdegmail.com','@');
+------------------------+------------------------------------+
| saleel.gabde@gmail.com | instr('saleel.gabdegmail.com','@') |
+------------------------+------------------------------------+
| saleel.gabde@gmail.com |                                  0 |
+------------------------+------------------------------------+
1 row in set (0.00 sec)

mysql> select ename from emp;
+----------+
| ename    |
+----------+
| GITA     |
| VRUSHALI |
| SHARMIN  |
| BANDISH  |
| SMITH    |
| AARAV    |
| THOMAS   |
| ALLEN    |
| WARD     |
| JONES    |
| MARTIN   |
| BLAKE    |
| CLARK    |
| SCOTT    |
| KING     |
| FRED     |
| TURNER   |
| ADAMS    |
| JAMES    |
| FORD     |
| HOFFMAN  |
| GRASS    |
| MILLER   |
| AARUSH   |
| ALEX     |
| NATASHA  |
| SANGITA  |
| SUPRIYA  |
+----------+
28 rows in set (0.00 sec)

mysql> select ename, replace(ename,'I','  ') from emp;
+----------+-------------------------+
| ename    | replace(ename,'I','  ') |
+----------+-------------------------+
| GITA     | G  TA                   |
| VRUSHALI | VRUSHAL                 |
| SHARMIN  | SHARM  N                |
| BANDISH  | BAND  SH                |
| SMITH    | SM  TH                  |
| AARAV    | AARAV                   |
| THOMAS   | THOMAS                  |
| ALLEN    | ALLEN                   |
| WARD     | WARD                    |
| JONES    | JONES                   |
| MARTIN   | MART  N                 |
| BLAKE    | BLAKE                   |
| CLARK    | CLARK                   |
| SCOTT    | SCOTT                   |
| KING     | K  NG                   |
| FRED     | FRED                    |
| TURNER   | TURNER                  |
| ADAMS    | ADAMS                   |
| JAMES    | JAMES                   |
| FORD     | FORD                    |
| HOFFMAN  | HOFFMAN                 |
| GRASS    | GRASS                   |
| MILLER   | M  LLER                 |
| AARUSH   | AARUSH                  |
| ALEX     | ALEX                    |
| NATASHA  | NATASHA                 |
| SANGITA  | SANG  TA                |
| SUPRIYA  | SUPR  YA                |
+----------+-------------------------+
28 rows in set (0.00 sec)

mysql> select ename, replace(ename,'I','...') from emp;
+----------+--------------------------+
| ename    | replace(ename,'I','...') |
+----------+--------------------------+
| GITA     | G...TA                   |
| VRUSHALI | VRUSHAL...               |
| SHARMIN  | SHARM...N                |
| BANDISH  | BAND...SH                |
| SMITH    | SM...TH                  |
| AARAV    | AARAV                    |
| THOMAS   | THOMAS                   |
| ALLEN    | ALLEN                    |
| WARD     | WARD                     |
| JONES    | JONES                    |
| MARTIN   | MART...N                 |
| BLAKE    | BLAKE                    |
| CLARK    | CLARK                    |
| SCOTT    | SCOTT                    |
| KING     | K...NG                   |
| FRED     | FRED                     |
| TURNER   | TURNER                   |
| ADAMS    | ADAMS                    |
| JAMES    | JAMES                    |
| FORD     | FORD                     |
| HOFFMAN  | HOFFMAN                  |
| GRASS    | GRASS                    |
| MILLER   | M...LLER                 |
| AARUSH   | AARUSH                   |
| ALEX     | ALEX                     |
| NATASHA  | NATASHA                  |
| SANGITA  | SANG...TA                |
| SUPRIYA  | SUPR...YA                |
+----------+--------------------------+
28 rows in set (0.00 sec)

mysql> select ename  from emp;
+----------+
| ename    |
+----------+
| GITA     |
| VRUSHALI |
| SHARMIN  |
| BANDISH  |
| SMITH    |
| AARAV    |
| THOMAS   |
| ALLEN    |
| WARD     |
| JONES    |
| MARTIN   |
| BLAKE    |
| CLARK    |
| SCOTT    |
| KING     |
| FRED     |
| TURNER   |
| ADAMS    |
| JAMES    |
| FORD     |
| HOFFMAN  |
| GRASS    |
| MILLER   |
| AARUSH   |
| ALEX     |
| NATASHA  |
| SANGITA  |
| SUPRIYA  |
+----------+
28 rows in set (0.00 sec)

mysql> select ename, left(ename,3)   from emp;
+----------+---------------+
| ename    | left(ename,3) |
+----------+---------------+
| GITA     | GIT           |
| VRUSHALI | VRU           |
| SHARMIN  | SHA           |
| BANDISH  | BAN           |
| SMITH    | SMI           |
| AARAV    | AAR           |
| THOMAS   | THO           |
| ALLEN    | ALL           |
| WARD     | WAR           |
| JONES    | JON           |
| MARTIN   | MAR           |
| BLAKE    | BLA           |
| CLARK    | CLA           |
| SCOTT    | SCO           |
| KING     | KIN           |
| FRED     | FRE           |
| TURNER   | TUR           |
| ADAMS    | ADA           |
| JAMES    | JAM           |
| FORD     | FOR           |
| HOFFMAN  | HOF           |
| GRASS    | GRA           |
| MILLER   | MIL           |
| AARUSH   | AAR           |
| ALEX     | ALE           |
| NATASHA  | NAT           |
| SANGITA  | SAN           |
| SUPRIYA  | SUP           |
+----------+---------------+
28 rows in set (0.01 sec)

mysql> select ename, left(ename,5)   from emp;
+----------+---------------+
| ename    | left(ename,5) |
+----------+---------------+
| GITA     | GITA          |
| VRUSHALI | VRUSH         |
| SHARMIN  | SHARM         |
| BANDISH  | BANDI         |
| SMITH    | SMITH         |
| AARAV    | AARAV         |
| THOMAS   | THOMA         |
| ALLEN    | ALLEN         |
| WARD     | WARD          |
| JONES    | JONES         |
| MARTIN   | MARTI         |
| BLAKE    | BLAKE         |
| CLARK    | CLARK         |
| SCOTT    | SCOTT         |
| KING     | KING          |
| FRED     | FRED          |
| TURNER   | TURNE         |
| ADAMS    | ADAMS         |
| JAMES    | JAMES         |
| FORD     | FORD          |
| HOFFMAN  | HOFFM         |
| GRASS    | GRASS         |
| MILLER   | MILLE         |
| AARUSH   | AARUS         |
| ALEX     | ALEX          |
| NATASHA  | NATAS         |
| SANGITA  | SANGI         |
| SUPRIYA  | SUPRI         |
+----------+---------------+
28 rows in set (0.00 sec)

mysql> select ename, left(ename,5), right(ename,5)   from emp;
+----------+---------------+----------------+
| ename    | left(ename,5) | right(ename,5) |
+----------+---------------+----------------+
| GITA     | GITA          | GITA           |
| VRUSHALI | VRUSH         | SHALI          |
| SHARMIN  | SHARM         | ARMIN          |
| BANDISH  | BANDI         | NDISH          |
| SMITH    | SMITH         | SMITH          |
| AARAV    | AARAV         | AARAV          |
| THOMAS   | THOMA         | HOMAS          |
| ALLEN    | ALLEN         | ALLEN          |
| WARD     | WARD          | WARD           |
| JONES    | JONES         | JONES          |
| MARTIN   | MARTI         | ARTIN          |
| BLAKE    | BLAKE         | BLAKE          |
| CLARK    | CLARK         | CLARK          |
| SCOTT    | SCOTT         | SCOTT          |
| KING     | KING          | KING           |
| FRED     | FRED          | FRED           |
| TURNER   | TURNE         | URNER          |
| ADAMS    | ADAMS         | ADAMS          |
| JAMES    | JAMES         | JAMES          |
| FORD     | FORD          | FORD           |
| HOFFMAN  | HOFFM         | FFMAN          |
| GRASS    | GRASS         | GRASS          |
| MILLER   | MILLE         | ILLER          |
| AARUSH   | AARUS         | ARUSH          |
| ALEX     | ALEX          | ALEX           |
| NATASHA  | NATAS         | TASHA          |
| SANGITA  | SANGI         | NGITA          |
| SUPRIYA  | SUPRI         | PRIYA          |
+----------+---------------+----------------+
28 rows in set (0.00 sec)

mysql> select ename, left(ename,2), right(ename,2)   from emp;
+----------+---------------+----------------+
| ename    | left(ename,2) | right(ename,2) |
+----------+---------------+----------------+
| GITA     | GI            | TA             |
| VRUSHALI | VR            | LI             |
| SHARMIN  | SH            | IN             |
| BANDISH  | BA            | SH             |
| SMITH    | SM            | TH             |
| AARAV    | AA            | AV             |
| THOMAS   | TH            | AS             |
| ALLEN    | AL            | EN             |
| WARD     | WA            | RD             |
| JONES    | JO            | ES             |
| MARTIN   | MA            | IN             |
| BLAKE    | BL            | KE             |
| CLARK    | CL            | RK             |
| SCOTT    | SC            | TT             |
| KING     | KI            | NG             |
| FRED     | FR            | ED             |
| TURNER   | TU            | ER             |
| ADAMS    | AD            | MS             |
| JAMES    | JA            | ES             |
| FORD     | FO            | RD             |
| HOFFMAN  | HO            | AN             |
| GRASS    | GR            | SS             |
| MILLER   | MI            | ER             |
| AARUSH   | AA            | SH             |
| ALEX     | AL            | EX             |
| NATASHA  | NA            | HA             |
| SANGITA  | SA            | TA             |
| SUPRIYA  | SU            | YA             |
+----------+---------------+----------------+
28 rows in set (0.00 sec)

mysql> select ename, left(ename,2), right(ename,2)substr(ename,2)   from emp;
ERROR 1064 (42000): You have an error in your SQL syntax; check the manual that corresponds to your MySQL server version for the right syntax to use near 'substr(ename,2)   from emp' at line 1
mysql> select ename, left(ename,2), right(ename,2),substr(ename,2)   from emp;
+----------+---------------+----------------+-----------------+
| ename    | left(ename,2) | right(ename,2) | substr(ename,2) |
+----------+---------------+----------------+-----------------+
| GITA     | GI            | TA             | ITA             |
| VRUSHALI | VR            | LI             | RUSHALI         |
| SHARMIN  | SH            | IN             | HARMIN          |
| BANDISH  | BA            | SH             | ANDISH          |
| SMITH    | SM            | TH             | MITH            |
| AARAV    | AA            | AV             | ARAV            |
| THOMAS   | TH            | AS             | HOMAS           |
| ALLEN    | AL            | EN             | LLEN            |
| WARD     | WA            | RD             | ARD             |
| JONES    | JO            | ES             | ONES            |
| MARTIN   | MA            | IN             | ARTIN           |
| BLAKE    | BL            | KE             | LAKE            |
| CLARK    | CL            | RK             | LARK            |
| SCOTT    | SC            | TT             | COTT            |
| KING     | KI            | NG             | ING             |
| FRED     | FR            | ED             | RED             |
| TURNER   | TU            | ER             | URNER           |
| ADAMS    | AD            | MS             | DAMS            |
| JAMES    | JA            | ES             | AMES            |
| FORD     | FO            | RD             | ORD             |
| HOFFMAN  | HO            | AN             | OFFMAN          |
| GRASS    | GR            | SS             | RASS            |
| MILLER   | MI            | ER             | ILLER           |
| AARUSH   | AA            | SH             | ARUSH           |
| ALEX     | AL            | EX             | LEX             |
| NATASHA  | NA            | HA             | ATASHA          |
| SANGITA  | SA            | TA             | ANGITA          |
| SUPRIYA  | SU            | YA             | UPRIYA          |
+----------+---------------+----------------+-----------------+
28 rows in set (0.00 sec)

mysql> select ename, left(ename,2), right(ename,2),substr(ename,2), substr(ename,2, 2)   from emp;
+----------+---------------+----------------+-----------------+--------------------+
| ename    | left(ename,2) | right(ename,2) | substr(ename,2) | substr(ename,2, 2) |
+----------+---------------+----------------+-----------------+--------------------+
| GITA     | GI            | TA             | ITA             | IT                 |
| VRUSHALI | VR            | LI             | RUSHALI         | RU                 |
| SHARMIN  | SH            | IN             | HARMIN          | HA                 |
| BANDISH  | BA            | SH             | ANDISH          | AN                 |
| SMITH    | SM            | TH             | MITH            | MI                 |
| AARAV    | AA            | AV             | ARAV            | AR                 |
| THOMAS   | TH            | AS             | HOMAS           | HO                 |
| ALLEN    | AL            | EN             | LLEN            | LL                 |
| WARD     | WA            | RD             | ARD             | AR                 |
| JONES    | JO            | ES             | ONES            | ON                 |
| MARTIN   | MA            | IN             | ARTIN           | AR                 |
| BLAKE    | BL            | KE             | LAKE            | LA                 |
| CLARK    | CL            | RK             | LARK            | LA                 |
| SCOTT    | SC            | TT             | COTT            | CO                 |
| KING     | KI            | NG             | ING             | IN                 |
| FRED     | FR            | ED             | RED             | RE                 |
| TURNER   | TU            | ER             | URNER           | UR                 |
| ADAMS    | AD            | MS             | DAMS            | DA                 |
| JAMES    | JA            | ES             | AMES            | AM                 |
| FORD     | FO            | RD             | ORD             | OR                 |
| HOFFMAN  | HO            | AN             | OFFMAN          | OF                 |
| GRASS    | GR            | SS             | RASS            | RA                 |
| MILLER   | MI            | ER             | ILLER           | IL                 |
| AARUSH   | AA            | SH             | ARUSH           | AR                 |
| ALEX     | AL            | EX             | LEX             | LE                 |
| NATASHA  | NA            | HA             | ATASHA          | AT                 |
| SANGITA  | SA            | TA             | ANGITA          | AN                 |
| SUPRIYA  | SU            | YA             | UPRIYA          | UP                 |
+----------+---------------+----------------+-----------------+--------------------+
28 rows in set (0.00 sec)

mysql> select c1, c1/1 R1 from stringnumber;
+---------------+------+
| c1            | R1   |
+---------------+------+
| GITA6001      |    0 |
| VRUSHALI6129  |    0 |
| SHARMIN6473   |    0 |
| BANDISH6781   |    0 |
| SMITH7369     |    0 |
| AARAV7415     |    0 |
| THOMAS7421    |    0 |
| ALLEN7499     |    0 |
| WARD7521      |    0 |
| JONES7566     |    0 |
| MARTIN7654    |    0 |
| BLAKE7698     |    0 |
| CLARK7782     |    0 |
| SCOTT7788     |    0 |
| KING7839      |    0 |
| FRED7840      |    0 |
| TURNER7844    |    0 |
| ADAMS7876     |    0 |
| JAMES7900     |    0 |
| FORD7902      |    0 |
| HOFFMAN7919   |    0 |
| GRASS7920     |    0 |
| MILLER7934    |    0 |
| AARUSH7945    |    0 |
| ALEX7949      |    0 |
| NATASHA8433   |    0 |
| SANGITA9400   |    0 |
| SUPRIYA9473   |    0 |
| saleel1       |    0 |
| sharmin34     |    0 |
| ruhan743      |    0 |
| vrushali56731 |    0 |
| bandish836379 |    0 |
| ajay7657822   |    0 |
+---------------+------+
34 rows in set, 34 warnings (0.05 sec)

mysql> select c1, c1/1 R1 from numberstring;
+---------------+---------+
| c1            | R1      |
+---------------+---------+
| 1saleel       |       1 |
| 34sharmin     |      34 |
| 56731vrushali |   56731 |
| 6001GITA      |    6001 |
| 6129VRUSHALI  |    6129 |
| 6473SHARMIN   |    6473 |
| 6781BANDISH   |    6781 |
| 7369SMITH     |    7369 |
| 7415AARAV     |    7415 |
| 7421THOMAS    |    7421 |
| 743ruhan      |     743 |
| 7499ALLEN     |    7499 |
| 7521WARD      |    7521 |
| 7566JONES     |    7566 |
| 7654MARTIN    |    7654 |
| 7657822ajay   | 7657822 |
| 7698BLAKE     |    7698 |
| 7782CLARK     |    7782 |
| 7788SCOTT     |    7788 |
| 7839KING      |    7839 |
| 7840FRED      |    7840 |
| 7844TURNER    |    7844 |
| 7876ADAMS     |    7876 |
| 7900JAMES     |    7900 |
| 7902FORD      |    7902 |
| 7919HOFFMAN   |    7919 |
| 7920GRASS     |    7920 |
| 7934MILLER    |    7934 |
| 7945AARUSH    |    7945 |
| 7949ALEX      |    7949 |
| 836379bandish |  836379 |
| 8433NATASHA   |    8433 |
| 9400SANGITA   |    9400 |
| 9473SUPRIYA   |    9473 |
+---------------+---------+
34 rows in set, 34 warnings (0.00 sec)

mysql> select c1, c1/1 R1, length(c1/1) from stringnumber;
+---------------+------+--------------+
| c1            | R1   | length(c1/1) |
+---------------+------+--------------+
| GITA6001      |    0 |            1 |
| VRUSHALI6129  |    0 |            1 |
| SHARMIN6473   |    0 |            1 |
| BANDISH6781   |    0 |            1 |
| SMITH7369     |    0 |            1 |
| AARAV7415     |    0 |            1 |
| THOMAS7421    |    0 |            1 |
| ALLEN7499     |    0 |            1 |
| WARD7521      |    0 |            1 |
| JONES7566     |    0 |            1 |
| MARTIN7654    |    0 |            1 |
| BLAKE7698     |    0 |            1 |
| CLARK7782     |    0 |            1 |
| SCOTT7788     |    0 |            1 |
| KING7839      |    0 |            1 |
| FRED7840      |    0 |            1 |
| TURNER7844    |    0 |            1 |
| ADAMS7876     |    0 |            1 |
| JAMES7900     |    0 |            1 |
| FORD7902      |    0 |            1 |
| HOFFMAN7919   |    0 |            1 |
| GRASS7920     |    0 |            1 |
| MILLER7934    |    0 |            1 |
| AARUSH7945    |    0 |            1 |
| ALEX7949      |    0 |            1 |
| NATASHA8433   |    0 |            1 |
| SANGITA9400   |    0 |            1 |
| SUPRIYA9473   |    0 |            1 |
| saleel1       |    0 |            1 |
| sharmin34     |    0 |            1 |
| ruhan743      |    0 |            1 |
| vrushali56731 |    0 |            1 |
| bandish836379 |    0 |            1 |
| ajay7657822   |    0 |            1 |
+---------------+------+--------------+
34 rows in set, 68 warnings (0.00 sec)

mysql> select c1, c1/1 R1, length(c1/1) from numberstring;
+---------------+---------+--------------+
| c1            | R1      | length(c1/1) |
+---------------+---------+--------------+
| 1saleel       |       1 |            1 |
| 34sharmin     |      34 |            2 |
| 56731vrushali |   56731 |            5 |
| 6001GITA      |    6001 |            4 |
| 6129VRUSHALI  |    6129 |            4 |
| 6473SHARMIN   |    6473 |            4 |
| 6781BANDISH   |    6781 |            4 |
| 7369SMITH     |    7369 |            4 |
| 7415AARAV     |    7415 |            4 |
| 7421THOMAS    |    7421 |            4 |
| 743ruhan      |     743 |            3 |
| 7499ALLEN     |    7499 |            4 |
| 7521WARD      |    7521 |            4 |
| 7566JONES     |    7566 |            4 |
| 7654MARTIN    |    7654 |            4 |
| 7657822ajay   | 7657822 |            7 |
| 7698BLAKE     |    7698 |            4 |
| 7782CLARK     |    7782 |            4 |
| 7788SCOTT     |    7788 |            4 |
| 7839KING      |    7839 |            4 |
| 7840FRED      |    7840 |            4 |
| 7844TURNER    |    7844 |            4 |
| 7876ADAMS     |    7876 |            4 |
| 7900JAMES     |    7900 |            4 |
| 7902FORD      |    7902 |            4 |
| 7919HOFFMAN   |    7919 |            4 |
| 7920GRASS     |    7920 |            4 |
| 7934MILLER    |    7934 |            4 |
| 7945AARUSH    |    7945 |            4 |
| 7949ALEX      |    7949 |            4 |
| 836379bandish |  836379 |            6 |
| 8433NATASHA   |    8433 |            4 |
| 9400SANGITA   |    9400 |            4 |
| 9473SUPRIYA   |    9473 |            4 |
+---------------+---------+--------------+
34 rows in set, 68 warnings (0.00 sec)

mysql> select c1, c1/1 R1, substr(c1,length(c1/1)) from numberstring;
+---------------+---------+-------------------------+
| c1            | R1      | substr(c1,length(c1/1)) |
+---------------+---------+-------------------------+
| 1saleel       |       1 | 1saleel                 |
| 34sharmin     |      34 | 4sharmin                |
| 56731vrushali |   56731 | 1vrushali               |
| 6001GITA      |    6001 | 1GITA                   |
| 6129VRUSHALI  |    6129 | 9VRUSHALI               |
| 6473SHARMIN   |    6473 | 3SHARMIN                |
| 6781BANDISH   |    6781 | 1BANDISH                |
| 7369SMITH     |    7369 | 9SMITH                  |
| 7415AARAV     |    7415 | 5AARAV                  |
| 7421THOMAS    |    7421 | 1THOMAS                 |
| 743ruhan      |     743 | 3ruhan                  |
| 7499ALLEN     |    7499 | 9ALLEN                  |
| 7521WARD      |    7521 | 1WARD                   |
| 7566JONES     |    7566 | 6JONES                  |
| 7654MARTIN    |    7654 | 4MARTIN                 |
| 7657822ajay   | 7657822 | 2ajay                   |
| 7698BLAKE     |    7698 | 8BLAKE                  |
| 7782CLARK     |    7782 | 2CLARK                  |
| 7788SCOTT     |    7788 | 8SCOTT                  |
| 7839KING      |    7839 | 9KING                   |
| 7840FRED      |    7840 | 0FRED                   |
| 7844TURNER    |    7844 | 4TURNER                 |
| 7876ADAMS     |    7876 | 6ADAMS                  |
| 7900JAMES     |    7900 | 0JAMES                  |
| 7902FORD      |    7902 | 2FORD                   |
| 7919HOFFMAN   |    7919 | 9HOFFMAN                |
| 7920GRASS     |    7920 | 0GRASS                  |
| 7934MILLER    |    7934 | 4MILLER                 |
| 7945AARUSH    |    7945 | 5AARUSH                 |
| 7949ALEX      |    7949 | 9ALEX                   |
| 836379bandish |  836379 | 9bandish                |
| 8433NATASHA   |    8433 | 3NATASHA                |
| 9400SANGITA   |    9400 | 0SANGITA                |
| 9473SUPRIYA   |    9473 | 3SUPRIYA                |
+---------------+---------+-------------------------+
34 rows in set, 68 warnings (0.00 sec)

mysql> select c1, c1/1 R1, substr(c1,length(c1/1)+1) from numberstring;
+---------------+---------+---------------------------+
| c1            | R1      | substr(c1,length(c1/1)+1) |
+---------------+---------+---------------------------+
| 1saleel       |       1 | saleel                    |
| 34sharmin     |      34 | sharmin                   |
| 56731vrushali |   56731 | vrushali                  |
| 6001GITA      |    6001 | GITA                      |
| 6129VRUSHALI  |    6129 | VRUSHALI                  |
| 6473SHARMIN   |    6473 | SHARMIN                   |
| 6781BANDISH   |    6781 | BANDISH                   |
| 7369SMITH     |    7369 | SMITH                     |
| 7415AARAV     |    7415 | AARAV                     |
| 7421THOMAS    |    7421 | THOMAS                    |
| 743ruhan      |     743 | ruhan                     |
| 7499ALLEN     |    7499 | ALLEN                     |
| 7521WARD      |    7521 | WARD                      |
| 7566JONES     |    7566 | JONES                     |
| 7654MARTIN    |    7654 | MARTIN                    |
| 7657822ajay   | 7657822 | ajay                      |
| 7698BLAKE     |    7698 | BLAKE                     |
| 7782CLARK     |    7782 | CLARK                     |
| 7788SCOTT     |    7788 | SCOTT                     |
| 7839KING      |    7839 | KING                      |
| 7840FRED      |    7840 | FRED                      |
| 7844TURNER    |    7844 | TURNER                    |
| 7876ADAMS     |    7876 | ADAMS                     |
| 7900JAMES     |    7900 | JAMES                     |
| 7902FORD      |    7902 | FORD                      |
| 7919HOFFMAN   |    7919 | HOFFMAN                   |
| 7920GRASS     |    7920 | GRASS                     |
| 7934MILLER    |    7934 | MILLER                    |
| 7945AARUSH    |    7945 | AARUSH                    |
| 7949ALEX      |    7949 | ALEX                      |
| 836379bandish |  836379 | bandish                   |
| 8433NATASHA   |    8433 | NATASHA                   |
| 9400SANGITA   |    9400 | SANGITA                   |
| 9473SUPRIYA   |    9473 | SUPRIYA                   |
+---------------+---------+---------------------------+
34 rows in set, 68 warnings (0.00 sec)

mysql> select rand();
+---------------------+
| rand()              |
+---------------------+
| 0.20625099838362168 |
+---------------------+
1 row in set (0.02 sec)

mysql> select rand();
+---------------------+
| rand()              |
+---------------------+
| 0.03161159719490595 |
+---------------------+
1 row in set (0.00 sec)

mysql> select 1234.456, round(1234.456), round(1234.456,2);
+----------+-----------------+-------------------+
| 1234.456 | round(1234.456) | round(1234.456,2) |
+----------+-----------------+-------------------+
| 1234.456 |            1234 |           1234.46 |
+----------+-----------------+-------------------+
1 row in set (0.02 sec)

mysql> select 1234.456, round(1234.456), round(1234.456,2), ceil(10.56) R1, ceil(10.05) R2;
+----------+-----------------+-------------------+----+----+
| 1234.456 | round(1234.456) | round(1234.456,2) | R1 | R2 |
+----------+-----------------+-------------------+----+----+
| 1234.456 |            1234 |           1234.46 | 11 | 11 |
+----------+-----------------+-------------------+----+----+
1 row in set (0.00 sec)

mysql> select 1234.456, round(1234.456), round(1234.456,2), ceil(10.56) R1, ceil(10.05) R2, floor(10.56) R3, floor(10.05) R4;
+----------+-----------------+-------------------+----+----+----+----+
| 1234.456 | round(1234.456) | round(1234.456,2) | R1 | R2 | R3 | R4 |
+----------+-----------------+-------------------+----+----+----+----+
| 1234.456 |            1234 |           1234.46 | 11 | 11 | 10 | 10 |
+----------+-----------------+-------------------+----+----+----+----+
1 row in set (0.00 sec)

mysql> select -100;
+------+
| -100 |
+------+
| -100 |
+------+
1 row in set (0.01 sec)

mysql> select -100 ,abs(-100);
+------+-----------+
| -100 | abs(-100) |
+------+-----------+
| -100 |       100 |
+------+-----------+
1 row in set (0.00 sec)

mysql>
mysql> select -100 * -1;
+-----------+
| -100 * -1 |
+-----------+
|       100 |
+-----------+
1 row in set (0.00 sec)

mysql> select -100, -(-100);
+------+---------+
| -100 | -(-100) |
+------+---------+
| -100 |     100 |
+------+---------+
1 row in set (0.00 sec)

mysql> select -100, - -100;
+------+--------+
| -100 | - -100 |
+------+--------+
| -100 |    100 |
+------+--------+
1 row in set (0.00 sec)

mysql> select -100 ,abs(-100);
+------+-----------+
| -100 | abs(-100) |
+------+-----------+
| -100 |       100 |
+------+-----------+
1 row in set (0.00 sec)

mysql> select rand()
    -> ;
+--------------------+
| rand()             |
+--------------------+
| 0.5393050215573096 |
+--------------------+
1 row in set (0.00 sec)

mysql> select rand(), round(rand());
+--------------------+---------------+
| rand()             | round(rand()) |
+--------------------+---------------+
| 0.6016903469354755 |             0 |
+--------------------+---------------+
1 row in set (0.00 sec)

mysql> select rand(), round(rand()* 10);
+---------------------+-------------------+
| rand()              | round(rand()* 10) |
+---------------------+-------------------+
| 0.14761249362268716 |                 6 |
+---------------------+-------------------+
1 row in set (0.00 sec)

mysql> select rand(), round(rand()* 10);
+---------------------+-------------------+
| rand()              | round(rand()* 10) |
+---------------------+-------------------+
| 0.38942453301458113 |                 2 |
+---------------------+-------------------+
1 row in set (0.00 sec)

mysql> select rand(), round(rand()* 10);
+---------------------+-------------------+
| rand()              | round(rand()* 10) |
+---------------------+-------------------+
| 0.07055396127566133 |                 6 |
+---------------------+-------------------+
1 row in set (0.00 sec)

mysql> select rand(), round(rand()* 10);
+--------------------+-------------------+
| rand()             | round(rand()* 10) |
+--------------------+-------------------+
| 0.8357047437091402 |                 4 |
+--------------------+-------------------+
1 row in set (0.00 sec)

mysql> select rand(), round(rand()* 10);
+--------------------+-------------------+
| rand()             | round(rand()* 10) |
+--------------------+-------------------+
| 0.2434047555955171 |                 2 |
+--------------------+-------------------+
1 row in set (0.00 sec)

mysql> select rand(), round(rand()* 10);\
+---------------------+-------------------+
| rand()              | round(rand()* 10) |
+---------------------+-------------------+
| 0.10334793953536818 |                 0 |
+---------------------+-------------------+
1 row in set (0.00 sec)

mysql> select rand(), round(rand() * 10);
+--------------------+--------------------+
| rand()             | round(rand() * 10) |
+--------------------+--------------------+
| 0.7729683274151462 |                  8 |
+--------------------+--------------------+
1 row in set (0.00 sec)

mysql> select rand(), round(rand() * 10);
+--------------------+--------------------+
| rand()             | round(rand() * 10) |
+--------------------+--------------------+
| 0.7562670416722699 |                  3 |
+--------------------+--------------------+
1 row in set (0.00 sec)

mysql> select rand(), round(rand() * 10);
+---------------------+--------------------+
| rand()              | round(rand() * 10) |
+---------------------+--------------------+
| 0.41235912163961597 |                  1 |
+---------------------+--------------------+
1 row in set (0.00 sec)

mysql> select rand(), round(rand() * 10);
+----------------------+--------------------+
| rand()               | round(rand() * 10) |
+----------------------+--------------------+
| 0.028420212705079665 |                 10 |
+----------------------+--------------------+
1 row in set (0.00 sec)

mysql> select rand(), round(rand() * 10);
+--------------------+--------------------+
| rand()             | round(rand() * 10) |
+--------------------+--------------------+
| 0.8287522232427749 |                  2 |
+--------------------+--------------------+
1 row in set (0.00 sec)

mysql> select rand() * 10;
+-------------------+
| rand() * 10       |
+-------------------+
| 4.905106038698094 |
+-------------------+
1 row in set (0.00 sec)

mysql> select rand() * 10;
+-------------------+
| rand() * 10       |
+-------------------+
| 8.664927043639988 |
+-------------------+
1 row in set (0.00 sec)

mysql> select rand() * 10;
+-------------------+
| rand() * 10       |
+-------------------+
| 8.609317409442102 |
+-------------------+
1 row in set (0.00 sec)

mysql> select rand() * 10;
+----------------+
| rand() * 10    |
+----------------+
| 7.051806223627 |
+----------------+
1 row in set (0.00 sec)

mysql> select rount(rand() * 10);
ERROR 1305 (42000): FUNCTION db1.rount does not exist
mysql> select round(rand() * 10);
+--------------------+
| round(rand() * 10) |
+--------------------+
|                  9 |
+--------------------+
1 row in set (0.00 sec)

mysql> select round(rand() * 10, 2);
+-----------------------+
| round(rand() * 10, 2) |
+-----------------------+
|                     6 |
+-----------------------+
1 row in set (0.00 sec)

mysql> select round(rand() * 10, 2);
+-----------------------+
| round(rand() * 10, 2) |
+-----------------------+
|                  1.71 |
+-----------------------+
1 row in set (0.00 sec)

mysql> select round(rand() * 10, 2);
+-----------------------+
| round(rand() * 10, 2) |
+-----------------------+
|                  0.53 |
+-----------------------+
1 row in set (0.00 sec)

mysql> select round(rand() * 10);
+--------------------+
| round(rand() * 10) |
+--------------------+
|                  8 |
+--------------------+
1 row in set (0.00 sec)

mysql> select round(rand() * 10);
+--------------------+
| round(rand() * 10) |
+--------------------+
|                  6 |
+--------------------+
1 row in set (0.00 sec)

mysql> select round(rand() * 100);
+---------------------+
| round(rand() * 100) |
+---------------------+
|                  80 |
+---------------------+
1 row in set (0.00 sec)

mysql> select round(rand() * 100);
+---------------------+
| round(rand() * 100) |
+---------------------+
|                  17 |
+---------------------+
1 row in set (0.00 sec)

mysql> select round(rand());
+---------------+
| round(rand()) |
+---------------+
|             0 |
+---------------+
1 row in set (0.00 sec)

mysql> select round(rand());
+---------------+
| round(rand()) |
+---------------+
|             1 |
+---------------+
1 row in set (0.00 sec)

mysql> select round(rand());
+---------------+
| round(rand()) |
+---------------+
|             0 |
+---------------+
1 row in set (0.00 sec)

mysql> select round(rand());
+---------------+
| round(rand()) |
+---------------+
|             0 |
+---------------+
1 row in set (0.00 sec)

mysql> select round(rand());
+---------------+
| round(rand()) |
+---------------+
|             0 |
+---------------+
1 row in set (0.00 sec)

mysql> select round(rand());
+---------------+
| round(rand()) |
+---------------+
|             0 |
+---------------+
1 row in set (0.00 sec)

mysql> select round(rand() * 100);
+---------------------+
| round(rand() * 100) |
+---------------------+
|                  59 |
+---------------------+
1 row in set (0.00 sec)

mysql> select round(rand() * 100);
+---------------------+
| round(rand() * 100) |
+---------------------+
|                  71 |
+---------------------+
1 row in set (0.00 sec)

mysql> select round(rand() * 100);
+---------------------+
| round(rand() * 100) |
+---------------------+
|                  77 |
+---------------------+
1 row in set (0.00 sec)

mysql> select round(rand() * 100);
+---------------------+
| round(rand() * 100) |
+---------------------+
|                  72 |
+---------------------+
1 row in set (0.00 sec)

mysql> select round(rand() * 100);
+---------------------+
| round(rand() * 100) |
+---------------------+
|                  27 |
+---------------------+
1 row in set (0.00 sec)

mysql> select rand() * 100;
+--------------------+
| rand() * 100       |
+--------------------+
| 22.860736700576485 |
+--------------------+
1 row in set (0.00 sec)

mysql> select rand() * 100;
+--------------------+
| rand() * 100       |
+--------------------+
| 31.868961017456797 |
+--------------------+
1 row in set (0.00 sec)

mysql> select (rand() * 100) / 100;
+----------------------+
| (rand() * 100) / 100 |
+----------------------+
|   0.9076259805891905 |
+----------------------+
1 row in set (0.00 sec)

mysql> select round(rand() * 100));
ERROR 1064 (42000): You have an error in your SQL syntax; check the manual that corresponds to your MySQL server version for the right syntax to use near ')' at line 1
mysql> select round(rand() * 100);
+---------------------+
| round(rand() * 100) |
+---------------------+
|                  58 |
+---------------------+
1 row in set (0.00 sec)

mysql>
mysql> select round((rand() * 100) + 100);
+-----------------------------+
| round((rand() * 100) + 100) |
+-----------------------------+
|                         119 |
+-----------------------------+
1 row in set (0.00 sec)

mysql> select round((rand() * 100) + 100);
+-----------------------------+
| round((rand() * 100) + 100) |
+-----------------------------+
|                         119 |
+-----------------------------+
1 row in set (0.00 sec)

mysql> select round((rand() * 100) + 100);
+-----------------------------+
| round((rand() * 100) + 100) |
+-----------------------------+
|                         139 |
+-----------------------------+
1 row in set (0.00 sec)

mysql> select round((rand() * 100) + 100);
+-----------------------------+
| round((rand() * 100) + 100) |
+-----------------------------+
|                         139 |
+-----------------------------+
1 row in set (0.00 sec)

mysql> select round((rand() * 100) + 100);
+-----------------------------+
| round((rand() * 100) + 100) |
+-----------------------------+
|                         177 |
+-----------------------------+
1 row in set (0.00 sec)

mysql> select round((rand() * 100) + 100);
+-----------------------------+
| round((rand() * 100) + 100) |
+-----------------------------+
|                         168 |
+-----------------------------+
1 row in set (0.00 sec)

mysql> select round((rand() * 100) + 100);
+-----------------------------+
| round((rand() * 100) + 100) |
+-----------------------------+
|                         111 |
+-----------------------------+
1 row in set (0.00 sec)

mysql> select round((rand() * 100) + 100);
+-----------------------------+
| round((rand() * 100) + 100) |
+-----------------------------+
|                         148 |
+-----------------------------+
1 row in set (0.00 sec)

mysql> select round((rand() * 100) + 100);
+-----------------------------+
| round((rand() * 100) + 100) |
+-----------------------------+
|                         109 |
+-----------------------------+
1 row in set (0.00 sec)

mysql> select round((rand() * 100) + 100);
+-----------------------------+
| round((rand() * 100) + 100) |
+-----------------------------+
|                         102 |
+-----------------------------+
1 row in set (0.00 sec)

mysql> select round((rand() * 100) + 100);
+-----------------------------+
| round((rand() * 100) + 100) |
+-----------------------------+
|                         181 |
+-----------------------------+
1 row in set (0.00 sec)

mysql> select round((rand() * 100) + 100);
+-----------------------------+
| round((rand() * 100) + 100) |
+-----------------------------+
|                         198 |
+-----------------------------+
1 row in set (0.00 sec)

mysql> select round((rand() * 100) + 100);
+-----------------------------+
| round((rand() * 100) + 100) |
+-----------------------------+
|                         146 |
+-----------------------------+
1 row in set (0.00 sec)

mysql> select round((rand() * 100) + 100);
+-----------------------------+
| round((rand() * 100) + 100) |
+-----------------------------+
|                         138 |
+-----------------------------+
1 row in set (0.00 sec)

mysql> select round((rand() * 100) + 100);
+-----------------------------+
| round((rand() * 100) + 100) |
+-----------------------------+
|                         152 |
+-----------------------------+
1 row in set (0.00 sec)

mysql> select round((rand() * 100) + 100);
+-----------------------------+
| round((rand() * 100) + 100) |
+-----------------------------+
|                         147 |
+-----------------------------+
1 row in set (0.00 sec)

mysql> select round((rand() * 100) + 100);
+-----------------------------+
| round((rand() * 100) + 100) |
+-----------------------------+
|                         178 |
+-----------------------------+
1 row in set (0.00 sec)

mysql> select round((rand() * 100) + 100);
+-----------------------------+
| round((rand() * 100) + 100) |
+-----------------------------+
|                         150 |
+-----------------------------+
1 row in set (0.00 sec)

mysql>