Microsoft Windows [Version 10.0.17763.2928]
(c) 2018 Microsoft Corporation. All rights reserved.

C:\Users\faculty>mysql --host=localhost --port=3306 --user=root --password=root db1
mysql: [Warning] Using a password on the command line interface can be insecure.
Welcome to the MySQL monitor.  Commands end with ; or \g.
Your MySQL connection id is 12
Server version: 8.0.29 MySQL Community Server - GPL

Copyright (c) 2000, 2022, Oracle and/or its affiliates.

Oracle is a registered trademark of Oracle Corporation and/or its
affiliates. Other names may be trademarks of their respective
owners.

Type 'help;' or '\h' for help. Type '\c' to clear the current input statement.

mysql> select dense_rank() over(order by sal desc), emp.* from emp;\
+--------------------------------------+-------+----------+--------+---------------------+------+------------+------+------+--------+---------+--------------+------------+------------+----------+
| dense_rank() over(order by sal desc) | EMPNO | ENAME    | GENDER | JOB                 | MGR  | HIREDATE   | SAL  | COMM | DEPTNO | BONUSID | USER NAME    | PWD        | PHONE      | isActive |
+--------------------------------------+-------+----------+--------+---------------------+------+------------+------+------+--------+---------+--------------+------------+------------+----------+
|                                    1 |  7839 | KING     | M      | PRESIDENT           | NULL | 1981-11-17 | 5000 | NULL |     10 |       1 | KING         | r50mpm     | 7132300081 |        1 |
|                                    1 |  7840 | FRED     | M      | vice PRESIDENT      | 7839 | 1983-08-09 | 5000 | NULL |     20 |       1 | SAND STONE   | a12recmpm  | NULL       |        1 |
|                                    2 |  7919 | HOFFMAN  | M      | MANAGER             | 7566 | 1982-03-24 | 4150 | NULL |     30 |       3 | INTERVAL     | sales@2017 | NULL       |        1 |
|                                    3 |  7415 | AARAV    | M      | CLERK               | 7902 | 1981-12-31 | 3350 | NULL |     10 |    NULL | AARAV        | NULL       | 7032300084 |        0 |
|                                    4 |  7788 | SCOTT    | M      | ANALYST             | 7566 | 1982-12-09 | 3000 | NULL |     20 |       3 | WHITE SAND   | a12recmpm  | NULL       |        1 |
|                                    4 |  7902 | FORD     | M      | ANALYST             | 7566 | 1981-12-03 | 3000 | NULL |     20 |       4 | CONBRIO      | a12recmpm  | NULL       |        0 |
|                                    5 |  7566 | JONES    | M      | MANAGER             | 7839 | 1981-04-02 | 2975 | NULL |     20 |       4 | HONEYCOMB    | a12recmpm  | 7132300039 |        1 |
|                                    6 |  7698 | BLAKE    | M      | MANAGER             | 7839 | 1981-05-01 | 2850 | NULL |     30 |       1 | BIG BEN      | sales@2017 | 7132300027 |        1 |
|                                    7 |  7920 | GRASS    | M      | SALESMAN            | 7919 | 1980-02-14 | 2575 | 2700 |     30 |       5 | GRASS        | sales@2017 | NULL       |        1 |
|                                    8 |  7782 | CLARK    | M      | MANAGER             | 7839 | 1981-06-09 | 2450 | NULL |     10 |       3 | CLARK        | r50mpm     | 7032300001 |        1 |
|                                    9 |  6001 | GITA     | F      | Compliance officers | 7920 | 1981-07-19 | 1750 | NULL |     30 |       1 | GITA         | sales@2017 | NULL       |        1 |
|                                    9 |  6129 | VRUSHALI | F      | Compliance officers | 7920 | 1981-07-19 | 1750 | NULL |     50 |       1 | VRUSHALI     | PUN@8877   | NULL       |        1 |
|                                    9 |  6473 | SHARMIN  | F      | Public Relation     | 7920 | 1981-07-19 | 1750 | NULL |     20 |       1 | SHARMIN      | a12recmpm  | NULL       |        1 |
|                                    9 |  6781 | BANDISH  | F      | Public Relation     | 7920 | 1981-07-19 | 1750 | NULL |     20 |       1 | BANDISH      | a12recmpm  | NULL       |        1 |
|                                    9 |  7421 | THOMAS   | M      | CLERK               | 7920 | 1981-07-19 | 1750 | NULL |     10 |       1 | THOMAS       | r50mpm     | 7032300011 |        0 |
|                                    9 |  8433 | NATASHA  | F      | CLERK               | 7920 | 1981-07-19 | 1750 | NULL |     30 |       1 | NATASHA      | sales@2017 | NULL       |        1 |
|                                    9 |  9400 | SANGITA  | F      | Compliance officers | 7920 | 1981-07-19 | 1750 | NULL |     50 |       1 | SANGITA      | NULL       | NULL       |        1 |
|                                    9 |  9473 | SUPRIYA  | F      | ANALYST             | 7920 | 1981-07-19 | 1750 | NULL |     50 |       1 | SUPRIYA      | XYZ@1234   | NULL       |        1 |
|                                   10 |  7499 | ALLEN    | M      | SALESMAN            | 7698 | 1981-02-20 | 1600 |  300 |     30 |       4 | ALWAYS TESTE | sales@2017 | 7032300096 |        1 |
|                                   11 |  7844 | TURNER   | M      | SALESMAN            | 7698 | 1981-09-08 | 1500 |    0 |     30 |       5 | SAND DUST    | sales@2017 | NULL       |        1 |
|                                   12 |  7945 | AARUSH   | M      | SALESMAN            | 7902 | 1980-02-14 | 1350 | 2700 |     30 |    NULL | AARUSH       | ABCDEF     | NULL       |        0 |
|                                   13 |  7934 | MILLER   | M      | CLERK               | 7782 | 1982-01-23 | 1300 | NULL |     10 |       2 | QUARTERNOTE  | r50mpm     | 7132300055 |        0 |
|                                   14 |  7521 | WARD     | M      | SALESMAN            | 7698 | 1981-02-22 | 1250 |  500 |     30 |       1 | WARD         | sales@2017 | 7132300034 |        1 |
|                                   14 |  7654 | MARTIN   | M      | SALESMAN            | 7698 | 1981-09-28 | 1250 | 1400 |     30 |       6 | LIFE RACER   | sales@2017 | 7132300050 |        1 |
|                                   14 |  7949 | ALEX     | M      | MANAGER             | 7698 | 1982-01-24 | 1250 |  500 |     30 |       5 | QUARTERREST  | sales@2017 | 7156567183 |        1 |
|                                   15 |  7876 | ADAMS    | M      | CLERK               | 7788 | 1983-01-12 | 1100 | NULL |     20 |       1 | CRAZY ANYONE | a12recmpm  | 7132300086 |        1 |
|                                   16 |  7900 | JAMES    | M      | CLERK               | 7698 | 1981-12-03 |  950 | NULL |     30 |       2 | CRAZY LEADER | sales@2017 | 7132300042 |        1 |
|                                   17 |  7369 | SMITH    | M      | CLERK               | 7902 | 1980-12-17 |  800 | NULL |     20 |       2 | TRITONE      | a12recmpm  | 7032300023 |        0 |
+--------------------------------------+-------+----------+--------+---------------------+------+------------+------+------+--------+---------+--------------+------------+------------+----------+
28 rows in set (0.00 sec)

mysql> select dense_rank() over(order by sal desc) R1, emp.* from emp;
+----+-------+----------+--------+---------------------+------+------------+------+------+--------+---------+--------------+------------+------------+----------+
| R1 | EMPNO | ENAME    | GENDER | JOB                 | MGR  | HIREDATE   | SAL  | COMM | DEPTNO | BONUSID | USER NAME    | PWD        | PHONE      | isActive |
+----+-------+----------+--------+---------------------+------+------------+------+------+--------+---------+--------------+------------+------------+----------+
|  1 |  7839 | KING     | M      | PRESIDENT           | NULL | 1981-11-17 | 5000 | NULL |     10 |       1 | KING         | r50mpm     | 7132300081 |        1 |
|  1 |  7840 | FRED     | M      | vice PRESIDENT      | 7839 | 1983-08-09 | 5000 | NULL |     20 |       1 | SAND STONE   | a12recmpm  | NULL       |        1 |
|  2 |  7919 | HOFFMAN  | M      | MANAGER             | 7566 | 1982-03-24 | 4150 | NULL |     30 |       3 | INTERVAL     | sales@2017 | NULL       |        1 |
|  3 |  7415 | AARAV    | M      | CLERK               | 7902 | 1981-12-31 | 3350 | NULL |     10 |    NULL | AARAV        | NULL       | 7032300084 |        0 |
|  4 |  7788 | SCOTT    | M      | ANALYST             | 7566 | 1982-12-09 | 3000 | NULL |     20 |       3 | WHITE SAND   | a12recmpm  | NULL       |        1 |
|  4 |  7902 | FORD     | M      | ANALYST             | 7566 | 1981-12-03 | 3000 | NULL |     20 |       4 | CONBRIO      | a12recmpm  | NULL       |        0 |
|  5 |  7566 | JONES    | M      | MANAGER             | 7839 | 1981-04-02 | 2975 | NULL |     20 |       4 | HONEYCOMB    | a12recmpm  | 7132300039 |        1 |
|  6 |  7698 | BLAKE    | M      | MANAGER             | 7839 | 1981-05-01 | 2850 | NULL |     30 |       1 | BIG BEN      | sales@2017 | 7132300027 |        1 |
|  7 |  7920 | GRASS    | M      | SALESMAN            | 7919 | 1980-02-14 | 2575 | 2700 |     30 |       5 | GRASS        | sales@2017 | NULL       |        1 |
|  8 |  7782 | CLARK    | M      | MANAGER             | 7839 | 1981-06-09 | 2450 | NULL |     10 |       3 | CLARK        | r50mpm     | 7032300001 |        1 |
|  9 |  6001 | GITA     | F      | Compliance officers | 7920 | 1981-07-19 | 1750 | NULL |     30 |       1 | GITA         | sales@2017 | NULL       |        1 |
|  9 |  6129 | VRUSHALI | F      | Compliance officers | 7920 | 1981-07-19 | 1750 | NULL |     50 |       1 | VRUSHALI     | PUN@8877   | NULL       |        1 |
|  9 |  6473 | SHARMIN  | F      | Public Relation     | 7920 | 1981-07-19 | 1750 | NULL |     20 |       1 | SHARMIN      | a12recmpm  | NULL       |        1 |
|  9 |  6781 | BANDISH  | F      | Public Relation     | 7920 | 1981-07-19 | 1750 | NULL |     20 |       1 | BANDISH      | a12recmpm  | NULL       |        1 |
|  9 |  7421 | THOMAS   | M      | CLERK               | 7920 | 1981-07-19 | 1750 | NULL |     10 |       1 | THOMAS       | r50mpm     | 7032300011 |        0 |
|  9 |  8433 | NATASHA  | F      | CLERK               | 7920 | 1981-07-19 | 1750 | NULL |     30 |       1 | NATASHA      | sales@2017 | NULL       |        1 |
|  9 |  9400 | SANGITA  | F      | Compliance officers | 7920 | 1981-07-19 | 1750 | NULL |     50 |       1 | SANGITA      | NULL       | NULL       |        1 |
|  9 |  9473 | SUPRIYA  | F      | ANALYST             | 7920 | 1981-07-19 | 1750 | NULL |     50 |       1 | SUPRIYA      | XYZ@1234   | NULL       |        1 |
| 10 |  7499 | ALLEN    | M      | SALESMAN            | 7698 | 1981-02-20 | 1600 |  300 |     30 |       4 | ALWAYS TESTE | sales@2017 | 7032300096 |        1 |
| 11 |  7844 | TURNER   | M      | SALESMAN            | 7698 | 1981-09-08 | 1500 |    0 |     30 |       5 | SAND DUST    | sales@2017 | NULL       |        1 |
| 12 |  7945 | AARUSH   | M      | SALESMAN            | 7902 | 1980-02-14 | 1350 | 2700 |     30 |    NULL | AARUSH       | ABCDEF     | NULL       |        0 |
| 13 |  7934 | MILLER   | M      | CLERK               | 7782 | 1982-01-23 | 1300 | NULL |     10 |       2 | QUARTERNOTE  | r50mpm     | 7132300055 |        0 |
| 14 |  7521 | WARD     | M      | SALESMAN            | 7698 | 1981-02-22 | 1250 |  500 |     30 |       1 | WARD         | sales@2017 | 7132300034 |        1 |
| 14 |  7654 | MARTIN   | M      | SALESMAN            | 7698 | 1981-09-28 | 1250 | 1400 |     30 |       6 | LIFE RACER   | sales@2017 | 7132300050 |        1 |
| 14 |  7949 | ALEX     | M      | MANAGER             | 7698 | 1982-01-24 | 1250 |  500 |     30 |       5 | QUARTERREST  | sales@2017 | 7156567183 |        1 |
| 15 |  7876 | ADAMS    | M      | CLERK               | 7788 | 1983-01-12 | 1100 | NULL |     20 |       1 | CRAZY ANYONE | a12recmpm  | 7132300086 |        1 |
| 16 |  7900 | JAMES    | M      | CLERK               | 7698 | 1981-12-03 |  950 | NULL |     30 |       2 | CRAZY LEADER | sales@2017 | 7132300042 |        1 |
| 17 |  7369 | SMITH    | M      | CLERK               | 7902 | 1980-12-17 |  800 | NULL |     20 |       2 | TRITONE      | a12recmpm  | 7032300023 |        0 |
+----+-------+----------+--------+---------------------+------+------------+------+------+--------+---------+--------------+------------+------------+----------+
28 rows in set (0.00 sec)

mysql> create table t1 as select dense_rank() over(order by sal desc) R1, emp.* from emp;
Query OK, 28 rows affected (0.40 sec)
Records: 28  Duplicates: 0  Warnings: 0

mysql> desc t1;
+-----------+-----------------+------+-----+---------+-------+
| Field     | Type            | Null | Key | Default | Extra |
+-----------+-----------------+------+-----+---------+-------+
| R1        | bigint unsigned | NO   |     | 0       |       |
| EMPNO     | int             | NO   |     | NULL    |       |
| ENAME     | varchar(12)     | YES  |     | NULL    |       |
| GENDER    | char(1)         | YES  |     | NULL    |       |
| JOB       | varchar(20)     | YES  |     | NULL    |       |
| MGR       | int             | YES  |     | NULL    |       |
| HIREDATE  | date            | YES  |     | NULL    |       |
| SAL       | int             | YES  |     | NULL    |       |
| COMM      | int             | YES  |     | NULL    |       |
| DEPTNO    | int             | NO   |     | NULL    |       |
| BONUSID   | int             | YES  |     | NULL    |       |
| USER NAME | varchar(20)     | YES  |     | NULL    |       |
| PWD       | varchar(20)     | YES  |     | NULL    |       |
| PHONE     | varchar(45)     | YES  |     | NULL    |       |
| isActive  | tinyint(1)      | YES  |     | NULL    |       |
+-----------+-----------------+------+-----+---------+-------+
15 rows in set (0.00 sec)

mysql> select * from (select dense_rank() over(order by sal desc) R1, emp.* from emp) ahhaahahahah;
+----+-------+----------+--------+---------------------+------+------------+------+------+--------+---------+--------------+------------+------------+----------+
| R1 | EMPNO | ENAME    | GENDER | JOB                 | MGR  | HIREDATE   | SAL  | COMM | DEPTNO | BONUSID | USER NAME    | PWD        | PHONE      | isActive |
+----+-------+----------+--------+---------------------+------+------------+------+------+--------+---------+--------------+------------+------------+----------+
|  1 |  7839 | KING     | M      | PRESIDENT           | NULL | 1981-11-17 | 5000 | NULL |     10 |       1 | KING         | r50mpm     | 7132300081 |        1 |
|  1 |  7840 | FRED     | M      | vice PRESIDENT      | 7839 | 1983-08-09 | 5000 | NULL |     20 |       1 | SAND STONE   | a12recmpm  | NULL       |        1 |
|  2 |  7919 | HOFFMAN  | M      | MANAGER             | 7566 | 1982-03-24 | 4150 | NULL |     30 |       3 | INTERVAL     | sales@2017 | NULL       |        1 |
|  3 |  7415 | AARAV    | M      | CLERK               | 7902 | 1981-12-31 | 3350 | NULL |     10 |    NULL | AARAV        | NULL       | 7032300084 |        0 |
|  4 |  7788 | SCOTT    | M      | ANALYST             | 7566 | 1982-12-09 | 3000 | NULL |     20 |       3 | WHITE SAND   | a12recmpm  | NULL       |        1 |
|  4 |  7902 | FORD     | M      | ANALYST             | 7566 | 1981-12-03 | 3000 | NULL |     20 |       4 | CONBRIO      | a12recmpm  | NULL       |        0 |
|  5 |  7566 | JONES    | M      | MANAGER             | 7839 | 1981-04-02 | 2975 | NULL |     20 |       4 | HONEYCOMB    | a12recmpm  | 7132300039 |        1 |
|  6 |  7698 | BLAKE    | M      | MANAGER             | 7839 | 1981-05-01 | 2850 | NULL |     30 |       1 | BIG BEN      | sales@2017 | 7132300027 |        1 |
|  7 |  7920 | GRASS    | M      | SALESMAN            | 7919 | 1980-02-14 | 2575 | 2700 |     30 |       5 | GRASS        | sales@2017 | NULL       |        1 |
|  8 |  7782 | CLARK    | M      | MANAGER             | 7839 | 1981-06-09 | 2450 | NULL |     10 |       3 | CLARK        | r50mpm     | 7032300001 |        1 |
|  9 |  6001 | GITA     | F      | Compliance officers | 7920 | 1981-07-19 | 1750 | NULL |     30 |       1 | GITA         | sales@2017 | NULL       |        1 |
|  9 |  6129 | VRUSHALI | F      | Compliance officers | 7920 | 1981-07-19 | 1750 | NULL |     50 |       1 | VRUSHALI     | PUN@8877   | NULL       |        1 |
|  9 |  6473 | SHARMIN  | F      | Public Relation     | 7920 | 1981-07-19 | 1750 | NULL |     20 |       1 | SHARMIN      | a12recmpm  | NULL       |        1 |
|  9 |  6781 | BANDISH  | F      | Public Relation     | 7920 | 1981-07-19 | 1750 | NULL |     20 |       1 | BANDISH      | a12recmpm  | NULL       |        1 |
|  9 |  7421 | THOMAS   | M      | CLERK               | 7920 | 1981-07-19 | 1750 | NULL |     10 |       1 | THOMAS       | r50mpm     | 7032300011 |        0 |
|  9 |  8433 | NATASHA  | F      | CLERK               | 7920 | 1981-07-19 | 1750 | NULL |     30 |       1 | NATASHA      | sales@2017 | NULL       |        1 |
|  9 |  9400 | SANGITA  | F      | Compliance officers | 7920 | 1981-07-19 | 1750 | NULL |     50 |       1 | SANGITA      | NULL       | NULL       |        1 |
|  9 |  9473 | SUPRIYA  | F      | ANALYST             | 7920 | 1981-07-19 | 1750 | NULL |     50 |       1 | SUPRIYA      | XYZ@1234   | NULL       |        1 |
| 10 |  7499 | ALLEN    | M      | SALESMAN            | 7698 | 1981-02-20 | 1600 |  300 |     30 |       4 | ALWAYS TESTE | sales@2017 | 7032300096 |        1 |
| 11 |  7844 | TURNER   | M      | SALESMAN            | 7698 | 1981-09-08 | 1500 |    0 |     30 |       5 | SAND DUST    | sales@2017 | NULL       |        1 |
| 12 |  7945 | AARUSH   | M      | SALESMAN            | 7902 | 1980-02-14 | 1350 | 2700 |     30 |    NULL | AARUSH       | ABCDEF     | NULL       |        0 |
| 13 |  7934 | MILLER   | M      | CLERK               | 7782 | 1982-01-23 | 1300 | NULL |     10 |       2 | QUARTERNOTE  | r50mpm     | 7132300055 |        0 |
| 14 |  7521 | WARD     | M      | SALESMAN            | 7698 | 1981-02-22 | 1250 |  500 |     30 |       1 | WARD         | sales@2017 | 7132300034 |        1 |
| 14 |  7654 | MARTIN   | M      | SALESMAN            | 7698 | 1981-09-28 | 1250 | 1400 |     30 |       6 | LIFE RACER   | sales@2017 | 7132300050 |        1 |
| 14 |  7949 | ALEX     | M      | MANAGER             | 7698 | 1982-01-24 | 1250 |  500 |     30 |       5 | QUARTERREST  | sales@2017 | 7156567183 |        1 |
| 15 |  7876 | ADAMS    | M      | CLERK               | 7788 | 1983-01-12 | 1100 | NULL |     20 |       1 | CRAZY ANYONE | a12recmpm  | 7132300086 |        1 |
| 16 |  7900 | JAMES    | M      | CLERK               | 7698 | 1981-12-03 |  950 | NULL |     30 |       2 | CRAZY LEADER | sales@2017 | 7132300042 |        1 |
| 17 |  7369 | SMITH    | M      | CLERK               | 7902 | 1980-12-17 |  800 | NULL |     20 |       2 | TRITONE      | a12recmpm  | 7032300023 |        0 |
+----+-------+----------+--------+---------------------+------+------------+------+------+--------+---------+--------------+------------+------------+----------+
28 rows in set (0.00 sec)

mysql> select * from (select dense_rank() over(order by sal desc) R1, emp.* from emp) abc;
+----+-------+----------+--------+---------------------+------+------------+------+------+--------+---------+--------------+------------+------------+----------+
| R1 | EMPNO | ENAME    | GENDER | JOB                 | MGR  | HIREDATE   | SAL  | COMM | DEPTNO | BONUSID | USER NAME    | PWD        | PHONE      | isActive |
+----+-------+----------+--------+---------------------+------+------------+------+------+--------+---------+--------------+------------+------------+----------+
|  1 |  7839 | KING     | M      | PRESIDENT           | NULL | 1981-11-17 | 5000 | NULL |     10 |       1 | KING         | r50mpm     | 7132300081 |        1 |
|  1 |  7840 | FRED     | M      | vice PRESIDENT      | 7839 | 1983-08-09 | 5000 | NULL |     20 |       1 | SAND STONE   | a12recmpm  | NULL       |        1 |
|  2 |  7919 | HOFFMAN  | M      | MANAGER             | 7566 | 1982-03-24 | 4150 | NULL |     30 |       3 | INTERVAL     | sales@2017 | NULL       |        1 |
|  3 |  7415 | AARAV    | M      | CLERK               | 7902 | 1981-12-31 | 3350 | NULL |     10 |    NULL | AARAV        | NULL       | 7032300084 |        0 |
|  4 |  7788 | SCOTT    | M      | ANALYST             | 7566 | 1982-12-09 | 3000 | NULL |     20 |       3 | WHITE SAND   | a12recmpm  | NULL       |        1 |
|  4 |  7902 | FORD     | M      | ANALYST             | 7566 | 1981-12-03 | 3000 | NULL |     20 |       4 | CONBRIO      | a12recmpm  | NULL       |        0 |
|  5 |  7566 | JONES    | M      | MANAGER             | 7839 | 1981-04-02 | 2975 | NULL |     20 |       4 | HONEYCOMB    | a12recmpm  | 7132300039 |        1 |
|  6 |  7698 | BLAKE    | M      | MANAGER             | 7839 | 1981-05-01 | 2850 | NULL |     30 |       1 | BIG BEN      | sales@2017 | 7132300027 |        1 |
|  7 |  7920 | GRASS    | M      | SALESMAN            | 7919 | 1980-02-14 | 2575 | 2700 |     30 |       5 | GRASS        | sales@2017 | NULL       |        1 |
|  8 |  7782 | CLARK    | M      | MANAGER             | 7839 | 1981-06-09 | 2450 | NULL |     10 |       3 | CLARK        | r50mpm     | 7032300001 |        1 |
|  9 |  6001 | GITA     | F      | Compliance officers | 7920 | 1981-07-19 | 1750 | NULL |     30 |       1 | GITA         | sales@2017 | NULL       |        1 |
|  9 |  6129 | VRUSHALI | F      | Compliance officers | 7920 | 1981-07-19 | 1750 | NULL |     50 |       1 | VRUSHALI     | PUN@8877   | NULL       |        1 |
|  9 |  6473 | SHARMIN  | F      | Public Relation     | 7920 | 1981-07-19 | 1750 | NULL |     20 |       1 | SHARMIN      | a12recmpm  | NULL       |        1 |
|  9 |  6781 | BANDISH  | F      | Public Relation     | 7920 | 1981-07-19 | 1750 | NULL |     20 |       1 | BANDISH      | a12recmpm  | NULL       |        1 |
|  9 |  7421 | THOMAS   | M      | CLERK               | 7920 | 1981-07-19 | 1750 | NULL |     10 |       1 | THOMAS       | r50mpm     | 7032300011 |        0 |
|  9 |  8433 | NATASHA  | F      | CLERK               | 7920 | 1981-07-19 | 1750 | NULL |     30 |       1 | NATASHA      | sales@2017 | NULL       |        1 |
|  9 |  9400 | SANGITA  | F      | Compliance officers | 7920 | 1981-07-19 | 1750 | NULL |     50 |       1 | SANGITA      | NULL       | NULL       |        1 |
|  9 |  9473 | SUPRIYA  | F      | ANALYST             | 7920 | 1981-07-19 | 1750 | NULL |     50 |       1 | SUPRIYA      | XYZ@1234   | NULL       |        1 |
| 10 |  7499 | ALLEN    | M      | SALESMAN            | 7698 | 1981-02-20 | 1600 |  300 |     30 |       4 | ALWAYS TESTE | sales@2017 | 7032300096 |        1 |
| 11 |  7844 | TURNER   | M      | SALESMAN            | 7698 | 1981-09-08 | 1500 |    0 |     30 |       5 | SAND DUST    | sales@2017 | NULL       |        1 |
| 12 |  7945 | AARUSH   | M      | SALESMAN            | 7902 | 1980-02-14 | 1350 | 2700 |     30 |    NULL | AARUSH       | ABCDEF     | NULL       |        0 |
| 13 |  7934 | MILLER   | M      | CLERK               | 7782 | 1982-01-23 | 1300 | NULL |     10 |       2 | QUARTERNOTE  | r50mpm     | 7132300055 |        0 |
| 14 |  7521 | WARD     | M      | SALESMAN            | 7698 | 1981-02-22 | 1250 |  500 |     30 |       1 | WARD         | sales@2017 | 7132300034 |        1 |
| 14 |  7654 | MARTIN   | M      | SALESMAN            | 7698 | 1981-09-28 | 1250 | 1400 |     30 |       6 | LIFE RACER   | sales@2017 | 7132300050 |        1 |
| 14 |  7949 | ALEX     | M      | MANAGER             | 7698 | 1982-01-24 | 1250 |  500 |     30 |       5 | QUARTERREST  | sales@2017 | 7156567183 |        1 |
| 15 |  7876 | ADAMS    | M      | CLERK               | 7788 | 1983-01-12 | 1100 | NULL |     20 |       1 | CRAZY ANYONE | a12recmpm  | 7132300086 |        1 |
| 16 |  7900 | JAMES    | M      | CLERK               | 7698 | 1981-12-03 |  950 | NULL |     30 |       2 | CRAZY LEADER | sales@2017 | 7132300042 |        1 |
| 17 |  7369 | SMITH    | M      | CLERK               | 7902 | 1980-12-17 |  800 | NULL |     20 |       2 | TRITONE      | a12recmpm  | 7032300023 |        0 |
+----+-------+----------+--------+---------------------+------+------------+------+------+--------+---------+--------------+------------+------------+----------+
28 rows in set (0.00 sec)

mysql> select * from (select dense_rank() over(order by sal desc) R1, emp.* from emp) abc where abc.r1 = 5;
+----+-------+-------+--------+---------+------+------------+------+------+--------+---------+-----------+-----------+------------+----------+
| R1 | EMPNO | ENAME | GENDER | JOB     | MGR  | HIREDATE   | SAL  | COMM | DEPTNO | BONUSID | USER NAME | PWD       | PHONE      | isActive |
+----+-------+-------+--------+---------+------+------------+------+------+--------+---------+-----------+-----------+------------+----------+
|  5 |  7566 | JONES | M      | MANAGER | 7839 | 1981-04-02 | 2975 | NULL |     20 |       4 | HONEYCOMB | a12recmpm | 7132300039 |        1 |
+----+-------+-------+--------+---------+------+------------+------+------+--------+---------+-----------+-----------+------------+----------+
1 row in set (0.00 sec)

mysql> select * from abc;
ERROR 1146 (42S02): Table 'db1.abc' doesn't exist
mysql> select * from (select dense_rank() over(order by sal desc) R1, emp.* from emp where R1=9) abc where abc.r1 = 5;
ERROR 1054 (42S22): Unknown column 'R1' in 'where clause'
mysql> select * from (select dense_rank() over(order by sal desc) R1, emp.* from emp) abc where abc.r1 = 5;
+----+-------+-------+--------+---------+------+------------+------+------+--------+---------+-----------+-----------+------------+----------+
| R1 | EMPNO | ENAME | GENDER | JOB     | MGR  | HIREDATE   | SAL  | COMM | DEPTNO | BONUSID | USER NAME | PWD       | PHONE      | isActive |
+----+-------+-------+--------+---------+------+------------+------+------+--------+---------+-----------+-----------+------------+----------+
|  5 |  7566 | JONES | M      | MANAGER | 7839 | 1981-04-02 | 2975 | NULL |     20 |       4 | HONEYCOMB | a12recmpm | 7132300039 |        1 |
+----+-------+-------+--------+---------+------+------------+------+------+--------+---------+-----------+-----------+------------+----------+
1 row in set (0.00 sec)

mysql>
mysql>
mysql> table emp;
+-------+----------+--------+---------------------+------+------------+------+------+--------+---------+--------------+------------+------------+----------+
| EMPNO | ENAME    | GENDER | JOB                 | MGR  | HIREDATE   | SAL  | COMM | DEPTNO | BONUSID | USER NAME    | PWD        | PHONE      | isActive |
+-------+----------+--------+---------------------+------+------------+------+------+--------+---------+--------------+------------+------------+----------+
|  6001 | GITA     | F      | Compliance officers | 7920 | 1981-07-19 | 1750 | NULL |     30 |       1 | GITA         | sales@2017 | NULL       |        1 |
|  6129 | VRUSHALI | F      | Compliance officers | 7920 | 1981-07-19 | 1750 | NULL |     50 |       1 | VRUSHALI     | PUN@8877   | NULL       |        1 |
|  6473 | SHARMIN  | F      | Public Relation     | 7920 | 1981-07-19 | 1750 | NULL |     20 |       1 | SHARMIN      | a12recmpm  | NULL       |        1 |
|  6781 | BANDISH  | F      | Public Relation     | 7920 | 1981-07-19 | 1750 | NULL |     20 |       1 | BANDISH      | a12recmpm  | NULL       |        1 |
|  7369 | SMITH    | M      | CLERK               | 7902 | 1980-12-17 |  800 | NULL |     20 |       2 | TRITONE      | a12recmpm  | 7032300023 |        0 |
|  7415 | AARAV    | M      | CLERK               | 7902 | 1981-12-31 | 3350 | NULL |     10 |    NULL | AARAV        | NULL       | 7032300084 |        0 |
|  7421 | THOMAS   | M      | CLERK               | 7920 | 1981-07-19 | 1750 | NULL |     10 |       1 | THOMAS       | r50mpm     | 7032300011 |        0 |
|  7499 | ALLEN    | M      | SALESMAN            | 7698 | 1981-02-20 | 1600 |  300 |     30 |       4 | ALWAYS TESTE | sales@2017 | 7032300096 |        1 |
|  7521 | WARD     | M      | SALESMAN            | 7698 | 1981-02-22 | 1250 |  500 |     30 |       1 | WARD         | sales@2017 | 7132300034 |        1 |
|  7566 | JONES    | M      | MANAGER             | 7839 | 1981-04-02 | 2975 | NULL |     20 |       4 | HONEYCOMB    | a12recmpm  | 7132300039 |        1 |
|  7654 | MARTIN   | M      | SALESMAN            | 7698 | 1981-09-28 | 1250 | 1400 |     30 |       6 | LIFE RACER   | sales@2017 | 7132300050 |        1 |
|  7698 | BLAKE    | M      | MANAGER             | 7839 | 1981-05-01 | 2850 | NULL |     30 |       1 | BIG BEN      | sales@2017 | 7132300027 |        1 |
|  7782 | CLARK    | M      | MANAGER             | 7839 | 1981-06-09 | 2450 | NULL |     10 |       3 | CLARK        | r50mpm     | 7032300001 |        1 |
|  7788 | SCOTT    | M      | ANALYST             | 7566 | 1982-12-09 | 3000 | NULL |     20 |       3 | WHITE SAND   | a12recmpm  | NULL       |        1 |
|  7839 | KING     | M      | PRESIDENT           | NULL | 1981-11-17 | 5000 | NULL |     10 |       1 | KING         | r50mpm     | 7132300081 |        1 |
|  7840 | FRED     | M      | vice PRESIDENT      | 7839 | 1983-08-09 | 5000 | NULL |     20 |       1 | SAND STONE   | a12recmpm  | NULL       |        1 |
|  7844 | TURNER   | M      | SALESMAN            | 7698 | 1981-09-08 | 1500 |    0 |     30 |       5 | SAND DUST    | sales@2017 | NULL       |        1 |
|  7876 | ADAMS    | M      | CLERK               | 7788 | 1983-01-12 | 1100 | NULL |     20 |       1 | CRAZY ANYONE | a12recmpm  | 7132300086 |        1 |
|  7900 | JAMES    | M      | CLERK               | 7698 | 1981-12-03 |  950 | NULL |     30 |       2 | CRAZY LEADER | sales@2017 | 7132300042 |        1 |
|  7902 | FORD     | M      | ANALYST             | 7566 | 1981-12-03 | 3000 | NULL |     20 |       4 | CONBRIO      | a12recmpm  | NULL       |        0 |
|  7919 | HOFFMAN  | M      | MANAGER             | 7566 | 1982-03-24 | 4150 | NULL |     30 |       3 | INTERVAL     | sales@2017 | NULL       |        1 |
|  7920 | GRASS    | M      | SALESMAN            | 7919 | 1980-02-14 | 2575 | 2700 |     30 |       5 | GRASS        | sales@2017 | NULL       |        1 |
|  7934 | MILLER   | M      | CLERK               | 7782 | 1982-01-23 | 1300 | NULL |     10 |       2 | QUARTERNOTE  | r50mpm     | 7132300055 |        0 |
|  7945 | AARUSH   | M      | SALESMAN            | 7902 | 1980-02-14 | 1350 | 2700 |     30 |    NULL | AARUSH       | ABCDEF     | NULL       |        0 |
|  7949 | ALEX     | M      | MANAGER             | 7698 | 1982-01-24 | 1250 |  500 |     30 |       5 | QUARTERREST  | sales@2017 | 7156567183 |        1 |
|  8433 | NATASHA  | F      | CLERK               | 7920 | 1981-07-19 | 1750 | NULL |     30 |       1 | NATASHA      | sales@2017 | NULL       |        1 |
|  9400 | SANGITA  | F      | Compliance officers | 7920 | 1981-07-19 | 1750 | NULL |     50 |       1 | SANGITA      | NULL       | NULL       |        1 |
|  9473 | SUPRIYA  | F      | ANALYST             | 7920 | 1981-07-19 | 1750 | NULL |     50 |       1 | SUPRIYA      | XYZ@1234   | NULL       |        1 |
+-------+----------+--------+---------------------+------+------------+------+------+--------+---------+--------------+------------+------------+----------+
28 rows in set (0.00 sec)

mysql> select * from emp where hiredate < (select hiredate from emp where ename='blake');
+-------+--------+--------+----------+------+------------+------+------+--------+---------+--------------+------------+------------+----------+
| EMPNO | ENAME  | GENDER | JOB      | MGR  | HIREDATE   | SAL  | COMM | DEPTNO | BONUSID | USER NAME    | PWD        | PHONE      | isActive |
+-------+--------+--------+----------+------+------------+------+------+--------+---------+--------------+------------+------------+----------+
|  7369 | SMITH  | M      | CLERK    | 7902 | 1980-12-17 |  800 | NULL |     20 |       2 | TRITONE      | a12recmpm  | 7032300023 |        0 |
|  7499 | ALLEN  | M      | SALESMAN | 7698 | 1981-02-20 | 1600 |  300 |     30 |       4 | ALWAYS TESTE | sales@2017 | 7032300096 |        1 |
|  7521 | WARD   | M      | SALESMAN | 7698 | 1981-02-22 | 1250 |  500 |     30 |       1 | WARD         | sales@2017 | 7132300034 |        1 |
|  7566 | JONES  | M      | MANAGER  | 7839 | 1981-04-02 | 2975 | NULL |     20 |       4 | HONEYCOMB    | a12recmpm  | 7132300039 |        1 |
|  7920 | GRASS  | M      | SALESMAN | 7919 | 1980-02-14 | 2575 | 2700 |     30 |       5 | GRASS        | sales@2017 | NULL       |        1 |
|  7945 | AARUSH | M      | SALESMAN | 7902 | 1980-02-14 | 1350 | 2700 |     30 |    NULL | AARUSH       | ABCDEF     | NULL       |        0 |
+-------+--------+--------+----------+------+------------+------+------+--------+---------+--------------+------------+------------+----------+
6 rows in set (0.02 sec)

mysql> table emp;
+-------+----------+--------+---------------------+------+------------+------+------+--------+---------+--------------+------------+------------+----------+
| EMPNO | ENAME    | GENDER | JOB                 | MGR  | HIREDATE   | SAL  | COMM | DEPTNO | BONUSID | USER NAME    | PWD        | PHONE      | isActive |
+-------+----------+--------+---------------------+------+------------+------+------+--------+---------+--------------+------------+------------+----------+
|  6001 | GITA     | F      | Compliance officers | 7920 | 1981-07-19 | 1750 | NULL |     30 |       1 | GITA         | sales@2017 | NULL       |        1 |
|  6129 | VRUSHALI | F      | Compliance officers | 7920 | 1981-07-19 | 1750 | NULL |     50 |       1 | VRUSHALI     | PUN@8877   | NULL       |        1 |
|  6473 | SHARMIN  | F      | Public Relation     | 7920 | 1981-07-19 | 1750 | NULL |     20 |       1 | SHARMIN      | a12recmpm  | NULL       |        1 |
|  6781 | BANDISH  | F      | Public Relation     | 7920 | 1981-07-19 | 1750 | NULL |     20 |       1 | BANDISH      | a12recmpm  | NULL       |        1 |
|  7369 | SMITH    | M      | CLERK               | 7902 | 1980-12-17 |  800 | NULL |     20 |       2 | TRITONE      | a12recmpm  | 7032300023 |        0 |
|  7415 | AARAV    | M      | CLERK               | 7902 | 1981-12-31 | 3350 | NULL |     10 |    NULL | AARAV        | NULL       | 7032300084 |        0 |
|  7421 | THOMAS   | M      | CLERK               | 7920 | 1981-07-19 | 1750 | NULL |     10 |       1 | THOMAS       | r50mpm     | 7032300011 |        0 |
|  7499 | ALLEN    | M      | SALESMAN            | 7698 | 1981-02-20 | 1600 |  300 |     30 |       4 | ALWAYS TESTE | sales@2017 | 7032300096 |        1 |
|  7521 | WARD     | M      | SALESMAN            | 7698 | 1981-02-22 | 1250 |  500 |     30 |       1 | WARD         | sales@2017 | 7132300034 |        1 |
|  7566 | JONES    | M      | MANAGER             | 7839 | 1981-04-02 | 2975 | NULL |     20 |       4 | HONEYCOMB    | a12recmpm  | 7132300039 |        1 |
|  7654 | MARTIN   | M      | SALESMAN            | 7698 | 1981-09-28 | 1250 | 1400 |     30 |       6 | LIFE RACER   | sales@2017 | 7132300050 |        1 |
|  7698 | BLAKE    | M      | MANAGER             | 7839 | 1981-05-01 | 2850 | NULL |     30 |       1 | BIG BEN      | sales@2017 | 7132300027 |        1 |
|  7782 | CLARK    | M      | MANAGER             | 7839 | 1981-06-09 | 2450 | NULL |     10 |       3 | CLARK        | r50mpm     | 7032300001 |        1 |
|  7788 | SCOTT    | M      | ANALYST             | 7566 | 1982-12-09 | 3000 | NULL |     20 |       3 | WHITE SAND   | a12recmpm  | NULL       |        1 |
|  7839 | KING     | M      | PRESIDENT           | NULL | 1981-11-17 | 5000 | NULL |     10 |       1 | KING         | r50mpm     | 7132300081 |        1 |
|  7840 | FRED     | M      | vice PRESIDENT      | 7839 | 1983-08-09 | 5000 | NULL |     20 |       1 | SAND STONE   | a12recmpm  | NULL       |        1 |
|  7844 | TURNER   | M      | SALESMAN            | 7698 | 1981-09-08 | 1500 |    0 |     30 |       5 | SAND DUST    | sales@2017 | NULL       |        1 |
|  7876 | ADAMS    | M      | CLERK               | 7788 | 1983-01-12 | 1100 | NULL |     20 |       1 | CRAZY ANYONE | a12recmpm  | 7132300086 |        1 |
|  7900 | JAMES    | M      | CLERK               | 7698 | 1981-12-03 |  950 | NULL |     30 |       2 | CRAZY LEADER | sales@2017 | 7132300042 |        1 |
|  7902 | FORD     | M      | ANALYST             | 7566 | 1981-12-03 | 3000 | NULL |     20 |       4 | CONBRIO      | a12recmpm  | NULL       |        0 |
|  7919 | HOFFMAN  | M      | MANAGER             | 7566 | 1982-03-24 | 4150 | NULL |     30 |       3 | INTERVAL     | sales@2017 | NULL       |        1 |
|  7920 | GRASS    | M      | SALESMAN            | 7919 | 1980-02-14 | 2575 | 2700 |     30 |       5 | GRASS        | sales@2017 | NULL       |        1 |
|  7934 | MILLER   | M      | CLERK               | 7782 | 1982-01-23 | 1300 | NULL |     10 |       2 | QUARTERNOTE  | r50mpm     | 7132300055 |        0 |
|  7945 | AARUSH   | M      | SALESMAN            | 7902 | 1980-02-14 | 1350 | 2700 |     30 |    NULL | AARUSH       | ABCDEF     | NULL       |        0 |
|  7949 | ALEX     | M      | MANAGER             | 7698 | 1982-01-24 | 1250 |  500 |     30 |       5 | QUARTERREST  | sales@2017 | 7156567183 |        1 |
|  8433 | NATASHA  | F      | CLERK               | 7920 | 1981-07-19 | 1750 | NULL |     30 |       1 | NATASHA      | sales@2017 | NULL       |        1 |
|  9400 | SANGITA  | F      | Compliance officers | 7920 | 1981-07-19 | 1750 | NULL |     50 |       1 | SANGITA      | NULL       | NULL       |        1 |
|  9473 | SUPRIYA  | F      | ANALYST             | 7920 | 1981-07-19 | 1750 | NULL |     50 |       1 | SUPRIYA      | XYZ@1234   | NULL       |        1 |
+-------+----------+--------+---------------------+------+------------+------+------+--------+---------+--------------+------------+------------+----------+
28 rows in set (0.00 sec)

mysql> table dept;
+--------+------------+----------+------------+------------+
| DEPTNO | DNAME      | LOC      | PWD        | STARTEDON  |
+--------+------------+----------+------------+------------+
|     10 | ACCOUNTING | NEW YORK | r50mpm     | 24/03/1989 |
|     20 | RESEARCH   | DALLAS   | a12recmpm  | 12/04/1989 |
|     30 | SALES      | CHICAGO  | sales@2017 | 13/04/1989 |
|     40 | OPERATIONS | BOSTON   | opr@123    | 12/07/1989 |
|     50 | HR         | PUNE     | PUN@8877   | 22/12/1989 |
+--------+------------+----------+------------+------------+
5 rows in set (0.00 sec)

mysql> select deptno from dept where dname='ACCOUNTING';
+--------+
| deptno |
+--------+
|     10 |
+--------+
1 row in set (0.00 sec)

mysql> select * from emp where deptno = (select deptno from dept where dname='ACCOUNTING');
+-------+--------+--------+-----------+------+------------+------+------+--------+---------+-------------+--------+------------+----------+
| EMPNO | ENAME  | GENDER | JOB       | MGR  | HIREDATE   | SAL  | COMM | DEPTNO | BONUSID | USER NAME   | PWD    | PHONE      | isActive |
+-------+--------+--------+-----------+------+------------+------+------+--------+---------+-------------+--------+------------+----------+
|  7415 | AARAV  | M      | CLERK     | 7902 | 1981-12-31 | 3350 | NULL |     10 |    NULL | AARAV       | NULL   | 7032300084 |        0 |
|  7421 | THOMAS | M      | CLERK     | 7920 | 1981-07-19 | 1750 | NULL |     10 |       1 | THOMAS      | r50mpm | 7032300011 |        0 |
|  7782 | CLARK  | M      | MANAGER   | 7839 | 1981-06-09 | 2450 | NULL |     10 |       3 | CLARK       | r50mpm | 7032300001 |        1 |
|  7839 | KING   | M      | PRESIDENT | NULL | 1981-11-17 | 5000 | NULL |     10 |       1 | KING        | r50mpm | 7132300081 |        1 |
|  7934 | MILLER | M      | CLERK     | 7782 | 1982-01-23 | 1300 | NULL |     10 |       2 | QUARTERNOTE | r50mpm | 7132300055 |        0 |
+-------+--------+--------+-----------+------+------------+------+------+--------+---------+-------------+--------+------------+----------+
5 rows in set (0.00 sec)

mysql> select deptno from dept where dname in ('ACCOUNTING','sales');
+--------+
| deptno |
+--------+
|     10 |
|     30 |
+--------+
2 rows in set (0.00 sec)

mysql> select * from emp where deptno  =(select deptno from dept where dname in ('ACCOUNTING','sales'));
ERROR 1242 (21000): Subquery returns more than 1 row
mysql>
mysql>
mysql> select * from emp where deptno in (select deptno from dept where dname in ('ACCOUNTING','sales'));
+-------+---------+--------+---------------------+------+------------+------+------+--------+---------+--------------+------------+------------+----------+
| EMPNO | ENAME   | GENDER | JOB                 | MGR  | HIREDATE   | SAL  | COMM | DEPTNO | BONUSID | USER NAME    | PWD        | PHONE      | isActive |
+-------+---------+--------+---------------------+------+------------+------+------+--------+---------+--------------+------------+------------+----------+
|  7415 | AARAV   | M      | CLERK               | 7902 | 1981-12-31 | 3350 | NULL |     10 |    NULL | AARAV        | NULL       | 7032300084 |        0 |
|  7421 | THOMAS  | M      | CLERK               | 7920 | 1981-07-19 | 1750 | NULL |     10 |       1 | THOMAS       | r50mpm     | 7032300011 |        0 |
|  7782 | CLARK   | M      | MANAGER             | 7839 | 1981-06-09 | 2450 | NULL |     10 |       3 | CLARK        | r50mpm     | 7032300001 |        1 |
|  7839 | KING    | M      | PRESIDENT           | NULL | 1981-11-17 | 5000 | NULL |     10 |       1 | KING         | r50mpm     | 7132300081 |        1 |
|  7934 | MILLER  | M      | CLERK               | 7782 | 1982-01-23 | 1300 | NULL |     10 |       2 | QUARTERNOTE  | r50mpm     | 7132300055 |        0 |
|  6001 | GITA    | F      | Compliance officers | 7920 | 1981-07-19 | 1750 | NULL |     30 |       1 | GITA         | sales@2017 | NULL       |        1 |
|  7499 | ALLEN   | M      | SALESMAN            | 7698 | 1981-02-20 | 1600 |  300 |     30 |       4 | ALWAYS TESTE | sales@2017 | 7032300096 |        1 |
|  7521 | WARD    | M      | SALESMAN            | 7698 | 1981-02-22 | 1250 |  500 |     30 |       1 | WARD         | sales@2017 | 7132300034 |        1 |
|  7654 | MARTIN  | M      | SALESMAN            | 7698 | 1981-09-28 | 1250 | 1400 |     30 |       6 | LIFE RACER   | sales@2017 | 7132300050 |        1 |
|  7698 | BLAKE   | M      | MANAGER             | 7839 | 1981-05-01 | 2850 | NULL |     30 |       1 | BIG BEN      | sales@2017 | 7132300027 |        1 |
|  7844 | TURNER  | M      | SALESMAN            | 7698 | 1981-09-08 | 1500 |    0 |     30 |       5 | SAND DUST    | sales@2017 | NULL       |        1 |
|  7900 | JAMES   | M      | CLERK               | 7698 | 1981-12-03 |  950 | NULL |     30 |       2 | CRAZY LEADER | sales@2017 | 7132300042 |        1 |
|  7919 | HOFFMAN | M      | MANAGER             | 7566 | 1982-03-24 | 4150 | NULL |     30 |       3 | INTERVAL     | sales@2017 | NULL       |        1 |
|  7920 | GRASS   | M      | SALESMAN            | 7919 | 1980-02-14 | 2575 | 2700 |     30 |       5 | GRASS        | sales@2017 | NULL       |        1 |
|  7945 | AARUSH  | M      | SALESMAN            | 7902 | 1980-02-14 | 1350 | 2700 |     30 |    NULL | AARUSH       | ABCDEF     | NULL       |        0 |
|  7949 | ALEX    | M      | MANAGER             | 7698 | 1982-01-24 | 1250 |  500 |     30 |       5 | QUARTERREST  | sales@2017 | 7156567183 |        1 |
|  8433 | NATASHA | F      | CLERK               | 7920 | 1981-07-19 | 1750 | NULL |     30 |       1 | NATASHA      | sales@2017 | NULL       |        1 |
+-------+---------+--------+---------------------+------+------------+------+------+--------+---------+--------------+------------+------------+----------+
17 rows in set (0.02 sec)

mysql> table emp;
+-------+----------+--------+---------------------+------+------------+------+------+--------+---------+--------------+------------+------------+----------+
| EMPNO | ENAME    | GENDER | JOB                 | MGR  | HIREDATE   | SAL  | COMM | DEPTNO | BONUSID | USER NAME    | PWD        | PHONE      | isActive |
+-------+----------+--------+---------------------+------+------------+------+------+--------+---------+--------------+------------+------------+----------+
|  6001 | GITA     | F      | Compliance officers | 7920 | 1981-07-19 | 1750 | NULL |     30 |       1 | GITA         | sales@2017 | NULL       |        1 |
|  6129 | VRUSHALI | F      | Compliance officers | 7920 | 1981-07-19 | 1750 | NULL |     50 |       1 | VRUSHALI     | PUN@8877   | NULL       |        1 |
|  6473 | SHARMIN  | F      | Public Relation     | 7920 | 1981-07-19 | 1750 | NULL |     20 |       1 | SHARMIN      | a12recmpm  | NULL       |        1 |
|  6781 | BANDISH  | F      | Public Relation     | 7920 | 1981-07-19 | 1750 | NULL |     20 |       1 | BANDISH      | a12recmpm  | NULL       |        1 |
|  7369 | SMITH    | M      | CLERK               | 7902 | 1980-12-17 |  800 | NULL |     20 |       2 | TRITONE      | a12recmpm  | 7032300023 |        0 |
|  7415 | AARAV    | M      | CLERK               | 7902 | 1981-12-31 | 3350 | NULL |     10 |    NULL | AARAV        | NULL       | 7032300084 |        0 |
|  7421 | THOMAS   | M      | CLERK               | 7920 | 1981-07-19 | 1750 | NULL |     10 |       1 | THOMAS       | r50mpm     | 7032300011 |        0 |
|  7499 | ALLEN    | M      | SALESMAN            | 7698 | 1981-02-20 | 1600 |  300 |     30 |       4 | ALWAYS TESTE | sales@2017 | 7032300096 |        1 |
|  7521 | WARD     | M      | SALESMAN            | 7698 | 1981-02-22 | 1250 |  500 |     30 |       1 | WARD         | sales@2017 | 7132300034 |        1 |
|  7566 | JONES    | M      | MANAGER             | 7839 | 1981-04-02 | 2975 | NULL |     20 |       4 | HONEYCOMB    | a12recmpm  | 7132300039 |        1 |
|  7654 | MARTIN   | M      | SALESMAN            | 7698 | 1981-09-28 | 1250 | 1400 |     30 |       6 | LIFE RACER   | sales@2017 | 7132300050 |        1 |
|  7698 | BLAKE    | M      | MANAGER             | 7839 | 1981-05-01 | 2850 | NULL |     30 |       1 | BIG BEN      | sales@2017 | 7132300027 |        1 |
|  7782 | CLARK    | M      | MANAGER             | 7839 | 1981-06-09 | 2450 | NULL |     10 |       3 | CLARK        | r50mpm     | 7032300001 |        1 |
|  7788 | SCOTT    | M      | ANALYST             | 7566 | 1982-12-09 | 3000 | NULL |     20 |       3 | WHITE SAND   | a12recmpm  | NULL       |        1 |
|  7839 | KING     | M      | PRESIDENT           | NULL | 1981-11-17 | 5000 | NULL |     10 |       1 | KING         | r50mpm     | 7132300081 |        1 |
|  7840 | FRED     | M      | vice PRESIDENT      | 7839 | 1983-08-09 | 5000 | NULL |     20 |       1 | SAND STONE   | a12recmpm  | NULL       |        1 |
|  7844 | TURNER   | M      | SALESMAN            | 7698 | 1981-09-08 | 1500 |    0 |     30 |       5 | SAND DUST    | sales@2017 | NULL       |        1 |
|  7876 | ADAMS    | M      | CLERK               | 7788 | 1983-01-12 | 1100 | NULL |     20 |       1 | CRAZY ANYONE | a12recmpm  | 7132300086 |        1 |
|  7900 | JAMES    | M      | CLERK               | 7698 | 1981-12-03 |  950 | NULL |     30 |       2 | CRAZY LEADER | sales@2017 | 7132300042 |        1 |
|  7902 | FORD     | M      | ANALYST             | 7566 | 1981-12-03 | 3000 | NULL |     20 |       4 | CONBRIO      | a12recmpm  | NULL       |        0 |
|  7919 | HOFFMAN  | M      | MANAGER             | 7566 | 1982-03-24 | 4150 | NULL |     30 |       3 | INTERVAL     | sales@2017 | NULL       |        1 |
|  7920 | GRASS    | M      | SALESMAN            | 7919 | 1980-02-14 | 2575 | 2700 |     30 |       5 | GRASS        | sales@2017 | NULL       |        1 |
|  7934 | MILLER   | M      | CLERK               | 7782 | 1982-01-23 | 1300 | NULL |     10 |       2 | QUARTERNOTE  | r50mpm     | 7132300055 |        0 |
|  7945 | AARUSH   | M      | SALESMAN            | 7902 | 1980-02-14 | 1350 | 2700 |     30 |    NULL | AARUSH       | ABCDEF     | NULL       |        0 |
|  7949 | ALEX     | M      | MANAGER             | 7698 | 1982-01-24 | 1250 |  500 |     30 |       5 | QUARTERREST  | sales@2017 | 7156567183 |        1 |
|  8433 | NATASHA  | F      | CLERK               | 7920 | 1981-07-19 | 1750 | NULL |     30 |       1 | NATASHA      | sales@2017 | NULL       |        1 |
|  9400 | SANGITA  | F      | Compliance officers | 7920 | 1981-07-19 | 1750 | NULL |     50 |       1 | SANGITA      | NULL       | NULL       |        1 |
|  9473 | SUPRIYA  | F      | ANALYST             | 7920 | 1981-07-19 | 1750 | NULL |     50 |       1 | SUPRIYA      | XYZ@1234   | NULL       |        1 |
+-------+----------+--------+---------------------+------+------------+------+------+--------+---------+--------------+------------+------------+----------+
28 rows in set (0.00 sec)

mysql> select sal from emp where ename in ('blake'. 'adams');
ERROR 1064 (42000): You have an error in your SQL syntax; check the manual that corresponds to your MySQL server version for the right syntax to use near '. 'adams')' at line 1
mysql> select sal from emp where ename in ('blake', 'adams');
+------+
| sal  |
+------+
| 2850 |
| 1100 |
+------+
2 rows in set (0.00 sec)

mysql> select sal from emp where ename in ('blake'. 'miller');
ERROR 1064 (42000): You have an error in your SQL syntax; check the manual that corresponds to your MySQL server version for the right syntax to use near '. 'miller')' at line 1
mysql> select sal from emp where ename in ('blake', 'miller');
+------+
| sal  |
+------+
| 2850 |
| 1300 |
+------+
2 rows in set (0.00 sec)

mysql> select * frome mp where sal >any (select sal from emp where ename in ('blake', 'miller'));
ERROR 1064 (42000): You have an error in your SQL syntax; check the manual that corresponds to your MySQL server version for the right syntax to use near 'frome mp where sal >any (select sal from emp where ename in ('blake', 'miller'))' at line 1
mysql> select * from  emp where sal >any (select sal from emp where ename in ('blake', 'miller'));
+-------+----------+--------+---------------------+------+------------+------+------+--------+---------+--------------+------------+------------+----------+
| EMPNO | ENAME    | GENDER | JOB                 | MGR  | HIREDATE   | SAL  | COMM | DEPTNO | BONUSID | USER NAME    | PWD        | PHONE      | isActive |
+-------+----------+--------+---------------------+------+------------+------+------+--------+---------+--------------+------------+------------+----------+
|  6001 | GITA     | F      | Compliance officers | 7920 | 1981-07-19 | 1750 | NULL |     30 |       1 | GITA         | sales@2017 | NULL       |        1 |
|  6129 | VRUSHALI | F      | Compliance officers | 7920 | 1981-07-19 | 1750 | NULL |     50 |       1 | VRUSHALI     | PUN@8877   | NULL       |        1 |
|  6473 | SHARMIN  | F      | Public Relation     | 7920 | 1981-07-19 | 1750 | NULL |     20 |       1 | SHARMIN      | a12recmpm  | NULL       |        1 |
|  6781 | BANDISH  | F      | Public Relation     | 7920 | 1981-07-19 | 1750 | NULL |     20 |       1 | BANDISH      | a12recmpm  | NULL       |        1 |
|  7415 | AARAV    | M      | CLERK               | 7902 | 1981-12-31 | 3350 | NULL |     10 |    NULL | AARAV        | NULL       | 7032300084 |        0 |
|  7421 | THOMAS   | M      | CLERK               | 7920 | 1981-07-19 | 1750 | NULL |     10 |       1 | THOMAS       | r50mpm     | 7032300011 |        0 |
|  7499 | ALLEN    | M      | SALESMAN            | 7698 | 1981-02-20 | 1600 |  300 |     30 |       4 | ALWAYS TESTE | sales@2017 | 7032300096 |        1 |
|  7566 | JONES    | M      | MANAGER             | 7839 | 1981-04-02 | 2975 | NULL |     20 |       4 | HONEYCOMB    | a12recmpm  | 7132300039 |        1 |
|  7698 | BLAKE    | M      | MANAGER             | 7839 | 1981-05-01 | 2850 | NULL |     30 |       1 | BIG BEN      | sales@2017 | 7132300027 |        1 |
|  7782 | CLARK    | M      | MANAGER             | 7839 | 1981-06-09 | 2450 | NULL |     10 |       3 | CLARK        | r50mpm     | 7032300001 |        1 |
|  7788 | SCOTT    | M      | ANALYST             | 7566 | 1982-12-09 | 3000 | NULL |     20 |       3 | WHITE SAND   | a12recmpm  | NULL       |        1 |
|  7839 | KING     | M      | PRESIDENT           | NULL | 1981-11-17 | 5000 | NULL |     10 |       1 | KING         | r50mpm     | 7132300081 |        1 |
|  7840 | FRED     | M      | vice PRESIDENT      | 7839 | 1983-08-09 | 5000 | NULL |     20 |       1 | SAND STONE   | a12recmpm  | NULL       |        1 |
|  7844 | TURNER   | M      | SALESMAN            | 7698 | 1981-09-08 | 1500 |    0 |     30 |       5 | SAND DUST    | sales@2017 | NULL       |        1 |
|  7902 | FORD     | M      | ANALYST             | 7566 | 1981-12-03 | 3000 | NULL |     20 |       4 | CONBRIO      | a12recmpm  | NULL       |        0 |
|  7919 | HOFFMAN  | M      | MANAGER             | 7566 | 1982-03-24 | 4150 | NULL |     30 |       3 | INTERVAL     | sales@2017 | NULL       |        1 |
|  7920 | GRASS    | M      | SALESMAN            | 7919 | 1980-02-14 | 2575 | 2700 |     30 |       5 | GRASS        | sales@2017 | NULL       |        1 |
|  7945 | AARUSH   | M      | SALESMAN            | 7902 | 1980-02-14 | 1350 | 2700 |     30 |    NULL | AARUSH       | ABCDEF     | NULL       |        0 |
|  8433 | NATASHA  | F      | CLERK               | 7920 | 1981-07-19 | 1750 | NULL |     30 |       1 | NATASHA      | sales@2017 | NULL       |        1 |
|  9400 | SANGITA  | F      | Compliance officers | 7920 | 1981-07-19 | 1750 | NULL |     50 |       1 | SANGITA      | NULL       | NULL       |        1 |
|  9473 | SUPRIYA  | F      | ANALYST             | 7920 | 1981-07-19 | 1750 | NULL |     50 |       1 | SUPRIYA      | XYZ@1234   | NULL       |        1 |
+-------+----------+--------+---------------------+------+------------+------+------+--------+---------+--------------+------------+------------+----------+
21 rows in set (0.03 sec)

mysql> select * from  emp where sal <any (select sal from emp where ename in ('blake', 'miller'));
+-------+----------+--------+---------------------+------+------------+------+------+--------+---------+--------------+------------+------------+----------+
| EMPNO | ENAME    | GENDER | JOB                 | MGR  | HIREDATE   | SAL  | COMM | DEPTNO | BONUSID | USER NAME    | PWD        | PHONE      | isActive |
+-------+----------+--------+---------------------+------+------------+------+------+--------+---------+--------------+------------+------------+----------+
|  6001 | GITA     | F      | Compliance officers | 7920 | 1981-07-19 | 1750 | NULL |     30 |       1 | GITA         | sales@2017 | NULL       |        1 |
|  6129 | VRUSHALI | F      | Compliance officers | 7920 | 1981-07-19 | 1750 | NULL |     50 |       1 | VRUSHALI     | PUN@8877   | NULL       |        1 |
|  6473 | SHARMIN  | F      | Public Relation     | 7920 | 1981-07-19 | 1750 | NULL |     20 |       1 | SHARMIN      | a12recmpm  | NULL       |        1 |
|  6781 | BANDISH  | F      | Public Relation     | 7920 | 1981-07-19 | 1750 | NULL |     20 |       1 | BANDISH      | a12recmpm  | NULL       |        1 |
|  7369 | SMITH    | M      | CLERK               | 7902 | 1980-12-17 |  800 | NULL |     20 |       2 | TRITONE      | a12recmpm  | 7032300023 |        0 |
|  7421 | THOMAS   | M      | CLERK               | 7920 | 1981-07-19 | 1750 | NULL |     10 |       1 | THOMAS       | r50mpm     | 7032300011 |        0 |
|  7499 | ALLEN    | M      | SALESMAN            | 7698 | 1981-02-20 | 1600 |  300 |     30 |       4 | ALWAYS TESTE | sales@2017 | 7032300096 |        1 |
|  7521 | WARD     | M      | SALESMAN            | 7698 | 1981-02-22 | 1250 |  500 |     30 |       1 | WARD         | sales@2017 | 7132300034 |        1 |
|  7654 | MARTIN   | M      | SALESMAN            | 7698 | 1981-09-28 | 1250 | 1400 |     30 |       6 | LIFE RACER   | sales@2017 | 7132300050 |        1 |
|  7782 | CLARK    | M      | MANAGER             | 7839 | 1981-06-09 | 2450 | NULL |     10 |       3 | CLARK        | r50mpm     | 7032300001 |        1 |
|  7844 | TURNER   | M      | SALESMAN            | 7698 | 1981-09-08 | 1500 |    0 |     30 |       5 | SAND DUST    | sales@2017 | NULL       |        1 |
|  7876 | ADAMS    | M      | CLERK               | 7788 | 1983-01-12 | 1100 | NULL |     20 |       1 | CRAZY ANYONE | a12recmpm  | 7132300086 |        1 |
|  7900 | JAMES    | M      | CLERK               | 7698 | 1981-12-03 |  950 | NULL |     30 |       2 | CRAZY LEADER | sales@2017 | 7132300042 |        1 |
|  7920 | GRASS    | M      | SALESMAN            | 7919 | 1980-02-14 | 2575 | 2700 |     30 |       5 | GRASS        | sales@2017 | NULL       |        1 |
|  7934 | MILLER   | M      | CLERK               | 7782 | 1982-01-23 | 1300 | NULL |     10 |       2 | QUARTERNOTE  | r50mpm     | 7132300055 |        0 |
|  7945 | AARUSH   | M      | SALESMAN            | 7902 | 1980-02-14 | 1350 | 2700 |     30 |    NULL | AARUSH       | ABCDEF     | NULL       |        0 |
|  7949 | ALEX     | M      | MANAGER             | 7698 | 1982-01-24 | 1250 |  500 |     30 |       5 | QUARTERREST  | sales@2017 | 7156567183 |        1 |
|  8433 | NATASHA  | F      | CLERK               | 7920 | 1981-07-19 | 1750 | NULL |     30 |       1 | NATASHA      | sales@2017 | NULL       |        1 |
|  9400 | SANGITA  | F      | Compliance officers | 7920 | 1981-07-19 | 1750 | NULL |     50 |       1 | SANGITA      | NULL       | NULL       |        1 |
|  9473 | SUPRIYA  | F      | ANALYST             | 7920 | 1981-07-19 | 1750 | NULL |     50 |       1 | SUPRIYA      | XYZ@1234   | NULL       |        1 |
+-------+----------+--------+---------------------+------+------------+------+------+--------+---------+--------------+------------+------------+----------+
20 rows in set (0.00 sec)

mysql> select sal from emp where ename in ('blake', 'miller');
+------+
| sal  |
+------+
| 2850 |
| 1300 |
+------+
2 rows in set (0.00 sec)

mysql> select * from  emp where sal >any (select sal from emp where ename in ('blake', 'miller'));
+-------+----------+--------+---------------------+------+------------+------+------+--------+---------+--------------+------------+------------+----------+
| EMPNO | ENAME    | GENDER | JOB                 | MGR  | HIREDATE   | SAL  | COMM | DEPTNO | BONUSID | USER NAME    | PWD        | PHONE      | isActive |
+-------+----------+--------+---------------------+------+------------+------+------+--------+---------+--------------+------------+------------+----------+
|  6001 | GITA     | F      | Compliance officers | 7920 | 1981-07-19 | 1750 | NULL |     30 |       1 | GITA         | sales@2017 | NULL       |        1 |
|  6129 | VRUSHALI | F      | Compliance officers | 7920 | 1981-07-19 | 1750 | NULL |     50 |       1 | VRUSHALI     | PUN@8877   | NULL       |        1 |
|  6473 | SHARMIN  | F      | Public Relation     | 7920 | 1981-07-19 | 1750 | NULL |     20 |       1 | SHARMIN      | a12recmpm  | NULL       |        1 |
|  6781 | BANDISH  | F      | Public Relation     | 7920 | 1981-07-19 | 1750 | NULL |     20 |       1 | BANDISH      | a12recmpm  | NULL       |        1 |
|  7415 | AARAV    | M      | CLERK               | 7902 | 1981-12-31 | 3350 | NULL |     10 |    NULL | AARAV        | NULL       | 7032300084 |        0 |
|  7421 | THOMAS   | M      | CLERK               | 7920 | 1981-07-19 | 1750 | NULL |     10 |       1 | THOMAS       | r50mpm     | 7032300011 |        0 |
|  7499 | ALLEN    | M      | SALESMAN            | 7698 | 1981-02-20 | 1600 |  300 |     30 |       4 | ALWAYS TESTE | sales@2017 | 7032300096 |        1 |
|  7566 | JONES    | M      | MANAGER             | 7839 | 1981-04-02 | 2975 | NULL |     20 |       4 | HONEYCOMB    | a12recmpm  | 7132300039 |        1 |
|  7698 | BLAKE    | M      | MANAGER             | 7839 | 1981-05-01 | 2850 | NULL |     30 |       1 | BIG BEN      | sales@2017 | 7132300027 |        1 |
|  7782 | CLARK    | M      | MANAGER             | 7839 | 1981-06-09 | 2450 | NULL |     10 |       3 | CLARK        | r50mpm     | 7032300001 |        1 |
|  7788 | SCOTT    | M      | ANALYST             | 7566 | 1982-12-09 | 3000 | NULL |     20 |       3 | WHITE SAND   | a12recmpm  | NULL       |        1 |
|  7839 | KING     | M      | PRESIDENT           | NULL | 1981-11-17 | 5000 | NULL |     10 |       1 | KING         | r50mpm     | 7132300081 |        1 |
|  7840 | FRED     | M      | vice PRESIDENT      | 7839 | 1983-08-09 | 5000 | NULL |     20 |       1 | SAND STONE   | a12recmpm  | NULL       |        1 |
|  7844 | TURNER   | M      | SALESMAN            | 7698 | 1981-09-08 | 1500 |    0 |     30 |       5 | SAND DUST    | sales@2017 | NULL       |        1 |
|  7902 | FORD     | M      | ANALYST             | 7566 | 1981-12-03 | 3000 | NULL |     20 |       4 | CONBRIO      | a12recmpm  | NULL       |        0 |
|  7919 | HOFFMAN  | M      | MANAGER             | 7566 | 1982-03-24 | 4150 | NULL |     30 |       3 | INTERVAL     | sales@2017 | NULL       |        1 |
|  7920 | GRASS    | M      | SALESMAN            | 7919 | 1980-02-14 | 2575 | 2700 |     30 |       5 | GRASS        | sales@2017 | NULL       |        1 |
|  7945 | AARUSH   | M      | SALESMAN            | 7902 | 1980-02-14 | 1350 | 2700 |     30 |    NULL | AARUSH       | ABCDEF     | NULL       |        0 |
|  8433 | NATASHA  | F      | CLERK               | 7920 | 1981-07-19 | 1750 | NULL |     30 |       1 | NATASHA      | sales@2017 | NULL       |        1 |
|  9400 | SANGITA  | F      | Compliance officers | 7920 | 1981-07-19 | 1750 | NULL |     50 |       1 | SANGITA      | NULL       | NULL       |        1 |
|  9473 | SUPRIYA  | F      | ANALYST             | 7920 | 1981-07-19 | 1750 | NULL |     50 |       1 | SUPRIYA      | XYZ@1234   | NULL       |        1 |
+-------+----------+--------+---------------------+------+------------+------+------+--------+---------+--------------+------------+------------+----------+
21 rows in set (0.00 sec)

mysql> select * from  emp where sal >all (select sal from emp where ename in ('blake', 'miller'));
+-------+---------+--------+----------------+------+------------+------+------+--------+---------+------------+------------+------------+----------+
| EMPNO | ENAME   | GENDER | JOB            | MGR  | HIREDATE   | SAL  | COMM | DEPTNO | BONUSID | USER NAME  | PWD        | PHONE      | isActive |
+-------+---------+--------+----------------+------+------------+------+------+--------+---------+------------+------------+------------+----------+
|  7415 | AARAV   | M      | CLERK          | 7902 | 1981-12-31 | 3350 | NULL |     10 |    NULL | AARAV      | NULL       | 7032300084 |        0 |
|  7566 | JONES   | M      | MANAGER        | 7839 | 1981-04-02 | 2975 | NULL |     20 |       4 | HONEYCOMB  | a12recmpm  | 7132300039 |        1 |
|  7788 | SCOTT   | M      | ANALYST        | 7566 | 1982-12-09 | 3000 | NULL |     20 |       3 | WHITE SAND | a12recmpm  | NULL       |        1 |
|  7839 | KING    | M      | PRESIDENT      | NULL | 1981-11-17 | 5000 | NULL |     10 |       1 | KING       | r50mpm     | 7132300081 |        1 |
|  7840 | FRED    | M      | vice PRESIDENT | 7839 | 1983-08-09 | 5000 | NULL |     20 |       1 | SAND STONE | a12recmpm  | NULL       |        1 |
|  7902 | FORD    | M      | ANALYST        | 7566 | 1981-12-03 | 3000 | NULL |     20 |       4 | CONBRIO    | a12recmpm  | NULL       |        0 |
|  7919 | HOFFMAN | M      | MANAGER        | 7566 | 1982-03-24 | 4150 | NULL |     30 |       3 | INTERVAL   | sales@2017 | NULL       |        1 |
+-------+---------+--------+----------------+------+------------+------+------+--------+---------+------------+------------+------------+----------+
7 rows in set (0.00 sec)

mysql> select * from  emp where sal <all (select sal from emp where ename in ('blake', 'miller'));
+-------+--------+--------+----------+------+------------+------+------+--------+---------+--------------+------------+------------+----------+
| EMPNO | ENAME  | GENDER | JOB      | MGR  | HIREDATE   | SAL  | COMM | DEPTNO | BONUSID | USER NAME    | PWD        | PHONE      | isActive |
+-------+--------+--------+----------+------+------------+------+------+--------+---------+--------------+------------+------------+----------+
|  7369 | SMITH  | M      | CLERK    | 7902 | 1980-12-17 |  800 | NULL |     20 |       2 | TRITONE      | a12recmpm  | 7032300023 |        0 |
|  7521 | WARD   | M      | SALESMAN | 7698 | 1981-02-22 | 1250 |  500 |     30 |       1 | WARD         | sales@2017 | 7132300034 |        1 |
|  7654 | MARTIN | M      | SALESMAN | 7698 | 1981-09-28 | 1250 | 1400 |     30 |       6 | LIFE RACER   | sales@2017 | 7132300050 |        1 |
|  7876 | ADAMS  | M      | CLERK    | 7788 | 1983-01-12 | 1100 | NULL |     20 |       1 | CRAZY ANYONE | a12recmpm  | 7132300086 |        1 |
|  7900 | JAMES  | M      | CLERK    | 7698 | 1981-12-03 |  950 | NULL |     30 |       2 | CRAZY LEADER | sales@2017 | 7132300042 |        1 |
|  7949 | ALEX   | M      | MANAGER  | 7698 | 1982-01-24 | 1250 |  500 |     30 |       5 | QUARTERREST  | sales@2017 | 7156567183 |        1 |
+-------+--------+--------+----------+------+------------+------+------+--------+---------+--------------+------------+------------+----------+
6 rows in set (0.00 sec)

mysql> select deptno from emp;
+--------+
| deptno |
+--------+
|     10 |
|     10 |
|     10 |
|     10 |
|     10 |
|     20 |
|     20 |
|     20 |
|     20 |
|     20 |
|     20 |
|     20 |
|     20 |
|     30 |
|     30 |
|     30 |
|     30 |
|     30 |
|     30 |
|     30 |
|     30 |
|     30 |
|     30 |
|     30 |
|     30 |
|     50 |
|     50 |
|     50 |
+--------+
28 rows in set (0.00 sec)

mysql> select deptno from dept;
+--------+
| deptno |
+--------+
|     10 |
|     20 |
|     30 |
|     40 |
|     50 |
+--------+
5 rows in set (0.00 sec)

mysql> select deptno from emp union select deptno from dept;
+--------+
| deptno |
+--------+
|     10 |
|     20 |
|     30 |
|     50 |
|     40 |
+--------+
5 rows in set (0.00 sec)

mysql> select deptno,ename from emp union select deptno from dept;
ERROR 1222 (21000): The used SELECT statements have a different number of columns
mysql> select * from dept;
+--------+------------+----------+------------+------------+
| DEPTNO | DNAME      | LOC      | PWD        | STARTEDON  |
+--------+------------+----------+------------+------------+
|     10 | ACCOUNTING | NEW YORK | r50mpm     | 24/03/1989 |
|     20 | RESEARCH   | DALLAS   | a12recmpm  | 12/04/1989 |
|     30 | SALES      | CHICAGO  | sales@2017 | 13/04/1989 |
|     40 | OPERATIONS | BOSTON   | opr@123    | 12/07/1989 |
|     50 | HR         | PUNE     | PUN@8877   | 22/12/1989 |
+--------+------------+----------+------------+------------+
5 rows in set (0.00 sec)

mysql> select * from dept union select * from dept;
+--------+------------+----------+------------+------------+
| DEPTNO | DNAME      | LOC      | PWD        | STARTEDON  |
+--------+------------+----------+------------+------------+
|     10 | ACCOUNTING | NEW YORK | r50mpm     | 24/03/1989 |
|     20 | RESEARCH   | DALLAS   | a12recmpm  | 12/04/1989 |
|     30 | SALES      | CHICAGO  | sales@2017 | 13/04/1989 |
|     40 | OPERATIONS | BOSTON   | opr@123    | 12/07/1989 |
|     50 | HR         | PUNE     | PUN@8877   | 22/12/1989 |
+--------+------------+----------+------------+------------+
5 rows in set (0.00 sec)

mysql> select * from dept union all select * from dept;
+--------+------------+----------+------------+------------+
| DEPTNO | DNAME      | LOC      | PWD        | STARTEDON  |
+--------+------------+----------+------------+------------+
|     10 | ACCOUNTING | NEW YORK | r50mpm     | 24/03/1989 |
|     20 | RESEARCH   | DALLAS   | a12recmpm  | 12/04/1989 |
|     30 | SALES      | CHICAGO  | sales@2017 | 13/04/1989 |
|     40 | OPERATIONS | BOSTON   | opr@123    | 12/07/1989 |
|     50 | HR         | PUNE     | PUN@8877   | 22/12/1989 |
|     10 | ACCOUNTING | NEW YORK | r50mpm     | 24/03/1989 |
|     20 | RESEARCH   | DALLAS   | a12recmpm  | 12/04/1989 |
|     30 | SALES      | CHICAGO  | sales@2017 | 13/04/1989 |
|     40 | OPERATIONS | BOSTON   | opr@123    | 12/07/1989 |
|     50 | HR         | PUNE     | PUN@8877   | 22/12/1989 |
+--------+------------+----------+------------+------------+
10 rows in set (0.00 sec)

mysql> select deptno from emp union select deptno from dept;
+--------+
| deptno |
+--------+
|     10 |
|     20 |
|     30 |
|     50 |
|     40 |
+--------+
5 rows in set (0.00 sec)

mysql> select deptno from emp union all select deptno from dept;
+--------+
| deptno |
+--------+
|     10 |
|     10 |
|     10 |
|     10 |
|     10 |
|     20 |
|     20 |
|     20 |
|     20 |
|     20 |
|     20 |
|     20 |
|     20 |
|     30 |
|     30 |
|     30 |
|     30 |
|     30 |
|     30 |
|     30 |
|     30 |
|     30 |
|     30 |
|     30 |
|     30 |
|     50 |
|     50 |
|     50 |
|     10 |
|     20 |
|     30 |
|     40 |
|     50 |
+--------+
33 rows in set (0.00 sec)

mysql>
mysql> select deptno R1 from emp union all select deptno R2 from dept;
+----+
| R1 |
+----+
| 10 |
| 10 |
| 10 |
| 10 |
| 10 |
| 20 |
| 20 |
| 20 |
| 20 |
| 20 |
| 20 |
| 20 |
| 20 |
| 30 |
| 30 |
| 30 |
| 30 |
| 30 |
| 30 |
| 30 |
| 30 |
| 30 |
| 30 |
| 30 |
| 30 |
| 50 |
| 50 |
| 50 |
| 10 |
| 20 |
| 30 |
| 40 |
| 50 |
+----+
33 rows in set (0.00 sec)

mysql> select deptno R1 from emp union select dname R2 from dept;
+------------+
| R1         |
+------------+
| 10         |
| 20         |
| 30         |
| 50         |
| ACCOUNTING |
| RESEARCH   |
| SALES      |
| OPERATIONS |
| HR         |
+------------+
9 rows in set (0.00 sec)

mysql> select distinct deptno from emp;
+--------+
| deptno |
+--------+
|     10 |
|     20 |
|     30 |
|     50 |
+--------+
4 rows in set (0.01 sec)

mysql> select deptno R1 from dept union select dname R2 from dept;
+------------+
| R1         |
+------------+
| 10         |
| 20         |
| 30         |
| 40         |
| 50         |
| ACCOUNTING |
| RESEARCH   |
| SALES      |
| OPERATIONS |
| HR         |
+------------+
10 rows in set (0.00 sec)

mysql> select * from emp;
+-------+----------+--------+---------------------+------+------------+------+------+--------+---------+--------------+------------+------------+----------+
| EMPNO | ENAME    | GENDER | JOB                 | MGR  | HIREDATE   | SAL  | COMM | DEPTNO | BONUSID | USER NAME    | PWD        | PHONE      | isActive |
+-------+----------+--------+---------------------+------+------------+------+------+--------+---------+--------------+------------+------------+----------+
|  6001 | GITA     | F      | Compliance officers | 7920 | 1981-07-19 | 1750 | NULL |     30 |       1 | GITA         | sales@2017 | NULL       |        1 |
|  6129 | VRUSHALI | F      | Compliance officers | 7920 | 1981-07-19 | 1750 | NULL |     50 |       1 | VRUSHALI     | PUN@8877   | NULL       |        1 |
|  6473 | SHARMIN  | F      | Public Relation     | 7920 | 1981-07-19 | 1750 | NULL |     20 |       1 | SHARMIN      | a12recmpm  | NULL       |        1 |
|  6781 | BANDISH  | F      | Public Relation     | 7920 | 1981-07-19 | 1750 | NULL |     20 |       1 | BANDISH      | a12recmpm  | NULL       |        1 |
|  7369 | SMITH    | M      | CLERK               | 7902 | 1980-12-17 |  800 | NULL |     20 |       2 | TRITONE      | a12recmpm  | 7032300023 |        0 |
|  7415 | AARAV    | M      | CLERK               | 7902 | 1981-12-31 | 3350 | NULL |     10 |    NULL | AARAV        | NULL       | 7032300084 |        0 |
|  7421 | THOMAS   | M      | CLERK               | 7920 | 1981-07-19 | 1750 | NULL |     10 |       1 | THOMAS       | r50mpm     | 7032300011 |        0 |
|  7499 | ALLEN    | M      | SALESMAN            | 7698 | 1981-02-20 | 1600 |  300 |     30 |       4 | ALWAYS TESTE | sales@2017 | 7032300096 |        1 |
|  7521 | WARD     | M      | SALESMAN            | 7698 | 1981-02-22 | 1250 |  500 |     30 |       1 | WARD         | sales@2017 | 7132300034 |        1 |
|  7566 | JONES    | M      | MANAGER             | 7839 | 1981-04-02 | 2975 | NULL |     20 |       4 | HONEYCOMB    | a12recmpm  | 7132300039 |        1 |
|  7654 | MARTIN   | M      | SALESMAN            | 7698 | 1981-09-28 | 1250 | 1400 |     30 |       6 | LIFE RACER   | sales@2017 | 7132300050 |        1 |
|  7698 | BLAKE    | M      | MANAGER             | 7839 | 1981-05-01 | 2850 | NULL |     30 |       1 | BIG BEN      | sales@2017 | 7132300027 |        1 |
|  7782 | CLARK    | M      | MANAGER             | 7839 | 1981-06-09 | 2450 | NULL |     10 |       3 | CLARK        | r50mpm     | 7032300001 |        1 |
|  7788 | SCOTT    | M      | ANALYST             | 7566 | 1982-12-09 | 3000 | NULL |     20 |       3 | WHITE SAND   | a12recmpm  | NULL       |        1 |
|  7839 | KING     | M      | PRESIDENT           | NULL | 1981-11-17 | 5000 | NULL |     10 |       1 | KING         | r50mpm     | 7132300081 |        1 |
|  7840 | FRED     | M      | vice PRESIDENT      | 7839 | 1983-08-09 | 5000 | NULL |     20 |       1 | SAND STONE   | a12recmpm  | NULL       |        1 |
|  7844 | TURNER   | M      | SALESMAN            | 7698 | 1981-09-08 | 1500 |    0 |     30 |       5 | SAND DUST    | sales@2017 | NULL       |        1 |
|  7876 | ADAMS    | M      | CLERK               | 7788 | 1983-01-12 | 1100 | NULL |     20 |       1 | CRAZY ANYONE | a12recmpm  | 7132300086 |        1 |
|  7900 | JAMES    | M      | CLERK               | 7698 | 1981-12-03 |  950 | NULL |     30 |       2 | CRAZY LEADER | sales@2017 | 7132300042 |        1 |
|  7902 | FORD     | M      | ANALYST             | 7566 | 1981-12-03 | 3000 | NULL |     20 |       4 | CONBRIO      | a12recmpm  | NULL       |        0 |
|  7919 | HOFFMAN  | M      | MANAGER             | 7566 | 1982-03-24 | 4150 | NULL |     30 |       3 | INTERVAL     | sales@2017 | NULL       |        1 |
|  7920 | GRASS    | M      | SALESMAN            | 7919 | 1980-02-14 | 2575 | 2700 |     30 |       5 | GRASS        | sales@2017 | NULL       |        1 |
|  7934 | MILLER   | M      | CLERK               | 7782 | 1982-01-23 | 1300 | NULL |     10 |       2 | QUARTERNOTE  | r50mpm     | 7132300055 |        0 |
|  7945 | AARUSH   | M      | SALESMAN            | 7902 | 1980-02-14 | 1350 | 2700 |     30 |    NULL | AARUSH       | ABCDEF     | NULL       |        0 |
|  7949 | ALEX     | M      | MANAGER             | 7698 | 1982-01-24 | 1250 |  500 |     30 |       5 | QUARTERREST  | sales@2017 | 7156567183 |        1 |
|  8433 | NATASHA  | F      | CLERK               | 7920 | 1981-07-19 | 1750 | NULL |     30 |       1 | NATASHA      | sales@2017 | NULL       |        1 |
|  9400 | SANGITA  | F      | Compliance officers | 7920 | 1981-07-19 | 1750 | NULL |     50 |       1 | SANGITA      | NULL       | NULL       |        1 |
|  9473 | SUPRIYA  | F      | ANALYST             | 7920 | 1981-07-19 | 1750 | NULL |     50 |       1 | SUPRIYA      | XYZ@1234   | NULL       |        1 |
+-------+----------+--------+---------------------+------+------------+------+------+--------+---------+--------------+------------+------------+----------+
28 rows in set (0.00 sec)

mysql> create table abc as select * from emp where deptno in (10,20);
Query OK, 13 rows affected (0.30 sec)
Records: 13  Duplicates: 0  Warnings: 0

mysql> select * from abc;
+-------+---------+--------+-----------------+------+------------+------+------+--------+---------+--------------+-----------+------------+----------+
| EMPNO | ENAME   | GENDER | JOB             | MGR  | HIREDATE   | SAL  | COMM | DEPTNO | BONUSID | USER NAME    | PWD       | PHONE      | isActive |
+-------+---------+--------+-----------------+------+------------+------+------+--------+---------+--------------+-----------+------------+----------+
|  7415 | AARAV   | M      | CLERK           | 7902 | 1981-12-31 | 3350 | NULL |     10 |    NULL | AARAV        | NULL      | 7032300084 |        0 |
|  7421 | THOMAS  | M      | CLERK           | 7920 | 1981-07-19 | 1750 | NULL |     10 |       1 | THOMAS       | r50mpm    | 7032300011 |        0 |
|  7782 | CLARK   | M      | MANAGER         | 7839 | 1981-06-09 | 2450 | NULL |     10 |       3 | CLARK        | r50mpm    | 7032300001 |        1 |
|  7839 | KING    | M      | PRESIDENT       | NULL | 1981-11-17 | 5000 | NULL |     10 |       1 | KING         | r50mpm    | 7132300081 |        1 |
|  7934 | MILLER  | M      | CLERK           | 7782 | 1982-01-23 | 1300 | NULL |     10 |       2 | QUARTERNOTE  | r50mpm    | 7132300055 |        0 |
|  6473 | SHARMIN | F      | Public Relation | 7920 | 1981-07-19 | 1750 | NULL |     20 |       1 | SHARMIN      | a12recmpm | NULL       |        1 |
|  6781 | BANDISH | F      | Public Relation | 7920 | 1981-07-19 | 1750 | NULL |     20 |       1 | BANDISH      | a12recmpm | NULL       |        1 |
|  7369 | SMITH   | M      | CLERK           | 7902 | 1980-12-17 |  800 | NULL |     20 |       2 | TRITONE      | a12recmpm | 7032300023 |        0 |
|  7566 | JONES   | M      | MANAGER         | 7839 | 1981-04-02 | 2975 | NULL |     20 |       4 | HONEYCOMB    | a12recmpm | 7132300039 |        1 |
|  7788 | SCOTT   | M      | ANALYST         | 7566 | 1982-12-09 | 3000 | NULL |     20 |       3 | WHITE SAND   | a12recmpm | NULL       |        1 |
|  7840 | FRED    | M      | vice PRESIDENT  | 7839 | 1983-08-09 | 5000 | NULL |     20 |       1 | SAND STONE   | a12recmpm | NULL       |        1 |
|  7876 | ADAMS   | M      | CLERK           | 7788 | 1983-01-12 | 1100 | NULL |     20 |       1 | CRAZY ANYONE | a12recmpm | 7132300086 |        1 |
|  7902 | FORD    | M      | ANALYST         | 7566 | 1981-12-03 | 3000 | NULL |     20 |       4 | CONBRIO      | a12recmpm | NULL       |        0 |
+-------+---------+--------+-----------------+------+------------+------+------+--------+---------+--------------+-----------+------------+----------+
13 rows in set (0.00 sec)

mysql> select * from emp union select * from abc;
+-------+----------+--------+---------------------+------+------------+------+------+--------+---------+--------------+------------+------------+----------+
| EMPNO | ENAME    | GENDER | JOB                 | MGR  | HIREDATE   | SAL  | COMM | DEPTNO | BONUSID | USER NAME    | PWD        | PHONE      | isActive |
+-------+----------+--------+---------------------+------+------------+------+------+--------+---------+--------------+------------+------------+----------+
|  6001 | GITA     | F      | Compliance officers | 7920 | 1981-07-19 | 1750 | NULL |     30 |       1 | GITA         | sales@2017 | NULL       |        1 |
|  6129 | VRUSHALI | F      | Compliance officers | 7920 | 1981-07-19 | 1750 | NULL |     50 |       1 | VRUSHALI     | PUN@8877   | NULL       |        1 |
|  6473 | SHARMIN  | F      | Public Relation     | 7920 | 1981-07-19 | 1750 | NULL |     20 |       1 | SHARMIN      | a12recmpm  | NULL       |        1 |
|  6781 | BANDISH  | F      | Public Relation     | 7920 | 1981-07-19 | 1750 | NULL |     20 |       1 | BANDISH      | a12recmpm  | NULL       |        1 |
|  7369 | SMITH    | M      | CLERK               | 7902 | 1980-12-17 |  800 | NULL |     20 |       2 | TRITONE      | a12recmpm  | 7032300023 |        0 |
|  7415 | AARAV    | M      | CLERK               | 7902 | 1981-12-31 | 3350 | NULL |     10 |    NULL | AARAV        | NULL       | 7032300084 |        0 |
|  7421 | THOMAS   | M      | CLERK               | 7920 | 1981-07-19 | 1750 | NULL |     10 |       1 | THOMAS       | r50mpm     | 7032300011 |        0 |
|  7499 | ALLEN    | M      | SALESMAN            | 7698 | 1981-02-20 | 1600 |  300 |     30 |       4 | ALWAYS TESTE | sales@2017 | 7032300096 |        1 |
|  7521 | WARD     | M      | SALESMAN            | 7698 | 1981-02-22 | 1250 |  500 |     30 |       1 | WARD         | sales@2017 | 7132300034 |        1 |
|  7566 | JONES    | M      | MANAGER             | 7839 | 1981-04-02 | 2975 | NULL |     20 |       4 | HONEYCOMB    | a12recmpm  | 7132300039 |        1 |
|  7654 | MARTIN   | M      | SALESMAN            | 7698 | 1981-09-28 | 1250 | 1400 |     30 |       6 | LIFE RACER   | sales@2017 | 7132300050 |        1 |
|  7698 | BLAKE    | M      | MANAGER             | 7839 | 1981-05-01 | 2850 | NULL |     30 |       1 | BIG BEN      | sales@2017 | 7132300027 |        1 |
|  7782 | CLARK    | M      | MANAGER             | 7839 | 1981-06-09 | 2450 | NULL |     10 |       3 | CLARK        | r50mpm     | 7032300001 |        1 |
|  7788 | SCOTT    | M      | ANALYST             | 7566 | 1982-12-09 | 3000 | NULL |     20 |       3 | WHITE SAND   | a12recmpm  | NULL       |        1 |
|  7839 | KING     | M      | PRESIDENT           | NULL | 1981-11-17 | 5000 | NULL |     10 |       1 | KING         | r50mpm     | 7132300081 |        1 |
|  7840 | FRED     | M      | vice PRESIDENT      | 7839 | 1983-08-09 | 5000 | NULL |     20 |       1 | SAND STONE   | a12recmpm  | NULL       |        1 |
|  7844 | TURNER   | M      | SALESMAN            | 7698 | 1981-09-08 | 1500 |    0 |     30 |       5 | SAND DUST    | sales@2017 | NULL       |        1 |
|  7876 | ADAMS    | M      | CLERK               | 7788 | 1983-01-12 | 1100 | NULL |     20 |       1 | CRAZY ANYONE | a12recmpm  | 7132300086 |        1 |
|  7900 | JAMES    | M      | CLERK               | 7698 | 1981-12-03 |  950 | NULL |     30 |       2 | CRAZY LEADER | sales@2017 | 7132300042 |        1 |
|  7902 | FORD     | M      | ANALYST             | 7566 | 1981-12-03 | 3000 | NULL |     20 |       4 | CONBRIO      | a12recmpm  | NULL       |        0 |
|  7919 | HOFFMAN  | M      | MANAGER             | 7566 | 1982-03-24 | 4150 | NULL |     30 |       3 | INTERVAL     | sales@2017 | NULL       |        1 |
|  7920 | GRASS    | M      | SALESMAN            | 7919 | 1980-02-14 | 2575 | 2700 |     30 |       5 | GRASS        | sales@2017 | NULL       |        1 |
|  7934 | MILLER   | M      | CLERK               | 7782 | 1982-01-23 | 1300 | NULL |     10 |       2 | QUARTERNOTE  | r50mpm     | 7132300055 |        0 |
|  7945 | AARUSH   | M      | SALESMAN            | 7902 | 1980-02-14 | 1350 | 2700 |     30 |    NULL | AARUSH       | ABCDEF     | NULL       |        0 |
|  7949 | ALEX     | M      | MANAGER             | 7698 | 1982-01-24 | 1250 |  500 |     30 |       5 | QUARTERREST  | sales@2017 | 7156567183 |        1 |
|  8433 | NATASHA  | F      | CLERK               | 7920 | 1981-07-19 | 1750 | NULL |     30 |       1 | NATASHA      | sales@2017 | NULL       |        1 |
|  9400 | SANGITA  | F      | Compliance officers | 7920 | 1981-07-19 | 1750 | NULL |     50 |       1 | SANGITA      | NULL       | NULL       |        1 |
|  9473 | SUPRIYA  | F      | ANALYST             | 7920 | 1981-07-19 | 1750 | NULL |     50 |       1 | SUPRIYA      | XYZ@1234   | NULL       |        1 |
+-------+----------+--------+---------------------+------+------------+------+------+--------+---------+--------------+------------+------------+----------+
28 rows in set (0.00 sec)

mysql> select * from abc;
+-------+---------+--------+-----------------+------+------------+------+------+--------+---------+--------------+-----------+------------+----------+
| EMPNO | ENAME   | GENDER | JOB             | MGR  | HIREDATE   | SAL  | COMM | DEPTNO | BONUSID | USER NAME    | PWD       | PHONE      | isActive |
+-------+---------+--------+-----------------+------+------------+------+------+--------+---------+--------------+-----------+------------+----------+
|  7415 | AARAV   | M      | CLERK           | 7902 | 1981-12-31 | 3350 | NULL |     10 |    NULL | AARAV        | NULL      | 7032300084 |        0 |
|  7421 | THOMAS  | M      | CLERK           | 7920 | 1981-07-19 | 1750 | NULL |     10 |       1 | THOMAS       | r50mpm    | 7032300011 |        0 |
|  7782 | CLARK   | M      | MANAGER         | 7839 | 1981-06-09 | 2450 | NULL |     10 |       3 | CLARK        | r50mpm    | 7032300001 |        1 |
|  7839 | KING    | M      | PRESIDENT       | NULL | 1981-11-17 | 5000 | NULL |     10 |       1 | KING         | r50mpm    | 7132300081 |        1 |
|  7934 | MILLER  | M      | CLERK           | 7782 | 1982-01-23 | 1300 | NULL |     10 |       2 | QUARTERNOTE  | r50mpm    | 7132300055 |        0 |
|  6473 | SHARMIN | F      | Public Relation | 7920 | 1981-07-19 | 1750 | NULL |     20 |       1 | SHARMIN      | a12recmpm | NULL       |        1 |
|  6781 | BANDISH | F      | Public Relation | 7920 | 1981-07-19 | 1750 | NULL |     20 |       1 | BANDISH      | a12recmpm | NULL       |        1 |
|  7369 | SMITH   | M      | CLERK           | 7902 | 1980-12-17 |  800 | NULL |     20 |       2 | TRITONE      | a12recmpm | 7032300023 |        0 |
|  7566 | JONES   | M      | MANAGER         | 7839 | 1981-04-02 | 2975 | NULL |     20 |       4 | HONEYCOMB    | a12recmpm | 7132300039 |        1 |
|  7788 | SCOTT   | M      | ANALYST         | 7566 | 1982-12-09 | 3000 | NULL |     20 |       3 | WHITE SAND   | a12recmpm | NULL       |        1 |
|  7840 | FRED    | M      | vice PRESIDENT  | 7839 | 1983-08-09 | 5000 | NULL |     20 |       1 | SAND STONE   | a12recmpm | NULL       |        1 |
|  7876 | ADAMS   | M      | CLERK           | 7788 | 1983-01-12 | 1100 | NULL |     20 |       1 | CRAZY ANYONE | a12recmpm | 7132300086 |        1 |
|  7902 | FORD    | M      | ANALYST         | 7566 | 1981-12-03 | 3000 | NULL |     20 |       4 | CONBRIO      | a12recmpm | NULL       |        0 |
+-------+---------+--------+-----------------+------+------------+------+------+--------+---------+--------------+-----------+------------+----------+
13 rows in set (0.00 sec)

mysql> update emp set ename = 'zzz' where ename = '
    '> ford';
Query OK, 0 rows affected (0.00 sec)
Rows matched: 0  Changed: 0  Warnings: 0

mysql> select * from abc;
+-------+---------+--------+-----------------+------+------------+------+------+--------+---------+--------------+-----------+------------+----------+
| EMPNO | ENAME   | GENDER | JOB             | MGR  | HIREDATE   | SAL  | COMM | DEPTNO | BONUSID | USER NAME    | PWD       | PHONE      | isActive |
+-------+---------+--------+-----------------+------+------------+------+------+--------+---------+--------------+-----------+------------+----------+
|  7415 | AARAV   | M      | CLERK           | 7902 | 1981-12-31 | 3350 | NULL |     10 |    NULL | AARAV        | NULL      | 7032300084 |        0 |
|  7421 | THOMAS  | M      | CLERK           | 7920 | 1981-07-19 | 1750 | NULL |     10 |       1 | THOMAS       | r50mpm    | 7032300011 |        0 |
|  7782 | CLARK   | M      | MANAGER         | 7839 | 1981-06-09 | 2450 | NULL |     10 |       3 | CLARK        | r50mpm    | 7032300001 |        1 |
|  7839 | KING    | M      | PRESIDENT       | NULL | 1981-11-17 | 5000 | NULL |     10 |       1 | KING         | r50mpm    | 7132300081 |        1 |
|  7934 | MILLER  | M      | CLERK           | 7782 | 1982-01-23 | 1300 | NULL |     10 |       2 | QUARTERNOTE  | r50mpm    | 7132300055 |        0 |
|  6473 | SHARMIN | F      | Public Relation | 7920 | 1981-07-19 | 1750 | NULL |     20 |       1 | SHARMIN      | a12recmpm | NULL       |        1 |
|  6781 | BANDISH | F      | Public Relation | 7920 | 1981-07-19 | 1750 | NULL |     20 |       1 | BANDISH      | a12recmpm | NULL       |        1 |
|  7369 | SMITH   | M      | CLERK           | 7902 | 1980-12-17 |  800 | NULL |     20 |       2 | TRITONE      | a12recmpm | 7032300023 |        0 |
|  7566 | JONES   | M      | MANAGER         | 7839 | 1981-04-02 | 2975 | NULL |     20 |       4 | HONEYCOMB    | a12recmpm | 7132300039 |        1 |
|  7788 | SCOTT   | M      | ANALYST         | 7566 | 1982-12-09 | 3000 | NULL |     20 |       3 | WHITE SAND   | a12recmpm | NULL       |        1 |
|  7840 | FRED    | M      | vice PRESIDENT  | 7839 | 1983-08-09 | 5000 | NULL |     20 |       1 | SAND STONE   | a12recmpm | NULL       |        1 |
|  7876 | ADAMS   | M      | CLERK           | 7788 | 1983-01-12 | 1100 | NULL |     20 |       1 | CRAZY ANYONE | a12recmpm | 7132300086 |        1 |
|  7902 | FORD    | M      | ANALYST         | 7566 | 1981-12-03 | 3000 | NULL |     20 |       4 | CONBRIO      | a12recmpm | NULL       |        0 |
+-------+---------+--------+-----------------+------+------------+------+------+--------+---------+--------------+-----------+------------+----------+
13 rows in set (0.00 sec)

mysql> update emp set ename = 'zzz' where ename = 'FORD';
Query OK, 1 row affected (0.00 sec)
Rows matched: 1  Changed: 1  Warnings: 0

mysql> select * from abc;
+-------+---------+--------+-----------------+------+------------+------+------+--------+---------+--------------+-----------+------------+----------+
| EMPNO | ENAME   | GENDER | JOB             | MGR  | HIREDATE   | SAL  | COMM | DEPTNO | BONUSID | USER NAME    | PWD       | PHONE      | isActive |
+-------+---------+--------+-----------------+------+------------+------+------+--------+---------+--------------+-----------+------------+----------+
|  7415 | AARAV   | M      | CLERK           | 7902 | 1981-12-31 | 3350 | NULL |     10 |    NULL | AARAV        | NULL      | 7032300084 |        0 |
|  7421 | THOMAS  | M      | CLERK           | 7920 | 1981-07-19 | 1750 | NULL |     10 |       1 | THOMAS       | r50mpm    | 7032300011 |        0 |
|  7782 | CLARK   | M      | MANAGER         | 7839 | 1981-06-09 | 2450 | NULL |     10 |       3 | CLARK        | r50mpm    | 7032300001 |        1 |
|  7839 | KING    | M      | PRESIDENT       | NULL | 1981-11-17 | 5000 | NULL |     10 |       1 | KING         | r50mpm    | 7132300081 |        1 |
|  7934 | MILLER  | M      | CLERK           | 7782 | 1982-01-23 | 1300 | NULL |     10 |       2 | QUARTERNOTE  | r50mpm    | 7132300055 |        0 |
|  6473 | SHARMIN | F      | Public Relation | 7920 | 1981-07-19 | 1750 | NULL |     20 |       1 | SHARMIN      | a12recmpm | NULL       |        1 |
|  6781 | BANDISH | F      | Public Relation | 7920 | 1981-07-19 | 1750 | NULL |     20 |       1 | BANDISH      | a12recmpm | NULL       |        1 |
|  7369 | SMITH   | M      | CLERK           | 7902 | 1980-12-17 |  800 | NULL |     20 |       2 | TRITONE      | a12recmpm | 7032300023 |        0 |
|  7566 | JONES   | M      | MANAGER         | 7839 | 1981-04-02 | 2975 | NULL |     20 |       4 | HONEYCOMB    | a12recmpm | 7132300039 |        1 |
|  7788 | SCOTT   | M      | ANALYST         | 7566 | 1982-12-09 | 3000 | NULL |     20 |       3 | WHITE SAND   | a12recmpm | NULL       |        1 |
|  7840 | FRED    | M      | vice PRESIDENT  | 7839 | 1983-08-09 | 5000 | NULL |     20 |       1 | SAND STONE   | a12recmpm | NULL       |        1 |
|  7876 | ADAMS   | M      | CLERK           | 7788 | 1983-01-12 | 1100 | NULL |     20 |       1 | CRAZY ANYONE | a12recmpm | 7132300086 |        1 |
|  7902 | FORD    | M      | ANALYST         | 7566 | 1981-12-03 | 3000 | NULL |     20 |       4 | CONBRIO      | a12recmpm | NULL       |        0 |
+-------+---------+--------+-----------------+------+------------+------+------+--------+---------+--------------+-----------+------------+----------+
13 rows in set (0.00 sec)

mysql> select * from emo union select * from abc;
ERROR 1146 (42S02): Table 'db1.emo' doesn't exist
mysql> select * from emp union select * from abc;
+-------+----------+--------+---------------------+------+------------+------+------+--------+---------+--------------+------------+------------+----------+
| EMPNO | ENAME    | GENDER | JOB                 | MGR  | HIREDATE   | SAL  | COMM | DEPTNO | BONUSID | USER NAME    | PWD        | PHONE      | isActive |
+-------+----------+--------+---------------------+------+------------+------+------+--------+---------+--------------+------------+------------+----------+
|  6001 | GITA     | F      | Compliance officers | 7920 | 1981-07-19 | 1750 | NULL |     30 |       1 | GITA         | sales@2017 | NULL       |        1 |
|  6129 | VRUSHALI | F      | Compliance officers | 7920 | 1981-07-19 | 1750 | NULL |     50 |       1 | VRUSHALI     | PUN@8877   | NULL       |        1 |
|  6473 | SHARMIN  | F      | Public Relation     | 7920 | 1981-07-19 | 1750 | NULL |     20 |       1 | SHARMIN      | a12recmpm  | NULL       |        1 |
|  6781 | BANDISH  | F      | Public Relation     | 7920 | 1981-07-19 | 1750 | NULL |     20 |       1 | BANDISH      | a12recmpm  | NULL       |        1 |
|  7369 | SMITH    | M      | CLERK               | 7902 | 1980-12-17 |  800 | NULL |     20 |       2 | TRITONE      | a12recmpm  | 7032300023 |        0 |
|  7415 | AARAV    | M      | CLERK               | 7902 | 1981-12-31 | 3350 | NULL |     10 |    NULL | AARAV        | NULL       | 7032300084 |        0 |
|  7421 | THOMAS   | M      | CLERK               | 7920 | 1981-07-19 | 1750 | NULL |     10 |       1 | THOMAS       | r50mpm     | 7032300011 |        0 |
|  7499 | ALLEN    | M      | SALESMAN            | 7698 | 1981-02-20 | 1600 |  300 |     30 |       4 | ALWAYS TESTE | sales@2017 | 7032300096 |        1 |
|  7521 | WARD     | M      | SALESMAN            | 7698 | 1981-02-22 | 1250 |  500 |     30 |       1 | WARD         | sales@2017 | 7132300034 |        1 |
|  7566 | JONES    | M      | MANAGER             | 7839 | 1981-04-02 | 2975 | NULL |     20 |       4 | HONEYCOMB    | a12recmpm  | 7132300039 |        1 |
|  7654 | MARTIN   | M      | SALESMAN            | 7698 | 1981-09-28 | 1250 | 1400 |     30 |       6 | LIFE RACER   | sales@2017 | 7132300050 |        1 |
|  7698 | BLAKE    | M      | MANAGER             | 7839 | 1981-05-01 | 2850 | NULL |     30 |       1 | BIG BEN      | sales@2017 | 7132300027 |        1 |
|  7782 | CLARK    | M      | MANAGER             | 7839 | 1981-06-09 | 2450 | NULL |     10 |       3 | CLARK        | r50mpm     | 7032300001 |        1 |
|  7788 | SCOTT    | M      | ANALYST             | 7566 | 1982-12-09 | 3000 | NULL |     20 |       3 | WHITE SAND   | a12recmpm  | NULL       |        1 |
|  7839 | KING     | M      | PRESIDENT           | NULL | 1981-11-17 | 5000 | NULL |     10 |       1 | KING         | r50mpm     | 7132300081 |        1 |
|  7840 | FRED     | M      | vice PRESIDENT      | 7839 | 1983-08-09 | 5000 | NULL |     20 |       1 | SAND STONE   | a12recmpm  | NULL       |        1 |
|  7844 | TURNER   | M      | SALESMAN            | 7698 | 1981-09-08 | 1500 |    0 |     30 |       5 | SAND DUST    | sales@2017 | NULL       |        1 |
|  7876 | ADAMS    | M      | CLERK               | 7788 | 1983-01-12 | 1100 | NULL |     20 |       1 | CRAZY ANYONE | a12recmpm  | 7132300086 |        1 |
|  7900 | JAMES    | M      | CLERK               | 7698 | 1981-12-03 |  950 | NULL |     30 |       2 | CRAZY LEADER | sales@2017 | 7132300042 |        1 |
|  7902 | zzz      | M      | ANALYST             | 7566 | 1981-12-03 | 3000 | NULL |     20 |       4 | CONBRIO      | a12recmpm  | NULL       |        0 |
|  7919 | HOFFMAN  | M      | MANAGER             | 7566 | 1982-03-24 | 4150 | NULL |     30 |       3 | INTERVAL     | sales@2017 | NULL       |        1 |
|  7920 | GRASS    | M      | SALESMAN            | 7919 | 1980-02-14 | 2575 | 2700 |     30 |       5 | GRASS        | sales@2017 | NULL       |        1 |
|  7934 | MILLER   | M      | CLERK               | 7782 | 1982-01-23 | 1300 | NULL |     10 |       2 | QUARTERNOTE  | r50mpm     | 7132300055 |        0 |
|  7945 | AARUSH   | M      | SALESMAN            | 7902 | 1980-02-14 | 1350 | 2700 |     30 |    NULL | AARUSH       | ABCDEF     | NULL       |        0 |
|  7949 | ALEX     | M      | MANAGER             | 7698 | 1982-01-24 | 1250 |  500 |     30 |       5 | QUARTERREST  | sales@2017 | 7156567183 |        1 |
|  8433 | NATASHA  | F      | CLERK               | 7920 | 1981-07-19 | 1750 | NULL |     30 |       1 | NATASHA      | sales@2017 | NULL       |        1 |
|  9400 | SANGITA  | F      | Compliance officers | 7920 | 1981-07-19 | 1750 | NULL |     50 |       1 | SANGITA      | NULL       | NULL       |        1 |
|  9473 | SUPRIYA  | F      | ANALYST             | 7920 | 1981-07-19 | 1750 | NULL |     50 |       1 | SUPRIYA      | XYZ@1234   | NULL       |        1 |
|  7902 | FORD     | M      | ANALYST             | 7566 | 1981-12-03 | 3000 | NULL |     20 |       4 | CONBRIO      | a12recmpm  | NULL       |        0 |
+-------+----------+--------+---------------------+------+------------+------+------+--------+---------+--------------+------------+------------+----------+
29 rows in set (0.00 sec)

mysql> creat table z1 (c1 int, c2 varchar(10));
ERROR 1064 (42000): You have an error in your SQL syntax; check the manual that corresponds to your MySQL server version for the right syntax to use near 'creat table z1 (c1 int, c2 varchar(10))' at line 1
mysql> create table z1 (c1 int, c2 varchar(10));
Query OK, 0 rows affected (0.34 sec)

mysql> create table z2 (c1 int, c2 varchar(10));
Query OK, 0 rows affected (0.28 sec)

mysql> insert into z1 values(1,'saleel');
Query OK, 1 row affected (0.00 sec)

mysql> insert into z2 values(1,'sharmin');
Query OK, 1 row affected (0.00 sec)

mysql> insert into z1 values(1,'sharmin');
Query OK, 1 row affected (0.00 sec)

mysql> insert into z2 values(1,'ruhan');
Query OK, 1 row affected (0.00 sec)

mysql> select * from z1;
+------+---------+
| c1   | c2      |
+------+---------+
|    1 | saleel  |
|    1 | sharmin |
+------+---------+
2 rows in set (0.00 sec)

mysql> select * from z2;
+------+---------+
| c1   | c2      |
+------+---------+
|    1 | sharmin |
|    1 | ruhan   |
+------+---------+
2 rows in set (0.00 sec)

mysql> insert into z1 values(1,'saleel');
Query OK, 1 row affected (0.00 sec)

mysql> select * from z1;
+------+---------+
| c1   | c2      |
+------+---------+
|    1 | saleel  |
|    1 | sharmin |
|    1 | saleel  |
+------+---------+
3 rows in set (0.00 sec)

mysql> select * from z2;
+------+---------+
| c1   | c2      |
+------+---------+
|    1 | sharmin |
|    1 | ruhan   |
+------+---------+
2 rows in set (0.00 sec)

mysql> insert into z2 values(1,'ruhan\');
    '> ^C
mysql> insert into z2 values(1,'ruhan');
Query OK, 1 row affected (0.00 sec)

mysql> select * from z1;
+------+---------+
| c1   | c2      |
+------+---------+
|    1 | saleel  |
|    1 | sharmin |
|    1 | saleel  |
+------+---------+
3 rows in set (0.00 sec)

mysql> select * from z2;
+------+---------+
| c1   | c2      |
+------+---------+
|    1 | sharmin |
|    1 | ruhan   |
|    1 | ruhan   |
+------+---------+
3 rows in set (0.00 sec)

mysql> select distinct * from z1 union all select * from z2;
+------+---------+
| c1   | c2      |
+------+---------+
|    1 | saleel  |
|    1 | sharmin |
|    1 | sharmin |
|    1 | ruhan   |
|    1 | ruhan   |
+------+---------+
5 rows in set (0.00 sec)

mysql> select * from z1 union select * from z2;
+------+---------+
| c1   | c2      |
+------+---------+
|    1 | saleel  |
|    1 | sharmin |
|    1 | ruhan   |
+------+---------+
3 rows in set (0.00 sec)

mysql> select * from z1 union all select * from z2;
+------+---------+
| c1   | c2      |
+------+---------+
|    1 | saleel  |
|    1 | sharmin |
|    1 | saleel  |
|    1 | sharmin |
|    1 | ruhan   |
|    1 | ruhan   |
+------+---------+
6 rows in set (0.00 sec)

mysql> select distinct * from z1 union all select * from z2;
+------+---------+
| c1   | c2      |
+------+---------+
|    1 | saleel  |
|    1 | sharmin |
|    1 | sharmin |
|    1 | ruhan   |
|    1 | ruhan   |
+------+---------+
5 rows in set (0.00 sec)

mysql> select  * from z1;
+------+---------+
| c1   | c2      |
+------+---------+
|    1 | saleel  |
|    1 | sharmin |
|    1 | saleel  |
+------+---------+
3 rows in set (0.00 sec)

mysql> select  * from z2;
+------+---------+
| c1   | c2      |
+------+---------+
|    1 | sharmin |
|    1 | ruhan   |
|    1 | ruhan   |
+------+---------+
3 rows in set (0.00 sec)

mysql> select distinct * from z1 union select * from z2;
+------+---------+
| c1   | c2      |
+------+---------+
|    1 | saleel  |
|    1 | sharmin |
|    1 | ruhan   |
+------+---------+
3 rows in set (0.00 sec)

mysql> select distinct * from z1 union all select * from z2;
+------+---------+
| c1   | c2      |
+------+---------+
|    1 | saleel  |
|    1 | sharmin |
|    1 | sharmin |
|    1 | ruhan   |
|    1 | ruhan   |
+------+---------+
5 rows in set (0.00 sec)

mysql> select distinct * from (select distinct * from z1 union all select * from z2) t1;
+------+---------+
| c1   | c2      |
+------+---------+
|    1 | saleel  |
|    1 | sharmin |
|    1 | ruhan   |
+------+---------+
3 rows in set (0.00 sec)

mysql> rollback;
Query OK, 0 rows affected (0.03 sec)

mysql> select * from emp;
+-------+----------+--------+---------------------+------+------------+------+------+--------+---------+--------------+------------+------------+----------+
| EMPNO | ENAME    | GENDER | JOB                 | MGR  | HIREDATE   | SAL  | COMM | DEPTNO | BONUSID | USER NAME    | PWD        | PHONE      | isActive |
+-------+----------+--------+---------------------+------+------------+------+------+--------+---------+--------------+------------+------------+----------+
|  6001 | GITA     | F      | Compliance officers | 7920 | 1981-07-19 | 1750 | NULL |     30 |       1 | GITA         | sales@2017 | NULL       |        1 |
|  6129 | VRUSHALI | F      | Compliance officers | 7920 | 1981-07-19 | 1750 | NULL |     50 |       1 | VRUSHALI     | PUN@8877   | NULL       |        1 |
|  6473 | SHARMIN  | F      | Public Relation     | 7920 | 1981-07-19 | 1750 | NULL |     20 |       1 | SHARMIN      | a12recmpm  | NULL       |        1 |
|  6781 | BANDISH  | F      | Public Relation     | 7920 | 1981-07-19 | 1750 | NULL |     20 |       1 | BANDISH      | a12recmpm  | NULL       |        1 |
|  7369 | SMITH    | M      | CLERK               | 7902 | 1980-12-17 |  800 | NULL |     20 |       2 | TRITONE      | a12recmpm  | 7032300023 |        0 |
|  7415 | AARAV    | M      | CLERK               | 7902 | 1981-12-31 | 3350 | NULL |     10 |    NULL | AARAV        | NULL       | 7032300084 |        0 |
|  7421 | THOMAS   | M      | CLERK               | 7920 | 1981-07-19 | 1750 | NULL |     10 |       1 | THOMAS       | r50mpm     | 7032300011 |        0 |
|  7499 | ALLEN    | M      | SALESMAN            | 7698 | 1981-02-20 | 1600 |  300 |     30 |       4 | ALWAYS TESTE | sales@2017 | 7032300096 |        1 |
|  7521 | WARD     | M      | SALESMAN            | 7698 | 1981-02-22 | 1250 |  500 |     30 |       1 | WARD         | sales@2017 | 7132300034 |        1 |
|  7566 | JONES    | M      | MANAGER             | 7839 | 1981-04-02 | 2975 | NULL |     20 |       4 | HONEYCOMB    | a12recmpm  | 7132300039 |        1 |
|  7654 | MARTIN   | M      | SALESMAN            | 7698 | 1981-09-28 | 1250 | 1400 |     30 |       6 | LIFE RACER   | sales@2017 | 7132300050 |        1 |
|  7698 | BLAKE    | M      | MANAGER             | 7839 | 1981-05-01 | 2850 | NULL |     30 |       1 | BIG BEN      | sales@2017 | 7132300027 |        1 |
|  7782 | CLARK    | M      | MANAGER             | 7839 | 1981-06-09 | 2450 | NULL |     10 |       3 | CLARK        | r50mpm     | 7032300001 |        1 |
|  7788 | SCOTT    | M      | ANALYST             | 7566 | 1982-12-09 | 3000 | NULL |     20 |       3 | WHITE SAND   | a12recmpm  | NULL       |        1 |
|  7839 | KING     | M      | PRESIDENT           | NULL | 1981-11-17 | 5000 | NULL |     10 |       1 | KING         | r50mpm     | 7132300081 |        1 |
|  7840 | FRED     | M      | vice PRESIDENT      | 7839 | 1983-08-09 | 5000 | NULL |     20 |       1 | SAND STONE   | a12recmpm  | NULL       |        1 |
|  7844 | TURNER   | M      | SALESMAN            | 7698 | 1981-09-08 | 1500 |    0 |     30 |       5 | SAND DUST    | sales@2017 | NULL       |        1 |
|  7876 | ADAMS    | M      | CLERK               | 7788 | 1983-01-12 | 1100 | NULL |     20 |       1 | CRAZY ANYONE | a12recmpm  | 7132300086 |        1 |
|  7900 | JAMES    | M      | CLERK               | 7698 | 1981-12-03 |  950 | NULL |     30 |       2 | CRAZY LEADER | sales@2017 | 7132300042 |        1 |
|  7902 | zzz      | M      | ANALYST             | 7566 | 1981-12-03 | 3000 | NULL |     20 |       4 | CONBRIO      | a12recmpm  | NULL       |        0 |
|  7919 | HOFFMAN  | M      | MANAGER             | 7566 | 1982-03-24 | 4150 | NULL |     30 |       3 | INTERVAL     | sales@2017 | NULL       |        1 |
|  7920 | GRASS    | M      | SALESMAN            | 7919 | 1980-02-14 | 2575 | 2700 |     30 |       5 | GRASS        | sales@2017 | NULL       |        1 |
|  7934 | MILLER   | M      | CLERK               | 7782 | 1982-01-23 | 1300 | NULL |     10 |       2 | QUARTERNOTE  | r50mpm     | 7132300055 |        0 |
|  7945 | AARUSH   | M      | SALESMAN            | 7902 | 1980-02-14 | 1350 | 2700 |     30 |    NULL | AARUSH       | ABCDEF     | NULL       |        0 |
|  7949 | ALEX     | M      | MANAGER             | 7698 | 1982-01-24 | 1250 |  500 |     30 |       5 | QUARTERREST  | sales@2017 | 7156567183 |        1 |
|  8433 | NATASHA  | F      | CLERK               | 7920 | 1981-07-19 | 1750 | NULL |     30 |       1 | NATASHA      | sales@2017 | NULL       |        1 |
|  9400 | SANGITA  | F      | Compliance officers | 7920 | 1981-07-19 | 1750 | NULL |     50 |       1 | SANGITA      | NULL       | NULL       |        1 |
|  9473 | SUPRIYA  | F      | ANALYST             | 7920 | 1981-07-19 | 1750 | NULL |     50 |       1 | SUPRIYA      | XYZ@1234   | NULL       |        1 |
+-------+----------+--------+---------------------+------+------------+------+------+--------+---------+--------------+------------+------------+----------+
28 rows in set (0.00 sec)

mysql> select * from abc;
+-------+---------+--------+-----------------+------+------------+------+------+--------+---------+--------------+-----------+------------+----------+
| EMPNO | ENAME   | GENDER | JOB             | MGR  | HIREDATE   | SAL  | COMM | DEPTNO | BONUSID | USER NAME    | PWD       | PHONE      | isActive |
+-------+---------+--------+-----------------+------+------------+------+------+--------+---------+--------------+-----------+------------+----------+
|  7415 | AARAV   | M      | CLERK           | 7902 | 1981-12-31 | 3350 | NULL |     10 |    NULL | AARAV        | NULL      | 7032300084 |        0 |
|  7421 | THOMAS  | M      | CLERK           | 7920 | 1981-07-19 | 1750 | NULL |     10 |       1 | THOMAS       | r50mpm    | 7032300011 |        0 |
|  7782 | CLARK   | M      | MANAGER         | 7839 | 1981-06-09 | 2450 | NULL |     10 |       3 | CLARK        | r50mpm    | 7032300001 |        1 |
|  7839 | KING    | M      | PRESIDENT       | NULL | 1981-11-17 | 5000 | NULL |     10 |       1 | KING         | r50mpm    | 7132300081 |        1 |
|  7934 | MILLER  | M      | CLERK           | 7782 | 1982-01-23 | 1300 | NULL |     10 |       2 | QUARTERNOTE  | r50mpm    | 7132300055 |        0 |
|  6473 | SHARMIN | F      | Public Relation | 7920 | 1981-07-19 | 1750 | NULL |     20 |       1 | SHARMIN      | a12recmpm | NULL       |        1 |
|  6781 | BANDISH | F      | Public Relation | 7920 | 1981-07-19 | 1750 | NULL |     20 |       1 | BANDISH      | a12recmpm | NULL       |        1 |
|  7369 | SMITH   | M      | CLERK           | 7902 | 1980-12-17 |  800 | NULL |     20 |       2 | TRITONE      | a12recmpm | 7032300023 |        0 |
|  7566 | JONES   | M      | MANAGER         | 7839 | 1981-04-02 | 2975 | NULL |     20 |       4 | HONEYCOMB    | a12recmpm | 7132300039 |        1 |
|  7788 | SCOTT   | M      | ANALYST         | 7566 | 1982-12-09 | 3000 | NULL |     20 |       3 | WHITE SAND   | a12recmpm | NULL       |        1 |
|  7840 | FRED    | M      | vice PRESIDENT  | 7839 | 1983-08-09 | 5000 | NULL |     20 |       1 | SAND STONE   | a12recmpm | NULL       |        1 |
|  7876 | ADAMS   | M      | CLERK           | 7788 | 1983-01-12 | 1100 | NULL |     20 |       1 | CRAZY ANYONE | a12recmpm | 7132300086 |        1 |
|  7902 | FORD    | M      | ANALYST         | 7566 | 1981-12-03 | 3000 | NULL |     20 |       4 | CONBRIO      | a12recmpm | NULL       |        0 |
+-------+---------+--------+-----------------+------+------------+------+------+--------+---------+--------------+-----------+------------+----------+
13 rows in set (0.00 sec)

mysql> select * from z1;
Empty set (0.00 sec)

mysql> select * from r0;
ERROR 1146 (42S02): Table 'db1.r0' doesn't exist
mysql> show tables;
+---------------------+
| Tables_in_db1       |
+---------------------+
| a                   |
| abc                 |
| agent               |
| andor               |
| b                   |
| blanktablea         |
| blanktableb         |
| blog                |
| bonus               |
| books               |
| candidate           |
| client              |
| coalesce            |
| comments            |
| company             |
| customer            |
| customers           |
| demodept1           |
| demodept2           |
| dept                |
| dept1               |
| docs                |
| dummy               |
| duplicate           |
| emp                 |
| emp1                |
| emp2                |
| emp_attendance      |
| emp_cards           |
| emp_phone           |
| empj                |
| envelope            |
| food                |
| hobby               |
| item                |
| key_parts           |
| licence             |
| location            |
| mass_table          |
| menucard            |
| nearest             |
| new                 |
| newbooks            |
| nullif              |
| numberstring        |
| ord                 |
| orders              |
| plumber             |
| plumber_service_map |
| points              |
| price               |
| product             |
| products            |
| quarter_revenue     |
| r                   |
| r1                  |
| r2                  |
| races               |
| regexpr             |
| replacedept         |
| revenue             |
| runners             |
| sales               |
| sales_channel       |
| salespeople         |
| salesperson         |
| salgrade            |
| service             |
| seta                |
| setb                |
| softdrink           |
| sort                |
| stadium             |
| states              |
| station             |
| status              |
| stringnumber        |
| t1                  |
| tablea              |
| tableaa             |
| tableb              |
| tablebb             |
| tasks               |
| temp1               |
| transactions        |
| vote_response       |
| votes               |
| warehouse           |
| z                   |
| z1                  |
| z2                  |
+---------------------+
91 rows in set (0.00 sec)

mysql> select * from r1;
+------+
| c1   |
+------+
|    1 |
|    2 |
|    3 |
|    4 |
+------+
4 rows in set (0.04 sec)

mysql> select * from r2;
+------+------+
| c1   | c2   |
+------+------+
|    1 | a    |
|    2 | b    |
|    1 | c    |
|    3 | d    |
|    2 | e    |
|    1 | f    |
+------+------+
6 rows in set (0.02 sec)

mysql> select c1 from r1 union select c1 from r2;
+------+
| c1   |
+------+
|    1 |
|    2 |
|    3 |
|    4 |
+------+
4 rows in set (0.00 sec)

mysql> select c1 from r1 union all select c1 from r2;
+------+
| c1   |
+------+
|    1 |
|    2 |
|    3 |
|    4 |
|    1 |
|    2 |
|    1 |
|    3 |
|    2 |
|    1 |
+------+
10 rows in set (0.00 sec)

mysql> select * from r1;
+------+
| c1   |
+------+
|    1 |
|    2 |
|    3 |
|    4 |
+------+
4 rows in set (0.00 sec)

mysql> select * from r2;
+------+------+
| c1   | c2   |
+------+------+
|    1 | a    |
|    2 | b    |
|    1 | c    |
|    3 | d    |
|    2 | e    |
|    1 | f    |
+------+------+
6 rows in set (0.00 sec)

mysql> select c1 from r1 intersect select c1 from r2;
ERROR 1064 (42000): You have an error in your SQL syntax; check the manual that corresponds to your MySQL server version for the right syntax to use near 'select c1 from r2' at line 1
mysql>
mysql>
mysql>
mysql>
mysql> select c1 from r1 where exists (select c1 from r2 where r1.c1 = r2.c1) ;
+------+
| c1   |
+------+
|    1 |
|    2 |
|    3 |
+------+
3 rows in set (0.02 sec)

mysql> select c1 from r1 where no exists (select c1 from r2 where r1.c1 = r2.c1) ;
ERROR 1064 (42000): You have an error in your SQL syntax; check the manual that corresponds to your MySQL server version for the right syntax to use near 'exists (select c1 from r2 where r1.c1 = r2.c1)' at line 1
mysql> select c1 from r1 where not exists (select c1 from r2 where r1.c1 = r2.c1) ;
+------+
| c1   |
+------+
|    4 |
+------+
1 row in set (0.00 sec)

mysql> table emp;
+-------+----------+--------+---------------------+------+------------+------+------+--------+---------+--------------+------------+------------+----------+
| EMPNO | ENAME    | GENDER | JOB                 | MGR  | HIREDATE   | SAL  | COMM | DEPTNO | BONUSID | USER NAME    | PWD        | PHONE      | isActive |
+-------+----------+--------+---------------------+------+------------+------+------+--------+---------+--------------+------------+------------+----------+
|  6001 | GITA     | F      | Compliance officers | 7920 | 1981-07-19 | 1750 | NULL |     30 |       1 | GITA         | sales@2017 | NULL       |        1 |
|  6129 | VRUSHALI | F      | Compliance officers | 7920 | 1981-07-19 | 1750 | NULL |     50 |       1 | VRUSHALI     | PUN@8877   | NULL       |        1 |
|  6473 | SHARMIN  | F      | Public Relation     | 7920 | 1981-07-19 | 1750 | NULL |     20 |       1 | SHARMIN      | a12recmpm  | NULL       |        1 |
|  6781 | BANDISH  | F      | Public Relation     | 7920 | 1981-07-19 | 1750 | NULL |     20 |       1 | BANDISH      | a12recmpm  | NULL       |        1 |
|  7369 | SMITH    | M      | CLERK               | 7902 | 1980-12-17 |  800 | NULL |     20 |       2 | TRITONE      | a12recmpm  | 7032300023 |        0 |
|  7415 | AARAV    | M      | CLERK               | 7902 | 1981-12-31 | 3350 | NULL |     10 |    NULL | AARAV        | NULL       | 7032300084 |        0 |
|  7421 | THOMAS   | M      | CLERK               | 7920 | 1981-07-19 | 1750 | NULL |     10 |       1 | THOMAS       | r50mpm     | 7032300011 |        0 |
|  7499 | ALLEN    | M      | SALESMAN            | 7698 | 1981-02-20 | 1600 |  300 |     30 |       4 | ALWAYS TESTE | sales@2017 | 7032300096 |        1 |
|  7521 | WARD     | M      | SALESMAN            | 7698 | 1981-02-22 | 1250 |  500 |     30 |       1 | WARD         | sales@2017 | 7132300034 |        1 |
|  7566 | JONES    | M      | MANAGER             | 7839 | 1981-04-02 | 2975 | NULL |     20 |       4 | HONEYCOMB    | a12recmpm  | 7132300039 |        1 |
|  7654 | MARTIN   | M      | SALESMAN            | 7698 | 1981-09-28 | 1250 | 1400 |     30 |       6 | LIFE RACER   | sales@2017 | 7132300050 |        1 |
|  7698 | BLAKE    | M      | MANAGER             | 7839 | 1981-05-01 | 2850 | NULL |     30 |       1 | BIG BEN      | sales@2017 | 7132300027 |        1 |
|  7782 | CLARK    | M      | MANAGER             | 7839 | 1981-06-09 | 2450 | NULL |     10 |       3 | CLARK        | r50mpm     | 7032300001 |        1 |
|  7788 | SCOTT    | M      | ANALYST             | 7566 | 1982-12-09 | 3000 | NULL |     20 |       3 | WHITE SAND   | a12recmpm  | NULL       |        1 |
|  7839 | KING     | M      | PRESIDENT           | NULL | 1981-11-17 | 5000 | NULL |     10 |       1 | KING         | r50mpm     | 7132300081 |        1 |
|  7840 | FRED     | M      | vice PRESIDENT      | 7839 | 1983-08-09 | 5000 | NULL |     20 |       1 | SAND STONE   | a12recmpm  | NULL       |        1 |
|  7844 | TURNER   | M      | SALESMAN            | 7698 | 1981-09-08 | 1500 |    0 |     30 |       5 | SAND DUST    | sales@2017 | NULL       |        1 |
|  7876 | ADAMS    | M      | CLERK               | 7788 | 1983-01-12 | 1100 | NULL |     20 |       1 | CRAZY ANYONE | a12recmpm  | 7132300086 |        1 |
|  7900 | JAMES    | M      | CLERK               | 7698 | 1981-12-03 |  950 | NULL |     30 |       2 | CRAZY LEADER | sales@2017 | 7132300042 |        1 |
|  7902 | zzz      | M      | ANALYST             | 7566 | 1981-12-03 | 3000 | NULL |     20 |       4 | CONBRIO      | a12recmpm  | NULL       |        0 |
|  7919 | HOFFMAN  | M      | MANAGER             | 7566 | 1982-03-24 | 4150 | NULL |     30 |       3 | INTERVAL     | sales@2017 | NULL       |        1 |
|  7920 | GRASS    | M      | SALESMAN            | 7919 | 1980-02-14 | 2575 | 2700 |     30 |       5 | GRASS        | sales@2017 | NULL       |        1 |
|  7934 | MILLER   | M      | CLERK               | 7782 | 1982-01-23 | 1300 | NULL |     10 |       2 | QUARTERNOTE  | r50mpm     | 7132300055 |        0 |
|  7945 | AARUSH   | M      | SALESMAN            | 7902 | 1980-02-14 | 1350 | 2700 |     30 |    NULL | AARUSH       | ABCDEF     | NULL       |        0 |
|  7949 | ALEX     | M      | MANAGER             | 7698 | 1982-01-24 | 1250 |  500 |     30 |       5 | QUARTERREST  | sales@2017 | 7156567183 |        1 |
|  8433 | NATASHA  | F      | CLERK               | 7920 | 1981-07-19 | 1750 | NULL |     30 |       1 | NATASHA      | sales@2017 | NULL       |        1 |
|  9400 | SANGITA  | F      | Compliance officers | 7920 | 1981-07-19 | 1750 | NULL |     50 |       1 | SANGITA      | NULL       | NULL       |        1 |
|  9473 | SUPRIYA  | F      | ANALYST             | 7920 | 1981-07-19 | 1750 | NULL |     50 |       1 | SUPRIYA      | XYZ@1234   | NULL       |        1 |
+-------+----------+--------+---------------------+------+------------+------+------+--------+---------+--------------+------------+------------+----------+
28 rows in set (0.00 sec)

mysql> table dept;
+--------+------------+----------+------------+------------+
| DEPTNO | DNAME      | LOC      | PWD        | STARTEDON  |
+--------+------------+----------+------------+------------+
|     10 | ACCOUNTING | NEW YORK | r50mpm     | 24/03/1989 |
|     20 | RESEARCH   | DALLAS   | a12recmpm  | 12/04/1989 |
|     30 | SALES      | CHICAGO  | sales@2017 | 13/04/1989 |
|     40 | OPERATIONS | BOSTON   | opr@123    | 12/07/1989 |
|     50 | HR         | PUNE     | PUN@8877   | 22/12/1989 |
+--------+------------+----------+------------+------------+
5 rows in set (0.00 sec)

mysql> select * from dept where exists(select deptno from emp where dept.deptno = emp.deptno);
+--------+------------+----------+------------+------------+
| DEPTNO | DNAME      | LOC      | PWD        | STARTEDON  |
+--------+------------+----------+------------+------------+
|     10 | ACCOUNTING | NEW YORK | r50mpm     | 24/03/1989 |
|     20 | RESEARCH   | DALLAS   | a12recmpm  | 12/04/1989 |
|     30 | SALES      | CHICAGO  | sales@2017 | 13/04/1989 |
|     50 | HR         | PUNE     | PUN@8877   | 22/12/1989 |
+--------+------------+----------+------------+------------+
4 rows in set (0.00 sec)

mysql> select * from dept where not exists(select deptno from emp where dept.deptno = emp.deptno);
+--------+------------+--------+---------+------------+
| DEPTNO | DNAME      | LOC    | PWD     | STARTEDON  |
+--------+------------+--------+---------+------------+
|     40 | OPERATIONS | BOSTON | opr@123 | 12/07/1989 |
+--------+------------+--------+---------+------------+
1 row in set (0.00 sec)

mysql>
mysql> select * from emp where job='manager';
+-------+---------+--------+---------+------+------------+------+------+--------+---------+-------------+------------+------------+----------+
| EMPNO | ENAME   | GENDER | JOB     | MGR  | HIREDATE   | SAL  | COMM | DEPTNO | BONUSID | USER NAME   | PWD        | PHONE      | isActive |
+-------+---------+--------+---------+------+------------+------+------+--------+---------+-------------+------------+------------+----------+
|  7566 | JONES   | M      | MANAGER | 7839 | 1981-04-02 | 2975 | NULL |     20 |       4 | HONEYCOMB   | a12recmpm  | 7132300039 |        1 |
|  7698 | BLAKE   | M      | MANAGER | 7839 | 1981-05-01 | 2850 | NULL |     30 |       1 | BIG BEN     | sales@2017 | 7132300027 |        1 |
|  7782 | CLARK   | M      | MANAGER | 7839 | 1981-06-09 | 2450 | NULL |     10 |       3 | CLARK       | r50mpm     | 7032300001 |        1 |
|  7919 | HOFFMAN | M      | MANAGER | 7566 | 1982-03-24 | 4150 | NULL |     30 |       3 | INTERVAL    | sales@2017 | NULL       |        1 |
|  7949 | ALEX    | M      | MANAGER | 7698 | 1982-01-24 | 1250 |  500 |     30 |       5 | QUARTERREST | sales@2017 | 7156567183 |        1 |
+-------+---------+--------+---------+------+------------+------+------+--------+---------+-------------+------------+------------+----------+
5 rows in set (0.00 sec)

mysql> select * from emp where not job='manager';
+-------+----------+--------+---------------------+------+------------+------+------+--------+---------+--------------+------------+------------+----------+
| EMPNO | ENAME    | GENDER | JOB                 | MGR  | HIREDATE   | SAL  | COMM | DEPTNO | BONUSID | USER NAME    | PWD        | PHONE      | isActive |
+-------+----------+--------+---------------------+------+------------+------+------+--------+---------+--------------+------------+------------+----------+
|  6001 | GITA     | F      | Compliance officers | 7920 | 1981-07-19 | 1750 | NULL |     30 |       1 | GITA         | sales@2017 | NULL       |        1 |
|  6129 | VRUSHALI | F      | Compliance officers | 7920 | 1981-07-19 | 1750 | NULL |     50 |       1 | VRUSHALI     | PUN@8877   | NULL       |        1 |
|  6473 | SHARMIN  | F      | Public Relation     | 7920 | 1981-07-19 | 1750 | NULL |     20 |       1 | SHARMIN      | a12recmpm  | NULL       |        1 |
|  6781 | BANDISH  | F      | Public Relation     | 7920 | 1981-07-19 | 1750 | NULL |     20 |       1 | BANDISH      | a12recmpm  | NULL       |        1 |
|  7369 | SMITH    | M      | CLERK               | 7902 | 1980-12-17 |  800 | NULL |     20 |       2 | TRITONE      | a12recmpm  | 7032300023 |        0 |
|  7415 | AARAV    | M      | CLERK               | 7902 | 1981-12-31 | 3350 | NULL |     10 |    NULL | AARAV        | NULL       | 7032300084 |        0 |
|  7421 | THOMAS   | M      | CLERK               | 7920 | 1981-07-19 | 1750 | NULL |     10 |       1 | THOMAS       | r50mpm     | 7032300011 |        0 |
|  7499 | ALLEN    | M      | SALESMAN            | 7698 | 1981-02-20 | 1600 |  300 |     30 |       4 | ALWAYS TESTE | sales@2017 | 7032300096 |        1 |
|  7521 | WARD     | M      | SALESMAN            | 7698 | 1981-02-22 | 1250 |  500 |     30 |       1 | WARD         | sales@2017 | 7132300034 |        1 |
|  7654 | MARTIN   | M      | SALESMAN            | 7698 | 1981-09-28 | 1250 | 1400 |     30 |       6 | LIFE RACER   | sales@2017 | 7132300050 |        1 |
|  7788 | SCOTT    | M      | ANALYST             | 7566 | 1982-12-09 | 3000 | NULL |     20 |       3 | WHITE SAND   | a12recmpm  | NULL       |        1 |
|  7839 | KING     | M      | PRESIDENT           | NULL | 1981-11-17 | 5000 | NULL |     10 |       1 | KING         | r50mpm     | 7132300081 |        1 |
|  7840 | FRED     | M      | vice PRESIDENT      | 7839 | 1983-08-09 | 5000 | NULL |     20 |       1 | SAND STONE   | a12recmpm  | NULL       |        1 |
|  7844 | TURNER   | M      | SALESMAN            | 7698 | 1981-09-08 | 1500 |    0 |     30 |       5 | SAND DUST    | sales@2017 | NULL       |        1 |
|  7876 | ADAMS    | M      | CLERK               | 7788 | 1983-01-12 | 1100 | NULL |     20 |       1 | CRAZY ANYONE | a12recmpm  | 7132300086 |        1 |
|  7900 | JAMES    | M      | CLERK               | 7698 | 1981-12-03 |  950 | NULL |     30 |       2 | CRAZY LEADER | sales@2017 | 7132300042 |        1 |
|  7902 | zzz      | M      | ANALYST             | 7566 | 1981-12-03 | 3000 | NULL |     20 |       4 | CONBRIO      | a12recmpm  | NULL       |        0 |
|  7920 | GRASS    | M      | SALESMAN            | 7919 | 1980-02-14 | 2575 | 2700 |     30 |       5 | GRASS        | sales@2017 | NULL       |        1 |
|  7934 | MILLER   | M      | CLERK               | 7782 | 1982-01-23 | 1300 | NULL |     10 |       2 | QUARTERNOTE  | r50mpm     | 7132300055 |        0 |
|  7945 | AARUSH   | M      | SALESMAN            | 7902 | 1980-02-14 | 1350 | 2700 |     30 |    NULL | AARUSH       | ABCDEF     | NULL       |        0 |
|  8433 | NATASHA  | F      | CLERK               | 7920 | 1981-07-19 | 1750 | NULL |     30 |       1 | NATASHA      | sales@2017 | NULL       |        1 |
|  9400 | SANGITA  | F      | Compliance officers | 7920 | 1981-07-19 | 1750 | NULL |     50 |       1 | SANGITA      | NULL       | NULL       |        1 |
|  9473 | SUPRIYA  | F      | ANALYST             | 7920 | 1981-07-19 | 1750 | NULL |     50 |       1 | SUPRIYA      | XYZ@1234   | NULL       |        1 |
+-------+----------+--------+---------------------+------+------------+------+------+--------+---------+--------------+------------+------------+----------+
23 rows in set (0.00 sec)

mysql> select * from emp where job<>'manager';
+-------+----------+--------+---------------------+------+------------+------+------+--------+---------+--------------+------------+------------+----------+
| EMPNO | ENAME    | GENDER | JOB                 | MGR  | HIREDATE   | SAL  | COMM | DEPTNO | BONUSID | USER NAME    | PWD        | PHONE      | isActive |
+-------+----------+--------+---------------------+------+------------+------+------+--------+---------+--------------+------------+------------+----------+
|  6001 | GITA     | F      | Compliance officers | 7920 | 1981-07-19 | 1750 | NULL |     30 |       1 | GITA         | sales@2017 | NULL       |        1 |
|  6129 | VRUSHALI | F      | Compliance officers | 7920 | 1981-07-19 | 1750 | NULL |     50 |       1 | VRUSHALI     | PUN@8877   | NULL       |        1 |
|  6473 | SHARMIN  | F      | Public Relation     | 7920 | 1981-07-19 | 1750 | NULL |     20 |       1 | SHARMIN      | a12recmpm  | NULL       |        1 |
|  6781 | BANDISH  | F      | Public Relation     | 7920 | 1981-07-19 | 1750 | NULL |     20 |       1 | BANDISH      | a12recmpm  | NULL       |        1 |
|  7369 | SMITH    | M      | CLERK               | 7902 | 1980-12-17 |  800 | NULL |     20 |       2 | TRITONE      | a12recmpm  | 7032300023 |        0 |
|  7415 | AARAV    | M      | CLERK               | 7902 | 1981-12-31 | 3350 | NULL |     10 |    NULL | AARAV        | NULL       | 7032300084 |        0 |
|  7421 | THOMAS   | M      | CLERK               | 7920 | 1981-07-19 | 1750 | NULL |     10 |       1 | THOMAS       | r50mpm     | 7032300011 |        0 |
|  7499 | ALLEN    | M      | SALESMAN            | 7698 | 1981-02-20 | 1600 |  300 |     30 |       4 | ALWAYS TESTE | sales@2017 | 7032300096 |        1 |
|  7521 | WARD     | M      | SALESMAN            | 7698 | 1981-02-22 | 1250 |  500 |     30 |       1 | WARD         | sales@2017 | 7132300034 |        1 |
|  7654 | MARTIN   | M      | SALESMAN            | 7698 | 1981-09-28 | 1250 | 1400 |     30 |       6 | LIFE RACER   | sales@2017 | 7132300050 |        1 |
|  7788 | SCOTT    | M      | ANALYST             | 7566 | 1982-12-09 | 3000 | NULL |     20 |       3 | WHITE SAND   | a12recmpm  | NULL       |        1 |
|  7839 | KING     | M      | PRESIDENT           | NULL | 1981-11-17 | 5000 | NULL |     10 |       1 | KING         | r50mpm     | 7132300081 |        1 |
|  7840 | FRED     | M      | vice PRESIDENT      | 7839 | 1983-08-09 | 5000 | NULL |     20 |       1 | SAND STONE   | a12recmpm  | NULL       |        1 |
|  7844 | TURNER   | M      | SALESMAN            | 7698 | 1981-09-08 | 1500 |    0 |     30 |       5 | SAND DUST    | sales@2017 | NULL       |        1 |
|  7876 | ADAMS    | M      | CLERK               | 7788 | 1983-01-12 | 1100 | NULL |     20 |       1 | CRAZY ANYONE | a12recmpm  | 7132300086 |        1 |
|  7900 | JAMES    | M      | CLERK               | 7698 | 1981-12-03 |  950 | NULL |     30 |       2 | CRAZY LEADER | sales@2017 | 7132300042 |        1 |
|  7902 | zzz      | M      | ANALYST             | 7566 | 1981-12-03 | 3000 | NULL |     20 |       4 | CONBRIO      | a12recmpm  | NULL       |        0 |
|  7920 | GRASS    | M      | SALESMAN            | 7919 | 1980-02-14 | 2575 | 2700 |     30 |       5 | GRASS        | sales@2017 | NULL       |        1 |
|  7934 | MILLER   | M      | CLERK               | 7782 | 1982-01-23 | 1300 | NULL |     10 |       2 | QUARTERNOTE  | r50mpm     | 7132300055 |        0 |
|  7945 | AARUSH   | M      | SALESMAN            | 7902 | 1980-02-14 | 1350 | 2700 |     30 |    NULL | AARUSH       | ABCDEF     | NULL       |        0 |
|  8433 | NATASHA  | F      | CLERK               | 7920 | 1981-07-19 | 1750 | NULL |     30 |       1 | NATASHA      | sales@2017 | NULL       |        1 |
|  9400 | SANGITA  | F      | Compliance officers | 7920 | 1981-07-19 | 1750 | NULL |     50 |       1 | SANGITA      | NULL       | NULL       |        1 |
|  9473 | SUPRIYA  | F      | ANALYST             | 7920 | 1981-07-19 | 1750 | NULL |     50 |       1 | SUPRIYA      | XYZ@1234   | NULL       |        1 |
+-------+----------+--------+---------------------+------+------------+------+------+--------+---------+--------------+------------+------------+----------+
23 rows in set (0.00 sec)

mysql> table emp;
+-------+----------+--------+---------------------+------+------------+------+------+--------+---------+--------------+------------+------------+----------+
| EMPNO | ENAME    | GENDER | JOB                 | MGR  | HIREDATE   | SAL  | COMM | DEPTNO | BONUSID | USER NAME    | PWD        | PHONE      | isActive |
+-------+----------+--------+---------------------+------+------------+------+------+--------+---------+--------------+------------+------------+----------+
|  6001 | GITA     | F      | Compliance officers | 7920 | 1981-07-19 | 1750 | NULL |     30 |       1 | GITA         | sales@2017 | NULL       |        1 |
|  6129 | VRUSHALI | F      | Compliance officers | 7920 | 1981-07-19 | 1750 | NULL |     50 |       1 | VRUSHALI     | PUN@8877   | NULL       |        1 |
|  6473 | SHARMIN  | F      | Public Relation     | 7920 | 1981-07-19 | 1750 | NULL |     20 |       1 | SHARMIN      | a12recmpm  | NULL       |        1 |
|  6781 | BANDISH  | F      | Public Relation     | 7920 | 1981-07-19 | 1750 | NULL |     20 |       1 | BANDISH      | a12recmpm  | NULL       |        1 |
|  7369 | SMITH    | M      | CLERK               | 7902 | 1980-12-17 |  800 | NULL |     20 |       2 | TRITONE      | a12recmpm  | 7032300023 |        0 |
|  7415 | AARAV    | M      | CLERK               | 7902 | 1981-12-31 | 3350 | NULL |     10 |    NULL | AARAV        | NULL       | 7032300084 |        0 |
|  7421 | THOMAS   | M      | CLERK               | 7920 | 1981-07-19 | 1750 | NULL |     10 |       1 | THOMAS       | r50mpm     | 7032300011 |        0 |
|  7499 | ALLEN    | M      | SALESMAN            | 7698 | 1981-02-20 | 1600 |  300 |     30 |       4 | ALWAYS TESTE | sales@2017 | 7032300096 |        1 |
|  7521 | WARD     | M      | SALESMAN            | 7698 | 1981-02-22 | 1250 |  500 |     30 |       1 | WARD         | sales@2017 | 7132300034 |        1 |
|  7566 | JONES    | M      | MANAGER             | 7839 | 1981-04-02 | 2975 | NULL |     20 |       4 | HONEYCOMB    | a12recmpm  | 7132300039 |        1 |
|  7654 | MARTIN   | M      | SALESMAN            | 7698 | 1981-09-28 | 1250 | 1400 |     30 |       6 | LIFE RACER   | sales@2017 | 7132300050 |        1 |
|  7698 | BLAKE    | M      | MANAGER             | 7839 | 1981-05-01 | 2850 | NULL |     30 |       1 | BIG BEN      | sales@2017 | 7132300027 |        1 |
|  7782 | CLARK    | M      | MANAGER             | 7839 | 1981-06-09 | 2450 | NULL |     10 |       3 | CLARK        | r50mpm     | 7032300001 |        1 |
|  7788 | SCOTT    | M      | ANALYST             | 7566 | 1982-12-09 | 3000 | NULL |     20 |       3 | WHITE SAND   | a12recmpm  | NULL       |        1 |
|  7839 | KING     | M      | PRESIDENT           | NULL | 1981-11-17 | 5000 | NULL |     10 |       1 | KING         | r50mpm     | 7132300081 |        1 |
|  7840 | FRED     | M      | vice PRESIDENT      | 7839 | 1983-08-09 | 5000 | NULL |     20 |       1 | SAND STONE   | a12recmpm  | NULL       |        1 |
|  7844 | TURNER   | M      | SALESMAN            | 7698 | 1981-09-08 | 1500 |    0 |     30 |       5 | SAND DUST    | sales@2017 | NULL       |        1 |
|  7876 | ADAMS    | M      | CLERK               | 7788 | 1983-01-12 | 1100 | NULL |     20 |       1 | CRAZY ANYONE | a12recmpm  | 7132300086 |        1 |
|  7900 | JAMES    | M      | CLERK               | 7698 | 1981-12-03 |  950 | NULL |     30 |       2 | CRAZY LEADER | sales@2017 | 7132300042 |        1 |
|  7902 | zzz      | M      | ANALYST             | 7566 | 1981-12-03 | 3000 | NULL |     20 |       4 | CONBRIO      | a12recmpm  | NULL       |        0 |
|  7919 | HOFFMAN  | M      | MANAGER             | 7566 | 1982-03-24 | 4150 | NULL |     30 |       3 | INTERVAL     | sales@2017 | NULL       |        1 |
|  7920 | GRASS    | M      | SALESMAN            | 7919 | 1980-02-14 | 2575 | 2700 |     30 |       5 | GRASS        | sales@2017 | NULL       |        1 |
|  7934 | MILLER   | M      | CLERK               | 7782 | 1982-01-23 | 1300 | NULL |     10 |       2 | QUARTERNOTE  | r50mpm     | 7132300055 |        0 |
|  7945 | AARUSH   | M      | SALESMAN            | 7902 | 1980-02-14 | 1350 | 2700 |     30 |    NULL | AARUSH       | ABCDEF     | NULL       |        0 |
|  7949 | ALEX     | M      | MANAGER             | 7698 | 1982-01-24 | 1250 |  500 |     30 |       5 | QUARTERREST  | sales@2017 | 7156567183 |        1 |
|  8433 | NATASHA  | F      | CLERK               | 7920 | 1981-07-19 | 1750 | NULL |     30 |       1 | NATASHA      | sales@2017 | NULL       |        1 |
|  9400 | SANGITA  | F      | Compliance officers | 7920 | 1981-07-19 | 1750 | NULL |     50 |       1 | SANGITA      | NULL       | NULL       |        1 |
|  9473 | SUPRIYA  | F      | ANALYST             | 7920 | 1981-07-19 | 1750 | NULL |     50 |       1 | SUPRIYA      | XYZ@1234   | NULL       |        1 |
+-------+----------+--------+---------------------+------+------------+------+------+--------+---------+--------------+------------+------------+----------+
28 rows in set (0.00 sec)

mysql> select * from z1;
Empty set (0.00 sec)

mysql> desc z1;
+-------+-------------+------+-----+---------+-------+
| Field | Type        | Null | Key | Default | Extra |
+-------+-------------+------+-----+---------+-------+
| c1    | int         | YES  |     | NULL    |       |
| c2    | varchar(10) | YES  |     | NULL    |       |
+-------+-------------+------+-----+---------+-------+
2 rows in set (0.00 sec)

mysql> insert into z1 values(1,'saleel'), (1,'sharmin');
Query OK, 2 rows affected (0.00 sec)
Records: 2  Duplicates: 0  Warnings: 0

mysql> insert into z2 values(1,'sharmin'), (1,'sharmin');
Query OK, 2 rows affected (0.00 sec)
Records: 2  Duplicates: 0  Warnings: 0

mysql>
mysql>
mysql>
mysql> insert into z1 values(1,'saleel'), (1,'sharmin'), (1,'saleel');
Query OK, 3 rows affected (0.00 sec)
Records: 3  Duplicates: 0  Warnings: 0

mysql> insert intoo z2 values(1,'sharmin'), (1,'ruhan'), (1,'ruhan');
ERROR 1064 (42000): You have an error in your SQL syntax; check the manual that corresponds to your MySQL server version for the right syntax to use near 'z2 values(1,'sharmin'), (1,'ruhan'), (1,'ruhan')' at line 1
mysql> insert into z2 values(1,'sharmin'), (1,'ruhan'), (1,'ruhan');
Query OK, 3 rows affected (0.00 sec)
Records: 3  Duplicates: 0  Warnings: 0

mysql> commit;
Query OK, 0 rows affected (0.10 sec)

mysql> table emp;
+-------+----------+--------+---------------------+------+------------+------+------+--------+---------+--------------+------------+------------+----------+
| EMPNO | ENAME    | GENDER | JOB                 | MGR  | HIREDATE   | SAL  | COMM | DEPTNO | BONUSID | USER NAME    | PWD        | PHONE      | isActive |
+-------+----------+--------+---------------------+------+------------+------+------+--------+---------+--------------+------------+------------+----------+
|  6001 | GITA     | F      | Compliance officers | 7920 | 1981-07-19 | 1750 | NULL |     30 |       1 | GITA         | sales@2017 | NULL       |        1 |
|  6129 | VRUSHALI | F      | Compliance officers | 7920 | 1981-07-19 | 1750 | NULL |     50 |       1 | VRUSHALI     | PUN@8877   | NULL       |        1 |
|  6473 | SHARMIN  | F      | Public Relation     | 7920 | 1981-07-19 | 1750 | NULL |     20 |       1 | SHARMIN      | a12recmpm  | NULL       |        1 |
|  6781 | BANDISH  | F      | Public Relation     | 7920 | 1981-07-19 | 1750 | NULL |     20 |       1 | BANDISH      | a12recmpm  | NULL       |        1 |
|  7369 | SMITH    | M      | CLERK               | 7902 | 1980-12-17 |  800 | NULL |     20 |       2 | TRITONE      | a12recmpm  | 7032300023 |        0 |
|  7415 | AARAV    | M      | CLERK               | 7902 | 1981-12-31 | 3350 | NULL |     10 |    NULL | AARAV        | NULL       | 7032300084 |        0 |
|  7421 | THOMAS   | M      | CLERK               | 7920 | 1981-07-19 | 1750 | NULL |     10 |       1 | THOMAS       | r50mpm     | 7032300011 |        0 |
|  7499 | ALLEN    | M      | SALESMAN            | 7698 | 1981-02-20 | 1600 |  300 |     30 |       4 | ALWAYS TESTE | sales@2017 | 7032300096 |        1 |
|  7521 | WARD     | M      | SALESMAN            | 7698 | 1981-02-22 | 1250 |  500 |     30 |       1 | WARD         | sales@2017 | 7132300034 |        1 |
|  7566 | JONES    | M      | MANAGER             | 7839 | 1981-04-02 | 2975 | NULL |     20 |       4 | HONEYCOMB    | a12recmpm  | 7132300039 |        1 |
|  7654 | MARTIN   | M      | SALESMAN            | 7698 | 1981-09-28 | 1250 | 1400 |     30 |       6 | LIFE RACER   | sales@2017 | 7132300050 |        1 |
|  7698 | BLAKE    | M      | MANAGER             | 7839 | 1981-05-01 | 2850 | NULL |     30 |       1 | BIG BEN      | sales@2017 | 7132300027 |        1 |
|  7782 | CLARK    | M      | MANAGER             | 7839 | 1981-06-09 | 2450 | NULL |     10 |       3 | CLARK        | r50mpm     | 7032300001 |        1 |
|  7788 | SCOTT    | M      | ANALYST             | 7566 | 1982-12-09 | 3000 | NULL |     20 |       3 | WHITE SAND   | a12recmpm  | NULL       |        1 |
|  7839 | KING     | M      | PRESIDENT           | NULL | 1981-11-17 | 5000 | NULL |     10 |       1 | KING         | r50mpm     | 7132300081 |        1 |
|  7840 | FRED     | M      | vice PRESIDENT      | 7839 | 1983-08-09 | 5000 | NULL |     20 |       1 | SAND STONE   | a12recmpm  | NULL       |        1 |
|  7844 | TURNER   | M      | SALESMAN            | 7698 | 1981-09-08 | 1500 |    0 |     30 |       5 | SAND DUST    | sales@2017 | NULL       |        1 |
|  7876 | ADAMS    | M      | CLERK               | 7788 | 1983-01-12 | 1100 | NULL |     20 |       1 | CRAZY ANYONE | a12recmpm  | 7132300086 |        1 |
|  7900 | JAMES    | M      | CLERK               | 7698 | 1981-12-03 |  950 | NULL |     30 |       2 | CRAZY LEADER | sales@2017 | 7132300042 |        1 |
|  7902 | zzz      | M      | ANALYST             | 7566 | 1981-12-03 | 3000 | NULL |     20 |       4 | CONBRIO      | a12recmpm  | NULL       |        0 |
|  7919 | HOFFMAN  | M      | MANAGER             | 7566 | 1982-03-24 | 4150 | NULL |     30 |       3 | INTERVAL     | sales@2017 | NULL       |        1 |
|  7920 | GRASS    | M      | SALESMAN            | 7919 | 1980-02-14 | 2575 | 2700 |     30 |       5 | GRASS        | sales@2017 | NULL       |        1 |
|  7934 | MILLER   | M      | CLERK               | 7782 | 1982-01-23 | 1300 | NULL |     10 |       2 | QUARTERNOTE  | r50mpm     | 7132300055 |        0 |
|  7945 | AARUSH   | M      | SALESMAN            | 7902 | 1980-02-14 | 1350 | 2700 |     30 |    NULL | AARUSH       | ABCDEF     | NULL       |        0 |
|  7949 | ALEX     | M      | MANAGER             | 7698 | 1982-01-24 | 1250 |  500 |     30 |       5 | QUARTERREST  | sales@2017 | 7156567183 |        1 |
|  8433 | NATASHA  | F      | CLERK               | 7920 | 1981-07-19 | 1750 | NULL |     30 |       1 | NATASHA      | sales@2017 | NULL       |        1 |
|  9400 | SANGITA  | F      | Compliance officers | 7920 | 1981-07-19 | 1750 | NULL |     50 |       1 | SANGITA      | NULL       | NULL       |        1 |
|  9473 | SUPRIYA  | F      | ANALYST             | 7920 | 1981-07-19 | 1750 | NULL |     50 |       1 | SUPRIYA      | XYZ@1234   | NULL       |        1 |
+-------+----------+--------+---------------------+------+------------+------+------+--------+---------+--------------+------------+------------+----------+
28 rows in set (0.00 sec)

mysql> select * from emp where gender='f';
+-------+----------+--------+---------------------+------+------------+------+------+--------+---------+-----------+------------+-------+----------+
| EMPNO | ENAME    | GENDER | JOB                 | MGR  | HIREDATE   | SAL  | COMM | DEPTNO | BONUSID | USER NAME | PWD        | PHONE | isActive |
+-------+----------+--------+---------------------+------+------------+------+------+--------+---------+-----------+------------+-------+----------+
|  6001 | GITA     | F      | Compliance officers | 7920 | 1981-07-19 | 1750 | NULL |     30 |       1 | GITA      | sales@2017 | NULL  |        1 |
|  6129 | VRUSHALI | F      | Compliance officers | 7920 | 1981-07-19 | 1750 | NULL |     50 |       1 | VRUSHALI  | PUN@8877   | NULL  |        1 |
|  6473 | SHARMIN  | F      | Public Relation     | 7920 | 1981-07-19 | 1750 | NULL |     20 |       1 | SHARMIN   | a12recmpm  | NULL  |        1 |
|  6781 | BANDISH  | F      | Public Relation     | 7920 | 1981-07-19 | 1750 | NULL |     20 |       1 | BANDISH   | a12recmpm  | NULL  |        1 |
|  8433 | NATASHA  | F      | CLERK               | 7920 | 1981-07-19 | 1750 | NULL |     30 |       1 | NATASHA   | sales@2017 | NULL  |        1 |
|  9400 | SANGITA  | F      | Compliance officers | 7920 | 1981-07-19 | 1750 | NULL |     50 |       1 | SANGITA   | NULL       | NULL  |        1 |
|  9473 | SUPRIYA  | F      | ANALYST             | 7920 | 1981-07-19 | 1750 | NULL |     50 |       1 | SUPRIYA   | XYZ@1234   | NULL  |        1 |
+-------+----------+--------+---------------------+------+------------+------+------+--------+---------+-----------+------------+-------+----------+
7 rows in set (0.00 sec)

mysql> select * from emp where gender='m';
+-------+---------+--------+----------------+------+------------+------+------+--------+---------+--------------+------------+------------+----------+
| EMPNO | ENAME   | GENDER | JOB            | MGR  | HIREDATE   | SAL  | COMM | DEPTNO | BONUSID | USER NAME    | PWD        | PHONE      | isActive |
+-------+---------+--------+----------------+------+------------+------+------+--------+---------+--------------+------------+------------+----------+
|  7369 | SMITH   | M      | CLERK          | 7902 | 1980-12-17 |  800 | NULL |     20 |       2 | TRITONE      | a12recmpm  | 7032300023 |        0 |
|  7415 | AARAV   | M      | CLERK          | 7902 | 1981-12-31 | 3350 | NULL |     10 |    NULL | AARAV        | NULL       | 7032300084 |        0 |
|  7421 | THOMAS  | M      | CLERK          | 7920 | 1981-07-19 | 1750 | NULL |     10 |       1 | THOMAS       | r50mpm     | 7032300011 |        0 |
|  7499 | ALLEN   | M      | SALESMAN       | 7698 | 1981-02-20 | 1600 |  300 |     30 |       4 | ALWAYS TESTE | sales@2017 | 7032300096 |        1 |
|  7521 | WARD    | M      | SALESMAN       | 7698 | 1981-02-22 | 1250 |  500 |     30 |       1 | WARD         | sales@2017 | 7132300034 |        1 |
|  7566 | JONES   | M      | MANAGER        | 7839 | 1981-04-02 | 2975 | NULL |     20 |       4 | HONEYCOMB    | a12recmpm  | 7132300039 |        1 |
|  7654 | MARTIN  | M      | SALESMAN       | 7698 | 1981-09-28 | 1250 | 1400 |     30 |       6 | LIFE RACER   | sales@2017 | 7132300050 |        1 |
|  7698 | BLAKE   | M      | MANAGER        | 7839 | 1981-05-01 | 2850 | NULL |     30 |       1 | BIG BEN      | sales@2017 | 7132300027 |        1 |
|  7782 | CLARK   | M      | MANAGER        | 7839 | 1981-06-09 | 2450 | NULL |     10 |       3 | CLARK        | r50mpm     | 7032300001 |        1 |
|  7788 | SCOTT   | M      | ANALYST        | 7566 | 1982-12-09 | 3000 | NULL |     20 |       3 | WHITE SAND   | a12recmpm  | NULL       |        1 |
|  7839 | KING    | M      | PRESIDENT      | NULL | 1981-11-17 | 5000 | NULL |     10 |       1 | KING         | r50mpm     | 7132300081 |        1 |
|  7840 | FRED    | M      | vice PRESIDENT | 7839 | 1983-08-09 | 5000 | NULL |     20 |       1 | SAND STONE   | a12recmpm  | NULL       |        1 |
|  7844 | TURNER  | M      | SALESMAN       | 7698 | 1981-09-08 | 1500 |    0 |     30 |       5 | SAND DUST    | sales@2017 | NULL       |        1 |
|  7876 | ADAMS   | M      | CLERK          | 7788 | 1983-01-12 | 1100 | NULL |     20 |       1 | CRAZY ANYONE | a12recmpm  | 7132300086 |        1 |
|  7900 | JAMES   | M      | CLERK          | 7698 | 1981-12-03 |  950 | NULL |     30 |       2 | CRAZY LEADER | sales@2017 | 7132300042 |        1 |
|  7902 | zzz     | M      | ANALYST        | 7566 | 1981-12-03 | 3000 | NULL |     20 |       4 | CONBRIO      | a12recmpm  | NULL       |        0 |
|  7919 | HOFFMAN | M      | MANAGER        | 7566 | 1982-03-24 | 4150 | NULL |     30 |       3 | INTERVAL     | sales@2017 | NULL       |        1 |
|  7920 | GRASS   | M      | SALESMAN       | 7919 | 1980-02-14 | 2575 | 2700 |     30 |       5 | GRASS        | sales@2017 | NULL       |        1 |
|  7934 | MILLER  | M      | CLERK          | 7782 | 1982-01-23 | 1300 | NULL |     10 |       2 | QUARTERNOTE  | r50mpm     | 7132300055 |        0 |
|  7945 | AARUSH  | M      | SALESMAN       | 7902 | 1980-02-14 | 1350 | 2700 |     30 |    NULL | AARUSH       | ABCDEF     | NULL       |        0 |
|  7949 | ALEX    | M      | MANAGER        | 7698 | 1982-01-24 | 1250 |  500 |     30 |       5 | QUARTERREST  | sales@2017 | 7156567183 |        1 |
+-------+---------+--------+----------------+------+------------+------+------+--------+---------+--------------+------------+------------+----------+
21 rows in set (0.00 sec)

mysql> select * from emp where not exists(select * from emp where emp.deptno = emp.deptno);
Empty set (0.00 sec)

mysql> select * from emp f where not exists(select * from emp m where f.deptno = m.deptno and m.gender='m');
+-------+----------+--------+---------------------+------+------------+------+------+--------+---------+-----------+----------+-------+----------+
| EMPNO | ENAME    | GENDER | JOB                 | MGR  | HIREDATE   | SAL  | COMM | DEPTNO | BONUSID | USER NAME | PWD      | PHONE | isActive |
+-------+----------+--------+---------------------+------+------------+------+------+--------+---------+-----------+----------+-------+----------+
|  6129 | VRUSHALI | F      | Compliance officers | 7920 | 1981-07-19 | 1750 | NULL |     50 |       1 | VRUSHALI  | PUN@8877 | NULL  |        1 |
|  9400 | SANGITA  | F      | Compliance officers | 7920 | 1981-07-19 | 1750 | NULL |     50 |       1 | SANGITA   | NULL     | NULL  |        1 |
|  9473 | SUPRIYA  | F      | ANALYST             | 7920 | 1981-07-19 | 1750 | NULL |     50 |       1 | SUPRIYA   | XYZ@1234 | NULL  |        1 |
+-------+----------+--------+---------------------+------+------------+------+------+--------+---------+-----------+----------+-------+----------+
3 rows in set (0.00 sec)

mysql> select * from emp f where not exists(select * from emp m where f.deptno = m.deptno );
Empty set (0.00 sec)

mysql> select * from emp f where  exists(select * from emp m where f.deptno = m.deptno );
+-------+----------+--------+---------------------+------+------------+------+------+--------+---------+--------------+------------+------------+----------+
| EMPNO | ENAME    | GENDER | JOB                 | MGR  | HIREDATE   | SAL  | COMM | DEPTNO | BONUSID | USER NAME    | PWD        | PHONE      | isActive |
+-------+----------+--------+---------------------+------+------------+------+------+--------+---------+--------------+------------+------------+----------+
|  6001 | GITA     | F      | Compliance officers | 7920 | 1981-07-19 | 1750 | NULL |     30 |       1 | GITA         | sales@2017 | NULL       |        1 |
|  6129 | VRUSHALI | F      | Compliance officers | 7920 | 1981-07-19 | 1750 | NULL |     50 |       1 | VRUSHALI     | PUN@8877   | NULL       |        1 |
|  6473 | SHARMIN  | F      | Public Relation     | 7920 | 1981-07-19 | 1750 | NULL |     20 |       1 | SHARMIN      | a12recmpm  | NULL       |        1 |
|  6781 | BANDISH  | F      | Public Relation     | 7920 | 1981-07-19 | 1750 | NULL |     20 |       1 | BANDISH      | a12recmpm  | NULL       |        1 |
|  7369 | SMITH    | M      | CLERK               | 7902 | 1980-12-17 |  800 | NULL |     20 |       2 | TRITONE      | a12recmpm  | 7032300023 |        0 |
|  7415 | AARAV    | M      | CLERK               | 7902 | 1981-12-31 | 3350 | NULL |     10 |    NULL | AARAV        | NULL       | 7032300084 |        0 |
|  7421 | THOMAS   | M      | CLERK               | 7920 | 1981-07-19 | 1750 | NULL |     10 |       1 | THOMAS       | r50mpm     | 7032300011 |        0 |
|  7499 | ALLEN    | M      | SALESMAN            | 7698 | 1981-02-20 | 1600 |  300 |     30 |       4 | ALWAYS TESTE | sales@2017 | 7032300096 |        1 |
|  7521 | WARD     | M      | SALESMAN            | 7698 | 1981-02-22 | 1250 |  500 |     30 |       1 | WARD         | sales@2017 | 7132300034 |        1 |
|  7566 | JONES    | M      | MANAGER             | 7839 | 1981-04-02 | 2975 | NULL |     20 |       4 | HONEYCOMB    | a12recmpm  | 7132300039 |        1 |
|  7654 | MARTIN   | M      | SALESMAN            | 7698 | 1981-09-28 | 1250 | 1400 |     30 |       6 | LIFE RACER   | sales@2017 | 7132300050 |        1 |
|  7698 | BLAKE    | M      | MANAGER             | 7839 | 1981-05-01 | 2850 | NULL |     30 |       1 | BIG BEN      | sales@2017 | 7132300027 |        1 |
|  7782 | CLARK    | M      | MANAGER             | 7839 | 1981-06-09 | 2450 | NULL |     10 |       3 | CLARK        | r50mpm     | 7032300001 |        1 |
|  7788 | SCOTT    | M      | ANALYST             | 7566 | 1982-12-09 | 3000 | NULL |     20 |       3 | WHITE SAND   | a12recmpm  | NULL       |        1 |
|  7839 | KING     | M      | PRESIDENT           | NULL | 1981-11-17 | 5000 | NULL |     10 |       1 | KING         | r50mpm     | 7132300081 |        1 |
|  7840 | FRED     | M      | vice PRESIDENT      | 7839 | 1983-08-09 | 5000 | NULL |     20 |       1 | SAND STONE   | a12recmpm  | NULL       |        1 |
|  7844 | TURNER   | M      | SALESMAN            | 7698 | 1981-09-08 | 1500 |    0 |     30 |       5 | SAND DUST    | sales@2017 | NULL       |        1 |
|  7876 | ADAMS    | M      | CLERK               | 7788 | 1983-01-12 | 1100 | NULL |     20 |       1 | CRAZY ANYONE | a12recmpm  | 7132300086 |        1 |
|  7900 | JAMES    | M      | CLERK               | 7698 | 1981-12-03 |  950 | NULL |     30 |       2 | CRAZY LEADER | sales@2017 | 7132300042 |        1 |
|  7902 | zzz      | M      | ANALYST             | 7566 | 1981-12-03 | 3000 | NULL |     20 |       4 | CONBRIO      | a12recmpm  | NULL       |        0 |
|  7919 | HOFFMAN  | M      | MANAGER             | 7566 | 1982-03-24 | 4150 | NULL |     30 |       3 | INTERVAL     | sales@2017 | NULL       |        1 |
|  7920 | GRASS    | M      | SALESMAN            | 7919 | 1980-02-14 | 2575 | 2700 |     30 |       5 | GRASS        | sales@2017 | NULL       |        1 |
|  7934 | MILLER   | M      | CLERK               | 7782 | 1982-01-23 | 1300 | NULL |     10 |       2 | QUARTERNOTE  | r50mpm     | 7132300055 |        0 |
|  7945 | AARUSH   | M      | SALESMAN            | 7902 | 1980-02-14 | 1350 | 2700 |     30 |    NULL | AARUSH       | ABCDEF     | NULL       |        0 |
|  7949 | ALEX     | M      | MANAGER             | 7698 | 1982-01-24 | 1250 |  500 |     30 |       5 | QUARTERREST  | sales@2017 | 7156567183 |        1 |
|  8433 | NATASHA  | F      | CLERK               | 7920 | 1981-07-19 | 1750 | NULL |     30 |       1 | NATASHA      | sales@2017 | NULL       |        1 |
|  9400 | SANGITA  | F      | Compliance officers | 7920 | 1981-07-19 | 1750 | NULL |     50 |       1 | SANGITA      | NULL       | NULL       |        1 |
|  9473 | SUPRIYA  | F      | ANALYST             | 7920 | 1981-07-19 | 1750 | NULL |     50 |       1 | SUPRIYA      | XYZ@1234   | NULL       |        1 |
+-------+----------+--------+---------------------+------+------------+------+------+--------+---------+--------------+------------+------------+----------+
28 rows in set (0.00 sec)

mysql> select * from emp f where  exists(select * from emp m where f.deptno = m.deptno and m.gender='m' );
+-------+---------+--------+---------------------+------+------------+------+------+--------+---------+--------------+------------+------------+----------+
| EMPNO | ENAME   | GENDER | JOB                 | MGR  | HIREDATE   | SAL  | COMM | DEPTNO | BONUSID | USER NAME    | PWD        | PHONE      | isActive |
+-------+---------+--------+---------------------+------+------------+------+------+--------+---------+--------------+------------+------------+----------+
|  6473 | SHARMIN | F      | Public Relation     | 7920 | 1981-07-19 | 1750 | NULL |     20 |       1 | SHARMIN      | a12recmpm  | NULL       |        1 |
|  6781 | BANDISH | F      | Public Relation     | 7920 | 1981-07-19 | 1750 | NULL |     20 |       1 | BANDISH      | a12recmpm  | NULL       |        1 |
|  7369 | SMITH   | M      | CLERK               | 7902 | 1980-12-17 |  800 | NULL |     20 |       2 | TRITONE      | a12recmpm  | 7032300023 |        0 |
|  7566 | JONES   | M      | MANAGER             | 7839 | 1981-04-02 | 2975 | NULL |     20 |       4 | HONEYCOMB    | a12recmpm  | 7132300039 |        1 |
|  7788 | SCOTT   | M      | ANALYST             | 7566 | 1982-12-09 | 3000 | NULL |     20 |       3 | WHITE SAND   | a12recmpm  | NULL       |        1 |
|  7840 | FRED    | M      | vice PRESIDENT      | 7839 | 1983-08-09 | 5000 | NULL |     20 |       1 | SAND STONE   | a12recmpm  | NULL       |        1 |
|  7876 | ADAMS   | M      | CLERK               | 7788 | 1983-01-12 | 1100 | NULL |     20 |       1 | CRAZY ANYONE | a12recmpm  | 7132300086 |        1 |
|  7902 | zzz     | M      | ANALYST             | 7566 | 1981-12-03 | 3000 | NULL |     20 |       4 | CONBRIO      | a12recmpm  | NULL       |        0 |
|  7415 | AARAV   | M      | CLERK               | 7902 | 1981-12-31 | 3350 | NULL |     10 |    NULL | AARAV        | NULL       | 7032300084 |        0 |
|  7421 | THOMAS  | M      | CLERK               | 7920 | 1981-07-19 | 1750 | NULL |     10 |       1 | THOMAS       | r50mpm     | 7032300011 |        0 |
|  7782 | CLARK   | M      | MANAGER             | 7839 | 1981-06-09 | 2450 | NULL |     10 |       3 | CLARK        | r50mpm     | 7032300001 |        1 |
|  7839 | KING    | M      | PRESIDENT           | NULL | 1981-11-17 | 5000 | NULL |     10 |       1 | KING         | r50mpm     | 7132300081 |        1 |
|  7934 | MILLER  | M      | CLERK               | 7782 | 1982-01-23 | 1300 | NULL |     10 |       2 | QUARTERNOTE  | r50mpm     | 7132300055 |        0 |
|  6001 | GITA    | F      | Compliance officers | 7920 | 1981-07-19 | 1750 | NULL |     30 |       1 | GITA         | sales@2017 | NULL       |        1 |
|  7499 | ALLEN   | M      | SALESMAN            | 7698 | 1981-02-20 | 1600 |  300 |     30 |       4 | ALWAYS TESTE | sales@2017 | 7032300096 |        1 |
|  7521 | WARD    | M      | SALESMAN            | 7698 | 1981-02-22 | 1250 |  500 |     30 |       1 | WARD         | sales@2017 | 7132300034 |        1 |
|  7654 | MARTIN  | M      | SALESMAN            | 7698 | 1981-09-28 | 1250 | 1400 |     30 |       6 | LIFE RACER   | sales@2017 | 7132300050 |        1 |
|  7698 | BLAKE   | M      | MANAGER             | 7839 | 1981-05-01 | 2850 | NULL |     30 |       1 | BIG BEN      | sales@2017 | 7132300027 |        1 |
|  7844 | TURNER  | M      | SALESMAN            | 7698 | 1981-09-08 | 1500 |    0 |     30 |       5 | SAND DUST    | sales@2017 | NULL       |        1 |
|  7900 | JAMES   | M      | CLERK               | 7698 | 1981-12-03 |  950 | NULL |     30 |       2 | CRAZY LEADER | sales@2017 | 7132300042 |        1 |
|  7919 | HOFFMAN | M      | MANAGER             | 7566 | 1982-03-24 | 4150 | NULL |     30 |       3 | INTERVAL     | sales@2017 | NULL       |        1 |
|  7920 | GRASS   | M      | SALESMAN            | 7919 | 1980-02-14 | 2575 | 2700 |     30 |       5 | GRASS        | sales@2017 | NULL       |        1 |
|  7945 | AARUSH  | M      | SALESMAN            | 7902 | 1980-02-14 | 1350 | 2700 |     30 |    NULL | AARUSH       | ABCDEF     | NULL       |        0 |
|  7949 | ALEX    | M      | MANAGER             | 7698 | 1982-01-24 | 1250 |  500 |     30 |       5 | QUARTERREST  | sales@2017 | 7156567183 |        1 |
|  8433 | NATASHA | F      | CLERK               | 7920 | 1981-07-19 | 1750 | NULL |     30 |       1 | NATASHA      | sales@2017 | NULL       |        1 |
+-------+---------+--------+---------------------+------+------------+------+------+--------+---------+--------------+------------+------------+----------+
25 rows in set (0.00 sec)

mysql> select * from emp f where  not exists(select * from emp m where f.deptno = m.deptno and m.gender='m' );
+-------+----------+--------+---------------------+------+------------+------+------+--------+---------+-----------+----------+-------+----------+
| EMPNO | ENAME    | GENDER | JOB                 | MGR  | HIREDATE   | SAL  | COMM | DEPTNO | BONUSID | USER NAME | PWD      | PHONE | isActive |
+-------+----------+--------+---------------------+------+------------+------+------+--------+---------+-----------+----------+-------+----------+
|  6129 | VRUSHALI | F      | Compliance officers | 7920 | 1981-07-19 | 1750 | NULL |     50 |       1 | VRUSHALI  | PUN@8877 | NULL  |        1 |
|  9400 | SANGITA  | F      | Compliance officers | 7920 | 1981-07-19 | 1750 | NULL |     50 |       1 | SANGITA   | NULL     | NULL  |        1 |
|  9473 | SUPRIYA  | F      | ANALYST             | 7920 | 1981-07-19 | 1750 | NULL |     50 |       1 | SUPRIYA   | XYZ@1234 | NULL  |        1 |
+-------+----------+--------+---------------------+------+------------+------+------+--------+---------+-----------+----------+-------+----------+
3 rows in set (0.00 sec)

mysql> select * from emp m where  not exists(select * from emp f where f.deptno = m.deptno and m.gender='f' );
+-------+---------+--------+----------------+------+------------+------+------+--------+---------+--------------+------------+------------+----------+
| EMPNO | ENAME   | GENDER | JOB            | MGR  | HIREDATE   | SAL  | COMM | DEPTNO | BONUSID | USER NAME    | PWD        | PHONE      | isActive |
+-------+---------+--------+----------------+------+------------+------+------+--------+---------+--------------+------------+------------+----------+
|  7369 | SMITH   | M      | CLERK          | 7902 | 1980-12-17 |  800 | NULL |     20 |       2 | TRITONE      | a12recmpm  | 7032300023 |        0 |
|  7415 | AARAV   | M      | CLERK          | 7902 | 1981-12-31 | 3350 | NULL |     10 |    NULL | AARAV        | NULL       | 7032300084 |        0 |
|  7421 | THOMAS  | M      | CLERK          | 7920 | 1981-07-19 | 1750 | NULL |     10 |       1 | THOMAS       | r50mpm     | 7032300011 |        0 |
|  7499 | ALLEN   | M      | SALESMAN       | 7698 | 1981-02-20 | 1600 |  300 |     30 |       4 | ALWAYS TESTE | sales@2017 | 7032300096 |        1 |
|  7521 | WARD    | M      | SALESMAN       | 7698 | 1981-02-22 | 1250 |  500 |     30 |       1 | WARD         | sales@2017 | 7132300034 |        1 |
|  7566 | JONES   | M      | MANAGER        | 7839 | 1981-04-02 | 2975 | NULL |     20 |       4 | HONEYCOMB    | a12recmpm  | 7132300039 |        1 |
|  7654 | MARTIN  | M      | SALESMAN       | 7698 | 1981-09-28 | 1250 | 1400 |     30 |       6 | LIFE RACER   | sales@2017 | 7132300050 |        1 |
|  7698 | BLAKE   | M      | MANAGER        | 7839 | 1981-05-01 | 2850 | NULL |     30 |       1 | BIG BEN      | sales@2017 | 7132300027 |        1 |
|  7782 | CLARK   | M      | MANAGER        | 7839 | 1981-06-09 | 2450 | NULL |     10 |       3 | CLARK        | r50mpm     | 7032300001 |        1 |
|  7788 | SCOTT   | M      | ANALYST        | 7566 | 1982-12-09 | 3000 | NULL |     20 |       3 | WHITE SAND   | a12recmpm  | NULL       |        1 |
|  7839 | KING    | M      | PRESIDENT      | NULL | 1981-11-17 | 5000 | NULL |     10 |       1 | KING         | r50mpm     | 7132300081 |        1 |
|  7840 | FRED    | M      | vice PRESIDENT | 7839 | 1983-08-09 | 5000 | NULL |     20 |       1 | SAND STONE   | a12recmpm  | NULL       |        1 |
|  7844 | TURNER  | M      | SALESMAN       | 7698 | 1981-09-08 | 1500 |    0 |     30 |       5 | SAND DUST    | sales@2017 | NULL       |        1 |
|  7876 | ADAMS   | M      | CLERK          | 7788 | 1983-01-12 | 1100 | NULL |     20 |       1 | CRAZY ANYONE | a12recmpm  | 7132300086 |        1 |
|  7900 | JAMES   | M      | CLERK          | 7698 | 1981-12-03 |  950 | NULL |     30 |       2 | CRAZY LEADER | sales@2017 | 7132300042 |        1 |
|  7902 | zzz     | M      | ANALYST        | 7566 | 1981-12-03 | 3000 | NULL |     20 |       4 | CONBRIO      | a12recmpm  | NULL       |        0 |
|  7919 | HOFFMAN | M      | MANAGER        | 7566 | 1982-03-24 | 4150 | NULL |     30 |       3 | INTERVAL     | sales@2017 | NULL       |        1 |
|  7920 | GRASS   | M      | SALESMAN       | 7919 | 1980-02-14 | 2575 | 2700 |     30 |       5 | GRASS        | sales@2017 | NULL       |        1 |
|  7934 | MILLER  | M      | CLERK          | 7782 | 1982-01-23 | 1300 | NULL |     10 |       2 | QUARTERNOTE  | r50mpm     | 7132300055 |        0 |
|  7945 | AARUSH  | M      | SALESMAN       | 7902 | 1980-02-14 | 1350 | 2700 |     30 |    NULL | AARUSH       | ABCDEF     | NULL       |        0 |
|  7949 | ALEX    | M      | MANAGER        | 7698 | 1982-01-24 | 1250 |  500 |     30 |       5 | QUARTERREST  | sales@2017 | 7156567183 |        1 |
+-------+---------+--------+----------------+------+------------+------+------+--------+---------+--------------+------------+------------+----------+
21 rows in set (0.00 sec)

mysql> select * from emp m where  not exists(select * from emp f where f.deptno = m.deptno and m.gender='f' );
+-------+---------+--------+----------------+------+------------+------+------+--------+---------+--------------+------------+------------+----------+
| EMPNO | ENAME   | GENDER | JOB            | MGR  | HIREDATE   | SAL  | COMM | DEPTNO | BONUSID | USER NAME    | PWD        | PHONE      | isActive |
+-------+---------+--------+----------------+------+------------+------+------+--------+---------+--------------+------------+------------+----------+
|  7369 | SMITH   | M      | CLERK          | 7902 | 1980-12-17 |  800 | NULL |     20 |       2 | TRITONE      | a12recmpm  | 7032300023 |        0 |
|  7415 | AARAV   | M      | CLERK          | 7902 | 1981-12-31 | 3350 | NULL |     10 |    NULL | AARAV        | NULL       | 7032300084 |        0 |
|  7421 | THOMAS  | M      | CLERK          | 7920 | 1981-07-19 | 1750 | NULL |     10 |       1 | THOMAS       | r50mpm     | 7032300011 |        0 |
|  7499 | ALLEN   | M      | SALESMAN       | 7698 | 1981-02-20 | 1600 |  300 |     30 |       4 | ALWAYS TESTE | sales@2017 | 7032300096 |        1 |
|  7521 | WARD    | M      | SALESMAN       | 7698 | 1981-02-22 | 1250 |  500 |     30 |       1 | WARD         | sales@2017 | 7132300034 |        1 |
|  7566 | JONES   | M      | MANAGER        | 7839 | 1981-04-02 | 2975 | NULL |     20 |       4 | HONEYCOMB    | a12recmpm  | 7132300039 |        1 |
|  7654 | MARTIN  | M      | SALESMAN       | 7698 | 1981-09-28 | 1250 | 1400 |     30 |       6 | LIFE RACER   | sales@2017 | 7132300050 |        1 |
|  7698 | BLAKE   | M      | MANAGER        | 7839 | 1981-05-01 | 2850 | NULL |     30 |       1 | BIG BEN      | sales@2017 | 7132300027 |        1 |
|  7782 | CLARK   | M      | MANAGER        | 7839 | 1981-06-09 | 2450 | NULL |     10 |       3 | CLARK        | r50mpm     | 7032300001 |        1 |
|  7788 | SCOTT   | M      | ANALYST        | 7566 | 1982-12-09 | 3000 | NULL |     20 |       3 | WHITE SAND   | a12recmpm  | NULL       |        1 |
|  7839 | KING    | M      | PRESIDENT      | NULL | 1981-11-17 | 5000 | NULL |     10 |       1 | KING         | r50mpm     | 7132300081 |        1 |
|  7840 | FRED    | M      | vice PRESIDENT | 7839 | 1983-08-09 | 5000 | NULL |     20 |       1 | SAND STONE   | a12recmpm  | NULL       |        1 |
|  7844 | TURNER  | M      | SALESMAN       | 7698 | 1981-09-08 | 1500 |    0 |     30 |       5 | SAND DUST    | sales@2017 | NULL       |        1 |
|  7876 | ADAMS   | M      | CLERK          | 7788 | 1983-01-12 | 1100 | NULL |     20 |       1 | CRAZY ANYONE | a12recmpm  | 7132300086 |        1 |
|  7900 | JAMES   | M      | CLERK          | 7698 | 1981-12-03 |  950 | NULL |     30 |       2 | CRAZY LEADER | sales@2017 | 7132300042 |        1 |
|  7902 | zzz     | M      | ANALYST        | 7566 | 1981-12-03 | 3000 | NULL |     20 |       4 | CONBRIO      | a12recmpm  | NULL       |        0 |
|  7919 | HOFFMAN | M      | MANAGER        | 7566 | 1982-03-24 | 4150 | NULL |     30 |       3 | INTERVAL     | sales@2017 | NULL       |        1 |
|  7920 | GRASS   | M      | SALESMAN       | 7919 | 1980-02-14 | 2575 | 2700 |     30 |       5 | GRASS        | sales@2017 | NULL       |        1 |
|  7934 | MILLER  | M      | CLERK          | 7782 | 1982-01-23 | 1300 | NULL |     10 |       2 | QUARTERNOTE  | r50mpm     | 7132300055 |        0 |
|  7945 | AARUSH  | M      | SALESMAN       | 7902 | 1980-02-14 | 1350 | 2700 |     30 |    NULL | AARUSH       | ABCDEF     | NULL       |        0 |
|  7949 | ALEX    | M      | MANAGER        | 7698 | 1982-01-24 | 1250 |  500 |     30 |       5 | QUARTERREST  | sales@2017 | 7156567183 |        1 |
+-------+---------+--------+----------------+------+------------+------+------+--------+---------+--------------+------------+------------+----------+
21 rows in set (0.00 sec)

mysql>
mysql>
mysql>
mysql> desc abc;
+-----------+-------------+------+-----+---------+-------+
| Field     | Type        | Null | Key | Default | Extra |
+-----------+-------------+------+-----+---------+-------+
| EMPNO     | int         | NO   |     | NULL    |       |
| ENAME     | varchar(12) | YES  |     | NULL    |       |
| GENDER    | char(1)     | YES  |     | NULL    |       |
| JOB       | varchar(20) | YES  |     | NULL    |       |
| MGR       | int         | YES  |     | NULL    |       |
| HIREDATE  | date        | YES  |     | NULL    |       |
| SAL       | int         | YES  |     | NULL    |       |
| COMM      | int         | YES  |     | NULL    |       |
| DEPTNO    | int         | NO   |     | NULL    |       |
| BONUSID   | int         | YES  |     | NULL    |       |
| USER NAME | varchar(20) | YES  |     | NULL    |       |
| PWD       | varchar(20) | YES  |     | NULL    |       |
| PHONE     | varchar(45) | YES  |     | NULL    |       |
| isActive  | tinyint(1)  | YES  |     | NULL    |       |
+-----------+-------------+------+-----+---------+-------+
14 rows in set (0.00 sec)

mysql> delete from abc;
Query OK, 13 rows affected (0.02 sec)

mysql> commit;\
Query OK, 0 rows affected (0.11 sec)

mysql> select * from abc;
Empty set (0.00 sec)

mysql> desc emp;
+-----------+-------------+------+-----+---------+-------+
| Field     | Type        | Null | Key | Default | Extra |
+-----------+-------------+------+-----+---------+-------+
| EMPNO     | int         | NO   | PRI | NULL    |       |
| ENAME     | varchar(12) | YES  |     | NULL    |       |
| GENDER    | char(1)     | YES  |     | NULL    |       |
| JOB       | varchar(20) | YES  |     | NULL    |       |
| MGR       | int         | YES  | MUL | NULL    |       |
| HIREDATE  | date        | YES  |     | NULL    |       |
| SAL       | int         | YES  |     | NULL    |       |
| COMM      | int         | YES  |     | NULL    |       |
| DEPTNO    | int         | NO   | MUL | NULL    |       |
| BONUSID   | int         | YES  |     | NULL    |       |
| USER NAME | varchar(20) | YES  |     | NULL    |       |
| PWD       | varchar(20) | YES  |     | NULL    |       |
| PHONE     | varchar(45) | YES  |     | NULL    |       |
| isActive  | tinyint(1)  | YES  |     | NULL    |       |
+-----------+-------------+------+-----+---------+-------+
14 rows in set (0.00 sec)

mysql> select * from emp;
+-------+----------+--------+---------------------+------+------------+------+------+--------+---------+--------------+------------+------------+----------+
| EMPNO | ENAME    | GENDER | JOB                 | MGR  | HIREDATE   | SAL  | COMM | DEPTNO | BONUSID | USER NAME    | PWD        | PHONE      | isActive |
+-------+----------+--------+---------------------+------+------------+------+------+--------+---------+--------------+------------+------------+----------+
|  6001 | GITA     | F      | Compliance officers | 7920 | 1981-07-19 | 1750 | NULL |     30 |       1 | GITA         | sales@2017 | NULL       |        1 |
|  6129 | VRUSHALI | F      | Compliance officers | 7920 | 1981-07-19 | 1750 | NULL |     50 |       1 | VRUSHALI     | PUN@8877   | NULL       |        1 |
|  6473 | SHARMIN  | F      | Public Relation     | 7920 | 1981-07-19 | 1750 | NULL |     20 |       1 | SHARMIN      | a12recmpm  | NULL       |        1 |
|  6781 | BANDISH  | F      | Public Relation     | 7920 | 1981-07-19 | 1750 | NULL |     20 |       1 | BANDISH      | a12recmpm  | NULL       |        1 |
|  7369 | SMITH    | M      | CLERK               | 7902 | 1980-12-17 |  800 | NULL |     20 |       2 | TRITONE      | a12recmpm  | 7032300023 |        0 |
|  7415 | AARAV    | M      | CLERK               | 7902 | 1981-12-31 | 3350 | NULL |     10 |    NULL | AARAV        | NULL       | 7032300084 |        0 |
|  7421 | THOMAS   | M      | CLERK               | 7920 | 1981-07-19 | 1750 | NULL |     10 |       1 | THOMAS       | r50mpm     | 7032300011 |        0 |
|  7499 | ALLEN    | M      | SALESMAN            | 7698 | 1981-02-20 | 1600 |  300 |     30 |       4 | ALWAYS TESTE | sales@2017 | 7032300096 |        1 |
|  7521 | WARD     | M      | SALESMAN            | 7698 | 1981-02-22 | 1250 |  500 |     30 |       1 | WARD         | sales@2017 | 7132300034 |        1 |
|  7566 | JONES    | M      | MANAGER             | 7839 | 1981-04-02 | 2975 | NULL |     20 |       4 | HONEYCOMB    | a12recmpm  | 7132300039 |        1 |
|  7654 | MARTIN   | M      | SALESMAN            | 7698 | 1981-09-28 | 1250 | 1400 |     30 |       6 | LIFE RACER   | sales@2017 | 7132300050 |        1 |
|  7698 | BLAKE    | M      | MANAGER             | 7839 | 1981-05-01 | 2850 | NULL |     30 |       1 | BIG BEN      | sales@2017 | 7132300027 |        1 |
|  7782 | CLARK    | M      | MANAGER             | 7839 | 1981-06-09 | 2450 | NULL |     10 |       3 | CLARK        | r50mpm     | 7032300001 |        1 |
|  7788 | SCOTT    | M      | ANALYST             | 7566 | 1982-12-09 | 3000 | NULL |     20 |       3 | WHITE SAND   | a12recmpm  | NULL       |        1 |
|  7839 | KING     | M      | PRESIDENT           | NULL | 1981-11-17 | 5000 | NULL |     10 |       1 | KING         | r50mpm     | 7132300081 |        1 |
|  7840 | FRED     | M      | vice PRESIDENT      | 7839 | 1983-08-09 | 5000 | NULL |     20 |       1 | SAND STONE   | a12recmpm  | NULL       |        1 |
|  7844 | TURNER   | M      | SALESMAN            | 7698 | 1981-09-08 | 1500 |    0 |     30 |       5 | SAND DUST    | sales@2017 | NULL       |        1 |
|  7876 | ADAMS    | M      | CLERK               | 7788 | 1983-01-12 | 1100 | NULL |     20 |       1 | CRAZY ANYONE | a12recmpm  | 7132300086 |        1 |
|  7900 | JAMES    | M      | CLERK               | 7698 | 1981-12-03 |  950 | NULL |     30 |       2 | CRAZY LEADER | sales@2017 | 7132300042 |        1 |
|  7902 | zzz      | M      | ANALYST             | 7566 | 1981-12-03 | 3000 | NULL |     20 |       4 | CONBRIO      | a12recmpm  | NULL       |        0 |
|  7919 | HOFFMAN  | M      | MANAGER             | 7566 | 1982-03-24 | 4150 | NULL |     30 |       3 | INTERVAL     | sales@2017 | NULL       |        1 |
|  7920 | GRASS    | M      | SALESMAN            | 7919 | 1980-02-14 | 2575 | 2700 |     30 |       5 | GRASS        | sales@2017 | NULL       |        1 |
|  7934 | MILLER   | M      | CLERK               | 7782 | 1982-01-23 | 1300 | NULL |     10 |       2 | QUARTERNOTE  | r50mpm     | 7132300055 |        0 |
|  7945 | AARUSH   | M      | SALESMAN            | 7902 | 1980-02-14 | 1350 | 2700 |     30 |    NULL | AARUSH       | ABCDEF     | NULL       |        0 |
|  7949 | ALEX     | M      | MANAGER             | 7698 | 1982-01-24 | 1250 |  500 |     30 |       5 | QUARTERREST  | sales@2017 | 7156567183 |        1 |
|  8433 | NATASHA  | F      | CLERK               | 7920 | 1981-07-19 | 1750 | NULL |     30 |       1 | NATASHA      | sales@2017 | NULL       |        1 |
|  9400 | SANGITA  | F      | Compliance officers | 7920 | 1981-07-19 | 1750 | NULL |     50 |       1 | SANGITA      | NULL       | NULL       |        1 |
|  9473 | SUPRIYA  | F      | ANALYST             | 7920 | 1981-07-19 | 1750 | NULL |     50 |       1 | SUPRIYA      | XYZ@1234   | NULL       |        1 |
+-------+----------+--------+---------------------+------+------------+------+------+--------+---------+--------------+------------+------------+----------+
28 rows in set (0.00 sec)

mysql> select * from abc;
Empty set (0.00 sec)

mysql> insert into abc select * from emp;
Query OK, 28 rows affected (0.00 sec)
Records: 28  Duplicates: 0  Warnings: 0

mysql> select * from abc;
+-------+----------+--------+---------------------+------+------------+------+------+--------+---------+--------------+------------+------------+----------+
| EMPNO | ENAME    | GENDER | JOB                 | MGR  | HIREDATE   | SAL  | COMM | DEPTNO | BONUSID | USER NAME    | PWD        | PHONE      | isActive |
+-------+----------+--------+---------------------+------+------------+------+------+--------+---------+--------------+------------+------------+----------+
|  6001 | GITA     | F      | Compliance officers | 7920 | 1981-07-19 | 1750 | NULL |     30 |       1 | GITA         | sales@2017 | NULL       |        1 |
|  6129 | VRUSHALI | F      | Compliance officers | 7920 | 1981-07-19 | 1750 | NULL |     50 |       1 | VRUSHALI     | PUN@8877   | NULL       |        1 |
|  6473 | SHARMIN  | F      | Public Relation     | 7920 | 1981-07-19 | 1750 | NULL |     20 |       1 | SHARMIN      | a12recmpm  | NULL       |        1 |
|  6781 | BANDISH  | F      | Public Relation     | 7920 | 1981-07-19 | 1750 | NULL |     20 |       1 | BANDISH      | a12recmpm  | NULL       |        1 |
|  7369 | SMITH    | M      | CLERK               | 7902 | 1980-12-17 |  800 | NULL |     20 |       2 | TRITONE      | a12recmpm  | 7032300023 |        0 |
|  7415 | AARAV    | M      | CLERK               | 7902 | 1981-12-31 | 3350 | NULL |     10 |    NULL | AARAV        | NULL       | 7032300084 |        0 |
|  7421 | THOMAS   | M      | CLERK               | 7920 | 1981-07-19 | 1750 | NULL |     10 |       1 | THOMAS       | r50mpm     | 7032300011 |        0 |
|  7499 | ALLEN    | M      | SALESMAN            | 7698 | 1981-02-20 | 1600 |  300 |     30 |       4 | ALWAYS TESTE | sales@2017 | 7032300096 |        1 |
|  7521 | WARD     | M      | SALESMAN            | 7698 | 1981-02-22 | 1250 |  500 |     30 |       1 | WARD         | sales@2017 | 7132300034 |        1 |
|  7566 | JONES    | M      | MANAGER             | 7839 | 1981-04-02 | 2975 | NULL |     20 |       4 | HONEYCOMB    | a12recmpm  | 7132300039 |        1 |
|  7654 | MARTIN   | M      | SALESMAN            | 7698 | 1981-09-28 | 1250 | 1400 |     30 |       6 | LIFE RACER   | sales@2017 | 7132300050 |        1 |
|  7698 | BLAKE    | M      | MANAGER             | 7839 | 1981-05-01 | 2850 | NULL |     30 |       1 | BIG BEN      | sales@2017 | 7132300027 |        1 |
|  7782 | CLARK    | M      | MANAGER             | 7839 | 1981-06-09 | 2450 | NULL |     10 |       3 | CLARK        | r50mpm     | 7032300001 |        1 |
|  7788 | SCOTT    | M      | ANALYST             | 7566 | 1982-12-09 | 3000 | NULL |     20 |       3 | WHITE SAND   | a12recmpm  | NULL       |        1 |
|  7839 | KING     | M      | PRESIDENT           | NULL | 1981-11-17 | 5000 | NULL |     10 |       1 | KING         | r50mpm     | 7132300081 |        1 |
|  7840 | FRED     | M      | vice PRESIDENT      | 7839 | 1983-08-09 | 5000 | NULL |     20 |       1 | SAND STONE   | a12recmpm  | NULL       |        1 |
|  7844 | TURNER   | M      | SALESMAN            | 7698 | 1981-09-08 | 1500 |    0 |     30 |       5 | SAND DUST    | sales@2017 | NULL       |        1 |
|  7876 | ADAMS    | M      | CLERK               | 7788 | 1983-01-12 | 1100 | NULL |     20 |       1 | CRAZY ANYONE | a12recmpm  | 7132300086 |        1 |
|  7900 | JAMES    | M      | CLERK               | 7698 | 1981-12-03 |  950 | NULL |     30 |       2 | CRAZY LEADER | sales@2017 | 7132300042 |        1 |
|  7902 | zzz      | M      | ANALYST             | 7566 | 1981-12-03 | 3000 | NULL |     20 |       4 | CONBRIO      | a12recmpm  | NULL       |        0 |
|  7919 | HOFFMAN  | M      | MANAGER             | 7566 | 1982-03-24 | 4150 | NULL |     30 |       3 | INTERVAL     | sales@2017 | NULL       |        1 |
|  7920 | GRASS    | M      | SALESMAN            | 7919 | 1980-02-14 | 2575 | 2700 |     30 |       5 | GRASS        | sales@2017 | NULL       |        1 |
|  7934 | MILLER   | M      | CLERK               | 7782 | 1982-01-23 | 1300 | NULL |     10 |       2 | QUARTERNOTE  | r50mpm     | 7132300055 |        0 |
|  7945 | AARUSH   | M      | SALESMAN            | 7902 | 1980-02-14 | 1350 | 2700 |     30 |    NULL | AARUSH       | ABCDEF     | NULL       |        0 |
|  7949 | ALEX     | M      | MANAGER             | 7698 | 1982-01-24 | 1250 |  500 |     30 |       5 | QUARTERREST  | sales@2017 | 7156567183 |        1 |
|  8433 | NATASHA  | F      | CLERK               | 7920 | 1981-07-19 | 1750 | NULL |     30 |       1 | NATASHA      | sales@2017 | NULL       |        1 |
|  9400 | SANGITA  | F      | Compliance officers | 7920 | 1981-07-19 | 1750 | NULL |     50 |       1 | SANGITA      | NULL       | NULL       |        1 |
|  9473 | SUPRIYA  | F      | ANALYST             | 7920 | 1981-07-19 | 1750 | NULL |     50 |       1 | SUPRIYA      | XYZ@1234   | NULL       |        1 |
+-------+----------+--------+---------------------+------+------------+------+------+--------+---------+--------------+------------+------------+----------+
28 rows in set (0.00 sec)

mysql> rollback;
Query OK, 0 rows affected (0.02 sec)

mysql> insert into abc select * from emp where deptno=10;
Query OK, 5 rows affected (0.00 sec)
Records: 5  Duplicates: 0  Warnings: 0

mysql> select * from abc;
+-------+--------+--------+-----------+------+------------+------+------+--------+---------+-------------+--------+------------+----------+
| EMPNO | ENAME  | GENDER | JOB       | MGR  | HIREDATE   | SAL  | COMM | DEPTNO | BONUSID | USER NAME   | PWD    | PHONE      | isActive |
+-------+--------+--------+-----------+------+------------+------+------+--------+---------+-------------+--------+------------+----------+
|  7415 | AARAV  | M      | CLERK     | 7902 | 1981-12-31 | 3350 | NULL |     10 |    NULL | AARAV       | NULL   | 7032300084 |        0 |
|  7421 | THOMAS | M      | CLERK     | 7920 | 1981-07-19 | 1750 | NULL |     10 |       1 | THOMAS      | r50mpm | 7032300011 |        0 |
|  7782 | CLARK  | M      | MANAGER   | 7839 | 1981-06-09 | 2450 | NULL |     10 |       3 | CLARK       | r50mpm | 7032300001 |        1 |
|  7839 | KING   | M      | PRESIDENT | NULL | 1981-11-17 | 5000 | NULL |     10 |       1 | KING        | r50mpm | 7132300081 |        1 |
|  7934 | MILLER | M      | CLERK     | 7782 | 1982-01-23 | 1300 | NULL |     10 |       2 | QUARTERNOTE | r50mpm | 7132300055 |        0 |
+-------+--------+--------+-----------+------+------------+------+------+--------+---------+-------------+--------+------------+----------+
5 rows in set (0.00 sec)

mysql> create table abc1(empno int, employeeName varchar(20), jobType varchar(20));
Query OK, 0 rows affected (0.38 sec)

mysql> emp emp;
ERROR 1064 (42000): You have an error in your SQL syntax; check the manual that corresponds to your MySQL server version for the right syntax to use near 'emp emp' at line 1
mysql> desc emp;
+-----------+-------------+------+-----+---------+-------+
| Field     | Type        | Null | Key | Default | Extra |
+-----------+-------------+------+-----+---------+-------+
| EMPNO     | int         | NO   | PRI | NULL    |       |
| ENAME     | varchar(12) | YES  |     | NULL    |       |
| GENDER    | char(1)     | YES  |     | NULL    |       |
| JOB       | varchar(20) | YES  |     | NULL    |       |
| MGR       | int         | YES  | MUL | NULL    |       |
| HIREDATE  | date        | YES  |     | NULL    |       |
| SAL       | int         | YES  |     | NULL    |       |
| COMM      | int         | YES  |     | NULL    |       |
| DEPTNO    | int         | NO   | MUL | NULL    |       |
| BONUSID   | int         | YES  |     | NULL    |       |
| USER NAME | varchar(20) | YES  |     | NULL    |       |
| PWD       | varchar(20) | YES  |     | NULL    |       |
| PHONE     | varchar(45) | YES  |     | NULL    |       |
| isActive  | tinyint(1)  | YES  |     | NULL    |       |
+-----------+-------------+------+-----+---------+-------+
14 rows in set (0.00 sec)

mysql> desc abc1;
+--------------+-------------+------+-----+---------+-------+
| Field        | Type        | Null | Key | Default | Extra |
+--------------+-------------+------+-----+---------+-------+
| empno        | int         | YES  |     | NULL    |       |
| employeeName | varchar(20) | YES  |     | NULL    |       |
| jobType      | varchar(20) | YES  |     | NULL    |       |
+--------------+-------------+------+-----+---------+-------+
3 rows in set (0.00 sec)

mysql> insert into abc1 select * from emp;
ERROR 1136 (21S01): Column count doesn't match value count at row 1
mysql>
mysql>
mysql> insert into abc1 select empno, ename, job from emp;
Query OK, 28 rows affected (0.00 sec)
Records: 28  Duplicates: 0  Warnings: 0

mysql> select * from  abc1;
+-------+--------------+---------------------+
| empno | employeeName | jobType             |
+-------+--------------+---------------------+
|  6001 | GITA         | Compliance officers |
|  6129 | VRUSHALI     | Compliance officers |
|  6473 | SHARMIN      | Public Relation     |
|  6781 | BANDISH      | Public Relation     |
|  7369 | SMITH        | CLERK               |
|  7415 | AARAV        | CLERK               |
|  7421 | THOMAS       | CLERK               |
|  7499 | ALLEN        | SALESMAN            |
|  7521 | WARD         | SALESMAN            |
|  7566 | JONES        | MANAGER             |
|  7654 | MARTIN       | SALESMAN            |
|  7698 | BLAKE        | MANAGER             |
|  7782 | CLARK        | MANAGER             |
|  7788 | SCOTT        | ANALYST             |
|  7839 | KING         | PRESIDENT           |
|  7840 | FRED         | vice PRESIDENT      |
|  7844 | TURNER       | SALESMAN            |
|  7876 | ADAMS        | CLERK               |
|  7900 | JAMES        | CLERK               |
|  7902 | zzz          | ANALYST             |
|  7919 | HOFFMAN      | MANAGER             |
|  7920 | GRASS        | SALESMAN            |
|  7934 | MILLER       | CLERK               |
|  7945 | AARUSH       | SALESMAN            |
|  7949 | ALEX         | MANAGER             |
|  8433 | NATASHA      | CLERK               |
|  9400 | SANGITA      | Compliance officers |
|  9473 | SUPRIYA      | ANALYST             |
+-------+--------------+---------------------+
28 rows in set (0.00 sec)

mysql>
mysql> select * from z1;
+------+---------+
| c1   | c2      |
+------+---------+
|    1 | saleel  |
|    1 | sharmin |
|    1 | saleel  |
|    1 | sharmin |
|    1 | saleel  |
+------+---------+
5 rows in set (0.00 sec)

mysql> select * from z2;
+------+---------+
| c1   | c2      |
+------+---------+
|    1 | sharmin |
|    1 | sharmin |
|    1 | sharmin |
|    1 | ruhan   |
|    1 | ruhan   |
+------+---------+
5 rows in set (0.00 sec)

mysql> select * from z1, z2;
+------+---------+------+---------+
| c1   | c2      | c1   | c2      |
+------+---------+------+---------+
|    1 | saleel  |    1 | sharmin |
|    1 | sharmin |    1 | sharmin |
|    1 | saleel  |    1 | sharmin |
|    1 | sharmin |    1 | sharmin |
|    1 | saleel  |    1 | sharmin |
|    1 | saleel  |    1 | sharmin |
|    1 | sharmin |    1 | sharmin |
|    1 | saleel  |    1 | sharmin |
|    1 | sharmin |    1 | sharmin |
|    1 | saleel  |    1 | sharmin |
|    1 | saleel  |    1 | sharmin |
|    1 | sharmin |    1 | sharmin |
|    1 | saleel  |    1 | sharmin |
|    1 | sharmin |    1 | sharmin |
|    1 | saleel  |    1 | sharmin |
|    1 | saleel  |    1 | ruhan   |
|    1 | sharmin |    1 | ruhan   |
|    1 | saleel  |    1 | ruhan   |
|    1 | sharmin |    1 | ruhan   |
|    1 | saleel  |    1 | ruhan   |
|    1 | saleel  |    1 | ruhan   |
|    1 | sharmin |    1 | ruhan   |
|    1 | saleel  |    1 | ruhan   |
|    1 | sharmin |    1 | ruhan   |
|    1 | saleel  |    1 | ruhan   |
+------+---------+------+---------+
25 rows in set (0.00 sec)

mysql> select * from menucard;
+------+------------------------------+------+
| ID   | NAME                         | RATE |
+------+------------------------------+------+
|   14 | Onion Hamburger              |  115 |
|    6 | Extra Long Cheeseburger      |  100 |
|    2 | Double Stacker               |  125 |
|    8 | Double Cheeseburger          |  100 |
|   13 | Cheese Hamburger             |  125 |
|    4 | Hamburger                    |   85 |
|   11 | Classic Grilled Dog          |   95 |
|    1 | Chili Cheese Grilled Dog     |  115 |
|    7 | Flame Grilled Chicken Burger |  135 |
|    3 | Original Chicken Sandwich    |   55 |
|    9 | McALLO TIKKI                 |   45 |
|   12 | Veg Maharaja Mac             |   75 |
|    5 | Big Spicy Chicken Wrap       |  100 |
|   15 | Cheese Onion Hamburger       |  145 |
|   10 | McVeggie Schezwan            |   85 |
+------+------------------------------+------+
15 rows in set (0.03 sec)

mysql> select * from softdrink;
+------+----------------------+------+
| ID   | NAME                 | RATE |
+------+----------------------+------+
|    1 | Coca-Cola            |   45 |
|    2 | Mello Yello          |   75 |
|    3 | Diet Coke            |   60 |
|    4 | Frozen Fanta Cherry  |   65 |
|    5 | Iced Tea             |   35 |
+------+----------------------+------+
5 rows in set (0.07 sec)

mysql> select * from menucard,softdrink;
+------+------------------------------+------+------+----------------------+------+
| ID   | NAME                         | RATE | ID   | NAME                 | RATE |
+------+------------------------------+------+------+----------------------+------+
|   14 | Onion Hamburger              |  115 |    5 | Iced Tea             |   35 |
|   14 | Onion Hamburger              |  115 |    4 | Frozen Fanta Cherry  |   65 |
|   14 | Onion Hamburger              |  115 |    3 | Diet Coke            |   60 |
|   14 | Onion Hamburger              |  115 |    2 | Mello Yello          |   75 |
|   14 | Onion Hamburger              |  115 |    1 | Coca-Cola            |   45 |
|    6 | Extra Long Cheeseburger      |  100 |    5 | Iced Tea             |   35 |
|    6 | Extra Long Cheeseburger      |  100 |    4 | Frozen Fanta Cherry  |   65 |
|    6 | Extra Long Cheeseburger      |  100 |    3 | Diet Coke            |   60 |
|    6 | Extra Long Cheeseburger      |  100 |    2 | Mello Yello          |   75 |
|    6 | Extra Long Cheeseburger      |  100 |    1 | Coca-Cola            |   45 |
|    2 | Double Stacker               |  125 |    5 | Iced Tea             |   35 |
|    2 | Double Stacker               |  125 |    4 | Frozen Fanta Cherry  |   65 |
|    2 | Double Stacker               |  125 |    3 | Diet Coke            |   60 |
|    2 | Double Stacker               |  125 |    2 | Mello Yello          |   75 |
|    2 | Double Stacker               |  125 |    1 | Coca-Cola            |   45 |
|    8 | Double Cheeseburger          |  100 |    5 | Iced Tea             |   35 |
|    8 | Double Cheeseburger          |  100 |    4 | Frozen Fanta Cherry  |   65 |
|    8 | Double Cheeseburger          |  100 |    3 | Diet Coke            |   60 |
|    8 | Double Cheeseburger          |  100 |    2 | Mello Yello          |   75 |
|    8 | Double Cheeseburger          |  100 |    1 | Coca-Cola            |   45 |
|   13 | Cheese Hamburger             |  125 |    5 | Iced Tea             |   35 |
|   13 | Cheese Hamburger             |  125 |    4 | Frozen Fanta Cherry  |   65 |
|   13 | Cheese Hamburger             |  125 |    3 | Diet Coke            |   60 |
|   13 | Cheese Hamburger             |  125 |    2 | Mello Yello          |   75 |
|   13 | Cheese Hamburger             |  125 |    1 | Coca-Cola            |   45 |
|    4 | Hamburger                    |   85 |    5 | Iced Tea             |   35 |
|    4 | Hamburger                    |   85 |    4 | Frozen Fanta Cherry  |   65 |
|    4 | Hamburger                    |   85 |    3 | Diet Coke            |   60 |
|    4 | Hamburger                    |   85 |    2 | Mello Yello          |   75 |
|    4 | Hamburger                    |   85 |    1 | Coca-Cola            |   45 |
|   11 | Classic Grilled Dog          |   95 |    5 | Iced Tea             |   35 |
|   11 | Classic Grilled Dog          |   95 |    4 | Frozen Fanta Cherry  |   65 |
|   11 | Classic Grilled Dog          |   95 |    3 | Diet Coke            |   60 |
|   11 | Classic Grilled Dog          |   95 |    2 | Mello Yello          |   75 |
|   11 | Classic Grilled Dog          |   95 |    1 | Coca-Cola            |   45 |
|    1 | Chili Cheese Grilled Dog     |  115 |    5 | Iced Tea             |   35 |
|    1 | Chili Cheese Grilled Dog     |  115 |    4 | Frozen Fanta Cherry  |   65 |
|    1 | Chili Cheese Grilled Dog     |  115 |    3 | Diet Coke            |   60 |
|    1 | Chili Cheese Grilled Dog     |  115 |    2 | Mello Yello          |   75 |
|    1 | Chili Cheese Grilled Dog     |  115 |    1 | Coca-Cola            |   45 |
|    7 | Flame Grilled Chicken Burger |  135 |    5 | Iced Tea             |   35 |
|    7 | Flame Grilled Chicken Burger |  135 |    4 | Frozen Fanta Cherry  |   65 |
|    7 | Flame Grilled Chicken Burger |  135 |    3 | Diet Coke            |   60 |
|    7 | Flame Grilled Chicken Burger |  135 |    2 | Mello Yello          |   75 |
|    7 | Flame Grilled Chicken Burger |  135 |    1 | Coca-Cola            |   45 |
|    3 | Original Chicken Sandwich    |   55 |    5 | Iced Tea             |   35 |
|    3 | Original Chicken Sandwich    |   55 |    4 | Frozen Fanta Cherry  |   65 |
|    3 | Original Chicken Sandwich    |   55 |    3 | Diet Coke            |   60 |
|    3 | Original Chicken Sandwich    |   55 |    2 | Mello Yello          |   75 |
|    3 | Original Chicken Sandwich    |   55 |    1 | Coca-Cola            |   45 |
|    9 | McALLO TIKKI                 |   45 |    5 | Iced Tea             |   35 |
|    9 | McALLO TIKKI                 |   45 |    4 | Frozen Fanta Cherry  |   65 |
|    9 | McALLO TIKKI                 |   45 |    3 | Diet Coke            |   60 |
|    9 | McALLO TIKKI                 |   45 |    2 | Mello Yello          |   75 |
|    9 | McALLO TIKKI                 |   45 |    1 | Coca-Cola            |   45 |
|   12 | Veg Maharaja Mac             |   75 |    5 | Iced Tea             |   35 |
|   12 | Veg Maharaja Mac             |   75 |    4 | Frozen Fanta Cherry  |   65 |
|   12 | Veg Maharaja Mac             |   75 |    3 | Diet Coke            |   60 |
|   12 | Veg Maharaja Mac             |   75 |    2 | Mello Yello          |   75 |
|   12 | Veg Maharaja Mac             |   75 |    1 | Coca-Cola            |   45 |
|    5 | Big Spicy Chicken Wrap       |  100 |    5 | Iced Tea             |   35 |
|    5 | Big Spicy Chicken Wrap       |  100 |    4 | Frozen Fanta Cherry  |   65 |
|    5 | Big Spicy Chicken Wrap       |  100 |    3 | Diet Coke            |   60 |
|    5 | Big Spicy Chicken Wrap       |  100 |    2 | Mello Yello          |   75 |
|    5 | Big Spicy Chicken Wrap       |  100 |    1 | Coca-Cola            |   45 |
|   15 | Cheese Onion Hamburger       |  145 |    5 | Iced Tea             |   35 |
|   15 | Cheese Onion Hamburger       |  145 |    4 | Frozen Fanta Cherry  |   65 |
|   15 | Cheese Onion Hamburger       |  145 |    3 | Diet Coke            |   60 |
|   15 | Cheese Onion Hamburger       |  145 |    2 | Mello Yello          |   75 |
|   15 | Cheese Onion Hamburger       |  145 |    1 | Coca-Cola            |   45 |
|   10 | McVeggie Schezwan            |   85 |    5 | Iced Tea             |   35 |
|   10 | McVeggie Schezwan            |   85 |    4 | Frozen Fanta Cherry  |   65 |
|   10 | McVeggie Schezwan            |   85 |    3 | Diet Coke            |   60 |
|   10 | McVeggie Schezwan            |   85 |    2 | Mello Yello          |   75 |
|   10 | McVeggie Schezwan            |   85 |    1 | Coca-Cola            |   45 |
+------+------------------------------+------+------+----------------------+------+
75 rows in set (0.00 sec)

mysql>
mysql> select  NAME, rate, NAME, RATE from menucard,softdrink;
ERROR 1052 (23000): Column 'NAME' in field list is ambiguous
mysql>
mysql> select  menucard.NAME, menucard.rate, softdrink.NAME, softdrink.RATE from menucard,softdrink;
+------------------------------+------+----------------------+------+
| NAME                         | rate | NAME                 | RATE |
+------------------------------+------+----------------------+------+
| Onion Hamburger              |  115 | Iced Tea             |   35 |
| Onion Hamburger              |  115 | Frozen Fanta Cherry  |   65 |
| Onion Hamburger              |  115 | Diet Coke            |   60 |
| Onion Hamburger              |  115 | Mello Yello          |   75 |
| Onion Hamburger              |  115 | Coca-Cola            |   45 |
| Extra Long Cheeseburger      |  100 | Iced Tea             |   35 |
| Extra Long Cheeseburger      |  100 | Frozen Fanta Cherry  |   65 |
| Extra Long Cheeseburger      |  100 | Diet Coke            |   60 |
| Extra Long Cheeseburger      |  100 | Mello Yello          |   75 |
| Extra Long Cheeseburger      |  100 | Coca-Cola            |   45 |
| Double Stacker               |  125 | Iced Tea             |   35 |
| Double Stacker               |  125 | Frozen Fanta Cherry  |   65 |
| Double Stacker               |  125 | Diet Coke            |   60 |
| Double Stacker               |  125 | Mello Yello          |   75 |
| Double Stacker               |  125 | Coca-Cola            |   45 |
| Double Cheeseburger          |  100 | Iced Tea             |   35 |
| Double Cheeseburger          |  100 | Frozen Fanta Cherry  |   65 |
| Double Cheeseburger          |  100 | Diet Coke            |   60 |
| Double Cheeseburger          |  100 | Mello Yello          |   75 |
| Double Cheeseburger          |  100 | Coca-Cola            |   45 |
| Cheese Hamburger             |  125 | Iced Tea             |   35 |
| Cheese Hamburger             |  125 | Frozen Fanta Cherry  |   65 |
| Cheese Hamburger             |  125 | Diet Coke            |   60 |
| Cheese Hamburger             |  125 | Mello Yello          |   75 |
| Cheese Hamburger             |  125 | Coca-Cola            |   45 |
| Hamburger                    |   85 | Iced Tea             |   35 |
| Hamburger                    |   85 | Frozen Fanta Cherry  |   65 |
| Hamburger                    |   85 | Diet Coke            |   60 |
| Hamburger                    |   85 | Mello Yello          |   75 |
| Hamburger                    |   85 | Coca-Cola            |   45 |
| Classic Grilled Dog          |   95 | Iced Tea             |   35 |
| Classic Grilled Dog          |   95 | Frozen Fanta Cherry  |   65 |
| Classic Grilled Dog          |   95 | Diet Coke            |   60 |
| Classic Grilled Dog          |   95 | Mello Yello          |   75 |
| Classic Grilled Dog          |   95 | Coca-Cola            |   45 |
| Chili Cheese Grilled Dog     |  115 | Iced Tea             |   35 |
| Chili Cheese Grilled Dog     |  115 | Frozen Fanta Cherry  |   65 |
| Chili Cheese Grilled Dog     |  115 | Diet Coke            |   60 |
| Chili Cheese Grilled Dog     |  115 | Mello Yello          |   75 |
| Chili Cheese Grilled Dog     |  115 | Coca-Cola            |   45 |
| Flame Grilled Chicken Burger |  135 | Iced Tea             |   35 |
| Flame Grilled Chicken Burger |  135 | Frozen Fanta Cherry  |   65 |
| Flame Grilled Chicken Burger |  135 | Diet Coke            |   60 |
| Flame Grilled Chicken Burger |  135 | Mello Yello          |   75 |
| Flame Grilled Chicken Burger |  135 | Coca-Cola            |   45 |
| Original Chicken Sandwich    |   55 | Iced Tea             |   35 |
| Original Chicken Sandwich    |   55 | Frozen Fanta Cherry  |   65 |
| Original Chicken Sandwich    |   55 | Diet Coke            |   60 |
| Original Chicken Sandwich    |   55 | Mello Yello          |   75 |
| Original Chicken Sandwich    |   55 | Coca-Cola            |   45 |
| McALLO TIKKI                 |   45 | Iced Tea             |   35 |
| McALLO TIKKI                 |   45 | Frozen Fanta Cherry  |   65 |
| McALLO TIKKI                 |   45 | Diet Coke            |   60 |
| McALLO TIKKI                 |   45 | Mello Yello          |   75 |
| McALLO TIKKI                 |   45 | Coca-Cola            |   45 |
| Veg Maharaja Mac             |   75 | Iced Tea             |   35 |
| Veg Maharaja Mac             |   75 | Frozen Fanta Cherry  |   65 |
| Veg Maharaja Mac             |   75 | Diet Coke            |   60 |
| Veg Maharaja Mac             |   75 | Mello Yello          |   75 |
| Veg Maharaja Mac             |   75 | Coca-Cola            |   45 |
| Big Spicy Chicken Wrap       |  100 | Iced Tea             |   35 |
| Big Spicy Chicken Wrap       |  100 | Frozen Fanta Cherry  |   65 |
| Big Spicy Chicken Wrap       |  100 | Diet Coke            |   60 |
| Big Spicy Chicken Wrap       |  100 | Mello Yello          |   75 |
| Big Spicy Chicken Wrap       |  100 | Coca-Cola            |   45 |
| Cheese Onion Hamburger       |  145 | Iced Tea             |   35 |
| Cheese Onion Hamburger       |  145 | Frozen Fanta Cherry  |   65 |
| Cheese Onion Hamburger       |  145 | Diet Coke            |   60 |
| Cheese Onion Hamburger       |  145 | Mello Yello          |   75 |
| Cheese Onion Hamburger       |  145 | Coca-Cola            |   45 |
| McVeggie Schezwan            |   85 | Iced Tea             |   35 |
| McVeggie Schezwan            |   85 | Frozen Fanta Cherry  |   65 |
| McVeggie Schezwan            |   85 | Diet Coke            |   60 |
| McVeggie Schezwan            |   85 | Mello Yello          |   75 |
| McVeggie Schezwan            |   85 | Coca-Cola            |   45 |
+------------------------------+------+----------------------+------+
75 rows in set (0.00 sec)

mysql> select  menucard.NAME, menucard.rate, softdrink.NAME, softdrink.RATE, menucard.rate + softdrink.RATE Total from menucard,softdrink;
+------------------------------+------+----------------------+------+-------+
| NAME                         | rate | NAME                 | RATE | Total |
+------------------------------+------+----------------------+------+-------+
| Onion Hamburger              |  115 | Iced Tea             |   35 |   150 |
| Onion Hamburger              |  115 | Frozen Fanta Cherry  |   65 |   180 |
| Onion Hamburger              |  115 | Diet Coke            |   60 |   175 |
| Onion Hamburger              |  115 | Mello Yello          |   75 |   190 |
| Onion Hamburger              |  115 | Coca-Cola            |   45 |   160 |
| Extra Long Cheeseburger      |  100 | Iced Tea             |   35 |   135 |
| Extra Long Cheeseburger      |  100 | Frozen Fanta Cherry  |   65 |   165 |
| Extra Long Cheeseburger      |  100 | Diet Coke            |   60 |   160 |
| Extra Long Cheeseburger      |  100 | Mello Yello          |   75 |   175 |
| Extra Long Cheeseburger      |  100 | Coca-Cola            |   45 |   145 |
| Double Stacker               |  125 | Iced Tea             |   35 |   160 |
| Double Stacker               |  125 | Frozen Fanta Cherry  |   65 |   190 |
| Double Stacker               |  125 | Diet Coke            |   60 |   185 |
| Double Stacker               |  125 | Mello Yello          |   75 |   200 |
| Double Stacker               |  125 | Coca-Cola            |   45 |   170 |
| Double Cheeseburger          |  100 | Iced Tea             |   35 |   135 |
| Double Cheeseburger          |  100 | Frozen Fanta Cherry  |   65 |   165 |
| Double Cheeseburger          |  100 | Diet Coke            |   60 |   160 |
| Double Cheeseburger          |  100 | Mello Yello          |   75 |   175 |
| Double Cheeseburger          |  100 | Coca-Cola            |   45 |   145 |
| Cheese Hamburger             |  125 | Iced Tea             |   35 |   160 |
| Cheese Hamburger             |  125 | Frozen Fanta Cherry  |   65 |   190 |
| Cheese Hamburger             |  125 | Diet Coke            |   60 |   185 |
| Cheese Hamburger             |  125 | Mello Yello          |   75 |   200 |
| Cheese Hamburger             |  125 | Coca-Cola            |   45 |   170 |
| Hamburger                    |   85 | Iced Tea             |   35 |   120 |
| Hamburger                    |   85 | Frozen Fanta Cherry  |   65 |   150 |
| Hamburger                    |   85 | Diet Coke            |   60 |   145 |
| Hamburger                    |   85 | Mello Yello          |   75 |   160 |
| Hamburger                    |   85 | Coca-Cola            |   45 |   130 |
| Classic Grilled Dog          |   95 | Iced Tea             |   35 |   130 |
| Classic Grilled Dog          |   95 | Frozen Fanta Cherry  |   65 |   160 |
| Classic Grilled Dog          |   95 | Diet Coke            |   60 |   155 |
| Classic Grilled Dog          |   95 | Mello Yello          |   75 |   170 |
| Classic Grilled Dog          |   95 | Coca-Cola            |   45 |   140 |
| Chili Cheese Grilled Dog     |  115 | Iced Tea             |   35 |   150 |
| Chili Cheese Grilled Dog     |  115 | Frozen Fanta Cherry  |   65 |   180 |
| Chili Cheese Grilled Dog     |  115 | Diet Coke            |   60 |   175 |
| Chili Cheese Grilled Dog     |  115 | Mello Yello          |   75 |   190 |
| Chili Cheese Grilled Dog     |  115 | Coca-Cola            |   45 |   160 |
| Flame Grilled Chicken Burger |  135 | Iced Tea             |   35 |   170 |
| Flame Grilled Chicken Burger |  135 | Frozen Fanta Cherry  |   65 |   200 |
| Flame Grilled Chicken Burger |  135 | Diet Coke            |   60 |   195 |
| Flame Grilled Chicken Burger |  135 | Mello Yello          |   75 |   210 |
| Flame Grilled Chicken Burger |  135 | Coca-Cola            |   45 |   180 |
| Original Chicken Sandwich    |   55 | Iced Tea             |   35 |    90 |
| Original Chicken Sandwich    |   55 | Frozen Fanta Cherry  |   65 |   120 |
| Original Chicken Sandwich    |   55 | Diet Coke            |   60 |   115 |
| Original Chicken Sandwich    |   55 | Mello Yello          |   75 |   130 |
| Original Chicken Sandwich    |   55 | Coca-Cola            |   45 |   100 |
| McALLO TIKKI                 |   45 | Iced Tea             |   35 |    80 |
| McALLO TIKKI                 |   45 | Frozen Fanta Cherry  |   65 |   110 |
| McALLO TIKKI                 |   45 | Diet Coke            |   60 |   105 |
| McALLO TIKKI                 |   45 | Mello Yello          |   75 |   120 |
| McALLO TIKKI                 |   45 | Coca-Cola            |   45 |    90 |
| Veg Maharaja Mac             |   75 | Iced Tea             |   35 |   110 |
| Veg Maharaja Mac             |   75 | Frozen Fanta Cherry  |   65 |   140 |
| Veg Maharaja Mac             |   75 | Diet Coke            |   60 |   135 |
| Veg Maharaja Mac             |   75 | Mello Yello          |   75 |   150 |
| Veg Maharaja Mac             |   75 | Coca-Cola            |   45 |   120 |
| Big Spicy Chicken Wrap       |  100 | Iced Tea             |   35 |   135 |
| Big Spicy Chicken Wrap       |  100 | Frozen Fanta Cherry  |   65 |   165 |
| Big Spicy Chicken Wrap       |  100 | Diet Coke            |   60 |   160 |
| Big Spicy Chicken Wrap       |  100 | Mello Yello          |   75 |   175 |
| Big Spicy Chicken Wrap       |  100 | Coca-Cola            |   45 |   145 |
| Cheese Onion Hamburger       |  145 | Iced Tea             |   35 |   180 |
| Cheese Onion Hamburger       |  145 | Frozen Fanta Cherry  |   65 |   210 |
| Cheese Onion Hamburger       |  145 | Diet Coke            |   60 |   205 |
| Cheese Onion Hamburger       |  145 | Mello Yello          |   75 |   220 |
| Cheese Onion Hamburger       |  145 | Coca-Cola            |   45 |   190 |
| McVeggie Schezwan            |   85 | Iced Tea             |   35 |   120 |
| McVeggie Schezwan            |   85 | Frozen Fanta Cherry  |   65 |   150 |
| McVeggie Schezwan            |   85 | Diet Coke            |   60 |   145 |
| McVeggie Schezwan            |   85 | Mello Yello          |   75 |   160 |
| McVeggie Schezwan            |   85 | Coca-Cola            |   45 |   130 |
+------------------------------+------+----------------------+------+-------+
75 rows in set (0.00 sec)

mysql> select count(*) from emp;
+----------+
| count(*) |
+----------+
|       28 |
+----------+
1 row in set (0.00 sec)

mysql> select * from softdrink;
+------+----------------------+------+
| ID   | NAME                 | RATE |
+------+----------------------+------+
|    1 | Coca-Cola            |   45 |
|    2 | Mello Yello          |   75 |
|    3 | Diet Coke            |   60 |
|    4 | Frozen Fanta Cherry  |   65 |
|    5 | Iced Tea             |   35 |
+------+----------------------+------+
5 rows in set (0.00 sec)

mysql> select count(*), softdrink.ename, softdrink.rate from emp, softdrink group by softdrink.ename, softdrink.rate;
ERROR 1054 (42S22): Unknown column 'softdrink.ename' in 'field list'
mysql> select count(*), softdrink.name, softdrink.rate from emp, softdrink group by softdrink.ename, softdrink.rate;
ERROR 1054 (42S22): Unknown column 'softdrink.ename' in 'group statement'
mysql> select count(*), softdrink.name, softdrink.rate from emp, softdrink group by softdrink.name, softdrink.rate;
+----------+----------------------+------+
| count(*) | name                 | rate |
+----------+----------------------+------+
|       28 | Iced Tea             |   35 |
|       28 | Frozen Fanta Cherry  |   65 |
|       28 | Diet Coke            |   60 |
|       28 | Mello Yello          |   75 |
|       28 | Coca-Cola            |   45 |
+----------+----------------------+------+
5 rows in set (0.00 sec)

mysql> select count(*), softdrink.name, softdrink.rate, count(*) * softdrink.rate Total from emp, softdrink group by softdrink.name, softdrink.rate;
+----------+----------------------+------+-------+
| count(*) | name                 | rate | Total |
+----------+----------------------+------+-------+
|       28 | Iced Tea             |   35 |   980 |
|       28 | Frozen Fanta Cherry  |   65 |  1820 |
|       28 | Diet Coke            |   60 |  1680 |
|       28 | Mello Yello          |   75 |  2100 |
|       28 | Coca-Cola            |   45 |  1260 |
+----------+----------------------+------+-------+
5 rows in set (0.00 sec)

mysql> select 28 * 45;
+---------+
| 28 * 45 |
+---------+
|    1260 |
+---------+
1 row in set (0.00 sec)

mysql> select  * from menucard,softdrink;
+------+------------------------------+------+------+----------------------+------+
| ID   | NAME                         | RATE | ID   | NAME                 | RATE |
+------+------------------------------+------+------+----------------------+------+
|   14 | Onion Hamburger              |  115 |    5 | Iced Tea             |   35 |
|   14 | Onion Hamburger              |  115 |    4 | Frozen Fanta Cherry  |   65 |
|   14 | Onion Hamburger              |  115 |    3 | Diet Coke            |   60 |
|   14 | Onion Hamburger              |  115 |    2 | Mello Yello          |   75 |
|   14 | Onion Hamburger              |  115 |    1 | Coca-Cola            |   45 |
|    6 | Extra Long Cheeseburger      |  100 |    5 | Iced Tea             |   35 |
|    6 | Extra Long Cheeseburger      |  100 |    4 | Frozen Fanta Cherry  |   65 |
|    6 | Extra Long Cheeseburger      |  100 |    3 | Diet Coke            |   60 |
|    6 | Extra Long Cheeseburger      |  100 |    2 | Mello Yello          |   75 |
|    6 | Extra Long Cheeseburger      |  100 |    1 | Coca-Cola            |   45 |
|    2 | Double Stacker               |  125 |    5 | Iced Tea             |   35 |
|    2 | Double Stacker               |  125 |    4 | Frozen Fanta Cherry  |   65 |
|    2 | Double Stacker               |  125 |    3 | Diet Coke            |   60 |
|    2 | Double Stacker               |  125 |    2 | Mello Yello          |   75 |
|    2 | Double Stacker               |  125 |    1 | Coca-Cola            |   45 |
|    8 | Double Cheeseburger          |  100 |    5 | Iced Tea             |   35 |
|    8 | Double Cheeseburger          |  100 |    4 | Frozen Fanta Cherry  |   65 |
|    8 | Double Cheeseburger          |  100 |    3 | Diet Coke            |   60 |
|    8 | Double Cheeseburger          |  100 |    2 | Mello Yello          |   75 |
|    8 | Double Cheeseburger          |  100 |    1 | Coca-Cola            |   45 |
|   13 | Cheese Hamburger             |  125 |    5 | Iced Tea             |   35 |
|   13 | Cheese Hamburger             |  125 |    4 | Frozen Fanta Cherry  |   65 |
|   13 | Cheese Hamburger             |  125 |    3 | Diet Coke            |   60 |
|   13 | Cheese Hamburger             |  125 |    2 | Mello Yello          |   75 |
|   13 | Cheese Hamburger             |  125 |    1 | Coca-Cola            |   45 |
|    4 | Hamburger                    |   85 |    5 | Iced Tea             |   35 |
|    4 | Hamburger                    |   85 |    4 | Frozen Fanta Cherry  |   65 |
|    4 | Hamburger                    |   85 |    3 | Diet Coke            |   60 |
|    4 | Hamburger                    |   85 |    2 | Mello Yello          |   75 |
|    4 | Hamburger                    |   85 |    1 | Coca-Cola            |   45 |
|   11 | Classic Grilled Dog          |   95 |    5 | Iced Tea             |   35 |
|   11 | Classic Grilled Dog          |   95 |    4 | Frozen Fanta Cherry  |   65 |
|   11 | Classic Grilled Dog          |   95 |    3 | Diet Coke            |   60 |
|   11 | Classic Grilled Dog          |   95 |    2 | Mello Yello          |   75 |
|   11 | Classic Grilled Dog          |   95 |    1 | Coca-Cola            |   45 |
|    1 | Chili Cheese Grilled Dog     |  115 |    5 | Iced Tea             |   35 |
|    1 | Chili Cheese Grilled Dog     |  115 |    4 | Frozen Fanta Cherry  |   65 |
|    1 | Chili Cheese Grilled Dog     |  115 |    3 | Diet Coke            |   60 |
|    1 | Chili Cheese Grilled Dog     |  115 |    2 | Mello Yello          |   75 |
|    1 | Chili Cheese Grilled Dog     |  115 |    1 | Coca-Cola            |   45 |
|    7 | Flame Grilled Chicken Burger |  135 |    5 | Iced Tea             |   35 |
|    7 | Flame Grilled Chicken Burger |  135 |    4 | Frozen Fanta Cherry  |   65 |
|    7 | Flame Grilled Chicken Burger |  135 |    3 | Diet Coke            |   60 |
|    7 | Flame Grilled Chicken Burger |  135 |    2 | Mello Yello          |   75 |
|    7 | Flame Grilled Chicken Burger |  135 |    1 | Coca-Cola            |   45 |
|    3 | Original Chicken Sandwich    |   55 |    5 | Iced Tea             |   35 |
|    3 | Original Chicken Sandwich    |   55 |    4 | Frozen Fanta Cherry  |   65 |
|    3 | Original Chicken Sandwich    |   55 |    3 | Diet Coke            |   60 |
|    3 | Original Chicken Sandwich    |   55 |    2 | Mello Yello          |   75 |
|    3 | Original Chicken Sandwich    |   55 |    1 | Coca-Cola            |   45 |
|    9 | McALLO TIKKI                 |   45 |    5 | Iced Tea             |   35 |
|    9 | McALLO TIKKI                 |   45 |    4 | Frozen Fanta Cherry  |   65 |
|    9 | McALLO TIKKI                 |   45 |    3 | Diet Coke            |   60 |
|    9 | McALLO TIKKI                 |   45 |    2 | Mello Yello          |   75 |
|    9 | McALLO TIKKI                 |   45 |    1 | Coca-Cola            |   45 |
|   12 | Veg Maharaja Mac             |   75 |    5 | Iced Tea             |   35 |
|   12 | Veg Maharaja Mac             |   75 |    4 | Frozen Fanta Cherry  |   65 |
|   12 | Veg Maharaja Mac             |   75 |    3 | Diet Coke            |   60 |
|   12 | Veg Maharaja Mac             |   75 |    2 | Mello Yello          |   75 |
|   12 | Veg Maharaja Mac             |   75 |    1 | Coca-Cola            |   45 |
|    5 | Big Spicy Chicken Wrap       |  100 |    5 | Iced Tea             |   35 |
|    5 | Big Spicy Chicken Wrap       |  100 |    4 | Frozen Fanta Cherry  |   65 |
|    5 | Big Spicy Chicken Wrap       |  100 |    3 | Diet Coke            |   60 |
|    5 | Big Spicy Chicken Wrap       |  100 |    2 | Mello Yello          |   75 |
|    5 | Big Spicy Chicken Wrap       |  100 |    1 | Coca-Cola            |   45 |
|   15 | Cheese Onion Hamburger       |  145 |    5 | Iced Tea             |   35 |
|   15 | Cheese Onion Hamburger       |  145 |    4 | Frozen Fanta Cherry  |   65 |
|   15 | Cheese Onion Hamburger       |  145 |    3 | Diet Coke            |   60 |
|   15 | Cheese Onion Hamburger       |  145 |    2 | Mello Yello          |   75 |
|   15 | Cheese Onion Hamburger       |  145 |    1 | Coca-Cola            |   45 |
|   10 | McVeggie Schezwan            |   85 |    5 | Iced Tea             |   35 |
|   10 | McVeggie Schezwan            |   85 |    4 | Frozen Fanta Cherry  |   65 |
|   10 | McVeggie Schezwan            |   85 |    3 | Diet Coke            |   60 |
|   10 | McVeggie Schezwan            |   85 |    2 | Mello Yello          |   75 |
|   10 | McVeggie Schezwan            |   85 |    1 | Coca-Cola            |   45 |
+------+------------------------------+------+------+----------------------+------+
75 rows in set (0.00 sec)

mysql> select  * from menucard cross join softdrink;
+------+------------------------------+------+------+----------------------+------+
| ID   | NAME                         | RATE | ID   | NAME                 | RATE |
+------+------------------------------+------+------+----------------------+------+
|   14 | Onion Hamburger              |  115 |    5 | Iced Tea             |   35 |
|   14 | Onion Hamburger              |  115 |    4 | Frozen Fanta Cherry  |   65 |
|   14 | Onion Hamburger              |  115 |    3 | Diet Coke            |   60 |
|   14 | Onion Hamburger              |  115 |    2 | Mello Yello          |   75 |
|   14 | Onion Hamburger              |  115 |    1 | Coca-Cola            |   45 |
|    6 | Extra Long Cheeseburger      |  100 |    5 | Iced Tea             |   35 |
|    6 | Extra Long Cheeseburger      |  100 |    4 | Frozen Fanta Cherry  |   65 |
|    6 | Extra Long Cheeseburger      |  100 |    3 | Diet Coke            |   60 |
|    6 | Extra Long Cheeseburger      |  100 |    2 | Mello Yello          |   75 |
|    6 | Extra Long Cheeseburger      |  100 |    1 | Coca-Cola            |   45 |
|    2 | Double Stacker               |  125 |    5 | Iced Tea             |   35 |
|    2 | Double Stacker               |  125 |    4 | Frozen Fanta Cherry  |   65 |
|    2 | Double Stacker               |  125 |    3 | Diet Coke            |   60 |
|    2 | Double Stacker               |  125 |    2 | Mello Yello          |   75 |
|    2 | Double Stacker               |  125 |    1 | Coca-Cola            |   45 |
|    8 | Double Cheeseburger          |  100 |    5 | Iced Tea             |   35 |
|    8 | Double Cheeseburger          |  100 |    4 | Frozen Fanta Cherry  |   65 |
|    8 | Double Cheeseburger          |  100 |    3 | Diet Coke            |   60 |
|    8 | Double Cheeseburger          |  100 |    2 | Mello Yello          |   75 |
|    8 | Double Cheeseburger          |  100 |    1 | Coca-Cola            |   45 |
|   13 | Cheese Hamburger             |  125 |    5 | Iced Tea             |   35 |
|   13 | Cheese Hamburger             |  125 |    4 | Frozen Fanta Cherry  |   65 |
|   13 | Cheese Hamburger             |  125 |    3 | Diet Coke            |   60 |
|   13 | Cheese Hamburger             |  125 |    2 | Mello Yello          |   75 |
|   13 | Cheese Hamburger             |  125 |    1 | Coca-Cola            |   45 |
|    4 | Hamburger                    |   85 |    5 | Iced Tea             |   35 |
|    4 | Hamburger                    |   85 |    4 | Frozen Fanta Cherry  |   65 |
|    4 | Hamburger                    |   85 |    3 | Diet Coke            |   60 |
|    4 | Hamburger                    |   85 |    2 | Mello Yello          |   75 |
|    4 | Hamburger                    |   85 |    1 | Coca-Cola            |   45 |
|   11 | Classic Grilled Dog          |   95 |    5 | Iced Tea             |   35 |
|   11 | Classic Grilled Dog          |   95 |    4 | Frozen Fanta Cherry  |   65 |
|   11 | Classic Grilled Dog          |   95 |    3 | Diet Coke            |   60 |
|   11 | Classic Grilled Dog          |   95 |    2 | Mello Yello          |   75 |
|   11 | Classic Grilled Dog          |   95 |    1 | Coca-Cola            |   45 |
|    1 | Chili Cheese Grilled Dog     |  115 |    5 | Iced Tea             |   35 |
|    1 | Chili Cheese Grilled Dog     |  115 |    4 | Frozen Fanta Cherry  |   65 |
|    1 | Chili Cheese Grilled Dog     |  115 |    3 | Diet Coke            |   60 |
|    1 | Chili Cheese Grilled Dog     |  115 |    2 | Mello Yello          |   75 |
|    1 | Chili Cheese Grilled Dog     |  115 |    1 | Coca-Cola            |   45 |
|    7 | Flame Grilled Chicken Burger |  135 |    5 | Iced Tea             |   35 |
|    7 | Flame Grilled Chicken Burger |  135 |    4 | Frozen Fanta Cherry  |   65 |
|    7 | Flame Grilled Chicken Burger |  135 |    3 | Diet Coke            |   60 |
|    7 | Flame Grilled Chicken Burger |  135 |    2 | Mello Yello          |   75 |
|    7 | Flame Grilled Chicken Burger |  135 |    1 | Coca-Cola            |   45 |
|    3 | Original Chicken Sandwich    |   55 |    5 | Iced Tea             |   35 |
|    3 | Original Chicken Sandwich    |   55 |    4 | Frozen Fanta Cherry  |   65 |
|    3 | Original Chicken Sandwich    |   55 |    3 | Diet Coke            |   60 |
|    3 | Original Chicken Sandwich    |   55 |    2 | Mello Yello          |   75 |
|    3 | Original Chicken Sandwich    |   55 |    1 | Coca-Cola            |   45 |
|    9 | McALLO TIKKI                 |   45 |    5 | Iced Tea             |   35 |
|    9 | McALLO TIKKI                 |   45 |    4 | Frozen Fanta Cherry  |   65 |
|    9 | McALLO TIKKI                 |   45 |    3 | Diet Coke            |   60 |
|    9 | McALLO TIKKI                 |   45 |    2 | Mello Yello          |   75 |
|    9 | McALLO TIKKI                 |   45 |    1 | Coca-Cola            |   45 |
|   12 | Veg Maharaja Mac             |   75 |    5 | Iced Tea             |   35 |
|   12 | Veg Maharaja Mac             |   75 |    4 | Frozen Fanta Cherry  |   65 |
|   12 | Veg Maharaja Mac             |   75 |    3 | Diet Coke            |   60 |
|   12 | Veg Maharaja Mac             |   75 |    2 | Mello Yello          |   75 |
|   12 | Veg Maharaja Mac             |   75 |    1 | Coca-Cola            |   45 |
|    5 | Big Spicy Chicken Wrap       |  100 |    5 | Iced Tea             |   35 |
|    5 | Big Spicy Chicken Wrap       |  100 |    4 | Frozen Fanta Cherry  |   65 |
|    5 | Big Spicy Chicken Wrap       |  100 |    3 | Diet Coke            |   60 |
|    5 | Big Spicy Chicken Wrap       |  100 |    2 | Mello Yello          |   75 |
|    5 | Big Spicy Chicken Wrap       |  100 |    1 | Coca-Cola            |   45 |
|   15 | Cheese Onion Hamburger       |  145 |    5 | Iced Tea             |   35 |
|   15 | Cheese Onion Hamburger       |  145 |    4 | Frozen Fanta Cherry  |   65 |
|   15 | Cheese Onion Hamburger       |  145 |    3 | Diet Coke            |   60 |
|   15 | Cheese Onion Hamburger       |  145 |    2 | Mello Yello          |   75 |
|   15 | Cheese Onion Hamburger       |  145 |    1 | Coca-Cola            |   45 |
|   10 | McVeggie Schezwan            |   85 |    5 | Iced Tea             |   35 |
|   10 | McVeggie Schezwan            |   85 |    4 | Frozen Fanta Cherry  |   65 |
|   10 | McVeggie Schezwan            |   85 |    3 | Diet Coke            |   60 |
|   10 | McVeggie Schezwan            |   85 |    2 | Mello Yello          |   75 |
|   10 | McVeggie Schezwan            |   85 |    1 | Coca-Cola            |   45 |
+------+------------------------------+------+------+----------------------+------+
75 rows in set (0.00 sec)

mysql> select * from warehouse;
+--------------+----------------+------------+
| warehouse_id | warehouse_name | channel_id |
+--------------+----------------+------------+
|          143 | AC Warehouse   |          1 |
|          156 | National       |          2 |
|          231 | Global         |          3 |
|          254 | NON-STOP       |          2 |
|          321 | Migrant System |          2 |
|          464 | Blaze          |          1 |
+--------------+----------------+------------+
6 rows in set (0.02 sec)

mysql> select * from products;
+-----------+----------------------------------+------------+------------+----------------------+-----------+--------------+--------------+--------------+--------------+
| ProductID | ProductName                      | SupplierID | CategoryID | QuantityPerUnit      | UnitPrice | UnitsInStock | UnitsOnOrder | ReorderLevel | Discontinued |
+-----------+----------------------------------+------------+------------+----------------------+-----------+--------------+--------------+--------------+--------------+
|         1 | Chai                             |          1 |          1 | 10 boxes x 20 bags   |   18.0000 |           39 |            0 |           10 |            0 |
|         2 | Chang                            |          1 |          1 | 24 - 12 oz bottles   |   19.0000 |           17 |           40 |           25 |            0 |
|         3 | Aniseed Syrup                    |          1 |          2 | 12 - 550 ml bottles  |   10.0000 |           13 |           70 |           25 |            0 |
|         4 | Chef Anton's Cajun Seasoning     |          2 |          2 | 48 - 6 oz jars       |   22.0000 |           53 |            0 |            0 |            0 |
|         5 | Chef Anton's Gumbo Mix           |          2 |          2 | 36 boxes             |   21.3500 |            0 |            0 |            0 |            1 |
|         6 | Grandma's Boysenberry Spread     |          3 |          2 | 12 - 8 oz jars       |   25.0000 |          120 |            0 |           25 |            0 |
|         7 | Uncle Bob's Organic Dried Pears  |          3 |          7 | 12 - 1 lb pkgs.      |   30.0000 |           15 |            0 |           10 |            0 |
|         8 | Northwoods Cranberry Sauce       |          3 |          2 | 12 - 12 oz jars      |   40.0000 |            6 |            0 |            0 |            0 |
|         9 | Mishi Kobe Niku                  |          4 |          6 | 18 - 500 g pkgs.     |   97.0000 |           29 |            0 |            0 |            1 |
|        10 | Ikura                            |          4 |          8 | 12 - 200 ml jars     |   31.0000 |           31 |            0 |            0 |            0 |
|        11 | Queso Cabrales                   |          5 |          4 | 1 kg pkg.            |   21.0000 |           22 |           30 |           30 |            0 |
|        12 | Queso Manchego La Pastora        |          5 |          4 | 10 - 500 g pkgs.     |   38.0000 |           86 |            0 |            0 |            0 |
|        13 | Konbu                            |          6 |          8 | 2 kg box             |    6.0000 |           24 |            0 |            5 |            0 |
|        14 | Tofu                             |          6 |          7 | 40 - 100 g pkgs.     |   23.2500 |           35 |            0 |            0 |            0 |
|        15 | Genen Shouyu                     |          6 |          2 | 40 - 100 g pkgs.     |   15.5000 |           39 |            0 |            5 |            0 |
|        16 | Pavlova                          |          7 |          3 | 32 - 500 g boxes     |   17.4500 |           29 |            0 |           10 |            0 |
|        17 | Alice Mutton                     |          7 |          6 | 20 - 1 kg tins       |   39.0000 |            0 |            0 |            0 |            1 |
|        18 | Carnarvon Tigers                 |          7 |          8 | 16 kg pkg.           |   62.5000 |           42 |            0 |            0 |            0 |
|        19 | Teatime Chocolate Biscuits       |          8 |          3 | 10 boxes x 12 pieces |    9.2000 |           25 |            0 |            5 |            0 |
|        20 | Sir Rodney's Marmalade           |          8 |          3 | 30 gift boxes        |   81.0000 |           40 |            0 |            0 |            0 |
|        21 | Sir Rodney's Scones              |          8 |          3 | 24 pkgs. x 4 pieces  |   10.0000 |            3 |           40 |            5 |            0 |
|        22 | Gustaf's Knckebrd                |          9 |          5 | 24 - 500 g pkgs.     |   21.0000 |          104 |            0 |           25 |            0 |
|        23 | Tunnbrd                          |          9 |          5 | 12 - 250 g pkgs.     |    9.0000 |           61 |            0 |           25 |            0 |
|        24 | Guaran Fantstica                 |         10 |          1 | 12 - 355 ml cans     |    4.5000 |           20 |            0 |            0 |            1 |
|        25 | NuNuCa Nu-Nougat-Creme           |         11 |          3 | 20 - 450 g glasses   |   14.0000 |           76 |            0 |           30 |            0 |
|        26 | Gumbr Gummibrchen                |         11 |          3 | 100 - 250 g bags     |   31.2300 |           15 |            0 |            0 |            0 |
|        27 | Schoggi Schokolade               |         11 |          3 | 100 - 100 g pieces   |   43.9000 |           49 |            0 |           30 |            0 |
|        28 | Rssle Sauerkraut                 |         12 |          7 | 25 - 825 g cans      |   45.6000 |           26 |            0 |            0 |            1 |
|        29 | Thringer Rostbratwurst           |         12 |          6 | 50 bags x 30 sausgs. |  123.7900 |            0 |            0 |            0 |            1 |
|        30 | Nord-Ost Matjeshering            |         13 |          8 | 10 - 200 g glasses   |   25.8900 |           10 |            0 |           15 |            0 |
|        31 | Gorgonzola Telino                |         14 |          4 | 12 - 100 g pkgs      |   12.5000 |            0 |           70 |           20 |            0 |
|        32 | Mascarpone Fabioli               |         14 |          4 | 24 - 200 g pkgs.     |   32.0000 |            9 |           40 |           25 |            0 |
|        33 | Geitost                          |         15 |          4 | 500 g                |    2.5000 |          112 |            0 |           20 |            0 |
|        34 | Sasquatch Ale                    |         16 |          1 | 24 - 12 oz bottles   |   14.0000 |          111 |            0 |           15 |            0 |
|        35 | Steeleye Stout                   |         16 |          1 | 24 - 12 oz bottles   |   18.0000 |           20 |            0 |           15 |            0 |
|        36 | Inlagd Sill                      |         17 |          8 | 24 - 250 g jars      |   19.0000 |          112 |            0 |           20 |            0 |
|        37 | Gravad lax                       |         17 |          8 | 12 - 500 g pkgs.     |   26.0000 |           11 |           50 |           25 |            0 |
|        38 | Cte de Blaye                     |         18 |          1 | 12 - 75 cl bottles   |  263.5000 |           17 |            0 |           15 |            0 |
|        39 | Chartreuse verte                 |         18 |          1 | 750 cc per bottle    |   18.0000 |           69 |            0 |            5 |            0 |
|        40 | Boston Crab Meat                 |         19 |          8 | 24 - 4 oz tins       |   18.4000 |          123 |            0 |           30 |            0 |
|        41 | Jack's New England Clam Chowder  |         19 |          8 | 12 - 12 oz cans      |    9.6500 |           85 |            0 |           10 |            0 |
|        42 | Singaporean Hokkien Fried Mee    |         20 |          5 | 32 - 1 kg pkgs.      |   14.0000 |           26 |            0 |            0 |            1 |
|        43 | Ipoh Coffee                      |         20 |          1 | 16 - 500 g tins      |   46.0000 |           17 |           10 |           25 |            0 |
|        44 | Gula Malacca                     |         20 |          2 | 20 - 2 kg bags       |   19.4500 |           27 |            0 |           15 |            0 |
|        45 | Rogede sild                      |         21 |          8 | 1k pkg.              |    9.5000 |            5 |           70 |           15 |            0 |
|        46 | Spegesild                        |         21 |          8 | 4 - 450 g glasses    |   12.0000 |           95 |            0 |            0 |            0 |
|        47 | Zaanse koeken                    |         22 |          3 | 10 - 4 oz boxes      |    9.5000 |           36 |            0 |            0 |            0 |
|        48 | Chocolade                        |         22 |          3 | 10 pkgs.             |   12.7500 |           15 |           70 |           25 |            0 |
|        49 | Maxilaku                         |         23 |          3 | 24 - 50 g pkgs.      |   20.0000 |           10 |           60 |           15 |            0 |
|        50 | Valkoinen suklaa                 |         23 |          3 | 12 - 100 g bars      |   16.2500 |           65 |            0 |           30 |            0 |
|        51 | Manjimup Dried Apples            |         24 |          7 | 50 - 300 g pkgs.     |   53.0000 |           20 |            0 |           10 |            0 |
|        52 | Filo Mix                         |         24 |          5 | 16 - 2 kg boxes      |    7.0000 |           38 |            0 |           25 |            0 |
|        53 | Perth Pasties                    |         24 |          6 | 48 pieces            |   32.8000 |            0 |            0 |            0 |            1 |
|        54 | Tourtire                         |         25 |          6 | 16 pies              |    7.4500 |           21 |            0 |           10 |            0 |
|        55 | Pt chinois                       |         25 |          6 | 24 boxes x 2 pies    |   24.0000 |          115 |            0 |           20 |            0 |
|        56 | Gnocchi di nonna Alice           |         26 |          5 | 24 - 250 g pkgs.     |   38.0000 |           21 |           10 |           30 |            0 |
|        57 | Ravioli Angelo                   |         26 |          5 | 24 - 250 g pkgs.     |   19.5000 |           36 |            0 |           20 |            0 |
|        58 | Escargots de Bourgogne           |         27 |          8 | 24 pieces            |   13.2500 |           62 |            0 |           20 |            0 |
|        59 | Raclette Courdavault             |         28 |          4 | 5 kg pkg.            |   55.0000 |           79 |            0 |            0 |            0 |
|        60 | Camembert Pierrot                |         28 |          4 | 15 - 300 g rounds    |   34.0000 |           19 |            0 |            0 |            0 |
|        61 | Sirop d'rable                    |         29 |          2 | 24 - 500 ml bottles  |   28.5000 |          113 |            0 |           25 |            0 |
|        62 | Tarte au sucre                   |         29 |          3 | 48 pies              |   49.3000 |           17 |            0 |            0 |            0 |
|        63 | Vegie-spread                     |          7 |          2 | 15 - 625 g jars      |   43.9000 |           24 |            0 |            5 |            0 |
|        64 | Wimmers gute Semmelkndel         |         12 |          5 | 20 bags x 4 pieces   |   33.2500 |           22 |           80 |           30 |            0 |
|        65 | Louisiana Fiery Hot Pepper Sauce |          2 |          2 | 32 - 8 oz bottles    |   21.0500 |           76 |            0 |            0 |            0 |
|        66 | Louisiana Hot Spiced Okra        |          2 |          2 | 24 - 8 oz jars       |   17.0000 |            4 |          100 |           20 |            0 |
|        67 | Laughing Lumberjack Lager        |         16 |          1 | 24 - 12 oz bottles   |   14.0000 |           52 |            0 |           10 |            0 |
|        68 | Scottish Longbreads              |          8 |          3 | 10 boxes x 8 pieces  |   12.5000 |            6 |           10 |           15 |            0 |
|        69 | Gudbrandsdalsost                 |         15 |          4 | 10 kg pkg.           |   36.0000 |           26 |            0 |           15 |            0 |
|        70 | Outback Lager                    |          7 |          1 | 24 - 355 ml bottles  |   15.0000 |           15 |           10 |           30 |            0 |
|        71 | Flotemysost                      |         15 |          4 | 10 - 500 g pkgs.     |   21.5000 |           26 |            0 |            0 |            0 |
|        72 | Mozzarella di Giovanni           |         14 |          4 | 24 - 200 g pkgs.     |   34.8000 |           14 |            0 |            0 |            0 |
|        73 | Rd Kaviar                        |         17 |          8 | 24 - 150 g jars      |   15.0000 |          101 |            0 |            5 |            0 |
|        74 | Longlife Tofu                    |          4 |          7 | 5 kg pkg.            |   10.0000 |            4 |           20 |            5 |            0 |
|        75 | Rhnbru Klosterbier               |         12 |          1 | 24 - 0.5 l bottles   |    7.7500 |          125 |            0 |           25 |            0 |
|        76 | Lakkalikri                       |         23 |          1 | 500 ml               |   18.0000 |           57 |            0 |           20 |            0 |
|        77 | Original Frankfurter grne Soe    |         12 |          2 | 12 boxes             |   13.0000 |           32 |            0 |           15 |            0 |
+-----------+----------------------------------+------------+------------+----------------------+-----------+--------------+--------------+--------------+--------------+
77 rows in set (0.04 sec)

mysql>
mysql> select * from warehouse, products;
+--------------+----------------+------------+-----------+----------------------------------+------------+------------+----------------------+-----------+--------------+--------------+--------------+--------------+
| warehouse_id | warehouse_name | channel_id | ProductID | ProductName                      | SupplierID | CategoryID | QuantityPerUnit      | UnitPrice | UnitsInStock | UnitsOnOrder | ReorderLevel | Discontinued |
+--------------+----------------+------------+-----------+----------------------------------+------------+------------+----------------------+-----------+--------------+--------------+--------------+--------------+
|          464 | Blaze          |          1 |         1 | Chai                             |          1 |          1 | 10 boxes x 20 bags   |   18.0000 |           39 |            0 |           10 |            0 |
|          321 | Migrant System |          2 |         1 | Chai                             |          1 |          1 | 10 boxes x 20 bags   |   18.0000 |           39 |            0 |           10 |            0 |
|          254 | NON-STOP       |          2 |         1 | Chai                             |          1 |          1 | 10 boxes x 20 bags   |   18.0000 |           39 |            0 |           10 |            0 |
|          231 | Global         |          3 |         1 | Chai                             |          1 |          1 | 10 boxes x 20 bags   |   18.0000 |           39 |            0 |           10 |            0 |
|          156 | National       |          2 |         1 | Chai                             |          1 |          1 | 10 boxes x 20 bags   |   18.0000 |           39 |            0 |           10 |            0 |
|          143 | AC Warehouse   |          1 |         1 | Chai                             |          1 |          1 | 10 boxes x 20 bags   |   18.0000 |           39 |            0 |           10 |            0 |
|          464 | Blaze          |          1 |         2 | Chang                            |          1 |          1 | 24 - 12 oz bottles   |   19.0000 |           17 |           40 |           25 |            0 |
|          321 | Migrant System |          2 |         2 | Chang                            |          1 |          1 | 24 - 12 oz bottles   |   19.0000 |           17 |           40 |           25 |            0 |
|          254 | NON-STOP       |          2 |         2 | Chang                            |          1 |          1 | 24 - 12 oz bottles   |   19.0000 |           17 |           40 |           25 |            0 |
|          231 | Global         |          3 |         2 | Chang                            |          1 |          1 | 24 - 12 oz bottles   |   19.0000 |           17 |           40 |           25 |            0 |
|          156 | National       |          2 |         2 | Chang                            |          1 |          1 | 24 - 12 oz bottles   |   19.0000 |           17 |           40 |           25 |            0 |
|          143 | AC Warehouse   |          1 |         2 | Chang                            |          1 |          1 | 24 - 12 oz bottles   |   19.0000 |           17 |           40 |           25 |            0 |
|          464 | Blaze          |          1 |         3 | Aniseed Syrup                    |          1 |          2 | 12 - 550 ml bottles  |   10.0000 |           13 |           70 |           25 |            0 |
|          321 | Migrant System |          2 |         3 | Aniseed Syrup                    |          1 |          2 | 12 - 550 ml bottles  |   10.0000 |           13 |           70 |           25 |            0 |
|          254 | NON-STOP       |          2 |         3 | Aniseed Syrup                    |          1 |          2 | 12 - 550 ml bottles  |   10.0000 |           13 |           70 |           25 |            0 |
|          231 | Global         |          3 |         3 | Aniseed Syrup                    |          1 |          2 | 12 - 550 ml bottles  |   10.0000 |           13 |           70 |           25 |            0 |
|          156 | National       |          2 |         3 | Aniseed Syrup                    |          1 |          2 | 12 - 550 ml bottles  |   10.0000 |           13 |           70 |           25 |            0 |
|          143 | AC Warehouse   |          1 |         3 | Aniseed Syrup                    |          1 |          2 | 12 - 550 ml bottles  |   10.0000 |           13 |           70 |           25 |            0 |
|          464 | Blaze          |          1 |         4 | Chef Anton's Cajun Seasoning     |          2 |          2 | 48 - 6 oz jars       |   22.0000 |           53 |            0 |            0 |            0 |
|          321 | Migrant System |          2 |         4 | Chef Anton's Cajun Seasoning     |          2 |          2 | 48 - 6 oz jars       |   22.0000 |           53 |            0 |            0 |            0 |
|          254 | NON-STOP       |          2 |         4 | Chef Anton's Cajun Seasoning     |          2 |          2 | 48 - 6 oz jars       |   22.0000 |           53 |            0 |            0 |            0 |
|          231 | Global         |          3 |         4 | Chef Anton's Cajun Seasoning     |          2 |          2 | 48 - 6 oz jars       |   22.0000 |           53 |            0 |            0 |            0 |
|          156 | National       |          2 |         4 | Chef Anton's Cajun Seasoning     |          2 |          2 | 48 - 6 oz jars       |   22.0000 |           53 |            0 |            0 |            0 |
|          143 | AC Warehouse   |          1 |         4 | Chef Anton's Cajun Seasoning     |          2 |          2 | 48 - 6 oz jars       |   22.0000 |           53 |            0 |            0 |            0 |
|          464 | Blaze          |          1 |         5 | Chef Anton's Gumbo Mix           |          2 |          2 | 36 boxes             |   21.3500 |            0 |            0 |            0 |            1 |
|          321 | Migrant System |          2 |         5 | Chef Anton's Gumbo Mix           |          2 |          2 | 36 boxes             |   21.3500 |            0 |            0 |            0 |            1 |
|          254 | NON-STOP       |          2 |         5 | Chef Anton's Gumbo Mix           |          2 |          2 | 36 boxes             |   21.3500 |            0 |            0 |            0 |            1 |
|          231 | Global         |          3 |         5 | Chef Anton's Gumbo Mix           |          2 |          2 | 36 boxes             |   21.3500 |            0 |            0 |            0 |            1 |
|          156 | National       |          2 |         5 | Chef Anton's Gumbo Mix           |          2 |          2 | 36 boxes             |   21.3500 |            0 |            0 |            0 |            1 |
|          143 | AC Warehouse   |          1 |         5 | Chef Anton's Gumbo Mix           |          2 |          2 | 36 boxes             |   21.3500 |            0 |            0 |            0 |            1 |
|          464 | Blaze          |          1 |         6 | Grandma's Boysenberry Spread     |          3 |          2 | 12 - 8 oz jars       |   25.0000 |          120 |            0 |           25 |            0 |
|          321 | Migrant System |          2 |         6 | Grandma's Boysenberry Spread     |          3 |          2 | 12 - 8 oz jars       |   25.0000 |          120 |            0 |           25 |            0 |
|          254 | NON-STOP       |          2 |         6 | Grandma's Boysenberry Spread     |          3 |          2 | 12 - 8 oz jars       |   25.0000 |          120 |            0 |           25 |            0 |
|          231 | Global         |          3 |         6 | Grandma's Boysenberry Spread     |          3 |          2 | 12 - 8 oz jars       |   25.0000 |          120 |            0 |           25 |            0 |
|          156 | National       |          2 |         6 | Grandma's Boysenberry Spread     |          3 |          2 | 12 - 8 oz jars       |   25.0000 |          120 |            0 |           25 |            0 |
|          143 | AC Warehouse   |          1 |         6 | Grandma's Boysenberry Spread     |          3 |          2 | 12 - 8 oz jars       |   25.0000 |          120 |            0 |           25 |            0 |
|          464 | Blaze          |          1 |         7 | Uncle Bob's Organic Dried Pears  |          3 |          7 | 12 - 1 lb pkgs.      |   30.0000 |           15 |            0 |           10 |            0 |
|          321 | Migrant System |          2 |         7 | Uncle Bob's Organic Dried Pears  |          3 |          7 | 12 - 1 lb pkgs.      |   30.0000 |           15 |            0 |           10 |            0 |
|          254 | NON-STOP       |          2 |         7 | Uncle Bob's Organic Dried Pears  |          3 |          7 | 12 - 1 lb pkgs.      |   30.0000 |           15 |            0 |           10 |            0 |
|          231 | Global         |          3 |         7 | Uncle Bob's Organic Dried Pears  |          3 |          7 | 12 - 1 lb pkgs.      |   30.0000 |           15 |            0 |           10 |            0 |
|          156 | National       |          2 |         7 | Uncle Bob's Organic Dried Pears  |          3 |          7 | 12 - 1 lb pkgs.      |   30.0000 |           15 |            0 |           10 |            0 |
|          143 | AC Warehouse   |          1 |         7 | Uncle Bob's Organic Dried Pears  |          3 |          7 | 12 - 1 lb pkgs.      |   30.0000 |           15 |            0 |           10 |            0 |
|          464 | Blaze          |          1 |         8 | Northwoods Cranberry Sauce       |          3 |          2 | 12 - 12 oz jars      |   40.0000 |            6 |            0 |            0 |            0 |
|          321 | Migrant System |          2 |         8 | Northwoods Cranberry Sauce       |          3 |          2 | 12 - 12 oz jars      |   40.0000 |            6 |            0 |            0 |            0 |
|          254 | NON-STOP       |          2 |         8 | Northwoods Cranberry Sauce       |          3 |          2 | 12 - 12 oz jars      |   40.0000 |            6 |            0 |            0 |            0 |
|          231 | Global         |          3 |         8 | Northwoods Cranberry Sauce       |          3 |          2 | 12 - 12 oz jars      |   40.0000 |            6 |            0 |            0 |            0 |
|          156 | National       |          2 |         8 | Northwoods Cranberry Sauce       |          3 |          2 | 12 - 12 oz jars      |   40.0000 |            6 |            0 |            0 |            0 |
|          143 | AC Warehouse   |          1 |         8 | Northwoods Cranberry Sauce       |          3 |          2 | 12 - 12 oz jars      |   40.0000 |            6 |            0 |            0 |            0 |
|          464 | Blaze          |          1 |         9 | Mishi Kobe Niku                  |          4 |          6 | 18 - 500 g pkgs.     |   97.0000 |           29 |            0 |            0 |            1 |
|          321 | Migrant System |          2 |         9 | Mishi Kobe Niku                  |          4 |          6 | 18 - 500 g pkgs.     |   97.0000 |           29 |            0 |            0 |            1 |
|          254 | NON-STOP       |          2 |         9 | Mishi Kobe Niku                  |          4 |          6 | 18 - 500 g pkgs.     |   97.0000 |           29 |            0 |            0 |            1 |
|          231 | Global         |          3 |         9 | Mishi Kobe Niku                  |          4 |          6 | 18 - 500 g pkgs.     |   97.0000 |           29 |            0 |            0 |            1 |
|          156 | National       |          2 |         9 | Mishi Kobe Niku                  |          4 |          6 | 18 - 500 g pkgs.     |   97.0000 |           29 |            0 |            0 |            1 |
|          143 | AC Warehouse   |          1 |         9 | Mishi Kobe Niku                  |          4 |          6 | 18 - 500 g pkgs.     |   97.0000 |           29 |            0 |            0 |            1 |
|          464 | Blaze          |          1 |        10 | Ikura                            |          4 |          8 | 12 - 200 ml jars     |   31.0000 |           31 |            0 |            0 |            0 |
|          321 | Migrant System |          2 |        10 | Ikura                            |          4 |          8 | 12 - 200 ml jars     |   31.0000 |           31 |            0 |            0 |            0 |
|          254 | NON-STOP       |          2 |        10 | Ikura                            |          4 |          8 | 12 - 200 ml jars     |   31.0000 |           31 |            0 |            0 |            0 |
|          231 | Global         |          3 |        10 | Ikura                            |          4 |          8 | 12 - 200 ml jars     |   31.0000 |           31 |            0 |            0 |            0 |
|          156 | National       |          2 |        10 | Ikura                            |          4 |          8 | 12 - 200 ml jars     |   31.0000 |           31 |            0 |            0 |            0 |
|          143 | AC Warehouse   |          1 |        10 | Ikura                            |          4 |          8 | 12 - 200 ml jars     |   31.0000 |           31 |            0 |            0 |            0 |
|          464 | Blaze          |          1 |        11 | Queso Cabrales                   |          5 |          4 | 1 kg pkg.            |   21.0000 |           22 |           30 |           30 |            0 |
|          321 | Migrant System |          2 |        11 | Queso Cabrales                   |          5 |          4 | 1 kg pkg.            |   21.0000 |           22 |           30 |           30 |            0 |
|          254 | NON-STOP       |          2 |        11 | Queso Cabrales                   |          5 |          4 | 1 kg pkg.            |   21.0000 |           22 |           30 |           30 |            0 |
|          231 | Global         |          3 |        11 | Queso Cabrales                   |          5 |          4 | 1 kg pkg.            |   21.0000 |           22 |           30 |           30 |            0 |
|          156 | National       |          2 |        11 | Queso Cabrales                   |          5 |          4 | 1 kg pkg.            |   21.0000 |           22 |           30 |           30 |            0 |
|          143 | AC Warehouse   |          1 |        11 | Queso Cabrales                   |          5 |          4 | 1 kg pkg.            |   21.0000 |           22 |           30 |           30 |            0 |
|          464 | Blaze          |          1 |        12 | Queso Manchego La Pastora        |          5 |          4 | 10 - 500 g pkgs.     |   38.0000 |           86 |            0 |            0 |            0 |
|          321 | Migrant System |          2 |        12 | Queso Manchego La Pastora        |          5 |          4 | 10 - 500 g pkgs.     |   38.0000 |           86 |            0 |            0 |            0 |
|          254 | NON-STOP       |          2 |        12 | Queso Manchego La Pastora        |          5 |          4 | 10 - 500 g pkgs.     |   38.0000 |           86 |            0 |            0 |            0 |
|          231 | Global         |          3 |        12 | Queso Manchego La Pastora        |          5 |          4 | 10 - 500 g pkgs.     |   38.0000 |           86 |            0 |            0 |            0 |
|          156 | National       |          2 |        12 | Queso Manchego La Pastora        |          5 |          4 | 10 - 500 g pkgs.     |   38.0000 |           86 |            0 |            0 |            0 |
|          143 | AC Warehouse   |          1 |        12 | Queso Manchego La Pastora        |          5 |          4 | 10 - 500 g pkgs.     |   38.0000 |           86 |            0 |            0 |            0 |
|          464 | Blaze          |          1 |        13 | Konbu                            |          6 |          8 | 2 kg box             |    6.0000 |           24 |            0 |            5 |            0 |
|          321 | Migrant System |          2 |        13 | Konbu                            |          6 |          8 | 2 kg box             |    6.0000 |           24 |            0 |            5 |            0 |
|          254 | NON-STOP       |          2 |        13 | Konbu                            |          6 |          8 | 2 kg box             |    6.0000 |           24 |            0 |            5 |            0 |
|          231 | Global         |          3 |        13 | Konbu                            |          6 |          8 | 2 kg box             |    6.0000 |           24 |            0 |            5 |            0 |
|          156 | National       |          2 |        13 | Konbu                            |          6 |          8 | 2 kg box             |    6.0000 |           24 |            0 |            5 |            0 |
|          143 | AC Warehouse   |          1 |        13 | Konbu                            |          6 |          8 | 2 kg box             |    6.0000 |           24 |            0 |            5 |            0 |
|          464 | Blaze          |          1 |        14 | Tofu                             |          6 |          7 | 40 - 100 g pkgs.     |   23.2500 |           35 |            0 |            0 |            0 |
|          321 | Migrant System |          2 |        14 | Tofu                             |          6 |          7 | 40 - 100 g pkgs.     |   23.2500 |           35 |            0 |            0 |            0 |
|          254 | NON-STOP       |          2 |        14 | Tofu                             |          6 |          7 | 40 - 100 g pkgs.     |   23.2500 |           35 |            0 |            0 |            0 |
|          231 | Global         |          3 |        14 | Tofu                             |          6 |          7 | 40 - 100 g pkgs.     |   23.2500 |           35 |            0 |            0 |            0 |
|          156 | National       |          2 |        14 | Tofu                             |          6 |          7 | 40 - 100 g pkgs.     |   23.2500 |           35 |            0 |            0 |            0 |
|          143 | AC Warehouse   |          1 |        14 | Tofu                             |          6 |          7 | 40 - 100 g pkgs.     |   23.2500 |           35 |            0 |            0 |            0 |
|          464 | Blaze          |          1 |        15 | Genen Shouyu                     |          6 |          2 | 40 - 100 g pkgs.     |   15.5000 |           39 |            0 |            5 |            0 |
|          321 | Migrant System |          2 |        15 | Genen Shouyu                     |          6 |          2 | 40 - 100 g pkgs.     |   15.5000 |           39 |            0 |            5 |            0 |
|          254 | NON-STOP       |          2 |        15 | Genen Shouyu                     |          6 |          2 | 40 - 100 g pkgs.     |   15.5000 |           39 |            0 |            5 |            0 |
|          231 | Global         |          3 |        15 | Genen Shouyu                     |          6 |          2 | 40 - 100 g pkgs.     |   15.5000 |           39 |            0 |            5 |            0 |
|          156 | National       |          2 |        15 | Genen Shouyu                     |          6 |          2 | 40 - 100 g pkgs.     |   15.5000 |           39 |            0 |            5 |            0 |
|          143 | AC Warehouse   |          1 |        15 | Genen Shouyu                     |          6 |          2 | 40 - 100 g pkgs.     |   15.5000 |           39 |            0 |            5 |            0 |
|          464 | Blaze          |          1 |        16 | Pavlova                          |          7 |          3 | 32 - 500 g boxes     |   17.4500 |           29 |            0 |           10 |            0 |
|          321 | Migrant System |          2 |        16 | Pavlova                          |          7 |          3 | 32 - 500 g boxes     |   17.4500 |           29 |            0 |           10 |            0 |
|          254 | NON-STOP       |          2 |        16 | Pavlova                          |          7 |          3 | 32 - 500 g boxes     |   17.4500 |           29 |            0 |           10 |            0 |
|          231 | Global         |          3 |        16 | Pavlova                          |          7 |          3 | 32 - 500 g boxes     |   17.4500 |           29 |            0 |           10 |            0 |
|          156 | National       |          2 |        16 | Pavlova                          |          7 |          3 | 32 - 500 g boxes     |   17.4500 |           29 |            0 |           10 |            0 |
|          143 | AC Warehouse   |          1 |        16 | Pavlova                          |          7 |          3 | 32 - 500 g boxes     |   17.4500 |           29 |            0 |           10 |            0 |
|          464 | Blaze          |          1 |        17 | Alice Mutton                     |          7 |          6 | 20 - 1 kg tins       |   39.0000 |            0 |            0 |            0 |            1 |
|          321 | Migrant System |          2 |        17 | Alice Mutton                     |          7 |          6 | 20 - 1 kg tins       |   39.0000 |            0 |            0 |            0 |            1 |
|          254 | NON-STOP       |          2 |        17 | Alice Mutton                     |          7 |          6 | 20 - 1 kg tins       |   39.0000 |            0 |            0 |            0 |            1 |
|          231 | Global         |          3 |        17 | Alice Mutton                     |          7 |          6 | 20 - 1 kg tins       |   39.0000 |            0 |            0 |            0 |            1 |
|          156 | National       |          2 |        17 | Alice Mutton                     |          7 |          6 | 20 - 1 kg tins       |   39.0000 |            0 |            0 |            0 |            1 |
|          143 | AC Warehouse   |          1 |        17 | Alice Mutton                     |          7 |          6 | 20 - 1 kg tins       |   39.0000 |            0 |            0 |            0 |            1 |
|          464 | Blaze          |          1 |        18 | Carnarvon Tigers                 |          7 |          8 | 16 kg pkg.           |   62.5000 |           42 |            0 |            0 |            0 |
|          321 | Migrant System |          2 |        18 | Carnarvon Tigers                 |          7 |          8 | 16 kg pkg.           |   62.5000 |           42 |            0 |            0 |            0 |
|          254 | NON-STOP       |          2 |        18 | Carnarvon Tigers                 |          7 |          8 | 16 kg pkg.           |   62.5000 |           42 |            0 |            0 |            0 |
|          231 | Global         |          3 |        18 | Carnarvon Tigers                 |          7 |          8 | 16 kg pkg.           |   62.5000 |           42 |            0 |            0 |            0 |
|          156 | National       |          2 |        18 | Carnarvon Tigers                 |          7 |          8 | 16 kg pkg.           |   62.5000 |           42 |            0 |            0 |            0 |
|          143 | AC Warehouse   |          1 |        18 | Carnarvon Tigers                 |          7 |          8 | 16 kg pkg.           |   62.5000 |           42 |            0 |            0 |            0 |
|          464 | Blaze          |          1 |        19 | Teatime Chocolate Biscuits       |          8 |          3 | 10 boxes x 12 pieces |    9.2000 |           25 |            0 |            5 |            0 |
|          321 | Migrant System |          2 |        19 | Teatime Chocolate Biscuits       |          8 |          3 | 10 boxes x 12 pieces |    9.2000 |           25 |            0 |            5 |            0 |
|          254 | NON-STOP       |          2 |        19 | Teatime Chocolate Biscuits       |          8 |          3 | 10 boxes x 12 pieces |    9.2000 |           25 |            0 |            5 |            0 |
|          231 | Global         |          3 |        19 | Teatime Chocolate Biscuits       |          8 |          3 | 10 boxes x 12 pieces |    9.2000 |           25 |            0 |            5 |            0 |
|          156 | National       |          2 |        19 | Teatime Chocolate Biscuits       |          8 |          3 | 10 boxes x 12 pieces |    9.2000 |           25 |            0 |            5 |            0 |
|          143 | AC Warehouse   |          1 |        19 | Teatime Chocolate Biscuits       |          8 |          3 | 10 boxes x 12 pieces |    9.2000 |           25 |            0 |            5 |            0 |
|          464 | Blaze          |          1 |        20 | Sir Rodney's Marmalade           |          8 |          3 | 30 gift boxes        |   81.0000 |           40 |            0 |            0 |            0 |
|          321 | Migrant System |          2 |        20 | Sir Rodney's Marmalade           |          8 |          3 | 30 gift boxes        |   81.0000 |           40 |            0 |            0 |            0 |
|          254 | NON-STOP       |          2 |        20 | Sir Rodney's Marmalade           |          8 |          3 | 30 gift boxes        |   81.0000 |           40 |            0 |            0 |            0 |
|          231 | Global         |          3 |        20 | Sir Rodney's Marmalade           |          8 |          3 | 30 gift boxes        |   81.0000 |           40 |            0 |            0 |            0 |
|          156 | National       |          2 |        20 | Sir Rodney's Marmalade           |          8 |          3 | 30 gift boxes        |   81.0000 |           40 |            0 |            0 |            0 |
|          143 | AC Warehouse   |          1 |        20 | Sir Rodney's Marmalade           |          8 |          3 | 30 gift boxes        |   81.0000 |           40 |            0 |            0 |            0 |
|          464 | Blaze          |          1 |        21 | Sir Rodney's Scones              |          8 |          3 | 24 pkgs. x 4 pieces  |   10.0000 |            3 |           40 |            5 |            0 |
|          321 | Migrant System |          2 |        21 | Sir Rodney's Scones              |          8 |          3 | 24 pkgs. x 4 pieces  |   10.0000 |            3 |           40 |            5 |            0 |
|          254 | NON-STOP       |          2 |        21 | Sir Rodney's Scones              |          8 |          3 | 24 pkgs. x 4 pieces  |   10.0000 |            3 |           40 |            5 |            0 |
|          231 | Global         |          3 |        21 | Sir Rodney's Scones              |          8 |          3 | 24 pkgs. x 4 pieces  |   10.0000 |            3 |           40 |            5 |            0 |
|          156 | National       |          2 |        21 | Sir Rodney's Scones              |          8 |          3 | 24 pkgs. x 4 pieces  |   10.0000 |            3 |           40 |            5 |            0 |
|          143 | AC Warehouse   |          1 |        21 | Sir Rodney's Scones              |          8 |          3 | 24 pkgs. x 4 pieces  |   10.0000 |            3 |           40 |            5 |            0 |
|          464 | Blaze          |          1 |        22 | Gustaf's Knckebrd                |          9 |          5 | 24 - 500 g pkgs.     |   21.0000 |          104 |            0 |           25 |            0 |
|          321 | Migrant System |          2 |        22 | Gustaf's Knckebrd                |          9 |          5 | 24 - 500 g pkgs.     |   21.0000 |          104 |            0 |           25 |            0 |
|          254 | NON-STOP       |          2 |        22 | Gustaf's Knckebrd                |          9 |          5 | 24 - 500 g pkgs.     |   21.0000 |          104 |            0 |           25 |            0 |
|          231 | Global         |          3 |        22 | Gustaf's Knckebrd                |          9 |          5 | 24 - 500 g pkgs.     |   21.0000 |          104 |            0 |           25 |            0 |
|          156 | National       |          2 |        22 | Gustaf's Knckebrd                |          9 |          5 | 24 - 500 g pkgs.     |   21.0000 |          104 |            0 |           25 |            0 |
|          143 | AC Warehouse   |          1 |        22 | Gustaf's Knckebrd                |          9 |          5 | 24 - 500 g pkgs.     |   21.0000 |          104 |            0 |           25 |            0 |
|          464 | Blaze          |          1 |        23 | Tunnbrd                          |          9 |          5 | 12 - 250 g pkgs.     |    9.0000 |           61 |            0 |           25 |            0 |
|          321 | Migrant System |          2 |        23 | Tunnbrd                          |          9 |          5 | 12 - 250 g pkgs.     |    9.0000 |           61 |            0 |           25 |            0 |
|          254 | NON-STOP       |          2 |        23 | Tunnbrd                          |          9 |          5 | 12 - 250 g pkgs.     |    9.0000 |           61 |            0 |           25 |            0 |
|          231 | Global         |          3 |        23 | Tunnbrd                          |          9 |          5 | 12 - 250 g pkgs.     |    9.0000 |           61 |            0 |           25 |            0 |
|          156 | National       |          2 |        23 | Tunnbrd                          |          9 |          5 | 12 - 250 g pkgs.     |    9.0000 |           61 |            0 |           25 |            0 |
|          143 | AC Warehouse   |          1 |        23 | Tunnbrd                          |          9 |          5 | 12 - 250 g pkgs.     |    9.0000 |           61 |            0 |           25 |            0 |
|          464 | Blaze          |          1 |        24 | Guaran Fantstica                 |         10 |          1 | 12 - 355 ml cans     |    4.5000 |           20 |            0 |            0 |            1 |
|          321 | Migrant System |          2 |        24 | Guaran Fantstica                 |         10 |          1 | 12 - 355 ml cans     |    4.5000 |           20 |            0 |            0 |            1 |
|          254 | NON-STOP       |          2 |        24 | Guaran Fantstica                 |         10 |          1 | 12 - 355 ml cans     |    4.5000 |           20 |            0 |            0 |            1 |
|          231 | Global         |          3 |        24 | Guaran Fantstica                 |         10 |          1 | 12 - 355 ml cans     |    4.5000 |           20 |            0 |            0 |            1 |
|          156 | National       |          2 |        24 | Guaran Fantstica                 |         10 |          1 | 12 - 355 ml cans     |    4.5000 |           20 |            0 |            0 |            1 |
|          143 | AC Warehouse   |          1 |        24 | Guaran Fantstica                 |         10 |          1 | 12 - 355 ml cans     |    4.5000 |           20 |            0 |            0 |            1 |
|          464 | Blaze          |          1 |        25 | NuNuCa Nu-Nougat-Creme           |         11 |          3 | 20 - 450 g glasses   |   14.0000 |           76 |            0 |           30 |            0 |
|          321 | Migrant System |          2 |        25 | NuNuCa Nu-Nougat-Creme           |         11 |          3 | 20 - 450 g glasses   |   14.0000 |           76 |            0 |           30 |            0 |
|          254 | NON-STOP       |          2 |        25 | NuNuCa Nu-Nougat-Creme           |         11 |          3 | 20 - 450 g glasses   |   14.0000 |           76 |            0 |           30 |            0 |
|          231 | Global         |          3 |        25 | NuNuCa Nu-Nougat-Creme           |         11 |          3 | 20 - 450 g glasses   |   14.0000 |           76 |            0 |           30 |            0 |
|          156 | National       |          2 |        25 | NuNuCa Nu-Nougat-Creme           |         11 |          3 | 20 - 450 g glasses   |   14.0000 |           76 |            0 |           30 |            0 |
|          143 | AC Warehouse   |          1 |        25 | NuNuCa Nu-Nougat-Creme           |         11 |          3 | 20 - 450 g glasses   |   14.0000 |           76 |            0 |           30 |            0 |
|          464 | Blaze          |          1 |        26 | Gumbr Gummibrchen                |         11 |          3 | 100 - 250 g bags     |   31.2300 |           15 |            0 |            0 |            0 |
|          321 | Migrant System |          2 |        26 | Gumbr Gummibrchen                |         11 |          3 | 100 - 250 g bags     |   31.2300 |           15 |            0 |            0 |            0 |
|          254 | NON-STOP       |          2 |        26 | Gumbr Gummibrchen                |         11 |          3 | 100 - 250 g bags     |   31.2300 |           15 |            0 |            0 |            0 |
|          231 | Global         |          3 |        26 | Gumbr Gummibrchen                |         11 |          3 | 100 - 250 g bags     |   31.2300 |           15 |            0 |            0 |            0 |
|          156 | National       |          2 |        26 | Gumbr Gummibrchen                |         11 |          3 | 100 - 250 g bags     |   31.2300 |           15 |            0 |            0 |            0 |
|          143 | AC Warehouse   |          1 |        26 | Gumbr Gummibrchen                |         11 |          3 | 100 - 250 g bags     |   31.2300 |           15 |            0 |            0 |            0 |
|          464 | Blaze          |          1 |        27 | Schoggi Schokolade               |         11 |          3 | 100 - 100 g pieces   |   43.9000 |           49 |            0 |           30 |            0 |
|          321 | Migrant System |          2 |        27 | Schoggi Schokolade               |         11 |          3 | 100 - 100 g pieces   |   43.9000 |           49 |            0 |           30 |            0 |
|          254 | NON-STOP       |          2 |        27 | Schoggi Schokolade               |         11 |          3 | 100 - 100 g pieces   |   43.9000 |           49 |            0 |           30 |            0 |
|          231 | Global         |          3 |        27 | Schoggi Schokolade               |         11 |          3 | 100 - 100 g pieces   |   43.9000 |           49 |            0 |           30 |            0 |
|          156 | National       |          2 |        27 | Schoggi Schokolade               |         11 |          3 | 100 - 100 g pieces   |   43.9000 |           49 |            0 |           30 |            0 |
|          143 | AC Warehouse   |          1 |        27 | Schoggi Schokolade               |         11 |          3 | 100 - 100 g pieces   |   43.9000 |           49 |            0 |           30 |            0 |
|          464 | Blaze          |          1 |        28 | Rssle Sauerkraut                 |         12 |          7 | 25 - 825 g cans      |   45.6000 |           26 |            0 |            0 |            1 |
|          321 | Migrant System |          2 |        28 | Rssle Sauerkraut                 |         12 |          7 | 25 - 825 g cans      |   45.6000 |           26 |            0 |            0 |            1 |
|          254 | NON-STOP       |          2 |        28 | Rssle Sauerkraut                 |         12 |          7 | 25 - 825 g cans      |   45.6000 |           26 |            0 |            0 |            1 |
|          231 | Global         |          3 |        28 | Rssle Sauerkraut                 |         12 |          7 | 25 - 825 g cans      |   45.6000 |           26 |            0 |            0 |            1 |
|          156 | National       |          2 |        28 | Rssle Sauerkraut                 |         12 |          7 | 25 - 825 g cans      |   45.6000 |           26 |            0 |            0 |            1 |
|          143 | AC Warehouse   |          1 |        28 | Rssle Sauerkraut                 |         12 |          7 | 25 - 825 g cans      |   45.6000 |           26 |            0 |            0 |            1 |
|          464 | Blaze          |          1 |        29 | Thringer Rostbratwurst           |         12 |          6 | 50 bags x 30 sausgs. |  123.7900 |            0 |            0 |            0 |            1 |
|          321 | Migrant System |          2 |        29 | Thringer Rostbratwurst           |         12 |          6 | 50 bags x 30 sausgs. |  123.7900 |            0 |            0 |            0 |            1 |
|          254 | NON-STOP       |          2 |        29 | Thringer Rostbratwurst           |         12 |          6 | 50 bags x 30 sausgs. |  123.7900 |            0 |            0 |            0 |            1 |
|          231 | Global         |          3 |        29 | Thringer Rostbratwurst           |         12 |          6 | 50 bags x 30 sausgs. |  123.7900 |            0 |            0 |            0 |            1 |
|          156 | National       |          2 |        29 | Thringer Rostbratwurst           |         12 |          6 | 50 bags x 30 sausgs. |  123.7900 |            0 |            0 |            0 |            1 |
|          143 | AC Warehouse   |          1 |        29 | Thringer Rostbratwurst           |         12 |          6 | 50 bags x 30 sausgs. |  123.7900 |            0 |            0 |            0 |            1 |
|          464 | Blaze          |          1 |        30 | Nord-Ost Matjeshering            |         13 |          8 | 10 - 200 g glasses   |   25.8900 |           10 |            0 |           15 |            0 |
|          321 | Migrant System |          2 |        30 | Nord-Ost Matjeshering            |         13 |          8 | 10 - 200 g glasses   |   25.8900 |           10 |            0 |           15 |            0 |
|          254 | NON-STOP       |          2 |        30 | Nord-Ost Matjeshering            |         13 |          8 | 10 - 200 g glasses   |   25.8900 |           10 |            0 |           15 |            0 |
|          231 | Global         |          3 |        30 | Nord-Ost Matjeshering            |         13 |          8 | 10 - 200 g glasses   |   25.8900 |           10 |            0 |           15 |            0 |
|          156 | National       |          2 |        30 | Nord-Ost Matjeshering            |         13 |          8 | 10 - 200 g glasses   |   25.8900 |           10 |            0 |           15 |            0 |
|          143 | AC Warehouse   |          1 |        30 | Nord-Ost Matjeshering            |         13 |          8 | 10 - 200 g glasses   |   25.8900 |           10 |            0 |           15 |            0 |
|          464 | Blaze          |          1 |        31 | Gorgonzola Telino                |         14 |          4 | 12 - 100 g pkgs      |   12.5000 |            0 |           70 |           20 |            0 |
|          321 | Migrant System |          2 |        31 | Gorgonzola Telino                |         14 |          4 | 12 - 100 g pkgs      |   12.5000 |            0 |           70 |           20 |            0 |
|          254 | NON-STOP       |          2 |        31 | Gorgonzola Telino                |         14 |          4 | 12 - 100 g pkgs      |   12.5000 |            0 |           70 |           20 |            0 |
|          231 | Global         |          3 |        31 | Gorgonzola Telino                |         14 |          4 | 12 - 100 g pkgs      |   12.5000 |            0 |           70 |           20 |            0 |
|          156 | National       |          2 |        31 | Gorgonzola Telino                |         14 |          4 | 12 - 100 g pkgs      |   12.5000 |            0 |           70 |           20 |            0 |
|          143 | AC Warehouse   |          1 |        31 | Gorgonzola Telino                |         14 |          4 | 12 - 100 g pkgs      |   12.5000 |            0 |           70 |           20 |            0 |
|          464 | Blaze          |          1 |        32 | Mascarpone Fabioli               |         14 |          4 | 24 - 200 g pkgs.     |   32.0000 |            9 |           40 |           25 |            0 |
|          321 | Migrant System |          2 |        32 | Mascarpone Fabioli               |         14 |          4 | 24 - 200 g pkgs.     |   32.0000 |            9 |           40 |           25 |            0 |
|          254 | NON-STOP       |          2 |        32 | Mascarpone Fabioli               |         14 |          4 | 24 - 200 g pkgs.     |   32.0000 |            9 |           40 |           25 |            0 |
|          231 | Global         |          3 |        32 | Mascarpone Fabioli               |         14 |          4 | 24 - 200 g pkgs.     |   32.0000 |            9 |           40 |           25 |            0 |
|          156 | National       |          2 |        32 | Mascarpone Fabioli               |         14 |          4 | 24 - 200 g pkgs.     |   32.0000 |            9 |           40 |           25 |            0 |
|          143 | AC Warehouse   |          1 |        32 | Mascarpone Fabioli               |         14 |          4 | 24 - 200 g pkgs.     |   32.0000 |            9 |           40 |           25 |            0 |
|          464 | Blaze          |          1 |        33 | Geitost                          |         15 |          4 | 500 g                |    2.5000 |          112 |            0 |           20 |            0 |
|          321 | Migrant System |          2 |        33 | Geitost                          |         15 |          4 | 500 g                |    2.5000 |          112 |            0 |           20 |            0 |
|          254 | NON-STOP       |          2 |        33 | Geitost                          |         15 |          4 | 500 g                |    2.5000 |          112 |            0 |           20 |            0 |
|          231 | Global         |          3 |        33 | Geitost                          |         15 |          4 | 500 g                |    2.5000 |          112 |            0 |           20 |            0 |
|          156 | National       |          2 |        33 | Geitost                          |         15 |          4 | 500 g                |    2.5000 |          112 |            0 |           20 |            0 |
|          143 | AC Warehouse   |          1 |        33 | Geitost                          |         15 |          4 | 500 g                |    2.5000 |          112 |            0 |           20 |            0 |
|          464 | Blaze          |          1 |        34 | Sasquatch Ale                    |         16 |          1 | 24 - 12 oz bottles   |   14.0000 |          111 |            0 |           15 |            0 |
|          321 | Migrant System |          2 |        34 | Sasquatch Ale                    |         16 |          1 | 24 - 12 oz bottles   |   14.0000 |          111 |            0 |           15 |            0 |
|          254 | NON-STOP       |          2 |        34 | Sasquatch Ale                    |         16 |          1 | 24 - 12 oz bottles   |   14.0000 |          111 |            0 |           15 |            0 |
|          231 | Global         |          3 |        34 | Sasquatch Ale                    |         16 |          1 | 24 - 12 oz bottles   |   14.0000 |          111 |            0 |           15 |            0 |
|          156 | National       |          2 |        34 | Sasquatch Ale                    |         16 |          1 | 24 - 12 oz bottles   |   14.0000 |          111 |            0 |           15 |            0 |
|          143 | AC Warehouse   |          1 |        34 | Sasquatch Ale                    |         16 |          1 | 24 - 12 oz bottles   |   14.0000 |          111 |            0 |           15 |            0 |
|          464 | Blaze          |          1 |        35 | Steeleye Stout                   |         16 |          1 | 24 - 12 oz bottles   |   18.0000 |           20 |            0 |           15 |            0 |
|          321 | Migrant System |          2 |        35 | Steeleye Stout                   |         16 |          1 | 24 - 12 oz bottles   |   18.0000 |           20 |            0 |           15 |            0 |
|          254 | NON-STOP       |          2 |        35 | Steeleye Stout                   |         16 |          1 | 24 - 12 oz bottles   |   18.0000 |           20 |            0 |           15 |            0 |
|          231 | Global         |          3 |        35 | Steeleye Stout                   |         16 |          1 | 24 - 12 oz bottles   |   18.0000 |           20 |            0 |           15 |            0 |
|          156 | National       |          2 |        35 | Steeleye Stout                   |         16 |          1 | 24 - 12 oz bottles   |   18.0000 |           20 |            0 |           15 |            0 |
|          143 | AC Warehouse   |          1 |        35 | Steeleye Stout                   |         16 |          1 | 24 - 12 oz bottles   |   18.0000 |           20 |            0 |           15 |            0 |
|          464 | Blaze          |          1 |        36 | Inlagd Sill                      |         17 |          8 | 24 - 250 g jars      |   19.0000 |          112 |            0 |           20 |            0 |
|          321 | Migrant System |          2 |        36 | Inlagd Sill                      |         17 |          8 | 24 - 250 g jars      |   19.0000 |          112 |            0 |           20 |            0 |
|          254 | NON-STOP       |          2 |        36 | Inlagd Sill                      |         17 |          8 | 24 - 250 g jars      |   19.0000 |          112 |            0 |           20 |            0 |
|          231 | Global         |          3 |        36 | Inlagd Sill                      |         17 |          8 | 24 - 250 g jars      |   19.0000 |          112 |            0 |           20 |            0 |
|          156 | National       |          2 |        36 | Inlagd Sill                      |         17 |          8 | 24 - 250 g jars      |   19.0000 |          112 |            0 |           20 |            0 |
|          143 | AC Warehouse   |          1 |        36 | Inlagd Sill                      |         17 |          8 | 24 - 250 g jars      |   19.0000 |          112 |            0 |           20 |            0 |
|          464 | Blaze          |          1 |        37 | Gravad lax                       |         17 |          8 | 12 - 500 g pkgs.     |   26.0000 |           11 |           50 |           25 |            0 |
|          321 | Migrant System |          2 |        37 | Gravad lax                       |         17 |          8 | 12 - 500 g pkgs.     |   26.0000 |           11 |           50 |           25 |            0 |
|          254 | NON-STOP       |          2 |        37 | Gravad lax                       |         17 |          8 | 12 - 500 g pkgs.     |   26.0000 |           11 |           50 |           25 |            0 |
|          231 | Global         |          3 |        37 | Gravad lax                       |         17 |          8 | 12 - 500 g pkgs.     |   26.0000 |           11 |           50 |           25 |            0 |
|          156 | National       |          2 |        37 | Gravad lax                       |         17 |          8 | 12 - 500 g pkgs.     |   26.0000 |           11 |           50 |           25 |            0 |
|          143 | AC Warehouse   |          1 |        37 | Gravad lax                       |         17 |          8 | 12 - 500 g pkgs.     |   26.0000 |           11 |           50 |           25 |            0 |
|          464 | Blaze          |          1 |        38 | Cte de Blaye                     |         18 |          1 | 12 - 75 cl bottles   |  263.5000 |           17 |            0 |           15 |            0 |
|          321 | Migrant System |          2 |        38 | Cte de Blaye                     |         18 |          1 | 12 - 75 cl bottles   |  263.5000 |           17 |            0 |           15 |            0 |
|          254 | NON-STOP       |          2 |        38 | Cte de Blaye                     |         18 |          1 | 12 - 75 cl bottles   |  263.5000 |           17 |            0 |           15 |            0 |
|          231 | Global         |          3 |        38 | Cte de Blaye                     |         18 |          1 | 12 - 75 cl bottles   |  263.5000 |           17 |            0 |           15 |            0 |
|          156 | National       |          2 |        38 | Cte de Blaye                     |         18 |          1 | 12 - 75 cl bottles   |  263.5000 |           17 |            0 |           15 |            0 |
|          143 | AC Warehouse   |          1 |        38 | Cte de Blaye                     |         18 |          1 | 12 - 75 cl bottles   |  263.5000 |           17 |            0 |           15 |            0 |
|          464 | Blaze          |          1 |        39 | Chartreuse verte                 |         18 |          1 | 750 cc per bottle    |   18.0000 |           69 |            0 |            5 |            0 |
|          321 | Migrant System |          2 |        39 | Chartreuse verte                 |         18 |          1 | 750 cc per bottle    |   18.0000 |           69 |            0 |            5 |            0 |
|          254 | NON-STOP       |          2 |        39 | Chartreuse verte                 |         18 |          1 | 750 cc per bottle    |   18.0000 |           69 |            0 |            5 |            0 |
|          231 | Global         |          3 |        39 | Chartreuse verte                 |         18 |          1 | 750 cc per bottle    |   18.0000 |           69 |            0 |            5 |            0 |
|          156 | National       |          2 |        39 | Chartreuse verte                 |         18 |          1 | 750 cc per bottle    |   18.0000 |           69 |            0 |            5 |            0 |
|          143 | AC Warehouse   |          1 |        39 | Chartreuse verte                 |         18 |          1 | 750 cc per bottle    |   18.0000 |           69 |            0 |            5 |            0 |
|          464 | Blaze          |          1 |        40 | Boston Crab Meat                 |         19 |          8 | 24 - 4 oz tins       |   18.4000 |          123 |            0 |           30 |            0 |
|          321 | Migrant System |          2 |        40 | Boston Crab Meat                 |         19 |          8 | 24 - 4 oz tins       |   18.4000 |          123 |            0 |           30 |            0 |
|          254 | NON-STOP       |          2 |        40 | Boston Crab Meat                 |         19 |          8 | 24 - 4 oz tins       |   18.4000 |          123 |            0 |           30 |            0 |
|          231 | Global         |          3 |        40 | Boston Crab Meat                 |         19 |          8 | 24 - 4 oz tins       |   18.4000 |          123 |            0 |           30 |            0 |
|          156 | National       |          2 |        40 | Boston Crab Meat                 |         19 |          8 | 24 - 4 oz tins       |   18.4000 |          123 |            0 |           30 |            0 |
|          143 | AC Warehouse   |          1 |        40 | Boston Crab Meat                 |         19 |          8 | 24 - 4 oz tins       |   18.4000 |          123 |            0 |           30 |            0 |
|          464 | Blaze          |          1 |        41 | Jack's New England Clam Chowder  |         19 |          8 | 12 - 12 oz cans      |    9.6500 |           85 |            0 |           10 |            0 |
|          321 | Migrant System |          2 |        41 | Jack's New England Clam Chowder  |         19 |          8 | 12 - 12 oz cans      |    9.6500 |           85 |            0 |           10 |            0 |
|          254 | NON-STOP       |          2 |        41 | Jack's New England Clam Chowder  |         19 |          8 | 12 - 12 oz cans      |    9.6500 |           85 |            0 |           10 |            0 |
|          231 | Global         |          3 |        41 | Jack's New England Clam Chowder  |         19 |          8 | 12 - 12 oz cans      |    9.6500 |           85 |            0 |           10 |            0 |
|          156 | National       |          2 |        41 | Jack's New England Clam Chowder  |         19 |          8 | 12 - 12 oz cans      |    9.6500 |           85 |            0 |           10 |            0 |
|          143 | AC Warehouse   |          1 |        41 | Jack's New England Clam Chowder  |         19 |          8 | 12 - 12 oz cans      |    9.6500 |           85 |            0 |           10 |            0 |
|          464 | Blaze          |          1 |        42 | Singaporean Hokkien Fried Mee    |         20 |          5 | 32 - 1 kg pkgs.      |   14.0000 |           26 |            0 |            0 |            1 |
|          321 | Migrant System |          2 |        42 | Singaporean Hokkien Fried Mee    |         20 |          5 | 32 - 1 kg pkgs.      |   14.0000 |           26 |            0 |            0 |            1 |
|          254 | NON-STOP       |          2 |        42 | Singaporean Hokkien Fried Mee    |         20 |          5 | 32 - 1 kg pkgs.      |   14.0000 |           26 |            0 |            0 |            1 |
|          231 | Global         |          3 |        42 | Singaporean Hokkien Fried Mee    |         20 |          5 | 32 - 1 kg pkgs.      |   14.0000 |           26 |            0 |            0 |            1 |
|          156 | National       |          2 |        42 | Singaporean Hokkien Fried Mee    |         20 |          5 | 32 - 1 kg pkgs.      |   14.0000 |           26 |            0 |            0 |            1 |
|          143 | AC Warehouse   |          1 |        42 | Singaporean Hokkien Fried Mee    |         20 |          5 | 32 - 1 kg pkgs.      |   14.0000 |           26 |            0 |            0 |            1 |
|          464 | Blaze          |          1 |        43 | Ipoh Coffee                      |         20 |          1 | 16 - 500 g tins      |   46.0000 |           17 |           10 |           25 |            0 |
|          321 | Migrant System |          2 |        43 | Ipoh Coffee                      |         20 |          1 | 16 - 500 g tins      |   46.0000 |           17 |           10 |           25 |            0 |
|          254 | NON-STOP       |          2 |        43 | Ipoh Coffee                      |         20 |          1 | 16 - 500 g tins      |   46.0000 |           17 |           10 |           25 |            0 |
|          231 | Global         |          3 |        43 | Ipoh Coffee                      |         20 |          1 | 16 - 500 g tins      |   46.0000 |           17 |           10 |           25 |            0 |
|          156 | National       |          2 |        43 | Ipoh Coffee                      |         20 |          1 | 16 - 500 g tins      |   46.0000 |           17 |           10 |           25 |            0 |
|          143 | AC Warehouse   |          1 |        43 | Ipoh Coffee                      |         20 |          1 | 16 - 500 g tins      |   46.0000 |           17 |           10 |           25 |            0 |
|          464 | Blaze          |          1 |        44 | Gula Malacca                     |         20 |          2 | 20 - 2 kg bags       |   19.4500 |           27 |            0 |           15 |            0 |
|          321 | Migrant System |          2 |        44 | Gula Malacca                     |         20 |          2 | 20 - 2 kg bags       |   19.4500 |           27 |            0 |           15 |            0 |
|          254 | NON-STOP       |          2 |        44 | Gula Malacca                     |         20 |          2 | 20 - 2 kg bags       |   19.4500 |           27 |            0 |           15 |            0 |
|          231 | Global         |          3 |        44 | Gula Malacca                     |         20 |          2 | 20 - 2 kg bags       |   19.4500 |           27 |            0 |           15 |            0 |
|          156 | National       |          2 |        44 | Gula Malacca                     |         20 |          2 | 20 - 2 kg bags       |   19.4500 |           27 |            0 |           15 |            0 |
|          143 | AC Warehouse   |          1 |        44 | Gula Malacca                     |         20 |          2 | 20 - 2 kg bags       |   19.4500 |           27 |            0 |           15 |            0 |
|          464 | Blaze          |          1 |        45 | Rogede sild                      |         21 |          8 | 1k pkg.              |    9.5000 |            5 |           70 |           15 |            0 |
|          321 | Migrant System |          2 |        45 | Rogede sild                      |         21 |          8 | 1k pkg.              |    9.5000 |            5 |           70 |           15 |            0 |
|          254 | NON-STOP       |          2 |        45 | Rogede sild                      |         21 |          8 | 1k pkg.              |    9.5000 |            5 |           70 |           15 |            0 |
|          231 | Global         |          3 |        45 | Rogede sild                      |         21 |          8 | 1k pkg.              |    9.5000 |            5 |           70 |           15 |            0 |
|          156 | National       |          2 |        45 | Rogede sild                      |         21 |          8 | 1k pkg.              |    9.5000 |            5 |           70 |           15 |            0 |
|          143 | AC Warehouse   |          1 |        45 | Rogede sild                      |         21 |          8 | 1k pkg.              |    9.5000 |            5 |           70 |           15 |            0 |
|          464 | Blaze          |          1 |        46 | Spegesild                        |         21 |          8 | 4 - 450 g glasses    |   12.0000 |           95 |            0 |            0 |            0 |
|          321 | Migrant System |          2 |        46 | Spegesild                        |         21 |          8 | 4 - 450 g glasses    |   12.0000 |           95 |            0 |            0 |            0 |
|          254 | NON-STOP       |          2 |        46 | Spegesild                        |         21 |          8 | 4 - 450 g glasses    |   12.0000 |           95 |            0 |            0 |            0 |
|          231 | Global         |          3 |        46 | Spegesild                        |         21 |          8 | 4 - 450 g glasses    |   12.0000 |           95 |            0 |            0 |            0 |
|          156 | National       |          2 |        46 | Spegesild                        |         21 |          8 | 4 - 450 g glasses    |   12.0000 |           95 |            0 |            0 |            0 |
|          143 | AC Warehouse   |          1 |        46 | Spegesild                        |         21 |          8 | 4 - 450 g glasses    |   12.0000 |           95 |            0 |            0 |            0 |
|          464 | Blaze          |          1 |        47 | Zaanse koeken                    |         22 |          3 | 10 - 4 oz boxes      |    9.5000 |           36 |            0 |            0 |            0 |
|          321 | Migrant System |          2 |        47 | Zaanse koeken                    |         22 |          3 | 10 - 4 oz boxes      |    9.5000 |           36 |            0 |            0 |            0 |
|          254 | NON-STOP       |          2 |        47 | Zaanse koeken                    |         22 |          3 | 10 - 4 oz boxes      |    9.5000 |           36 |            0 |            0 |            0 |
|          231 | Global         |          3 |        47 | Zaanse koeken                    |         22 |          3 | 10 - 4 oz boxes      |    9.5000 |           36 |            0 |            0 |            0 |
|          156 | National       |          2 |        47 | Zaanse koeken                    |         22 |          3 | 10 - 4 oz boxes      |    9.5000 |           36 |            0 |            0 |            0 |
|          143 | AC Warehouse   |          1 |        47 | Zaanse koeken                    |         22 |          3 | 10 - 4 oz boxes      |    9.5000 |           36 |            0 |            0 |            0 |
|          464 | Blaze          |          1 |        48 | Chocolade                        |         22 |          3 | 10 pkgs.             |   12.7500 |           15 |           70 |           25 |            0 |
|          321 | Migrant System |          2 |        48 | Chocolade                        |         22 |          3 | 10 pkgs.             |   12.7500 |           15 |           70 |           25 |            0 |
|          254 | NON-STOP       |          2 |        48 | Chocolade                        |         22 |          3 | 10 pkgs.             |   12.7500 |           15 |           70 |           25 |            0 |
|          231 | Global         |          3 |        48 | Chocolade                        |         22 |          3 | 10 pkgs.             |   12.7500 |           15 |           70 |           25 |            0 |
|          156 | National       |          2 |        48 | Chocolade                        |         22 |          3 | 10 pkgs.             |   12.7500 |           15 |           70 |           25 |            0 |
|          143 | AC Warehouse   |          1 |        48 | Chocolade                        |         22 |          3 | 10 pkgs.             |   12.7500 |           15 |           70 |           25 |            0 |
|          464 | Blaze          |          1 |        49 | Maxilaku                         |         23 |          3 | 24 - 50 g pkgs.      |   20.0000 |           10 |           60 |           15 |            0 |
|          321 | Migrant System |          2 |        49 | Maxilaku                         |         23 |          3 | 24 - 50 g pkgs.      |   20.0000 |           10 |           60 |           15 |            0 |
|          254 | NON-STOP       |          2 |        49 | Maxilaku                         |         23 |          3 | 24 - 50 g pkgs.      |   20.0000 |           10 |           60 |           15 |            0 |
|          231 | Global         |          3 |        49 | Maxilaku                         |         23 |          3 | 24 - 50 g pkgs.      |   20.0000 |           10 |           60 |           15 |            0 |
|          156 | National       |          2 |        49 | Maxilaku                         |         23 |          3 | 24 - 50 g pkgs.      |   20.0000 |           10 |           60 |           15 |            0 |
|          143 | AC Warehouse   |          1 |        49 | Maxilaku                         |         23 |          3 | 24 - 50 g pkgs.      |   20.0000 |           10 |           60 |           15 |            0 |
|          464 | Blaze          |          1 |        50 | Valkoinen suklaa                 |         23 |          3 | 12 - 100 g bars      |   16.2500 |           65 |            0 |           30 |            0 |
|          321 | Migrant System |          2 |        50 | Valkoinen suklaa                 |         23 |          3 | 12 - 100 g bars      |   16.2500 |           65 |            0 |           30 |            0 |
|          254 | NON-STOP       |          2 |        50 | Valkoinen suklaa                 |         23 |          3 | 12 - 100 g bars      |   16.2500 |           65 |            0 |           30 |            0 |
|          231 | Global         |          3 |        50 | Valkoinen suklaa                 |         23 |          3 | 12 - 100 g bars      |   16.2500 |           65 |            0 |           30 |            0 |
|          156 | National       |          2 |        50 | Valkoinen suklaa                 |         23 |          3 | 12 - 100 g bars      |   16.2500 |           65 |            0 |           30 |            0 |
|          143 | AC Warehouse   |          1 |        50 | Valkoinen suklaa                 |         23 |          3 | 12 - 100 g bars      |   16.2500 |           65 |            0 |           30 |            0 |
|          464 | Blaze          |          1 |        51 | Manjimup Dried Apples            |         24 |          7 | 50 - 300 g pkgs.     |   53.0000 |           20 |            0 |           10 |            0 |
|          321 | Migrant System |          2 |        51 | Manjimup Dried Apples            |         24 |          7 | 50 - 300 g pkgs.     |   53.0000 |           20 |            0 |           10 |            0 |
|          254 | NON-STOP       |          2 |        51 | Manjimup Dried Apples            |         24 |          7 | 50 - 300 g pkgs.     |   53.0000 |           20 |            0 |           10 |            0 |
|          231 | Global         |          3 |        51 | Manjimup Dried Apples            |         24 |          7 | 50 - 300 g pkgs.     |   53.0000 |           20 |            0 |           10 |            0 |
|          156 | National       |          2 |        51 | Manjimup Dried Apples            |         24 |          7 | 50 - 300 g pkgs.     |   53.0000 |           20 |            0 |           10 |            0 |
|          143 | AC Warehouse   |          1 |        51 | Manjimup Dried Apples            |         24 |          7 | 50 - 300 g pkgs.     |   53.0000 |           20 |            0 |           10 |            0 |
|          464 | Blaze          |          1 |        52 | Filo Mix                         |         24 |          5 | 16 - 2 kg boxes      |    7.0000 |           38 |            0 |           25 |            0 |
|          321 | Migrant System |          2 |        52 | Filo Mix                         |         24 |          5 | 16 - 2 kg boxes      |    7.0000 |           38 |            0 |           25 |            0 |
|          254 | NON-STOP       |          2 |        52 | Filo Mix                         |         24 |          5 | 16 - 2 kg boxes      |    7.0000 |           38 |            0 |           25 |            0 |
|          231 | Global         |          3 |        52 | Filo Mix                         |         24 |          5 | 16 - 2 kg boxes      |    7.0000 |           38 |            0 |           25 |            0 |
|          156 | National       |          2 |        52 | Filo Mix                         |         24 |          5 | 16 - 2 kg boxes      |    7.0000 |           38 |            0 |           25 |            0 |
|          143 | AC Warehouse   |          1 |        52 | Filo Mix                         |         24 |          5 | 16 - 2 kg boxes      |    7.0000 |           38 |            0 |           25 |            0 |
|          464 | Blaze          |          1 |        53 | Perth Pasties                    |         24 |          6 | 48 pieces            |   32.8000 |            0 |            0 |            0 |            1 |
|          321 | Migrant System |          2 |        53 | Perth Pasties                    |         24 |          6 | 48 pieces            |   32.8000 |            0 |            0 |            0 |            1 |
|          254 | NON-STOP       |          2 |        53 | Perth Pasties                    |         24 |          6 | 48 pieces            |   32.8000 |            0 |            0 |            0 |            1 |
|          231 | Global         |          3 |        53 | Perth Pasties                    |         24 |          6 | 48 pieces            |   32.8000 |            0 |            0 |            0 |            1 |
|          156 | National       |          2 |        53 | Perth Pasties                    |         24 |          6 | 48 pieces            |   32.8000 |            0 |            0 |            0 |            1 |
|          143 | AC Warehouse   |          1 |        53 | Perth Pasties                    |         24 |          6 | 48 pieces            |   32.8000 |            0 |            0 |            0 |            1 |
|          464 | Blaze          |          1 |        54 | Tourtire                         |         25 |          6 | 16 pies              |    7.4500 |           21 |            0 |           10 |            0 |
|          321 | Migrant System |          2 |        54 | Tourtire                         |         25 |          6 | 16 pies              |    7.4500 |           21 |            0 |           10 |            0 |
|          254 | NON-STOP       |          2 |        54 | Tourtire                         |         25 |          6 | 16 pies              |    7.4500 |           21 |            0 |           10 |            0 |
|          231 | Global         |          3 |        54 | Tourtire                         |         25 |          6 | 16 pies              |    7.4500 |           21 |            0 |           10 |            0 |
|          156 | National       |          2 |        54 | Tourtire                         |         25 |          6 | 16 pies              |    7.4500 |           21 |            0 |           10 |            0 |
|          143 | AC Warehouse   |          1 |        54 | Tourtire                         |         25 |          6 | 16 pies              |    7.4500 |           21 |            0 |           10 |            0 |
|          464 | Blaze          |          1 |        55 | Pt chinois                       |         25 |          6 | 24 boxes x 2 pies    |   24.0000 |          115 |            0 |           20 |            0 |
|          321 | Migrant System |          2 |        55 | Pt chinois                       |         25 |          6 | 24 boxes x 2 pies    |   24.0000 |          115 |            0 |           20 |            0 |
|          254 | NON-STOP       |          2 |        55 | Pt chinois                       |         25 |          6 | 24 boxes x 2 pies    |   24.0000 |          115 |            0 |           20 |            0 |
|          231 | Global         |          3 |        55 | Pt chinois                       |         25 |          6 | 24 boxes x 2 pies    |   24.0000 |          115 |            0 |           20 |            0 |
|          156 | National       |          2 |        55 | Pt chinois                       |         25 |          6 | 24 boxes x 2 pies    |   24.0000 |          115 |            0 |           20 |            0 |
|          143 | AC Warehouse   |          1 |        55 | Pt chinois                       |         25 |          6 | 24 boxes x 2 pies    |   24.0000 |          115 |            0 |           20 |            0 |
|          464 | Blaze          |          1 |        56 | Gnocchi di nonna Alice           |         26 |          5 | 24 - 250 g pkgs.     |   38.0000 |           21 |           10 |           30 |            0 |
|          321 | Migrant System |          2 |        56 | Gnocchi di nonna Alice           |         26 |          5 | 24 - 250 g pkgs.     |   38.0000 |           21 |           10 |           30 |            0 |
|          254 | NON-STOP       |          2 |        56 | Gnocchi di nonna Alice           |         26 |          5 | 24 - 250 g pkgs.     |   38.0000 |           21 |           10 |           30 |            0 |
|          231 | Global         |          3 |        56 | Gnocchi di nonna Alice           |         26 |          5 | 24 - 250 g pkgs.     |   38.0000 |           21 |           10 |           30 |            0 |
|          156 | National       |          2 |        56 | Gnocchi di nonna Alice           |         26 |          5 | 24 - 250 g pkgs.     |   38.0000 |           21 |           10 |           30 |            0 |
|          143 | AC Warehouse   |          1 |        56 | Gnocchi di nonna Alice           |         26 |          5 | 24 - 250 g pkgs.     |   38.0000 |           21 |           10 |           30 |            0 |
|          464 | Blaze          |          1 |        57 | Ravioli Angelo                   |         26 |          5 | 24 - 250 g pkgs.     |   19.5000 |           36 |            0 |           20 |            0 |
|          321 | Migrant System |          2 |        57 | Ravioli Angelo                   |         26 |          5 | 24 - 250 g pkgs.     |   19.5000 |           36 |            0 |           20 |            0 |
|          254 | NON-STOP       |          2 |        57 | Ravioli Angelo                   |         26 |          5 | 24 - 250 g pkgs.     |   19.5000 |           36 |            0 |           20 |            0 |
|          231 | Global         |          3 |        57 | Ravioli Angelo                   |         26 |          5 | 24 - 250 g pkgs.     |   19.5000 |           36 |            0 |           20 |            0 |
|          156 | National       |          2 |        57 | Ravioli Angelo                   |         26 |          5 | 24 - 250 g pkgs.     |   19.5000 |           36 |            0 |           20 |            0 |
|          143 | AC Warehouse   |          1 |        57 | Ravioli Angelo                   |         26 |          5 | 24 - 250 g pkgs.     |   19.5000 |           36 |            0 |           20 |            0 |
|          464 | Blaze          |          1 |        58 | Escargots de Bourgogne           |         27 |          8 | 24 pieces            |   13.2500 |           62 |            0 |           20 |            0 |
|          321 | Migrant System |          2 |        58 | Escargots de Bourgogne           |         27 |          8 | 24 pieces            |   13.2500 |           62 |            0 |           20 |            0 |
|          254 | NON-STOP       |          2 |        58 | Escargots de Bourgogne           |         27 |          8 | 24 pieces            |   13.2500 |           62 |            0 |           20 |            0 |
|          231 | Global         |          3 |        58 | Escargots de Bourgogne           |         27 |          8 | 24 pieces            |   13.2500 |           62 |            0 |           20 |            0 |
|          156 | National       |          2 |        58 | Escargots de Bourgogne           |         27 |          8 | 24 pieces            |   13.2500 |           62 |            0 |           20 |            0 |
|          143 | AC Warehouse   |          1 |        58 | Escargots de Bourgogne           |         27 |          8 | 24 pieces            |   13.2500 |           62 |            0 |           20 |            0 |
|          464 | Blaze          |          1 |        59 | Raclette Courdavault             |         28 |          4 | 5 kg pkg.            |   55.0000 |           79 |            0 |            0 |            0 |
|          321 | Migrant System |          2 |        59 | Raclette Courdavault             |         28 |          4 | 5 kg pkg.            |   55.0000 |           79 |            0 |            0 |            0 |
|          254 | NON-STOP       |          2 |        59 | Raclette Courdavault             |         28 |          4 | 5 kg pkg.            |   55.0000 |           79 |            0 |            0 |            0 |
|          231 | Global         |          3 |        59 | Raclette Courdavault             |         28 |          4 | 5 kg pkg.            |   55.0000 |           79 |            0 |            0 |            0 |
|          156 | National       |          2 |        59 | Raclette Courdavault             |         28 |          4 | 5 kg pkg.            |   55.0000 |           79 |            0 |            0 |            0 |
|          143 | AC Warehouse   |          1 |        59 | Raclette Courdavault             |         28 |          4 | 5 kg pkg.            |   55.0000 |           79 |            0 |            0 |            0 |
|          464 | Blaze          |          1 |        60 | Camembert Pierrot                |         28 |          4 | 15 - 300 g rounds    |   34.0000 |           19 |            0 |            0 |            0 |
|          321 | Migrant System |          2 |        60 | Camembert Pierrot                |         28 |          4 | 15 - 300 g rounds    |   34.0000 |           19 |            0 |            0 |            0 |
|          254 | NON-STOP       |          2 |        60 | Camembert Pierrot                |         28 |          4 | 15 - 300 g rounds    |   34.0000 |           19 |            0 |            0 |            0 |
|          231 | Global         |          3 |        60 | Camembert Pierrot                |         28 |          4 | 15 - 300 g rounds    |   34.0000 |           19 |            0 |            0 |            0 |
|          156 | National       |          2 |        60 | Camembert Pierrot                |         28 |          4 | 15 - 300 g rounds    |   34.0000 |           19 |            0 |            0 |            0 |
|          143 | AC Warehouse   |          1 |        60 | Camembert Pierrot                |         28 |          4 | 15 - 300 g rounds    |   34.0000 |           19 |            0 |            0 |            0 |
|          464 | Blaze          |          1 |        61 | Sirop d'rable                    |         29 |          2 | 24 - 500 ml bottles  |   28.5000 |          113 |            0 |           25 |            0 |
|          321 | Migrant System |          2 |        61 | Sirop d'rable                    |         29 |          2 | 24 - 500 ml bottles  |   28.5000 |          113 |            0 |           25 |            0 |
|          254 | NON-STOP       |          2 |        61 | Sirop d'rable                    |         29 |          2 | 24 - 500 ml bottles  |   28.5000 |          113 |            0 |           25 |            0 |
|          231 | Global         |          3 |        61 | Sirop d'rable                    |         29 |          2 | 24 - 500 ml bottles  |   28.5000 |          113 |            0 |           25 |            0 |
|          156 | National       |          2 |        61 | Sirop d'rable                    |         29 |          2 | 24 - 500 ml bottles  |   28.5000 |          113 |            0 |           25 |            0 |
|          143 | AC Warehouse   |          1 |        61 | Sirop d'rable                    |         29 |          2 | 24 - 500 ml bottles  |   28.5000 |          113 |            0 |           25 |            0 |
|          464 | Blaze          |          1 |        62 | Tarte au sucre                   |         29 |          3 | 48 pies              |   49.3000 |           17 |            0 |            0 |            0 |
|          321 | Migrant System |          2 |        62 | Tarte au sucre                   |         29 |          3 | 48 pies              |   49.3000 |           17 |            0 |            0 |            0 |
|          254 | NON-STOP       |          2 |        62 | Tarte au sucre                   |         29 |          3 | 48 pies              |   49.3000 |           17 |            0 |            0 |            0 |
|          231 | Global         |          3 |        62 | Tarte au sucre                   |         29 |          3 | 48 pies              |   49.3000 |           17 |            0 |            0 |            0 |
|          156 | National       |          2 |        62 | Tarte au sucre                   |         29 |          3 | 48 pies              |   49.3000 |           17 |            0 |            0 |            0 |
|          143 | AC Warehouse   |          1 |        62 | Tarte au sucre                   |         29 |          3 | 48 pies              |   49.3000 |           17 |            0 |            0 |            0 |
|          464 | Blaze          |          1 |        63 | Vegie-spread                     |          7 |          2 | 15 - 625 g jars      |   43.9000 |           24 |            0 |            5 |            0 |
|          321 | Migrant System |          2 |        63 | Vegie-spread                     |          7 |          2 | 15 - 625 g jars      |   43.9000 |           24 |            0 |            5 |            0 |
|          254 | NON-STOP       |          2 |        63 | Vegie-spread                     |          7 |          2 | 15 - 625 g jars      |   43.9000 |           24 |            0 |            5 |            0 |
|          231 | Global         |          3 |        63 | Vegie-spread                     |          7 |          2 | 15 - 625 g jars      |   43.9000 |           24 |            0 |            5 |            0 |
|          156 | National       |          2 |        63 | Vegie-spread                     |          7 |          2 | 15 - 625 g jars      |   43.9000 |           24 |            0 |            5 |            0 |
|          143 | AC Warehouse   |          1 |        63 | Vegie-spread                     |          7 |          2 | 15 - 625 g jars      |   43.9000 |           24 |            0 |            5 |            0 |
|          464 | Blaze          |          1 |        64 | Wimmers gute Semmelkndel         |         12 |          5 | 20 bags x 4 pieces   |   33.2500 |           22 |           80 |           30 |            0 |
|          321 | Migrant System |          2 |        64 | Wimmers gute Semmelkndel         |         12 |          5 | 20 bags x 4 pieces   |   33.2500 |           22 |           80 |           30 |            0 |
|          254 | NON-STOP       |          2 |        64 | Wimmers gute Semmelkndel         |         12 |          5 | 20 bags x 4 pieces   |   33.2500 |           22 |           80 |           30 |            0 |
|          231 | Global         |          3 |        64 | Wimmers gute Semmelkndel         |         12 |          5 | 20 bags x 4 pieces   |   33.2500 |           22 |           80 |           30 |            0 |
|          156 | National       |          2 |        64 | Wimmers gute Semmelkndel         |         12 |          5 | 20 bags x 4 pieces   |   33.2500 |           22 |           80 |           30 |            0 |
|          143 | AC Warehouse   |          1 |        64 | Wimmers gute Semmelkndel         |         12 |          5 | 20 bags x 4 pieces   |   33.2500 |           22 |           80 |           30 |            0 |
|          464 | Blaze          |          1 |        65 | Louisiana Fiery Hot Pepper Sauce |          2 |          2 | 32 - 8 oz bottles    |   21.0500 |           76 |            0 |            0 |            0 |
|          321 | Migrant System |          2 |        65 | Louisiana Fiery Hot Pepper Sauce |          2 |          2 | 32 - 8 oz bottles    |   21.0500 |           76 |            0 |            0 |            0 |
|          254 | NON-STOP       |          2 |        65 | Louisiana Fiery Hot Pepper Sauce |          2 |          2 | 32 - 8 oz bottles    |   21.0500 |           76 |            0 |            0 |            0 |
|          231 | Global         |          3 |        65 | Louisiana Fiery Hot Pepper Sauce |          2 |          2 | 32 - 8 oz bottles    |   21.0500 |           76 |            0 |            0 |            0 |
|          156 | National       |          2 |        65 | Louisiana Fiery Hot Pepper Sauce |          2 |          2 | 32 - 8 oz bottles    |   21.0500 |           76 |            0 |            0 |            0 |
|          143 | AC Warehouse   |          1 |        65 | Louisiana Fiery Hot Pepper Sauce |          2 |          2 | 32 - 8 oz bottles    |   21.0500 |           76 |            0 |            0 |            0 |
|          464 | Blaze          |          1 |        66 | Louisiana Hot Spiced Okra        |          2 |          2 | 24 - 8 oz jars       |   17.0000 |            4 |          100 |           20 |            0 |
|          321 | Migrant System |          2 |        66 | Louisiana Hot Spiced Okra        |          2 |          2 | 24 - 8 oz jars       |   17.0000 |            4 |          100 |           20 |            0 |
|          254 | NON-STOP       |          2 |        66 | Louisiana Hot Spiced Okra        |          2 |          2 | 24 - 8 oz jars       |   17.0000 |            4 |          100 |           20 |            0 |
|          231 | Global         |          3 |        66 | Louisiana Hot Spiced Okra        |          2 |          2 | 24 - 8 oz jars       |   17.0000 |            4 |          100 |           20 |            0 |
|          156 | National       |          2 |        66 | Louisiana Hot Spiced Okra        |          2 |          2 | 24 - 8 oz jars       |   17.0000 |            4 |          100 |           20 |            0 |
|          143 | AC Warehouse   |          1 |        66 | Louisiana Hot Spiced Okra        |          2 |          2 | 24 - 8 oz jars       |   17.0000 |            4 |          100 |           20 |            0 |
|          464 | Blaze          |          1 |        67 | Laughing Lumberjack Lager        |         16 |          1 | 24 - 12 oz bottles   |   14.0000 |           52 |            0 |           10 |            0 |
|          321 | Migrant System |          2 |        67 | Laughing Lumberjack Lager        |         16 |          1 | 24 - 12 oz bottles   |   14.0000 |           52 |            0 |           10 |            0 |
|          254 | NON-STOP       |          2 |        67 | Laughing Lumberjack Lager        |         16 |          1 | 24 - 12 oz bottles   |   14.0000 |           52 |            0 |           10 |            0 |
|          231 | Global         |          3 |        67 | Laughing Lumberjack Lager        |         16 |          1 | 24 - 12 oz bottles   |   14.0000 |           52 |            0 |           10 |            0 |
|          156 | National       |          2 |        67 | Laughing Lumberjack Lager        |         16 |          1 | 24 - 12 oz bottles   |   14.0000 |           52 |            0 |           10 |            0 |
|          143 | AC Warehouse   |          1 |        67 | Laughing Lumberjack Lager        |         16 |          1 | 24 - 12 oz bottles   |   14.0000 |           52 |            0 |           10 |            0 |
|          464 | Blaze          |          1 |        68 | Scottish Longbreads              |          8 |          3 | 10 boxes x 8 pieces  |   12.5000 |            6 |           10 |           15 |            0 |
|          321 | Migrant System |          2 |        68 | Scottish Longbreads              |          8 |          3 | 10 boxes x 8 pieces  |   12.5000 |            6 |           10 |           15 |            0 |
|          254 | NON-STOP       |          2 |        68 | Scottish Longbreads              |          8 |          3 | 10 boxes x 8 pieces  |   12.5000 |            6 |           10 |           15 |            0 |
|          231 | Global         |          3 |        68 | Scottish Longbreads              |          8 |          3 | 10 boxes x 8 pieces  |   12.5000 |            6 |           10 |           15 |            0 |
|          156 | National       |          2 |        68 | Scottish Longbreads              |          8 |          3 | 10 boxes x 8 pieces  |   12.5000 |            6 |           10 |           15 |            0 |
|          143 | AC Warehouse   |          1 |        68 | Scottish Longbreads              |          8 |          3 | 10 boxes x 8 pieces  |   12.5000 |            6 |           10 |           15 |            0 |
|          464 | Blaze          |          1 |        69 | Gudbrandsdalsost                 |         15 |          4 | 10 kg pkg.           |   36.0000 |           26 |            0 |           15 |            0 |
|          321 | Migrant System |          2 |        69 | Gudbrandsdalsost                 |         15 |          4 | 10 kg pkg.           |   36.0000 |           26 |            0 |           15 |            0 |
|          254 | NON-STOP       |          2 |        69 | Gudbrandsdalsost                 |         15 |          4 | 10 kg pkg.           |   36.0000 |           26 |            0 |           15 |            0 |
|          231 | Global         |          3 |        69 | Gudbrandsdalsost                 |         15 |          4 | 10 kg pkg.           |   36.0000 |           26 |            0 |           15 |            0 |
|          156 | National       |          2 |        69 | Gudbrandsdalsost                 |         15 |          4 | 10 kg pkg.           |   36.0000 |           26 |            0 |           15 |            0 |
|          143 | AC Warehouse   |          1 |        69 | Gudbrandsdalsost                 |         15 |          4 | 10 kg pkg.           |   36.0000 |           26 |            0 |           15 |            0 |
|          464 | Blaze          |          1 |        70 | Outback Lager                    |          7 |          1 | 24 - 355 ml bottles  |   15.0000 |           15 |           10 |           30 |            0 |
|          321 | Migrant System |          2 |        70 | Outback Lager                    |          7 |          1 | 24 - 355 ml bottles  |   15.0000 |           15 |           10 |           30 |            0 |
|          254 | NON-STOP       |          2 |        70 | Outback Lager                    |          7 |          1 | 24 - 355 ml bottles  |   15.0000 |           15 |           10 |           30 |            0 |
|          231 | Global         |          3 |        70 | Outback Lager                    |          7 |          1 | 24 - 355 ml bottles  |   15.0000 |           15 |           10 |           30 |            0 |
|          156 | National       |          2 |        70 | Outback Lager                    |          7 |          1 | 24 - 355 ml bottles  |   15.0000 |           15 |           10 |           30 |            0 |
|          143 | AC Warehouse   |          1 |        70 | Outback Lager                    |          7 |          1 | 24 - 355 ml bottles  |   15.0000 |           15 |           10 |           30 |            0 |
|          464 | Blaze          |          1 |        71 | Flotemysost                      |         15 |          4 | 10 - 500 g pkgs.     |   21.5000 |           26 |            0 |            0 |            0 |
|          321 | Migrant System |          2 |        71 | Flotemysost                      |         15 |          4 | 10 - 500 g pkgs.     |   21.5000 |           26 |            0 |            0 |            0 |
|          254 | NON-STOP       |          2 |        71 | Flotemysost                      |         15 |          4 | 10 - 500 g pkgs.     |   21.5000 |           26 |            0 |            0 |            0 |
|          231 | Global         |          3 |        71 | Flotemysost                      |         15 |          4 | 10 - 500 g pkgs.     |   21.5000 |           26 |            0 |            0 |            0 |
|          156 | National       |          2 |        71 | Flotemysost                      |         15 |          4 | 10 - 500 g pkgs.     |   21.5000 |           26 |            0 |            0 |            0 |
|          143 | AC Warehouse   |          1 |        71 | Flotemysost                      |         15 |          4 | 10 - 500 g pkgs.     |   21.5000 |           26 |            0 |            0 |            0 |
|          464 | Blaze          |          1 |        72 | Mozzarella di Giovanni           |         14 |          4 | 24 - 200 g pkgs.     |   34.8000 |           14 |            0 |            0 |            0 |
|          321 | Migrant System |          2 |        72 | Mozzarella di Giovanni           |         14 |          4 | 24 - 200 g pkgs.     |   34.8000 |           14 |            0 |            0 |            0 |
|          254 | NON-STOP       |          2 |        72 | Mozzarella di Giovanni           |         14 |          4 | 24 - 200 g pkgs.     |   34.8000 |           14 |            0 |            0 |            0 |
|          231 | Global         |          3 |        72 | Mozzarella di Giovanni           |         14 |          4 | 24 - 200 g pkgs.     |   34.8000 |           14 |            0 |            0 |            0 |
|          156 | National       |          2 |        72 | Mozzarella di Giovanni           |         14 |          4 | 24 - 200 g pkgs.     |   34.8000 |           14 |            0 |            0 |            0 |
|          143 | AC Warehouse   |          1 |        72 | Mozzarella di Giovanni           |         14 |          4 | 24 - 200 g pkgs.     |   34.8000 |           14 |            0 |            0 |            0 |
|          464 | Blaze          |          1 |        73 | Rd Kaviar                        |         17 |          8 | 24 - 150 g jars      |   15.0000 |          101 |            0 |            5 |            0 |
|          321 | Migrant System |          2 |        73 | Rd Kaviar                        |         17 |          8 | 24 - 150 g jars      |   15.0000 |          101 |            0 |            5 |            0 |
|          254 | NON-STOP       |          2 |        73 | Rd Kaviar                        |         17 |          8 | 24 - 150 g jars      |   15.0000 |          101 |            0 |            5 |            0 |
|          231 | Global         |          3 |        73 | Rd Kaviar                        |         17 |          8 | 24 - 150 g jars      |   15.0000 |          101 |            0 |            5 |            0 |
|          156 | National       |          2 |        73 | Rd Kaviar                        |         17 |          8 | 24 - 150 g jars      |   15.0000 |          101 |            0 |            5 |            0 |
|          143 | AC Warehouse   |          1 |        73 | Rd Kaviar                        |         17 |          8 | 24 - 150 g jars      |   15.0000 |          101 |            0 |            5 |            0 |
|          464 | Blaze          |          1 |        74 | Longlife Tofu                    |          4 |          7 | 5 kg pkg.            |   10.0000 |            4 |           20 |            5 |            0 |
|          321 | Migrant System |          2 |        74 | Longlife Tofu                    |          4 |          7 | 5 kg pkg.            |   10.0000 |            4 |           20 |            5 |            0 |
|          254 | NON-STOP       |          2 |        74 | Longlife Tofu                    |          4 |          7 | 5 kg pkg.            |   10.0000 |            4 |           20 |            5 |            0 |
|          231 | Global         |          3 |        74 | Longlife Tofu                    |          4 |          7 | 5 kg pkg.            |   10.0000 |            4 |           20 |            5 |            0 |
|          156 | National       |          2 |        74 | Longlife Tofu                    |          4 |          7 | 5 kg pkg.            |   10.0000 |            4 |           20 |            5 |            0 |
|          143 | AC Warehouse   |          1 |        74 | Longlife Tofu                    |          4 |          7 | 5 kg pkg.            |   10.0000 |            4 |           20 |            5 |            0 |
|          464 | Blaze          |          1 |        75 | Rhnbru Klosterbier               |         12 |          1 | 24 - 0.5 l bottles   |    7.7500 |          125 |            0 |           25 |            0 |
|          321 | Migrant System |          2 |        75 | Rhnbru Klosterbier               |         12 |          1 | 24 - 0.5 l bottles   |    7.7500 |          125 |            0 |           25 |            0 |
|          254 | NON-STOP       |          2 |        75 | Rhnbru Klosterbier               |         12 |          1 | 24 - 0.5 l bottles   |    7.7500 |          125 |            0 |           25 |            0 |
|          231 | Global         |          3 |        75 | Rhnbru Klosterbier               |         12 |          1 | 24 - 0.5 l bottles   |    7.7500 |          125 |            0 |           25 |            0 |
|          156 | National       |          2 |        75 | Rhnbru Klosterbier               |         12 |          1 | 24 - 0.5 l bottles   |    7.7500 |          125 |            0 |           25 |            0 |
|          143 | AC Warehouse   |          1 |        75 | Rhnbru Klosterbier               |         12 |          1 | 24 - 0.5 l bottles   |    7.7500 |          125 |            0 |           25 |            0 |
|          464 | Blaze          |          1 |        76 | Lakkalikri                       |         23 |          1 | 500 ml               |   18.0000 |           57 |            0 |           20 |            0 |
|          321 | Migrant System |          2 |        76 | Lakkalikri                       |         23 |          1 | 500 ml               |   18.0000 |           57 |            0 |           20 |            0 |
|          254 | NON-STOP       |          2 |        76 | Lakkalikri                       |         23 |          1 | 500 ml               |   18.0000 |           57 |            0 |           20 |            0 |
|          231 | Global         |          3 |        76 | Lakkalikri                       |         23 |          1 | 500 ml               |   18.0000 |           57 |            0 |           20 |            0 |
|          156 | National       |          2 |        76 | Lakkalikri                       |         23 |          1 | 500 ml               |   18.0000 |           57 |            0 |           20 |            0 |
|          143 | AC Warehouse   |          1 |        76 | Lakkalikri                       |         23 |          1 | 500 ml               |   18.0000 |           57 |            0 |           20 |            0 |
|          464 | Blaze          |          1 |        77 | Original Frankfurter grne Soe    |         12 |          2 | 12 boxes             |   13.0000 |           32 |            0 |           15 |            0 |
|          321 | Migrant System |          2 |        77 | Original Frankfurter grne Soe    |         12 |          2 | 12 boxes             |   13.0000 |           32 |            0 |           15 |            0 |
|          254 | NON-STOP       |          2 |        77 | Original Frankfurter grne Soe    |         12 |          2 | 12 boxes             |   13.0000 |           32 |            0 |           15 |            0 |
|          231 | Global         |          3 |        77 | Original Frankfurter grne Soe    |         12 |          2 | 12 boxes             |   13.0000 |           32 |            0 |           15 |            0 |
|          156 | National       |          2 |        77 | Original Frankfurter grne Soe    |         12 |          2 | 12 boxes             |   13.0000 |           32 |            0 |           15 |            0 |
|          143 | AC Warehouse   |          1 |        77 | Original Frankfurter grne Soe    |         12 |          2 | 12 boxes             |   13.0000 |           32 |            0 |           15 |            0 |
+--------------+----------------+------------+-----------+----------------------------------+------------+------------+----------------------+-----------+--------------+--------------+--------------+--------------+
462 rows in set (0.00 sec)

mysql> select productname, warehouse_name from warehouse, products;
+----------------------------------+----------------+
| productname                      | warehouse_name |
+----------------------------------+----------------+
| Chai                             | Blaze          |
| Chai                             | Migrant System |
| Chai                             | NON-STOP       |
| Chai                             | Global         |
| Chai                             | National       |
| Chai                             | AC Warehouse   |
| Chang                            | Blaze          |
| Chang                            | Migrant System |
| Chang                            | NON-STOP       |
| Chang                            | Global         |
| Chang                            | National       |
| Chang                            | AC Warehouse   |
| Aniseed Syrup                    | Blaze          |
| Aniseed Syrup                    | Migrant System |
| Aniseed Syrup                    | NON-STOP       |
| Aniseed Syrup                    | Global         |
| Aniseed Syrup                    | National       |
| Aniseed Syrup                    | AC Warehouse   |
| Chef Anton's Cajun Seasoning     | Blaze          |
| Chef Anton's Cajun Seasoning     | Migrant System |
| Chef Anton's Cajun Seasoning     | NON-STOP       |
| Chef Anton's Cajun Seasoning     | Global         |
| Chef Anton's Cajun Seasoning     | National       |
| Chef Anton's Cajun Seasoning     | AC Warehouse   |
| Chef Anton's Gumbo Mix           | Blaze          |
| Chef Anton's Gumbo Mix           | Migrant System |
| Chef Anton's Gumbo Mix           | NON-STOP       |
| Chef Anton's Gumbo Mix           | Global         |
| Chef Anton's Gumbo Mix           | National       |
| Chef Anton's Gumbo Mix           | AC Warehouse   |
| Grandma's Boysenberry Spread     | Blaze          |
| Grandma's Boysenberry Spread     | Migrant System |
| Grandma's Boysenberry Spread     | NON-STOP       |
| Grandma's Boysenberry Spread     | Global         |
| Grandma's Boysenberry Spread     | National       |
| Grandma's Boysenberry Spread     | AC Warehouse   |
| Uncle Bob's Organic Dried Pears  | Blaze          |
| Uncle Bob's Organic Dried Pears  | Migrant System |
| Uncle Bob's Organic Dried Pears  | NON-STOP       |
| Uncle Bob's Organic Dried Pears  | Global         |
| Uncle Bob's Organic Dried Pears  | National       |
| Uncle Bob's Organic Dried Pears  | AC Warehouse   |
| Northwoods Cranberry Sauce       | Blaze          |
| Northwoods Cranberry Sauce       | Migrant System |
| Northwoods Cranberry Sauce       | NON-STOP       |
| Northwoods Cranberry Sauce       | Global         |
| Northwoods Cranberry Sauce       | National       |
| Northwoods Cranberry Sauce       | AC Warehouse   |
| Mishi Kobe Niku                  | Blaze          |
| Mishi Kobe Niku                  | Migrant System |
| Mishi Kobe Niku                  | NON-STOP       |
| Mishi Kobe Niku                  | Global         |
| Mishi Kobe Niku                  | National       |
| Mishi Kobe Niku                  | AC Warehouse   |
| Ikura                            | Blaze          |
| Ikura                            | Migrant System |
| Ikura                            | NON-STOP       |
| Ikura                            | Global         |
| Ikura                            | National       |
| Ikura                            | AC Warehouse   |
| Queso Cabrales                   | Blaze          |
| Queso Cabrales                   | Migrant System |
| Queso Cabrales                   | NON-STOP       |
| Queso Cabrales                   | Global         |
| Queso Cabrales                   | National       |
| Queso Cabrales                   | AC Warehouse   |
| Queso Manchego La Pastora        | Blaze          |
| Queso Manchego La Pastora        | Migrant System |
| Queso Manchego La Pastora        | NON-STOP       |
| Queso Manchego La Pastora        | Global         |
| Queso Manchego La Pastora        | National       |
| Queso Manchego La Pastora        | AC Warehouse   |
| Konbu                            | Blaze          |
| Konbu                            | Migrant System |
| Konbu                            | NON-STOP       |
| Konbu                            | Global         |
| Konbu                            | National       |
| Konbu                            | AC Warehouse   |
| Tofu                             | Blaze          |
| Tofu                             | Migrant System |
| Tofu                             | NON-STOP       |
| Tofu                             | Global         |
| Tofu                             | National       |
| Tofu                             | AC Warehouse   |
| Genen Shouyu                     | Blaze          |
| Genen Shouyu                     | Migrant System |
| Genen Shouyu                     | NON-STOP       |
| Genen Shouyu                     | Global         |
| Genen Shouyu                     | National       |
| Genen Shouyu                     | AC Warehouse   |
| Pavlova                          | Blaze          |
| Pavlova                          | Migrant System |
| Pavlova                          | NON-STOP       |
| Pavlova                          | Global         |
| Pavlova                          | National       |
| Pavlova                          | AC Warehouse   |
| Alice Mutton                     | Blaze          |
| Alice Mutton                     | Migrant System |
| Alice Mutton                     | NON-STOP       |
| Alice Mutton                     | Global         |
| Alice Mutton                     | National       |
| Alice Mutton                     | AC Warehouse   |
| Carnarvon Tigers                 | Blaze          |
| Carnarvon Tigers                 | Migrant System |
| Carnarvon Tigers                 | NON-STOP       |
| Carnarvon Tigers                 | Global         |
| Carnarvon Tigers                 | National       |
| Carnarvon Tigers                 | AC Warehouse   |
| Teatime Chocolate Biscuits       | Blaze          |
| Teatime Chocolate Biscuits       | Migrant System |
| Teatime Chocolate Biscuits       | NON-STOP       |
| Teatime Chocolate Biscuits       | Global         |
| Teatime Chocolate Biscuits       | National       |
| Teatime Chocolate Biscuits       | AC Warehouse   |
| Sir Rodney's Marmalade           | Blaze          |
| Sir Rodney's Marmalade           | Migrant System |
| Sir Rodney's Marmalade           | NON-STOP       |
| Sir Rodney's Marmalade           | Global         |
| Sir Rodney's Marmalade           | National       |
| Sir Rodney's Marmalade           | AC Warehouse   |
| Sir Rodney's Scones              | Blaze          |
| Sir Rodney's Scones              | Migrant System |
| Sir Rodney's Scones              | NON-STOP       |
| Sir Rodney's Scones              | Global         |
| Sir Rodney's Scones              | National       |
| Sir Rodney's Scones              | AC Warehouse   |
| Gustaf's Knckebrd                | Blaze          |
| Gustaf's Knckebrd                | Migrant System |
| Gustaf's Knckebrd                | NON-STOP       |
| Gustaf's Knckebrd                | Global         |
| Gustaf's Knckebrd                | National       |
| Gustaf's Knckebrd                | AC Warehouse   |
| Tunnbrd                          | Blaze          |
| Tunnbrd                          | Migrant System |
| Tunnbrd                          | NON-STOP       |
| Tunnbrd                          | Global         |
| Tunnbrd                          | National       |
| Tunnbrd                          | AC Warehouse   |
| Guaran Fantstica                 | Blaze          |
| Guaran Fantstica                 | Migrant System |
| Guaran Fantstica                 | NON-STOP       |
| Guaran Fantstica                 | Global         |
| Guaran Fantstica                 | National       |
| Guaran Fantstica                 | AC Warehouse   |
| NuNuCa Nu-Nougat-Creme           | Blaze          |
| NuNuCa Nu-Nougat-Creme           | Migrant System |
| NuNuCa Nu-Nougat-Creme           | NON-STOP       |
| NuNuCa Nu-Nougat-Creme           | Global         |
| NuNuCa Nu-Nougat-Creme           | National       |
| NuNuCa Nu-Nougat-Creme           | AC Warehouse   |
| Gumbr Gummibrchen                | Blaze          |
| Gumbr Gummibrchen                | Migrant System |
| Gumbr Gummibrchen                | NON-STOP       |
| Gumbr Gummibrchen                | Global         |
| Gumbr Gummibrchen                | National       |
| Gumbr Gummibrchen                | AC Warehouse   |
| Schoggi Schokolade               | Blaze          |
| Schoggi Schokolade               | Migrant System |
| Schoggi Schokolade               | NON-STOP       |
| Schoggi Schokolade               | Global         |
| Schoggi Schokolade               | National       |
| Schoggi Schokolade               | AC Warehouse   |
| Rssle Sauerkraut                 | Blaze          |
| Rssle Sauerkraut                 | Migrant System |
| Rssle Sauerkraut                 | NON-STOP       |
| Rssle Sauerkraut                 | Global         |
| Rssle Sauerkraut                 | National       |
| Rssle Sauerkraut                 | AC Warehouse   |
| Thringer Rostbratwurst           | Blaze          |
| Thringer Rostbratwurst           | Migrant System |
| Thringer Rostbratwurst           | NON-STOP       |
| Thringer Rostbratwurst           | Global         |
| Thringer Rostbratwurst           | National       |
| Thringer Rostbratwurst           | AC Warehouse   |
| Nord-Ost Matjeshering            | Blaze          |
| Nord-Ost Matjeshering            | Migrant System |
| Nord-Ost Matjeshering            | NON-STOP       |
| Nord-Ost Matjeshering            | Global         |
| Nord-Ost Matjeshering            | National       |
| Nord-Ost Matjeshering            | AC Warehouse   |
| Gorgonzola Telino                | Blaze          |
| Gorgonzola Telino                | Migrant System |
| Gorgonzola Telino                | NON-STOP       |
| Gorgonzola Telino                | Global         |
| Gorgonzola Telino                | National       |
| Gorgonzola Telino                | AC Warehouse   |
| Mascarpone Fabioli               | Blaze          |
| Mascarpone Fabioli               | Migrant System |
| Mascarpone Fabioli               | NON-STOP       |
| Mascarpone Fabioli               | Global         |
| Mascarpone Fabioli               | National       |
| Mascarpone Fabioli               | AC Warehouse   |
| Geitost                          | Blaze          |
| Geitost                          | Migrant System |
| Geitost                          | NON-STOP       |
| Geitost                          | Global         |
| Geitost                          | National       |
| Geitost                          | AC Warehouse   |
| Sasquatch Ale                    | Blaze          |
| Sasquatch Ale                    | Migrant System |
| Sasquatch Ale                    | NON-STOP       |
| Sasquatch Ale                    | Global         |
| Sasquatch Ale                    | National       |
| Sasquatch Ale                    | AC Warehouse   |
| Steeleye Stout                   | Blaze          |
| Steeleye Stout                   | Migrant System |
| Steeleye Stout                   | NON-STOP       |
| Steeleye Stout                   | Global         |
| Steeleye Stout                   | National       |
| Steeleye Stout                   | AC Warehouse   |
| Inlagd Sill                      | Blaze          |
| Inlagd Sill                      | Migrant System |
| Inlagd Sill                      | NON-STOP       |
| Inlagd Sill                      | Global         |
| Inlagd Sill                      | National       |
| Inlagd Sill                      | AC Warehouse   |
| Gravad lax                       | Blaze          |
| Gravad lax                       | Migrant System |
| Gravad lax                       | NON-STOP       |
| Gravad lax                       | Global         |
| Gravad lax                       | National       |
| Gravad lax                       | AC Warehouse   |
| Cte de Blaye                     | Blaze          |
| Cte de Blaye                     | Migrant System |
| Cte de Blaye                     | NON-STOP       |
| Cte de Blaye                     | Global         |
| Cte de Blaye                     | National       |
| Cte de Blaye                     | AC Warehouse   |
| Chartreuse verte                 | Blaze          |
| Chartreuse verte                 | Migrant System |
| Chartreuse verte                 | NON-STOP       |
| Chartreuse verte                 | Global         |
| Chartreuse verte                 | National       |
| Chartreuse verte                 | AC Warehouse   |
| Boston Crab Meat                 | Blaze          |
| Boston Crab Meat                 | Migrant System |
| Boston Crab Meat                 | NON-STOP       |
| Boston Crab Meat                 | Global         |
| Boston Crab Meat                 | National       |
| Boston Crab Meat                 | AC Warehouse   |
| Jack's New England Clam Chowder  | Blaze          |
| Jack's New England Clam Chowder  | Migrant System |
| Jack's New England Clam Chowder  | NON-STOP       |
| Jack's New England Clam Chowder  | Global         |
| Jack's New England Clam Chowder  | National       |
| Jack's New England Clam Chowder  | AC Warehouse   |
| Singaporean Hokkien Fried Mee    | Blaze          |
| Singaporean Hokkien Fried Mee    | Migrant System |
| Singaporean Hokkien Fried Mee    | NON-STOP       |
| Singaporean Hokkien Fried Mee    | Global         |
| Singaporean Hokkien Fried Mee    | National       |
| Singaporean Hokkien Fried Mee    | AC Warehouse   |
| Ipoh Coffee                      | Blaze          |
| Ipoh Coffee                      | Migrant System |
| Ipoh Coffee                      | NON-STOP       |
| Ipoh Coffee                      | Global         |
| Ipoh Coffee                      | National       |
| Ipoh Coffee                      | AC Warehouse   |
| Gula Malacca                     | Blaze          |
| Gula Malacca                     | Migrant System |
| Gula Malacca                     | NON-STOP       |
| Gula Malacca                     | Global         |
| Gula Malacca                     | National       |
| Gula Malacca                     | AC Warehouse   |
| Rogede sild                      | Blaze          |
| Rogede sild                      | Migrant System |
| Rogede sild                      | NON-STOP       |
| Rogede sild                      | Global         |
| Rogede sild                      | National       |
| Rogede sild                      | AC Warehouse   |
| Spegesild                        | Blaze          |
| Spegesild                        | Migrant System |
| Spegesild                        | NON-STOP       |
| Spegesild                        | Global         |
| Spegesild                        | National       |
| Spegesild                        | AC Warehouse   |
| Zaanse koeken                    | Blaze          |
| Zaanse koeken                    | Migrant System |
| Zaanse koeken                    | NON-STOP       |
| Zaanse koeken                    | Global         |
| Zaanse koeken                    | National       |
| Zaanse koeken                    | AC Warehouse   |
| Chocolade                        | Blaze          |
| Chocolade                        | Migrant System |
| Chocolade                        | NON-STOP       |
| Chocolade                        | Global         |
| Chocolade                        | National       |
| Chocolade                        | AC Warehouse   |
| Maxilaku                         | Blaze          |
| Maxilaku                         | Migrant System |
| Maxilaku                         | NON-STOP       |
| Maxilaku                         | Global         |
| Maxilaku                         | National       |
| Maxilaku                         | AC Warehouse   |
| Valkoinen suklaa                 | Blaze          |
| Valkoinen suklaa                 | Migrant System |
| Valkoinen suklaa                 | NON-STOP       |
| Valkoinen suklaa                 | Global         |
| Valkoinen suklaa                 | National       |
| Valkoinen suklaa                 | AC Warehouse   |
| Manjimup Dried Apples            | Blaze          |
| Manjimup Dried Apples            | Migrant System |
| Manjimup Dried Apples            | NON-STOP       |
| Manjimup Dried Apples            | Global         |
| Manjimup Dried Apples            | National       |
| Manjimup Dried Apples            | AC Warehouse   |
| Filo Mix                         | Blaze          |
| Filo Mix                         | Migrant System |
| Filo Mix                         | NON-STOP       |
| Filo Mix                         | Global         |
| Filo Mix                         | National       |
| Filo Mix                         | AC Warehouse   |
| Perth Pasties                    | Blaze          |
| Perth Pasties                    | Migrant System |
| Perth Pasties                    | NON-STOP       |
| Perth Pasties                    | Global         |
| Perth Pasties                    | National       |
| Perth Pasties                    | AC Warehouse   |
| Tourtire                         | Blaze          |
| Tourtire                         | Migrant System |
| Tourtire                         | NON-STOP       |
| Tourtire                         | Global         |
| Tourtire                         | National       |
| Tourtire                         | AC Warehouse   |
| Pt chinois                       | Blaze          |
| Pt chinois                       | Migrant System |
| Pt chinois                       | NON-STOP       |
| Pt chinois                       | Global         |
| Pt chinois                       | National       |
| Pt chinois                       | AC Warehouse   |
| Gnocchi di nonna Alice           | Blaze          |
| Gnocchi di nonna Alice           | Migrant System |
| Gnocchi di nonna Alice           | NON-STOP       |
| Gnocchi di nonna Alice           | Global         |
| Gnocchi di nonna Alice           | National       |
| Gnocchi di nonna Alice           | AC Warehouse   |
| Ravioli Angelo                   | Blaze          |
| Ravioli Angelo                   | Migrant System |
| Ravioli Angelo                   | NON-STOP       |
| Ravioli Angelo                   | Global         |
| Ravioli Angelo                   | National       |
| Ravioli Angelo                   | AC Warehouse   |
| Escargots de Bourgogne           | Blaze          |
| Escargots de Bourgogne           | Migrant System |
| Escargots de Bourgogne           | NON-STOP       |
| Escargots de Bourgogne           | Global         |
| Escargots de Bourgogne           | National       |
| Escargots de Bourgogne           | AC Warehouse   |
| Raclette Courdavault             | Blaze          |
| Raclette Courdavault             | Migrant System |
| Raclette Courdavault             | NON-STOP       |
| Raclette Courdavault             | Global         |
| Raclette Courdavault             | National       |
| Raclette Courdavault             | AC Warehouse   |
| Camembert Pierrot                | Blaze          |
| Camembert Pierrot                | Migrant System |
| Camembert Pierrot                | NON-STOP       |
| Camembert Pierrot                | Global         |
| Camembert Pierrot                | National       |
| Camembert Pierrot                | AC Warehouse   |
| Sirop d'rable                    | Blaze          |
| Sirop d'rable                    | Migrant System |
| Sirop d'rable                    | NON-STOP       |
| Sirop d'rable                    | Global         |
| Sirop d'rable                    | National       |
| Sirop d'rable                    | AC Warehouse   |
| Tarte au sucre                   | Blaze          |
| Tarte au sucre                   | Migrant System |
| Tarte au sucre                   | NON-STOP       |
| Tarte au sucre                   | Global         |
| Tarte au sucre                   | National       |
| Tarte au sucre                   | AC Warehouse   |
| Vegie-spread                     | Blaze          |
| Vegie-spread                     | Migrant System |
| Vegie-spread                     | NON-STOP       |
| Vegie-spread                     | Global         |
| Vegie-spread                     | National       |
| Vegie-spread                     | AC Warehouse   |
| Wimmers gute Semmelkndel         | Blaze          |
| Wimmers gute Semmelkndel         | Migrant System |
| Wimmers gute Semmelkndel         | NON-STOP       |
| Wimmers gute Semmelkndel         | Global         |
| Wimmers gute Semmelkndel         | National       |
| Wimmers gute Semmelkndel         | AC Warehouse   |
| Louisiana Fiery Hot Pepper Sauce | Blaze          |
| Louisiana Fiery Hot Pepper Sauce | Migrant System |
| Louisiana Fiery Hot Pepper Sauce | NON-STOP       |
| Louisiana Fiery Hot Pepper Sauce | Global         |
| Louisiana Fiery Hot Pepper Sauce | National       |
| Louisiana Fiery Hot Pepper Sauce | AC Warehouse   |
| Louisiana Hot Spiced Okra        | Blaze          |
| Louisiana Hot Spiced Okra        | Migrant System |
| Louisiana Hot Spiced Okra        | NON-STOP       |
| Louisiana Hot Spiced Okra        | Global         |
| Louisiana Hot Spiced Okra        | National       |
| Louisiana Hot Spiced Okra        | AC Warehouse   |
| Laughing Lumberjack Lager        | Blaze          |
| Laughing Lumberjack Lager        | Migrant System |
| Laughing Lumberjack Lager        | NON-STOP       |
| Laughing Lumberjack Lager        | Global         |
| Laughing Lumberjack Lager        | National       |
| Laughing Lumberjack Lager        | AC Warehouse   |
| Scottish Longbreads              | Blaze          |
| Scottish Longbreads              | Migrant System |
| Scottish Longbreads              | NON-STOP       |
| Scottish Longbreads              | Global         |
| Scottish Longbreads              | National       |
| Scottish Longbreads              | AC Warehouse   |
| Gudbrandsdalsost                 | Blaze          |
| Gudbrandsdalsost                 | Migrant System |
| Gudbrandsdalsost                 | NON-STOP       |
| Gudbrandsdalsost                 | Global         |
| Gudbrandsdalsost                 | National       |
| Gudbrandsdalsost                 | AC Warehouse   |
| Outback Lager                    | Blaze          |
| Outback Lager                    | Migrant System |
| Outback Lager                    | NON-STOP       |
| Outback Lager                    | Global         |
| Outback Lager                    | National       |
| Outback Lager                    | AC Warehouse   |
| Flotemysost                      | Blaze          |
| Flotemysost                      | Migrant System |
| Flotemysost                      | NON-STOP       |
| Flotemysost                      | Global         |
| Flotemysost                      | National       |
| Flotemysost                      | AC Warehouse   |
| Mozzarella di Giovanni           | Blaze          |
| Mozzarella di Giovanni           | Migrant System |
| Mozzarella di Giovanni           | NON-STOP       |
| Mozzarella di Giovanni           | Global         |
| Mozzarella di Giovanni           | National       |
| Mozzarella di Giovanni           | AC Warehouse   |
| Rd Kaviar                        | Blaze          |
| Rd Kaviar                        | Migrant System |
| Rd Kaviar                        | NON-STOP       |
| Rd Kaviar                        | Global         |
| Rd Kaviar                        | National       |
| Rd Kaviar                        | AC Warehouse   |
| Longlife Tofu                    | Blaze          |
| Longlife Tofu                    | Migrant System |
| Longlife Tofu                    | NON-STOP       |
| Longlife Tofu                    | Global         |
| Longlife Tofu                    | National       |
| Longlife Tofu                    | AC Warehouse   |
| Rhnbru Klosterbier               | Blaze          |
| Rhnbru Klosterbier               | Migrant System |
| Rhnbru Klosterbier               | NON-STOP       |
| Rhnbru Klosterbier               | Global         |
| Rhnbru Klosterbier               | National       |
| Rhnbru Klosterbier               | AC Warehouse   |
| Lakkalikri                       | Blaze          |
| Lakkalikri                       | Migrant System |
| Lakkalikri                       | NON-STOP       |
| Lakkalikri                       | Global         |
| Lakkalikri                       | National       |
| Lakkalikri                       | AC Warehouse   |
| Original Frankfurter grne Soe    | Blaze          |
| Original Frankfurter grne Soe    | Migrant System |
| Original Frankfurter grne Soe    | NON-STOP       |
| Original Frankfurter grne Soe    | Global         |
| Original Frankfurter grne Soe    | National       |
| Original Frankfurter grne Soe    | AC Warehouse   |
+----------------------------------+----------------+
462 rows in set (0.00 sec)

mysql> select * from sales_channel;
+------------+-----------+
| channel_id | channel   |
+------------+-----------+
|          1 | Wholesale |
|          2 | Retail    |
|          3 | Agents    |
|          4 | eCommerce |
+------------+-----------+
4 rows in set (0.04 sec)

mysql> select productname, sale_channel.* from products, sale_channel;
ERROR 1146 (42S02): Table 'db1.sale_channel' doesn't exist
mysql> select productname, sales_channel.* from products, sales_channel;
+----------------------------------+------------+-----------+
| productname                      | channel_id | channel   |
+----------------------------------+------------+-----------+
| Chai                             |          4 | eCommerce |
| Chai                             |          3 | Agents    |
| Chai                             |          2 | Retail    |
| Chai                             |          1 | Wholesale |
| Chang                            |          4 | eCommerce |
| Chang                            |          3 | Agents    |
| Chang                            |          2 | Retail    |
| Chang                            |          1 | Wholesale |
| Aniseed Syrup                    |          4 | eCommerce |
| Aniseed Syrup                    |          3 | Agents    |
| Aniseed Syrup                    |          2 | Retail    |
| Aniseed Syrup                    |          1 | Wholesale |
| Chef Anton's Cajun Seasoning     |          4 | eCommerce |
| Chef Anton's Cajun Seasoning     |          3 | Agents    |
| Chef Anton's Cajun Seasoning     |          2 | Retail    |
| Chef Anton's Cajun Seasoning     |          1 | Wholesale |
| Chef Anton's Gumbo Mix           |          4 | eCommerce |
| Chef Anton's Gumbo Mix           |          3 | Agents    |
| Chef Anton's Gumbo Mix           |          2 | Retail    |
| Chef Anton's Gumbo Mix           |          1 | Wholesale |
| Grandma's Boysenberry Spread     |          4 | eCommerce |
| Grandma's Boysenberry Spread     |          3 | Agents    |
| Grandma's Boysenberry Spread     |          2 | Retail    |
| Grandma's Boysenberry Spread     |          1 | Wholesale |
| Uncle Bob's Organic Dried Pears  |          4 | eCommerce |
| Uncle Bob's Organic Dried Pears  |          3 | Agents    |
| Uncle Bob's Organic Dried Pears  |          2 | Retail    |
| Uncle Bob's Organic Dried Pears  |          1 | Wholesale |
| Northwoods Cranberry Sauce       |          4 | eCommerce |
| Northwoods Cranberry Sauce       |          3 | Agents    |
| Northwoods Cranberry Sauce       |          2 | Retail    |
| Northwoods Cranberry Sauce       |          1 | Wholesale |
| Mishi Kobe Niku                  |          4 | eCommerce |
| Mishi Kobe Niku                  |          3 | Agents    |
| Mishi Kobe Niku                  |          2 | Retail    |
| Mishi Kobe Niku                  |          1 | Wholesale |
| Ikura                            |          4 | eCommerce |
| Ikura                            |          3 | Agents    |
| Ikura                            |          2 | Retail    |
| Ikura                            |          1 | Wholesale |
| Queso Cabrales                   |          4 | eCommerce |
| Queso Cabrales                   |          3 | Agents    |
| Queso Cabrales                   |          2 | Retail    |
| Queso Cabrales                   |          1 | Wholesale |
| Queso Manchego La Pastora        |          4 | eCommerce |
| Queso Manchego La Pastora        |          3 | Agents    |
| Queso Manchego La Pastora        |          2 | Retail    |
| Queso Manchego La Pastora        |          1 | Wholesale |
| Konbu                            |          4 | eCommerce |
| Konbu                            |          3 | Agents    |
| Konbu                            |          2 | Retail    |
| Konbu                            |          1 | Wholesale |
| Tofu                             |          4 | eCommerce |
| Tofu                             |          3 | Agents    |
| Tofu                             |          2 | Retail    |
| Tofu                             |          1 | Wholesale |
| Genen Shouyu                     |          4 | eCommerce |
| Genen Shouyu                     |          3 | Agents    |
| Genen Shouyu                     |          2 | Retail    |
| Genen Shouyu                     |          1 | Wholesale |
| Pavlova                          |          4 | eCommerce |
| Pavlova                          |          3 | Agents    |
| Pavlova                          |          2 | Retail    |
| Pavlova                          |          1 | Wholesale |
| Alice Mutton                     |          4 | eCommerce |
| Alice Mutton                     |          3 | Agents    |
| Alice Mutton                     |          2 | Retail    |
| Alice Mutton                     |          1 | Wholesale |
| Carnarvon Tigers                 |          4 | eCommerce |
| Carnarvon Tigers                 |          3 | Agents    |
| Carnarvon Tigers                 |          2 | Retail    |
| Carnarvon Tigers                 |          1 | Wholesale |
| Teatime Chocolate Biscuits       |          4 | eCommerce |
| Teatime Chocolate Biscuits       |          3 | Agents    |
| Teatime Chocolate Biscuits       |          2 | Retail    |
| Teatime Chocolate Biscuits       |          1 | Wholesale |
| Sir Rodney's Marmalade           |          4 | eCommerce |
| Sir Rodney's Marmalade           |          3 | Agents    |
| Sir Rodney's Marmalade           |          2 | Retail    |
| Sir Rodney's Marmalade           |          1 | Wholesale |
| Sir Rodney's Scones              |          4 | eCommerce |
| Sir Rodney's Scones              |          3 | Agents    |
| Sir Rodney's Scones              |          2 | Retail    |
| Sir Rodney's Scones              |          1 | Wholesale |
| Gustaf's Knckebrd                |          4 | eCommerce |
| Gustaf's Knckebrd                |          3 | Agents    |
| Gustaf's Knckebrd                |          2 | Retail    |
| Gustaf's Knckebrd                |          1 | Wholesale |
| Tunnbrd                          |          4 | eCommerce |
| Tunnbrd                          |          3 | Agents    |
| Tunnbrd                          |          2 | Retail    |
| Tunnbrd                          |          1 | Wholesale |
| Guaran Fantstica                 |          4 | eCommerce |
| Guaran Fantstica                 |          3 | Agents    |
| Guaran Fantstica                 |          2 | Retail    |
| Guaran Fantstica                 |          1 | Wholesale |
| NuNuCa Nu-Nougat-Creme           |          4 | eCommerce |
| NuNuCa Nu-Nougat-Creme           |          3 | Agents    |
| NuNuCa Nu-Nougat-Creme           |          2 | Retail    |
| NuNuCa Nu-Nougat-Creme           |          1 | Wholesale |
| Gumbr Gummibrchen                |          4 | eCommerce |
| Gumbr Gummibrchen                |          3 | Agents    |
| Gumbr Gummibrchen                |          2 | Retail    |
| Gumbr Gummibrchen                |          1 | Wholesale |
| Schoggi Schokolade               |          4 | eCommerce |
| Schoggi Schokolade               |          3 | Agents    |
| Schoggi Schokolade               |          2 | Retail    |
| Schoggi Schokolade               |          1 | Wholesale |
| Rssle Sauerkraut                 |          4 | eCommerce |
| Rssle Sauerkraut                 |          3 | Agents    |
| Rssle Sauerkraut                 |          2 | Retail    |
| Rssle Sauerkraut                 |          1 | Wholesale |
| Thringer Rostbratwurst           |          4 | eCommerce |
| Thringer Rostbratwurst           |          3 | Agents    |
| Thringer Rostbratwurst           |          2 | Retail    |
| Thringer Rostbratwurst           |          1 | Wholesale |
| Nord-Ost Matjeshering            |          4 | eCommerce |
| Nord-Ost Matjeshering            |          3 | Agents    |
| Nord-Ost Matjeshering            |          2 | Retail    |
| Nord-Ost Matjeshering            |          1 | Wholesale |
| Gorgonzola Telino                |          4 | eCommerce |
| Gorgonzola Telino                |          3 | Agents    |
| Gorgonzola Telino                |          2 | Retail    |
| Gorgonzola Telino                |          1 | Wholesale |
| Mascarpone Fabioli               |          4 | eCommerce |
| Mascarpone Fabioli               |          3 | Agents    |
| Mascarpone Fabioli               |          2 | Retail    |
| Mascarpone Fabioli               |          1 | Wholesale |
| Geitost                          |          4 | eCommerce |
| Geitost                          |          3 | Agents    |
| Geitost                          |          2 | Retail    |
| Geitost                          |          1 | Wholesale |
| Sasquatch Ale                    |          4 | eCommerce |
| Sasquatch Ale                    |          3 | Agents    |
| Sasquatch Ale                    |          2 | Retail    |
| Sasquatch Ale                    |          1 | Wholesale |
| Steeleye Stout                   |          4 | eCommerce |
| Steeleye Stout                   |          3 | Agents    |
| Steeleye Stout                   |          2 | Retail    |
| Steeleye Stout                   |          1 | Wholesale |
| Inlagd Sill                      |          4 | eCommerce |
| Inlagd Sill                      |          3 | Agents    |
| Inlagd Sill                      |          2 | Retail    |
| Inlagd Sill                      |          1 | Wholesale |
| Gravad lax                       |          4 | eCommerce |
| Gravad lax                       |          3 | Agents    |
| Gravad lax                       |          2 | Retail    |
| Gravad lax                       |          1 | Wholesale |
| Cte de Blaye                     |          4 | eCommerce |
| Cte de Blaye                     |          3 | Agents    |
| Cte de Blaye                     |          2 | Retail    |
| Cte de Blaye                     |          1 | Wholesale |
| Chartreuse verte                 |          4 | eCommerce |
| Chartreuse verte                 |          3 | Agents    |
| Chartreuse verte                 |          2 | Retail    |
| Chartreuse verte                 |          1 | Wholesale |
| Boston Crab Meat                 |          4 | eCommerce |
| Boston Crab Meat                 |          3 | Agents    |
| Boston Crab Meat                 |          2 | Retail    |
| Boston Crab Meat                 |          1 | Wholesale |
| Jack's New England Clam Chowder  |          4 | eCommerce |
| Jack's New England Clam Chowder  |          3 | Agents    |
| Jack's New England Clam Chowder  |          2 | Retail    |
| Jack's New England Clam Chowder  |          1 | Wholesale |
| Singaporean Hokkien Fried Mee    |          4 | eCommerce |
| Singaporean Hokkien Fried Mee    |          3 | Agents    |
| Singaporean Hokkien Fried Mee    |          2 | Retail    |
| Singaporean Hokkien Fried Mee    |          1 | Wholesale |
| Ipoh Coffee                      |          4 | eCommerce |
| Ipoh Coffee                      |          3 | Agents    |
| Ipoh Coffee                      |          2 | Retail    |
| Ipoh Coffee                      |          1 | Wholesale |
| Gula Malacca                     |          4 | eCommerce |
| Gula Malacca                     |          3 | Agents    |
| Gula Malacca                     |          2 | Retail    |
| Gula Malacca                     |          1 | Wholesale |
| Rogede sild                      |          4 | eCommerce |
| Rogede sild                      |          3 | Agents    |
| Rogede sild                      |          2 | Retail    |
| Rogede sild                      |          1 | Wholesale |
| Spegesild                        |          4 | eCommerce |
| Spegesild                        |          3 | Agents    |
| Spegesild                        |          2 | Retail    |
| Spegesild                        |          1 | Wholesale |
| Zaanse koeken                    |          4 | eCommerce |
| Zaanse koeken                    |          3 | Agents    |
| Zaanse koeken                    |          2 | Retail    |
| Zaanse koeken                    |          1 | Wholesale |
| Chocolade                        |          4 | eCommerce |
| Chocolade                        |          3 | Agents    |
| Chocolade                        |          2 | Retail    |
| Chocolade                        |          1 | Wholesale |
| Maxilaku                         |          4 | eCommerce |
| Maxilaku                         |          3 | Agents    |
| Maxilaku                         |          2 | Retail    |
| Maxilaku                         |          1 | Wholesale |
| Valkoinen suklaa                 |          4 | eCommerce |
| Valkoinen suklaa                 |          3 | Agents    |
| Valkoinen suklaa                 |          2 | Retail    |
| Valkoinen suklaa                 |          1 | Wholesale |
| Manjimup Dried Apples            |          4 | eCommerce |
| Manjimup Dried Apples            |          3 | Agents    |
| Manjimup Dried Apples            |          2 | Retail    |
| Manjimup Dried Apples            |          1 | Wholesale |
| Filo Mix                         |          4 | eCommerce |
| Filo Mix                         |          3 | Agents    |
| Filo Mix                         |          2 | Retail    |
| Filo Mix                         |          1 | Wholesale |
| Perth Pasties                    |          4 | eCommerce |
| Perth Pasties                    |          3 | Agents    |
| Perth Pasties                    |          2 | Retail    |
| Perth Pasties                    |          1 | Wholesale |
| Tourtire                         |          4 | eCommerce |
| Tourtire                         |          3 | Agents    |
| Tourtire                         |          2 | Retail    |
| Tourtire                         |          1 | Wholesale |
| Pt chinois                       |          4 | eCommerce |
| Pt chinois                       |          3 | Agents    |
| Pt chinois                       |          2 | Retail    |
| Pt chinois                       |          1 | Wholesale |
| Gnocchi di nonna Alice           |          4 | eCommerce |
| Gnocchi di nonna Alice           |          3 | Agents    |
| Gnocchi di nonna Alice           |          2 | Retail    |
| Gnocchi di nonna Alice           |          1 | Wholesale |
| Ravioli Angelo                   |          4 | eCommerce |
| Ravioli Angelo                   |          3 | Agents    |
| Ravioli Angelo                   |          2 | Retail    |
| Ravioli Angelo                   |          1 | Wholesale |
| Escargots de Bourgogne           |          4 | eCommerce |
| Escargots de Bourgogne           |          3 | Agents    |
| Escargots de Bourgogne           |          2 | Retail    |
| Escargots de Bourgogne           |          1 | Wholesale |
| Raclette Courdavault             |          4 | eCommerce |
| Raclette Courdavault             |          3 | Agents    |
| Raclette Courdavault             |          2 | Retail    |
| Raclette Courdavault             |          1 | Wholesale |
| Camembert Pierrot                |          4 | eCommerce |
| Camembert Pierrot                |          3 | Agents    |
| Camembert Pierrot                |          2 | Retail    |
| Camembert Pierrot                |          1 | Wholesale |
| Sirop d'rable                    |          4 | eCommerce |
| Sirop d'rable                    |          3 | Agents    |
| Sirop d'rable                    |          2 | Retail    |
| Sirop d'rable                    |          1 | Wholesale |
| Tarte au sucre                   |          4 | eCommerce |
| Tarte au sucre                   |          3 | Agents    |
| Tarte au sucre                   |          2 | Retail    |
| Tarte au sucre                   |          1 | Wholesale |
| Vegie-spread                     |          4 | eCommerce |
| Vegie-spread                     |          3 | Agents    |
| Vegie-spread                     |          2 | Retail    |
| Vegie-spread                     |          1 | Wholesale |
| Wimmers gute Semmelkndel         |          4 | eCommerce |
| Wimmers gute Semmelkndel         |          3 | Agents    |
| Wimmers gute Semmelkndel         |          2 | Retail    |
| Wimmers gute Semmelkndel         |          1 | Wholesale |
| Louisiana Fiery Hot Pepper Sauce |          4 | eCommerce |
| Louisiana Fiery Hot Pepper Sauce |          3 | Agents    |
| Louisiana Fiery Hot Pepper Sauce |          2 | Retail    |
| Louisiana Fiery Hot Pepper Sauce |          1 | Wholesale |
| Louisiana Hot Spiced Okra        |          4 | eCommerce |
| Louisiana Hot Spiced Okra        |          3 | Agents    |
| Louisiana Hot Spiced Okra        |          2 | Retail    |
| Louisiana Hot Spiced Okra        |          1 | Wholesale |
| Laughing Lumberjack Lager        |          4 | eCommerce |
| Laughing Lumberjack Lager        |          3 | Agents    |
| Laughing Lumberjack Lager        |          2 | Retail    |
| Laughing Lumberjack Lager        |          1 | Wholesale |
| Scottish Longbreads              |          4 | eCommerce |
| Scottish Longbreads              |          3 | Agents    |
| Scottish Longbreads              |          2 | Retail    |
| Scottish Longbreads              |          1 | Wholesale |
| Gudbrandsdalsost                 |          4 | eCommerce |
| Gudbrandsdalsost                 |          3 | Agents    |
| Gudbrandsdalsost                 |          2 | Retail    |
| Gudbrandsdalsost                 |          1 | Wholesale |
| Outback Lager                    |          4 | eCommerce |
| Outback Lager                    |          3 | Agents    |
| Outback Lager                    |          2 | Retail    |
| Outback Lager                    |          1 | Wholesale |
| Flotemysost                      |          4 | eCommerce |
| Flotemysost                      |          3 | Agents    |
| Flotemysost                      |          2 | Retail    |
| Flotemysost                      |          1 | Wholesale |
| Mozzarella di Giovanni           |          4 | eCommerce |
| Mozzarella di Giovanni           |          3 | Agents    |
| Mozzarella di Giovanni           |          2 | Retail    |
| Mozzarella di Giovanni           |          1 | Wholesale |
| Rd Kaviar                        |          4 | eCommerce |
| Rd Kaviar                        |          3 | Agents    |
| Rd Kaviar                        |          2 | Retail    |
| Rd Kaviar                        |          1 | Wholesale |
| Longlife Tofu                    |          4 | eCommerce |
| Longlife Tofu                    |          3 | Agents    |
| Longlife Tofu                    |          2 | Retail    |
| Longlife Tofu                    |          1 | Wholesale |
| Rhnbru Klosterbier               |          4 | eCommerce |
| Rhnbru Klosterbier               |          3 | Agents    |
| Rhnbru Klosterbier               |          2 | Retail    |
| Rhnbru Klosterbier               |          1 | Wholesale |
| Lakkalikri                       |          4 | eCommerce |
| Lakkalikri                       |          3 | Agents    |
| Lakkalikri                       |          2 | Retail    |
| Lakkalikri                       |          1 | Wholesale |
| Original Frankfurter grne Soe    |          4 | eCommerce |
| Original Frankfurter grne Soe    |          3 | Agents    |
| Original Frankfurter grne Soe    |          2 | Retail    |
| Original Frankfurter grne Soe    |          1 | Wholesale |
+----------------------------------+------------+-----------+
308 rows in set (0.00 sec)

mysql> select productname, sales_channel.* from products cross join sales_channel;
+----------------------------------+------------+-----------+
| productname                      | channel_id | channel   |
+----------------------------------+------------+-----------+
| Chai                             |          4 | eCommerce |
| Chai                             |          3 | Agents    |
| Chai                             |          2 | Retail    |
| Chai                             |          1 | Wholesale |
| Chang                            |          4 | eCommerce |
| Chang                            |          3 | Agents    |
| Chang                            |          2 | Retail    |
| Chang                            |          1 | Wholesale |
| Aniseed Syrup                    |          4 | eCommerce |
| Aniseed Syrup                    |          3 | Agents    |
| Aniseed Syrup                    |          2 | Retail    |
| Aniseed Syrup                    |          1 | Wholesale |
| Chef Anton's Cajun Seasoning     |          4 | eCommerce |
| Chef Anton's Cajun Seasoning     |          3 | Agents    |
| Chef Anton's Cajun Seasoning     |          2 | Retail    |
| Chef Anton's Cajun Seasoning     |          1 | Wholesale |
| Chef Anton's Gumbo Mix           |          4 | eCommerce |
| Chef Anton's Gumbo Mix           |          3 | Agents    |
| Chef Anton's Gumbo Mix           |          2 | Retail    |
| Chef Anton's Gumbo Mix           |          1 | Wholesale |
| Grandma's Boysenberry Spread     |          4 | eCommerce |
| Grandma's Boysenberry Spread     |          3 | Agents    |
| Grandma's Boysenberry Spread     |          2 | Retail    |
| Grandma's Boysenberry Spread     |          1 | Wholesale |
| Uncle Bob's Organic Dried Pears  |          4 | eCommerce |
| Uncle Bob's Organic Dried Pears  |          3 | Agents    |
| Uncle Bob's Organic Dried Pears  |          2 | Retail    |
| Uncle Bob's Organic Dried Pears  |          1 | Wholesale |
| Northwoods Cranberry Sauce       |          4 | eCommerce |
| Northwoods Cranberry Sauce       |          3 | Agents    |
| Northwoods Cranberry Sauce       |          2 | Retail    |
| Northwoods Cranberry Sauce       |          1 | Wholesale |
| Mishi Kobe Niku                  |          4 | eCommerce |
| Mishi Kobe Niku                  |          3 | Agents    |
| Mishi Kobe Niku                  |          2 | Retail    |
| Mishi Kobe Niku                  |          1 | Wholesale |
| Ikura                            |          4 | eCommerce |
| Ikura                            |          3 | Agents    |
| Ikura                            |          2 | Retail    |
| Ikura                            |          1 | Wholesale |
| Queso Cabrales                   |          4 | eCommerce |
| Queso Cabrales                   |          3 | Agents    |
| Queso Cabrales                   |          2 | Retail    |
| Queso Cabrales                   |          1 | Wholesale |
| Queso Manchego La Pastora        |          4 | eCommerce |
| Queso Manchego La Pastora        |          3 | Agents    |
| Queso Manchego La Pastora        |          2 | Retail    |
| Queso Manchego La Pastora        |          1 | Wholesale |
| Konbu                            |          4 | eCommerce |
| Konbu                            |          3 | Agents    |
| Konbu                            |          2 | Retail    |
| Konbu                            |          1 | Wholesale |
| Tofu                             |          4 | eCommerce |
| Tofu                             |          3 | Agents    |
| Tofu                             |          2 | Retail    |
| Tofu                             |          1 | Wholesale |
| Genen Shouyu                     |          4 | eCommerce |
| Genen Shouyu                     |          3 | Agents    |
| Genen Shouyu                     |          2 | Retail    |
| Genen Shouyu                     |          1 | Wholesale |
| Pavlova                          |          4 | eCommerce |
| Pavlova                          |          3 | Agents    |
| Pavlova                          |          2 | Retail    |
| Pavlova                          |          1 | Wholesale |
| Alice Mutton                     |          4 | eCommerce |
| Alice Mutton                     |          3 | Agents    |
| Alice Mutton                     |          2 | Retail    |
| Alice Mutton                     |          1 | Wholesale |
| Carnarvon Tigers                 |          4 | eCommerce |
| Carnarvon Tigers                 |          3 | Agents    |
| Carnarvon Tigers                 |          2 | Retail    |
| Carnarvon Tigers                 |          1 | Wholesale |
| Teatime Chocolate Biscuits       |          4 | eCommerce |
| Teatime Chocolate Biscuits       |          3 | Agents    |
| Teatime Chocolate Biscuits       |          2 | Retail    |
| Teatime Chocolate Biscuits       |          1 | Wholesale |
| Sir Rodney's Marmalade           |          4 | eCommerce |
| Sir Rodney's Marmalade           |          3 | Agents    |
| Sir Rodney's Marmalade           |          2 | Retail    |
| Sir Rodney's Marmalade           |          1 | Wholesale |
| Sir Rodney's Scones              |          4 | eCommerce |
| Sir Rodney's Scones              |          3 | Agents    |
| Sir Rodney's Scones              |          2 | Retail    |
| Sir Rodney's Scones              |          1 | Wholesale |
| Gustaf's Knckebrd                |          4 | eCommerce |
| Gustaf's Knckebrd                |          3 | Agents    |
| Gustaf's Knckebrd                |          2 | Retail    |
| Gustaf's Knckebrd                |          1 | Wholesale |
| Tunnbrd                          |          4 | eCommerce |
| Tunnbrd                          |          3 | Agents    |
| Tunnbrd                          |          2 | Retail    |
| Tunnbrd                          |          1 | Wholesale |
| Guaran Fantstica                 |          4 | eCommerce |
| Guaran Fantstica                 |          3 | Agents    |
| Guaran Fantstica                 |          2 | Retail    |
| Guaran Fantstica                 |          1 | Wholesale |
| NuNuCa Nu-Nougat-Creme           |          4 | eCommerce |
| NuNuCa Nu-Nougat-Creme           |          3 | Agents    |
| NuNuCa Nu-Nougat-Creme           |          2 | Retail    |
| NuNuCa Nu-Nougat-Creme           |          1 | Wholesale |
| Gumbr Gummibrchen                |          4 | eCommerce |
| Gumbr Gummibrchen                |          3 | Agents    |
| Gumbr Gummibrchen                |          2 | Retail    |
| Gumbr Gummibrchen                |          1 | Wholesale |
| Schoggi Schokolade               |          4 | eCommerce |
| Schoggi Schokolade               |          3 | Agents    |
| Schoggi Schokolade               |          2 | Retail    |
| Schoggi Schokolade               |          1 | Wholesale |
| Rssle Sauerkraut                 |          4 | eCommerce |
| Rssle Sauerkraut                 |          3 | Agents    |
| Rssle Sauerkraut                 |          2 | Retail    |
| Rssle Sauerkraut                 |          1 | Wholesale |
| Thringer Rostbratwurst           |          4 | eCommerce |
| Thringer Rostbratwurst           |          3 | Agents    |
| Thringer Rostbratwurst           |          2 | Retail    |
| Thringer Rostbratwurst           |          1 | Wholesale |
| Nord-Ost Matjeshering            |          4 | eCommerce |
| Nord-Ost Matjeshering            |          3 | Agents    |
| Nord-Ost Matjeshering            |          2 | Retail    |
| Nord-Ost Matjeshering            |          1 | Wholesale |
| Gorgonzola Telino                |          4 | eCommerce |
| Gorgonzola Telino                |          3 | Agents    |
| Gorgonzola Telino                |          2 | Retail    |
| Gorgonzola Telino                |          1 | Wholesale |
| Mascarpone Fabioli               |          4 | eCommerce |
| Mascarpone Fabioli               |          3 | Agents    |
| Mascarpone Fabioli               |          2 | Retail    |
| Mascarpone Fabioli               |          1 | Wholesale |
| Geitost                          |          4 | eCommerce |
| Geitost                          |          3 | Agents    |
| Geitost                          |          2 | Retail    |
| Geitost                          |          1 | Wholesale |
| Sasquatch Ale                    |          4 | eCommerce |
| Sasquatch Ale                    |          3 | Agents    |
| Sasquatch Ale                    |          2 | Retail    |
| Sasquatch Ale                    |          1 | Wholesale |
| Steeleye Stout                   |          4 | eCommerce |
| Steeleye Stout                   |          3 | Agents    |
| Steeleye Stout                   |          2 | Retail    |
| Steeleye Stout                   |          1 | Wholesale |
| Inlagd Sill                      |          4 | eCommerce |
| Inlagd Sill                      |          3 | Agents    |
| Inlagd Sill                      |          2 | Retail    |
| Inlagd Sill                      |          1 | Wholesale |
| Gravad lax                       |          4 | eCommerce |
| Gravad lax                       |          3 | Agents    |
| Gravad lax                       |          2 | Retail    |
| Gravad lax                       |          1 | Wholesale |
| Cte de Blaye                     |          4 | eCommerce |
| Cte de Blaye                     |          3 | Agents    |
| Cte de Blaye                     |          2 | Retail    |
| Cte de Blaye                     |          1 | Wholesale |
| Chartreuse verte                 |          4 | eCommerce |
| Chartreuse verte                 |          3 | Agents    |
| Chartreuse verte                 |          2 | Retail    |
| Chartreuse verte                 |          1 | Wholesale |
| Boston Crab Meat                 |          4 | eCommerce |
| Boston Crab Meat                 |          3 | Agents    |
| Boston Crab Meat                 |          2 | Retail    |
| Boston Crab Meat                 |          1 | Wholesale |
| Jack's New England Clam Chowder  |          4 | eCommerce |
| Jack's New England Clam Chowder  |          3 | Agents    |
| Jack's New England Clam Chowder  |          2 | Retail    |
| Jack's New England Clam Chowder  |          1 | Wholesale |
| Singaporean Hokkien Fried Mee    |          4 | eCommerce |
| Singaporean Hokkien Fried Mee    |          3 | Agents    |
| Singaporean Hokkien Fried Mee    |          2 | Retail    |
| Singaporean Hokkien Fried Mee    |          1 | Wholesale |
| Ipoh Coffee                      |          4 | eCommerce |
| Ipoh Coffee                      |          3 | Agents    |
| Ipoh Coffee                      |          2 | Retail    |
| Ipoh Coffee                      |          1 | Wholesale |
| Gula Malacca                     |          4 | eCommerce |
| Gula Malacca                     |          3 | Agents    |
| Gula Malacca                     |          2 | Retail    |
| Gula Malacca                     |          1 | Wholesale |
| Rogede sild                      |          4 | eCommerce |
| Rogede sild                      |          3 | Agents    |
| Rogede sild                      |          2 | Retail    |
| Rogede sild                      |          1 | Wholesale |
| Spegesild                        |          4 | eCommerce |
| Spegesild                        |          3 | Agents    |
| Spegesild                        |          2 | Retail    |
| Spegesild                        |          1 | Wholesale |
| Zaanse koeken                    |          4 | eCommerce |
| Zaanse koeken                    |          3 | Agents    |
| Zaanse koeken                    |          2 | Retail    |
| Zaanse koeken                    |          1 | Wholesale |
| Chocolade                        |          4 | eCommerce |
| Chocolade                        |          3 | Agents    |
| Chocolade                        |          2 | Retail    |
| Chocolade                        |          1 | Wholesale |
| Maxilaku                         |          4 | eCommerce |
| Maxilaku                         |          3 | Agents    |
| Maxilaku                         |          2 | Retail    |
| Maxilaku                         |          1 | Wholesale |
| Valkoinen suklaa                 |          4 | eCommerce |
| Valkoinen suklaa                 |          3 | Agents    |
| Valkoinen suklaa                 |          2 | Retail    |
| Valkoinen suklaa                 |          1 | Wholesale |
| Manjimup Dried Apples            |          4 | eCommerce |
| Manjimup Dried Apples            |          3 | Agents    |
| Manjimup Dried Apples            |          2 | Retail    |
| Manjimup Dried Apples            |          1 | Wholesale |
| Filo Mix                         |          4 | eCommerce |
| Filo Mix                         |          3 | Agents    |
| Filo Mix                         |          2 | Retail    |
| Filo Mix                         |          1 | Wholesale |
| Perth Pasties                    |          4 | eCommerce |
| Perth Pasties                    |          3 | Agents    |
| Perth Pasties                    |          2 | Retail    |
| Perth Pasties                    |          1 | Wholesale |
| Tourtire                         |          4 | eCommerce |
| Tourtire                         |          3 | Agents    |
| Tourtire                         |          2 | Retail    |
| Tourtire                         |          1 | Wholesale |
| Pt chinois                       |          4 | eCommerce |
| Pt chinois                       |          3 | Agents    |
| Pt chinois                       |          2 | Retail    |
| Pt chinois                       |          1 | Wholesale |
| Gnocchi di nonna Alice           |          4 | eCommerce |
| Gnocchi di nonna Alice           |          3 | Agents    |
| Gnocchi di nonna Alice           |          2 | Retail    |
| Gnocchi di nonna Alice           |          1 | Wholesale |
| Ravioli Angelo                   |          4 | eCommerce |
| Ravioli Angelo                   |          3 | Agents    |
| Ravioli Angelo                   |          2 | Retail    |
| Ravioli Angelo                   |          1 | Wholesale |
| Escargots de Bourgogne           |          4 | eCommerce |
| Escargots de Bourgogne           |          3 | Agents    |
| Escargots de Bourgogne           |          2 | Retail    |
| Escargots de Bourgogne           |          1 | Wholesale |
| Raclette Courdavault             |          4 | eCommerce |
| Raclette Courdavault             |          3 | Agents    |
| Raclette Courdavault             |          2 | Retail    |
| Raclette Courdavault             |          1 | Wholesale |
| Camembert Pierrot                |          4 | eCommerce |
| Camembert Pierrot                |          3 | Agents    |
| Camembert Pierrot                |          2 | Retail    |
| Camembert Pierrot                |          1 | Wholesale |
| Sirop d'rable                    |          4 | eCommerce |
| Sirop d'rable                    |          3 | Agents    |
| Sirop d'rable                    |          2 | Retail    |
| Sirop d'rable                    |          1 | Wholesale |
| Tarte au sucre                   |          4 | eCommerce |
| Tarte au sucre                   |          3 | Agents    |
| Tarte au sucre                   |          2 | Retail    |
| Tarte au sucre                   |          1 | Wholesale |
| Vegie-spread                     |          4 | eCommerce |
| Vegie-spread                     |          3 | Agents    |
| Vegie-spread                     |          2 | Retail    |
| Vegie-spread                     |          1 | Wholesale |
| Wimmers gute Semmelkndel         |          4 | eCommerce |
| Wimmers gute Semmelkndel         |          3 | Agents    |
| Wimmers gute Semmelkndel         |          2 | Retail    |
| Wimmers gute Semmelkndel         |          1 | Wholesale |
| Louisiana Fiery Hot Pepper Sauce |          4 | eCommerce |
| Louisiana Fiery Hot Pepper Sauce |          3 | Agents    |
| Louisiana Fiery Hot Pepper Sauce |          2 | Retail    |
| Louisiana Fiery Hot Pepper Sauce |          1 | Wholesale |
| Louisiana Hot Spiced Okra        |          4 | eCommerce |
| Louisiana Hot Spiced Okra        |          3 | Agents    |
| Louisiana Hot Spiced Okra        |          2 | Retail    |
| Louisiana Hot Spiced Okra        |          1 | Wholesale |
| Laughing Lumberjack Lager        |          4 | eCommerce |
| Laughing Lumberjack Lager        |          3 | Agents    |
| Laughing Lumberjack Lager        |          2 | Retail    |
| Laughing Lumberjack Lager        |          1 | Wholesale |
| Scottish Longbreads              |          4 | eCommerce |
| Scottish Longbreads              |          3 | Agents    |
| Scottish Longbreads              |          2 | Retail    |
| Scottish Longbreads              |          1 | Wholesale |
| Gudbrandsdalsost                 |          4 | eCommerce |
| Gudbrandsdalsost                 |          3 | Agents    |
| Gudbrandsdalsost                 |          2 | Retail    |
| Gudbrandsdalsost                 |          1 | Wholesale |
| Outback Lager                    |          4 | eCommerce |
| Outback Lager                    |          3 | Agents    |
| Outback Lager                    |          2 | Retail    |
| Outback Lager                    |          1 | Wholesale |
| Flotemysost                      |          4 | eCommerce |
| Flotemysost                      |          3 | Agents    |
| Flotemysost                      |          2 | Retail    |
| Flotemysost                      |          1 | Wholesale |
| Mozzarella di Giovanni           |          4 | eCommerce |
| Mozzarella di Giovanni           |          3 | Agents    |
| Mozzarella di Giovanni           |          2 | Retail    |
| Mozzarella di Giovanni           |          1 | Wholesale |
| Rd Kaviar                        |          4 | eCommerce |
| Rd Kaviar                        |          3 | Agents    |
| Rd Kaviar                        |          2 | Retail    |
| Rd Kaviar                        |          1 | Wholesale |
| Longlife Tofu                    |          4 | eCommerce |
| Longlife Tofu                    |          3 | Agents    |
| Longlife Tofu                    |          2 | Retail    |
| Longlife Tofu                    |          1 | Wholesale |
| Rhnbru Klosterbier               |          4 | eCommerce |
| Rhnbru Klosterbier               |          3 | Agents    |
| Rhnbru Klosterbier               |          2 | Retail    |
| Rhnbru Klosterbier               |          1 | Wholesale |
| Lakkalikri                       |          4 | eCommerce |
| Lakkalikri                       |          3 | Agents    |
| Lakkalikri                       |          2 | Retail    |
| Lakkalikri                       |          1 | Wholesale |
| Original Frankfurter grne Soe    |          4 | eCommerce |
| Original Frankfurter grne Soe    |          3 | Agents    |
| Original Frankfurter grne Soe    |          2 | Retail    |
| Original Frankfurter grne Soe    |          1 | Wholesale |
+----------------------------------+------------+-----------+
308 rows in set (0.00 sec)

mysql>