Microsoft Windows [Version 10.0.17763.2928]
(c) 2018 Microsoft Corporation. All rights reserved.

C:\Users\faculty>mysql --host=localhost --port=306 --user=root --password=root db1
mysql: [Warning] Using a password on the command line interface can be insecure.
ERROR 2003 (HY000): Can't connect to MySQL server on 'localhost:306' (10061)

C:\Users\faculty>mysql --host=localhost --port=3306 --user=root --password=root db1
mysql: [Warning] Using a password on the command line interface can be insecure.
Welcome to the MySQL monitor.  Commands end with ; or \g.
Your MySQL connection id is 13
Server version: 8.0.29 MySQL Community Server - GPL

Copyright (c) 2000, 2022, Oracle and/or its affiliates.

Oracle is a registered trademark of Oracle Corporation and/or its
affiliates. Other names may be trademarks of their respective
owners.

Type 'help;' or '\h' for help. Type '\c' to clear the current input statement.

mysql> select deptno from emp where ename='king';
+--------+
| deptno |
+--------+
|     10 |
+--------+
1 row in set (0.01 sec)

mysql> table emp order by deptno;
+-------+----------+--------+---------------------+------+------------+------+------+--------+---------+--------------+------------+------------+----------+
| EMPNO | ENAME    | GENDER | JOB                 | MGR  | HIREDATE   | SAL  | COMM | DEPTNO | BONUSID | USER NAME    | PWD        | PHONE      | isActive |
+-------+----------+--------+---------------------+------+------------+------+------+--------+---------+--------------+------------+------------+----------+
|  7415 | AARAV    | M      | CLERK               | 7902 | 1981-12-31 | 3350 | NULL |     10 |    NULL | AARAV        | NULL       | 7032300084 |        0 |
|  7421 | THOMAS   | M      | CLERK               | 7920 | 1981-07-19 | 1750 | NULL |     10 |       1 | THOMAS       | r50mpm     | 7032300011 |        0 |
|  7782 | CLARK    | M      | MANAGER             | 7839 | 1981-06-09 | 2450 | NULL |     10 |       3 | CLARK        | r50mpm     | 7032300001 |        1 |
|  7839 | KING     | M      | PRESIDENT           | NULL | 1981-11-17 | 5000 | NULL |     10 |       1 | KING         | r50mpm     | 7132300081 |        1 |
|  7934 | MILLER   | M      | CLERK               | 7782 | 1982-01-23 | 1300 | NULL |     10 |       2 | QUARTERNOTE  | r50mpm     | 7132300055 |        0 |
|  6473 | SHARMIN  | F      | Public Relation     | 7920 | 1981-07-19 | 1750 | NULL |     20 |       1 | SHARMIN      | a12recmpm  | NULL       |        1 |
|  6781 | BANDISH  | F      | Public Relation     | 7920 | 1981-07-19 | 1750 | NULL |     20 |       1 | BANDISH      | a12recmpm  | NULL       |        1 |
|  7369 | SMITH    | M      | CLERK               | 7902 | 1980-12-17 |  800 | NULL |     20 |       2 | TRITONE      | a12recmpm  | 7032300023 |        0 |
|  7566 | JONES    | M      | MANAGER             | 7839 | 1981-04-02 | 2975 | NULL |     20 |       4 | HONEYCOMB    | a12recmpm  | 7132300039 |        1 |
|  7788 | SCOTT    | M      | ANALYST             | 7566 | 1982-12-09 | 3000 | NULL |     20 |       3 | WHITE SAND   | a12recmpm  | NULL       |        1 |
|  7840 | FRED     | M      | vice PRESIDENT      | 7839 | 1983-08-09 | 5000 | NULL |     20 |       1 | SAND STONE   | a12recmpm  | NULL       |        1 |
|  7876 | ADAMS    | M      | CLERK               | 7788 | 1983-01-12 | 1100 | NULL |     20 |       1 | CRAZY ANYONE | a12recmpm  | 7132300086 |        1 |
|  7902 | zzz      | M      | ANALYST             | 7566 | 1981-12-03 | 3000 | NULL |     20 |       4 | CONBRIO      | a12recmpm  | NULL       |        0 |
|  6001 | GITA     | F      | Compliance officers | 7920 | 1981-07-19 | 1750 | NULL |     30 |       1 | GITA         | sales@2017 | NULL       |        1 |
|  7499 | ALLEN    | M      | SALESMAN            | 7698 | 1981-02-20 | 1600 |  300 |     30 |       4 | ALWAYS TESTE | sales@2017 | 7032300096 |        1 |
|  7521 | WARD     | M      | SALESMAN            | 7698 | 1981-02-22 | 1250 |  500 |     30 |       1 | WARD         | sales@2017 | 7132300034 |        1 |
|  7654 | MARTIN   | M      | SALESMAN            | 7698 | 1981-09-28 | 1250 | 1400 |     30 |       6 | LIFE RACER   | sales@2017 | 7132300050 |        1 |
|  7698 | BLAKE    | M      | MANAGER             | 7839 | 1981-05-01 | 2850 | NULL |     30 |       1 | BIG BEN      | sales@2017 | 7132300027 |        1 |
|  7844 | TURNER   | M      | SALESMAN            | 7698 | 1981-09-08 | 1500 |    0 |     30 |       5 | SAND DUST    | sales@2017 | NULL       |        1 |
|  7900 | JAMES    | M      | CLERK               | 7698 | 1981-12-03 |  950 | NULL |     30 |       2 | CRAZY LEADER | sales@2017 | 7132300042 |        1 |
|  7919 | HOFFMAN  | M      | MANAGER             | 7566 | 1982-03-24 | 4150 | NULL |     30 |       3 | INTERVAL     | sales@2017 | NULL       |        1 |
|  7920 | GRASS    | M      | SALESMAN            | 7919 | 1980-02-14 | 2575 | 2700 |     30 |       5 | GRASS        | sales@2017 | NULL       |        1 |
|  7945 | AARUSH   | M      | SALESMAN            | 7902 | 1980-02-14 | 1350 | 2700 |     30 |    NULL | AARUSH       | ABCDEF     | NULL       |        0 |
|  7949 | ALEX     | M      | MANAGER             | 7698 | 1982-01-24 | 1250 |  500 |     30 |       5 | QUARTERREST  | sales@2017 | 7156567183 |        1 |
|  8433 | NATASHA  | F      | CLERK               | 7920 | 1981-07-19 | 1750 | NULL |     30 |       1 | NATASHA      | sales@2017 | NULL       |        1 |
|  6129 | VRUSHALI | F      | Compliance officers | 7920 | 1981-07-19 | 1750 | NULL |     50 |       1 | VRUSHALI     | PUN@8877   | NULL       |        1 |
|  9400 | SANGITA  | F      | Compliance officers | 7920 | 1981-07-19 | 1750 | NULL |     50 |       1 | SANGITA      | NULL       | NULL       |        1 |
|  9473 | SUPRIYA  | F      | ANALYST             | 7920 | 1981-07-19 | 1750 | NULL |     50 |       1 | SUPRIYA      | XYZ@1234   | NULL       |        1 |
+-------+----------+--------+---------------------+------+------------+------+------+--------+---------+--------------+------------+------------+----------+
28 rows in set (0.00 sec)

mysql> select * from emp where deptno = (select deptno from emp where ename='king');
+-------+--------+--------+-----------+------+------------+------+------+--------+---------+-------------+--------+------------+----------+
| EMPNO | ENAME  | GENDER | JOB       | MGR  | HIREDATE   | SAL  | COMM | DEPTNO | BONUSID | USER NAME   | PWD    | PHONE      | isActive |
+-------+--------+--------+-----------+------+------------+------+------+--------+---------+-------------+--------+------------+----------+
|  7415 | AARAV  | M      | CLERK     | 7902 | 1981-12-31 | 3350 | NULL |     10 |    NULL | AARAV       | NULL   | 7032300084 |        0 |
|  7421 | THOMAS | M      | CLERK     | 7920 | 1981-07-19 | 1750 | NULL |     10 |       1 | THOMAS      | r50mpm | 7032300011 |        0 |
|  7782 | CLARK  | M      | MANAGER   | 7839 | 1981-06-09 | 2450 | NULL |     10 |       3 | CLARK       | r50mpm | 7032300001 |        1 |
|  7839 | KING   | M      | PRESIDENT | NULL | 1981-11-17 | 5000 | NULL |     10 |       1 | KING        | r50mpm | 7132300081 |        1 |
|  7934 | MILLER | M      | CLERK     | 7782 | 1982-01-23 | 1300 | NULL |     10 |       2 | QUARTERNOTE | r50mpm | 7132300055 |        0 |
+-------+--------+--------+-----------+------+------------+------+------+--------+---------+-------------+--------+------------+----------+
5 rows in set (0.00 sec)

mysql> select * from emp where deptno = (select deptno from emp where ename='king') and ename<>'king';
+-------+--------+--------+---------+------+------------+------+------+--------+---------+-------------+--------+------------+----------+
| EMPNO | ENAME  | GENDER | JOB     | MGR  | HIREDATE   | SAL  | COMM | DEPTNO | BONUSID | USER NAME   | PWD    | PHONE      | isActive |
+-------+--------+--------+---------+------+------------+------+------+--------+---------+-------------+--------+------------+----------+
|  7415 | AARAV  | M      | CLERK   | 7902 | 1981-12-31 | 3350 | NULL |     10 |    NULL | AARAV       | NULL   | 7032300084 |        0 |
|  7421 | THOMAS | M      | CLERK   | 7920 | 1981-07-19 | 1750 | NULL |     10 |       1 | THOMAS      | r50mpm | 7032300011 |        0 |
|  7782 | CLARK  | M      | MANAGER | 7839 | 1981-06-09 | 2450 | NULL |     10 |       3 | CLARK       | r50mpm | 7032300001 |        1 |
|  7934 | MILLER | M      | CLERK   | 7782 | 1982-01-23 | 1300 | NULL |     10 |       2 | QUARTERNOTE | r50mpm | 7132300055 |        0 |
+-------+--------+--------+---------+------+------------+------+------+--------+---------+-------------+--------+------------+----------+
4 rows in set (0.00 sec)

mysql> select * from emp where deptno = (select deptno from emp where ename='king') and ename<>'king' and sal >2000;
+-------+-------+--------+---------+------+------------+------+------+--------+---------+-----------+--------+------------+----------+
| EMPNO | ENAME | GENDER | JOB     | MGR  | HIREDATE   | SAL  | COMM | DEPTNO | BONUSID | USER NAME | PWD    | PHONE      | isActive |
+-------+-------+--------+---------+------+------------+------+------+--------+---------+-----------+--------+------------+----------+
|  7415 | AARAV | M      | CLERK   | 7902 | 1981-12-31 | 3350 | NULL |     10 |    NULL | AARAV     | NULL   | 7032300084 |        0 |
|  7782 | CLARK | M      | MANAGER | 7839 | 1981-06-09 | 2450 | NULL |     10 |       3 | CLARK     | r50mpm | 7032300001 |        1 |
+-------+-------+--------+---------+------+------------+------+------+--------+---------+-----------+--------+------------+----------+
2 rows in set (0.00 sec)

mysql> desc dept;
+-----------+-------------+------+-----+---------+-------+
| Field     | Type        | Null | Key | Default | Extra |
+-----------+-------------+------+-----+---------+-------+
| DEPTNO    | int         | NO   | PRI | NULL    |       |
| DNAME     | varchar(12) | YES  |     | NULL    |       |
| LOC       | varchar(10) | YES  |     | NULL    |       |
| PWD       | varchar(20) | YES  |     | NULL    |       |
| STARTEDON | varchar(10) | YES  |     | NULL    |       |
+-----------+-------------+------+-----+---------+-------+
5 rows in set (0.01 sec)

mysql> desc emp;
+-----------+-------------+------+-----+---------+-------+
| Field     | Type        | Null | Key | Default | Extra |
+-----------+-------------+------+-----+---------+-------+
| EMPNO     | int         | NO   | PRI | NULL    |       |
| ENAME     | varchar(12) | YES  |     | NULL    |       |
| GENDER    | char(1)     | YES  |     | NULL    |       |
| JOB       | varchar(20) | YES  |     | NULL    |       |
| MGR       | int         | YES  | MUL | NULL    |       |
| HIREDATE  | date        | YES  |     | NULL    |       |
| SAL       | int         | YES  |     | NULL    |       |
| COMM      | int         | YES  |     | NULL    |       |
| DEPTNO    | int         | NO   | MUL | NULL    |       |
| BONUSID   | int         | YES  |     | NULL    |       |
| USER NAME | varchar(20) | YES  |     | NULL    |       |
| PWD       | varchar(20) | YES  |     | NULL    |       |
| PHONE     | varchar(45) | YES  |     | NULL    |       |
| isActive  | tinyint(1)  | YES  |     | NULL    |       |
+-----------+-------------+------+-----+---------+-------+
14 rows in set (0.00 sec)

mysql> select * from dept;
+--------+------------+----------+------------+------------+
| DEPTNO | DNAME      | LOC      | PWD        | STARTEDON  |
+--------+------------+----------+------------+------------+
|     10 | ACCOUNTING | NEW YORK | r50mpm     | 24/03/1989 |
|     20 | RESEARCH   | DALLAS   | a12recmpm  | 12/04/1989 |
|     30 | SALES      | CHICAGO  | sales@2017 | 13/04/1989 |
|     40 | OPERATIONS | BOSTON   | opr@123    | 12/07/1989 |
|     50 | HR         | PUNE     | PUN@8877   | 22/12/1989 |
+--------+------------+----------+------------+------------+
5 rows in set (0.00 sec)

mysql> select * from emp;
+-------+----------+--------+---------------------+------+------------+------+------+--------+---------+--------------+------------+------------+----------+
| EMPNO | ENAME    | GENDER | JOB                 | MGR  | HIREDATE   | SAL  | COMM | DEPTNO | BONUSID | USER NAME    | PWD        | PHONE      | isActive |
+-------+----------+--------+---------------------+------+------------+------+------+--------+---------+--------------+------------+------------+----------+
|  6001 | GITA     | F      | Compliance officers | 7920 | 1981-07-19 | 1750 | NULL |     30 |       1 | GITA         | sales@2017 | NULL       |        1 |
|  6129 | VRUSHALI | F      | Compliance officers | 7920 | 1981-07-19 | 1750 | NULL |     50 |       1 | VRUSHALI     | PUN@8877   | NULL       |        1 |
|  6473 | SHARMIN  | F      | Public Relation     | 7920 | 1981-07-19 | 1750 | NULL |     20 |       1 | SHARMIN      | a12recmpm  | NULL       |        1 |
|  6781 | BANDISH  | F      | Public Relation     | 7920 | 1981-07-19 | 1750 | NULL |     20 |       1 | BANDISH      | a12recmpm  | NULL       |        1 |
|  7369 | SMITH    | M      | CLERK               | 7902 | 1980-12-17 |  800 | NULL |     20 |       2 | TRITONE      | a12recmpm  | 7032300023 |        0 |
|  7415 | AARAV    | M      | CLERK               | 7902 | 1981-12-31 | 3350 | NULL |     10 |    NULL | AARAV        | NULL       | 7032300084 |        0 |
|  7421 | THOMAS   | M      | CLERK               | 7920 | 1981-07-19 | 1750 | NULL |     10 |       1 | THOMAS       | r50mpm     | 7032300011 |        0 |
|  7499 | ALLEN    | M      | SALESMAN            | 7698 | 1981-02-20 | 1600 |  300 |     30 |       4 | ALWAYS TESTE | sales@2017 | 7032300096 |        1 |
|  7521 | WARD     | M      | SALESMAN            | 7698 | 1981-02-22 | 1250 |  500 |     30 |       1 | WARD         | sales@2017 | 7132300034 |        1 |
|  7566 | JONES    | M      | MANAGER             | 7839 | 1981-04-02 | 2975 | NULL |     20 |       4 | HONEYCOMB    | a12recmpm  | 7132300039 |        1 |
|  7654 | MARTIN   | M      | SALESMAN            | 7698 | 1981-09-28 | 1250 | 1400 |     30 |       6 | LIFE RACER   | sales@2017 | 7132300050 |        1 |
|  7698 | BLAKE    | M      | MANAGER             | 7839 | 1981-05-01 | 2850 | NULL |     30 |       1 | BIG BEN      | sales@2017 | 7132300027 |        1 |
|  7782 | CLARK    | M      | MANAGER             | 7839 | 1981-06-09 | 2450 | NULL |     10 |       3 | CLARK        | r50mpm     | 7032300001 |        1 |
|  7788 | SCOTT    | M      | ANALYST             | 7566 | 1982-12-09 | 3000 | NULL |     20 |       3 | WHITE SAND   | a12recmpm  | NULL       |        1 |
|  7839 | KING     | M      | PRESIDENT           | NULL | 1981-11-17 | 5000 | NULL |     10 |       1 | KING         | r50mpm     | 7132300081 |        1 |
|  7840 | FRED     | M      | vice PRESIDENT      | 7839 | 1983-08-09 | 5000 | NULL |     20 |       1 | SAND STONE   | a12recmpm  | NULL       |        1 |
|  7844 | TURNER   | M      | SALESMAN            | 7698 | 1981-09-08 | 1500 |    0 |     30 |       5 | SAND DUST    | sales@2017 | NULL       |        1 |
|  7876 | ADAMS    | M      | CLERK               | 7788 | 1983-01-12 | 1100 | NULL |     20 |       1 | CRAZY ANYONE | a12recmpm  | 7132300086 |        1 |
|  7900 | JAMES    | M      | CLERK               | 7698 | 1981-12-03 |  950 | NULL |     30 |       2 | CRAZY LEADER | sales@2017 | 7132300042 |        1 |
|  7902 | zzz      | M      | ANALYST             | 7566 | 1981-12-03 | 3000 | NULL |     20 |       4 | CONBRIO      | a12recmpm  | NULL       |        0 |
|  7919 | HOFFMAN  | M      | MANAGER             | 7566 | 1982-03-24 | 4150 | NULL |     30 |       3 | INTERVAL     | sales@2017 | NULL       |        1 |
|  7920 | GRASS    | M      | SALESMAN            | 7919 | 1980-02-14 | 2575 | 2700 |     30 |       5 | GRASS        | sales@2017 | NULL       |        1 |
|  7934 | MILLER   | M      | CLERK               | 7782 | 1982-01-23 | 1300 | NULL |     10 |       2 | QUARTERNOTE  | r50mpm     | 7132300055 |        0 |
|  7945 | AARUSH   | M      | SALESMAN            | 7902 | 1980-02-14 | 1350 | 2700 |     30 |    NULL | AARUSH       | ABCDEF     | NULL       |        0 |
|  7949 | ALEX     | M      | MANAGER             | 7698 | 1982-01-24 | 1250 |  500 |     30 |       5 | QUARTERREST  | sales@2017 | 7156567183 |        1 |
|  8433 | NATASHA  | F      | CLERK               | 7920 | 1981-07-19 | 1750 | NULL |     30 |       1 | NATASHA      | sales@2017 | NULL       |        1 |
|  9400 | SANGITA  | F      | Compliance officers | 7920 | 1981-07-19 | 1750 | NULL |     50 |       1 | SANGITA      | NULL       | NULL       |        1 |
|  9473 | SUPRIYA  | F      | ANALYST             | 7920 | 1981-07-19 | 1750 | NULL |     50 |       1 | SUPRIYA      | XYZ@1234   | NULL       |        1 |
+-------+----------+--------+---------------------+------+------------+------+------+--------+---------+--------------+------------+------------+----------+
28 rows in set (0.00 sec)

mysql> select  ename, dname from emp, dept where emp.deptno = dept.deptno;
+----------+------------+
| ename    | dname      |
+----------+------------+
| AARAV    | ACCOUNTING |
| THOMAS   | ACCOUNTING |
| CLARK    | ACCOUNTING |
| KING     | ACCOUNTING |
| MILLER   | ACCOUNTING |
| SHARMIN  | RESEARCH   |
| BANDISH  | RESEARCH   |
| SMITH    | RESEARCH   |
| JONES    | RESEARCH   |
| SCOTT    | RESEARCH   |
| FRED     | RESEARCH   |
| ADAMS    | RESEARCH   |
| zzz      | RESEARCH   |
| GITA     | SALES      |
| ALLEN    | SALES      |
| WARD     | SALES      |
| MARTIN   | SALES      |
| BLAKE    | SALES      |
| TURNER   | SALES      |
| JAMES    | SALES      |
| HOFFMAN  | SALES      |
| GRASS    | SALES      |
| AARUSH   | SALES      |
| ALEX     | SALES      |
| NATASHA  | SALES      |
| VRUSHALI | HR         |
| SANGITA  | HR         |
| SUPRIYA  | HR         |
+----------+------------+
28 rows in set (0.00 sec)

mysql>
mysql> desc bonus;
+-------+-------+------+-----+---------+-------+
| Field | Type  | Null | Key | Default | Extra |
+-------+-------+------+-----+---------+-------+
| ID    | int   | NO   | PRI | NULL    |       |
| RATE  | float | YES  |     | NULL    |       |
+-------+-------+------+-----+---------+-------+
2 rows in set (0.01 sec)

mysql> select * from bonus;
+----+------+
| ID | RATE |
+----+------+
|  1 |  0.5 |
|  2 | 0.75 |
|  3 | 0.25 |
|  4 | 0.15 |
|  5 | 0.55 |
|  6 | 0.54 |
|  7 | 0.34 |
|  8 | 0.14 |
|  9 | 0.27 |
| 10 | 0.32 |
+----+------+
10 rows in set (0.05 sec)

mysql> select emp.ename, dept.dname, bonus.rate from emp, dept, bonus where emp.deptno = dept.deptno and emp.bonusID = bonus.id;
+----------+------------+------+
| ename    | dname      | rate |
+----------+------------+------+
| THOMAS   | ACCOUNTING |  0.5 |
| CLARK    | ACCOUNTING | 0.25 |
| KING     | ACCOUNTING |  0.5 |
| MILLER   | ACCOUNTING | 0.75 |
| SHARMIN  | RESEARCH   |  0.5 |
| BANDISH  | RESEARCH   |  0.5 |
| SMITH    | RESEARCH   | 0.75 |
| JONES    | RESEARCH   | 0.15 |
| SCOTT    | RESEARCH   | 0.25 |
| FRED     | RESEARCH   |  0.5 |
| ADAMS    | RESEARCH   |  0.5 |
| zzz      | RESEARCH   | 0.15 |
| GITA     | SALES      |  0.5 |
| ALLEN    | SALES      | 0.15 |
| WARD     | SALES      |  0.5 |
| MARTIN   | SALES      | 0.54 |
| BLAKE    | SALES      |  0.5 |
| TURNER   | SALES      | 0.55 |
| JAMES    | SALES      | 0.75 |
| HOFFMAN  | SALES      | 0.25 |
| GRASS    | SALES      | 0.55 |
| ALEX     | SALES      | 0.55 |
| NATASHA  | SALES      |  0.5 |
| VRUSHALI | HR         |  0.5 |
| SANGITA  | HR         |  0.5 |
| SUPRIYA  | HR         |  0.5 |
+----------+------------+------+
26 rows in set (0.00 sec)

mysql> select emp.ename, dept.dname, bonus.rate from emp, dept, bonus where emp.deptno = dept.deptno and emp.bonusID = bonus.id and emp.ename='gita';
+-------+-------+------+
| ename | dname | rate |
+-------+-------+------+
| GITA  | SALES |  0.5 |
+-------+-------+------+
1 row in set (0.00 sec)

mysql> select emp.ename, dept.dname, bonus.rate from emp, dept, bonus where emp.deptno = dept.deptno and bonus.id >= 5;
+----------+------------+------+
| ename    | dname      | rate |
+----------+------------+------+
| GITA     | SALES      | 0.32 |
| GITA     | SALES      | 0.27 |
| GITA     | SALES      | 0.14 |
| GITA     | SALES      | 0.34 |
| GITA     | SALES      | 0.54 |
| GITA     | SALES      | 0.55 |
| VRUSHALI | HR         | 0.32 |
| VRUSHALI | HR         | 0.27 |
| VRUSHALI | HR         | 0.14 |
| VRUSHALI | HR         | 0.34 |
| VRUSHALI | HR         | 0.54 |
| VRUSHALI | HR         | 0.55 |
| SHARMIN  | RESEARCH   | 0.32 |
| SHARMIN  | RESEARCH   | 0.27 |
| SHARMIN  | RESEARCH   | 0.14 |
| SHARMIN  | RESEARCH   | 0.34 |
| SHARMIN  | RESEARCH   | 0.54 |
| SHARMIN  | RESEARCH   | 0.55 |
| BANDISH  | RESEARCH   | 0.32 |
| BANDISH  | RESEARCH   | 0.27 |
| BANDISH  | RESEARCH   | 0.14 |
| BANDISH  | RESEARCH   | 0.34 |
| BANDISH  | RESEARCH   | 0.54 |
| BANDISH  | RESEARCH   | 0.55 |
| SMITH    | RESEARCH   | 0.32 |
| SMITH    | RESEARCH   | 0.27 |
| SMITH    | RESEARCH   | 0.14 |
| SMITH    | RESEARCH   | 0.34 |
| SMITH    | RESEARCH   | 0.54 |
| SMITH    | RESEARCH   | 0.55 |
| AARAV    | ACCOUNTING | 0.32 |
| AARAV    | ACCOUNTING | 0.27 |
| AARAV    | ACCOUNTING | 0.14 |
| AARAV    | ACCOUNTING | 0.34 |
| AARAV    | ACCOUNTING | 0.54 |
| AARAV    | ACCOUNTING | 0.55 |
| THOMAS   | ACCOUNTING | 0.32 |
| THOMAS   | ACCOUNTING | 0.27 |
| THOMAS   | ACCOUNTING | 0.14 |
| THOMAS   | ACCOUNTING | 0.34 |
| THOMAS   | ACCOUNTING | 0.54 |
| THOMAS   | ACCOUNTING | 0.55 |
| ALLEN    | SALES      | 0.32 |
| ALLEN    | SALES      | 0.27 |
| ALLEN    | SALES      | 0.14 |
| ALLEN    | SALES      | 0.34 |
| ALLEN    | SALES      | 0.54 |
| ALLEN    | SALES      | 0.55 |
| WARD     | SALES      | 0.32 |
| WARD     | SALES      | 0.27 |
| WARD     | SALES      | 0.14 |
| WARD     | SALES      | 0.34 |
| WARD     | SALES      | 0.54 |
| WARD     | SALES      | 0.55 |
| JONES    | RESEARCH   | 0.32 |
| JONES    | RESEARCH   | 0.27 |
| JONES    | RESEARCH   | 0.14 |
| JONES    | RESEARCH   | 0.34 |
| JONES    | RESEARCH   | 0.54 |
| JONES    | RESEARCH   | 0.55 |
| MARTIN   | SALES      | 0.32 |
| MARTIN   | SALES      | 0.27 |
| MARTIN   | SALES      | 0.14 |
| MARTIN   | SALES      | 0.34 |
| MARTIN   | SALES      | 0.54 |
| MARTIN   | SALES      | 0.55 |
| BLAKE    | SALES      | 0.32 |
| BLAKE    | SALES      | 0.27 |
| BLAKE    | SALES      | 0.14 |
| BLAKE    | SALES      | 0.34 |
| BLAKE    | SALES      | 0.54 |
| BLAKE    | SALES      | 0.55 |
| CLARK    | ACCOUNTING | 0.32 |
| CLARK    | ACCOUNTING | 0.27 |
| CLARK    | ACCOUNTING | 0.14 |
| CLARK    | ACCOUNTING | 0.34 |
| CLARK    | ACCOUNTING | 0.54 |
| CLARK    | ACCOUNTING | 0.55 |
| SCOTT    | RESEARCH   | 0.32 |
| SCOTT    | RESEARCH   | 0.27 |
| SCOTT    | RESEARCH   | 0.14 |
| SCOTT    | RESEARCH   | 0.34 |
| SCOTT    | RESEARCH   | 0.54 |
| SCOTT    | RESEARCH   | 0.55 |
| KING     | ACCOUNTING | 0.32 |
| KING     | ACCOUNTING | 0.27 |
| KING     | ACCOUNTING | 0.14 |
| KING     | ACCOUNTING | 0.34 |
| KING     | ACCOUNTING | 0.54 |
| KING     | ACCOUNTING | 0.55 |
| FRED     | RESEARCH   | 0.32 |
| FRED     | RESEARCH   | 0.27 |
| FRED     | RESEARCH   | 0.14 |
| FRED     | RESEARCH   | 0.34 |
| FRED     | RESEARCH   | 0.54 |
| FRED     | RESEARCH   | 0.55 |
| TURNER   | SALES      | 0.32 |
| TURNER   | SALES      | 0.27 |
| TURNER   | SALES      | 0.14 |
| TURNER   | SALES      | 0.34 |
| TURNER   | SALES      | 0.54 |
| TURNER   | SALES      | 0.55 |
| ADAMS    | RESEARCH   | 0.32 |
| ADAMS    | RESEARCH   | 0.27 |
| ADAMS    | RESEARCH   | 0.14 |
| ADAMS    | RESEARCH   | 0.34 |
| ADAMS    | RESEARCH   | 0.54 |
| ADAMS    | RESEARCH   | 0.55 |
| JAMES    | SALES      | 0.32 |
| JAMES    | SALES      | 0.27 |
| JAMES    | SALES      | 0.14 |
| JAMES    | SALES      | 0.34 |
| JAMES    | SALES      | 0.54 |
| JAMES    | SALES      | 0.55 |
| zzz      | RESEARCH   | 0.32 |
| zzz      | RESEARCH   | 0.27 |
| zzz      | RESEARCH   | 0.14 |
| zzz      | RESEARCH   | 0.34 |
| zzz      | RESEARCH   | 0.54 |
| zzz      | RESEARCH   | 0.55 |
| HOFFMAN  | SALES      | 0.32 |
| HOFFMAN  | SALES      | 0.27 |
| HOFFMAN  | SALES      | 0.14 |
| HOFFMAN  | SALES      | 0.34 |
| HOFFMAN  | SALES      | 0.54 |
| HOFFMAN  | SALES      | 0.55 |
| GRASS    | SALES      | 0.32 |
| GRASS    | SALES      | 0.27 |
| GRASS    | SALES      | 0.14 |
| GRASS    | SALES      | 0.34 |
| GRASS    | SALES      | 0.54 |
| GRASS    | SALES      | 0.55 |
| MILLER   | ACCOUNTING | 0.32 |
| MILLER   | ACCOUNTING | 0.27 |
| MILLER   | ACCOUNTING | 0.14 |
| MILLER   | ACCOUNTING | 0.34 |
| MILLER   | ACCOUNTING | 0.54 |
| MILLER   | ACCOUNTING | 0.55 |
| AARUSH   | SALES      | 0.32 |
| AARUSH   | SALES      | 0.27 |
| AARUSH   | SALES      | 0.14 |
| AARUSH   | SALES      | 0.34 |
| AARUSH   | SALES      | 0.54 |
| AARUSH   | SALES      | 0.55 |
| ALEX     | SALES      | 0.32 |
| ALEX     | SALES      | 0.27 |
| ALEX     | SALES      | 0.14 |
| ALEX     | SALES      | 0.34 |
| ALEX     | SALES      | 0.54 |
| ALEX     | SALES      | 0.55 |
| NATASHA  | SALES      | 0.32 |
| NATASHA  | SALES      | 0.27 |
| NATASHA  | SALES      | 0.14 |
| NATASHA  | SALES      | 0.34 |
| NATASHA  | SALES      | 0.54 |
| NATASHA  | SALES      | 0.55 |
| SANGITA  | HR         | 0.32 |
| SANGITA  | HR         | 0.27 |
| SANGITA  | HR         | 0.14 |
| SANGITA  | HR         | 0.34 |
| SANGITA  | HR         | 0.54 |
| SANGITA  | HR         | 0.55 |
| SUPRIYA  | HR         | 0.32 |
| SUPRIYA  | HR         | 0.27 |
| SUPRIYA  | HR         | 0.14 |
| SUPRIYA  | HR         | 0.34 |
| SUPRIYA  | HR         | 0.54 |
| SUPRIYA  | HR         | 0.55 |
+----------+------------+------+
168 rows in set (0.00 sec)

mysql> select emp.ename, dept.dname, bonus.rate from emp, dept, bonus where emp.deptno = dept.deptno and emp.bonusID = bonus.id and bonus.id >=5;
+--------+-------+------+
| ename  | dname | rate |
+--------+-------+------+
| MARTIN | SALES | 0.54 |
| TURNER | SALES | 0.55 |
| GRASS  | SALES | 0.55 |
| ALEX   | SALES | 0.55 |
+--------+-------+------+
4 rows in set (0.00 sec)

mysql> select bonus.id, emp.ename, dept.dname, bonus.rate from emp, dept, bonus where emp.deptno = dept.deptno and emp.bonusID = bonus.id and bonus.id >=5;
+----+--------+-------+------+
| id | ename  | dname | rate |
+----+--------+-------+------+
|  6 | MARTIN | SALES | 0.54 |
|  5 | TURNER | SALES | 0.55 |
|  5 | GRASS  | SALES | 0.55 |
|  5 | ALEX   | SALES | 0.55 |
+----+--------+-------+------+
4 rows in set (0.00 sec)

mysql> select emp.bonusid, emp.ename, dept.dname, bonus.rate from emp, dept, bonus where emp.deptno = dept.deptno and emp.bonusID = bonus.id and emp.bonusid >=5;
+---------+--------+-------+------+
| bonusid | ename  | dname | rate |
+---------+--------+-------+------+
|       6 | MARTIN | SALES | 0.54 |
|       5 | TURNER | SALES | 0.55 |
|       5 | GRASS  | SALES | 0.55 |
|       5 | ALEX   | SALES | 0.55 |
+---------+--------+-------+------+
4 rows in set (0.00 sec)

mysql> select emp.bonusid, deptno, emp.ename, dept.dname, bonus.rate from emp, dept, bonus where emp.deptno = dept.deptno and emp.bonusID = bonus.id and emp.bonusid >=5;
ERROR 1052 (23000): Column 'deptno' in field list is ambiguous
mysql>
mysql>
mysql>
mysql> select emp.bonusid, emp.deptno, emp.ename, dept.dname, bonus.rate from emp, dept, bonus where emp.deptno = dept.deptno and emp.bonusID = bonus.id and emp.bonusid >=5;
+---------+--------+--------+-------+------+
| bonusid | deptno | ename  | dname | rate |
+---------+--------+--------+-------+------+
|       6 |     30 | MARTIN | SALES | 0.54 |
|       5 |     30 | TURNER | SALES | 0.55 |
|       5 |     30 | GRASS  | SALES | 0.55 |
|       5 |     30 | ALEX   | SALES | 0.55 |
+---------+--------+--------+-------+------+
4 rows in set (0.00 sec)

mysql> select emp.bonusid, emp.deptno, emp.ename, dept.dname, bonus.rate from emp, dept, bonus where emp.deptno = dept.deptno and emp.bonusID = bonus.id;
+---------+--------+----------+------------+------+
| bonusid | deptno | ename    | dname      | rate |
+---------+--------+----------+------------+------+
|       1 |     10 | THOMAS   | ACCOUNTING |  0.5 |
|       3 |     10 | CLARK    | ACCOUNTING | 0.25 |
|       1 |     10 | KING     | ACCOUNTING |  0.5 |
|       2 |     10 | MILLER   | ACCOUNTING | 0.75 |
|       1 |     20 | SHARMIN  | RESEARCH   |  0.5 |
|       1 |     20 | BANDISH  | RESEARCH   |  0.5 |
|       2 |     20 | SMITH    | RESEARCH   | 0.75 |
|       4 |     20 | JONES    | RESEARCH   | 0.15 |
|       3 |     20 | SCOTT    | RESEARCH   | 0.25 |
|       1 |     20 | FRED     | RESEARCH   |  0.5 |
|       1 |     20 | ADAMS    | RESEARCH   |  0.5 |
|       4 |     20 | zzz      | RESEARCH   | 0.15 |
|       1 |     30 | GITA     | SALES      |  0.5 |
|       4 |     30 | ALLEN    | SALES      | 0.15 |
|       1 |     30 | WARD     | SALES      |  0.5 |
|       6 |     30 | MARTIN   | SALES      | 0.54 |
|       1 |     30 | BLAKE    | SALES      |  0.5 |
|       5 |     30 | TURNER   | SALES      | 0.55 |
|       2 |     30 | JAMES    | SALES      | 0.75 |
|       3 |     30 | HOFFMAN  | SALES      | 0.25 |
|       5 |     30 | GRASS    | SALES      | 0.55 |
|       5 |     30 | ALEX     | SALES      | 0.55 |
|       1 |     30 | NATASHA  | SALES      |  0.5 |
|       1 |     50 | VRUSHALI | HR         |  0.5 |
|       1 |     50 | SANGITA  | HR         |  0.5 |
|       1 |     50 | SUPRIYA  | HR         |  0.5 |
+---------+--------+----------+------------+------+
26 rows in set (0.00 sec)

mysql> select * frm emp, dpt
    -> ^C
mysql> select * from emp, dept where emp.deptno = dept.deptno;
+-------+----------+--------+---------------------+------+------------+------+------+--------+---------+--------------+------------+------------+----------+--------+------------+----------+------------+------------+
| EMPNO | ENAME    | GENDER | JOB                 | MGR  | HIREDATE   | SAL  | COMM | DEPTNO | BONUSID | USER NAME    | PWD        | PHONE      | isActive | DEPTNO | DNAME      | LOC      | PWD        | STARTEDON  |
+-------+----------+--------+---------------------+------+------------+------+------+--------+---------+--------------+------------+------------+----------+--------+------------+----------+------------+------------+
|  7415 | AARAV    | M      | CLERK               | 7902 | 1981-12-31 | 3350 | NULL |     10 |    NULL | AARAV        | NULL       | 7032300084 |        0 |     10 | ACCOUNTING | NEW YORK | r50mpm     | 24/03/1989 |
|  7421 | THOMAS   | M      | CLERK               | 7920 | 1981-07-19 | 1750 | NULL |     10 |       1 | THOMAS       | r50mpm     | 7032300011 |        0 |     10 | ACCOUNTING | NEW YORK | r50mpm     | 24/03/1989 |
|  7782 | CLARK    | M      | MANAGER             | 7839 | 1981-06-09 | 2450 | NULL |     10 |       3 | CLARK        | r50mpm     | 7032300001 |        1 |     10 | ACCOUNTING | NEW YORK | r50mpm     | 24/03/1989 |
|  7839 | KING     | M      | PRESIDENT           | NULL | 1981-11-17 | 5000 | NULL |     10 |       1 | KING         | r50mpm     | 7132300081 |        1 |     10 | ACCOUNTING | NEW YORK | r50mpm     | 24/03/1989 |
|  7934 | MILLER   | M      | CLERK               | 7782 | 1982-01-23 | 1300 | NULL |     10 |       2 | QUARTERNOTE  | r50mpm     | 7132300055 |        0 |     10 | ACCOUNTING | NEW YORK | r50mpm     | 24/03/1989 |
|  6473 | SHARMIN  | F      | Public Relation     | 7920 | 1981-07-19 | 1750 | NULL |     20 |       1 | SHARMIN      | a12recmpm  | NULL       |        1 |     20 | RESEARCH   | DALLAS   | a12recmpm  | 12/04/1989 |
|  6781 | BANDISH  | F      | Public Relation     | 7920 | 1981-07-19 | 1750 | NULL |     20 |       1 | BANDISH      | a12recmpm  | NULL       |        1 |     20 | RESEARCH   | DALLAS   | a12recmpm  | 12/04/1989 |
|  7369 | SMITH    | M      | CLERK               | 7902 | 1980-12-17 |  800 | NULL |     20 |       2 | TRITONE      | a12recmpm  | 7032300023 |        0 |     20 | RESEARCH   | DALLAS   | a12recmpm  | 12/04/1989 |
|  7566 | JONES    | M      | MANAGER             | 7839 | 1981-04-02 | 2975 | NULL |     20 |       4 | HONEYCOMB    | a12recmpm  | 7132300039 |        1 |     20 | RESEARCH   | DALLAS   | a12recmpm  | 12/04/1989 |
|  7788 | SCOTT    | M      | ANALYST             | 7566 | 1982-12-09 | 3000 | NULL |     20 |       3 | WHITE SAND   | a12recmpm  | NULL       |        1 |     20 | RESEARCH   | DALLAS   | a12recmpm  | 12/04/1989 |
|  7840 | FRED     | M      | vice PRESIDENT      | 7839 | 1983-08-09 | 5000 | NULL |     20 |       1 | SAND STONE   | a12recmpm  | NULL       |        1 |     20 | RESEARCH   | DALLAS   | a12recmpm  | 12/04/1989 |
|  7876 | ADAMS    | M      | CLERK               | 7788 | 1983-01-12 | 1100 | NULL |     20 |       1 | CRAZY ANYONE | a12recmpm  | 7132300086 |        1 |     20 | RESEARCH   | DALLAS   | a12recmpm  | 12/04/1989 |
|  7902 | zzz      | M      | ANALYST             | 7566 | 1981-12-03 | 3000 | NULL |     20 |       4 | CONBRIO      | a12recmpm  | NULL       |        0 |     20 | RESEARCH   | DALLAS   | a12recmpm  | 12/04/1989 |
|  6001 | GITA     | F      | Compliance officers | 7920 | 1981-07-19 | 1750 | NULL |     30 |       1 | GITA         | sales@2017 | NULL       |        1 |     30 | SALES      | CHICAGO  | sales@2017 | 13/04/1989 |
|  7499 | ALLEN    | M      | SALESMAN            | 7698 | 1981-02-20 | 1600 |  300 |     30 |       4 | ALWAYS TESTE | sales@2017 | 7032300096 |        1 |     30 | SALES      | CHICAGO  | sales@2017 | 13/04/1989 |
|  7521 | WARD     | M      | SALESMAN            | 7698 | 1981-02-22 | 1250 |  500 |     30 |       1 | WARD         | sales@2017 | 7132300034 |        1 |     30 | SALES      | CHICAGO  | sales@2017 | 13/04/1989 |
|  7654 | MARTIN   | M      | SALESMAN            | 7698 | 1981-09-28 | 1250 | 1400 |     30 |       6 | LIFE RACER   | sales@2017 | 7132300050 |        1 |     30 | SALES      | CHICAGO  | sales@2017 | 13/04/1989 |
|  7698 | BLAKE    | M      | MANAGER             | 7839 | 1981-05-01 | 2850 | NULL |     30 |       1 | BIG BEN      | sales@2017 | 7132300027 |        1 |     30 | SALES      | CHICAGO  | sales@2017 | 13/04/1989 |
|  7844 | TURNER   | M      | SALESMAN            | 7698 | 1981-09-08 | 1500 |    0 |     30 |       5 | SAND DUST    | sales@2017 | NULL       |        1 |     30 | SALES      | CHICAGO  | sales@2017 | 13/04/1989 |
|  7900 | JAMES    | M      | CLERK               | 7698 | 1981-12-03 |  950 | NULL |     30 |       2 | CRAZY LEADER | sales@2017 | 7132300042 |        1 |     30 | SALES      | CHICAGO  | sales@2017 | 13/04/1989 |
|  7919 | HOFFMAN  | M      | MANAGER             | 7566 | 1982-03-24 | 4150 | NULL |     30 |       3 | INTERVAL     | sales@2017 | NULL       |        1 |     30 | SALES      | CHICAGO  | sales@2017 | 13/04/1989 |
|  7920 | GRASS    | M      | SALESMAN            | 7919 | 1980-02-14 | 2575 | 2700 |     30 |       5 | GRASS        | sales@2017 | NULL       |        1 |     30 | SALES      | CHICAGO  | sales@2017 | 13/04/1989 |
|  7945 | AARUSH   | M      | SALESMAN            | 7902 | 1980-02-14 | 1350 | 2700 |     30 |    NULL | AARUSH       | ABCDEF     | NULL       |        0 |     30 | SALES      | CHICAGO  | sales@2017 | 13/04/1989 |
|  7949 | ALEX     | M      | MANAGER             | 7698 | 1982-01-24 | 1250 |  500 |     30 |       5 | QUARTERREST  | sales@2017 | 7156567183 |        1 |     30 | SALES      | CHICAGO  | sales@2017 | 13/04/1989 |
|  8433 | NATASHA  | F      | CLERK               | 7920 | 1981-07-19 | 1750 | NULL |     30 |       1 | NATASHA      | sales@2017 | NULL       |        1 |     30 | SALES      | CHICAGO  | sales@2017 | 13/04/1989 |
|  6129 | VRUSHALI | F      | Compliance officers | 7920 | 1981-07-19 | 1750 | NULL |     50 |       1 | VRUSHALI     | PUN@8877   | NULL       |        1 |     50 | HR         | PUNE     | PUN@8877   | 22/12/1989 |
|  9400 | SANGITA  | F      | Compliance officers | 7920 | 1981-07-19 | 1750 | NULL |     50 |       1 | SANGITA      | NULL       | NULL       |        1 |     50 | HR         | PUNE     | PUN@8877   | 22/12/1989 |
|  9473 | SUPRIYA  | F      | ANALYST             | 7920 | 1981-07-19 | 1750 | NULL |     50 |       1 | SUPRIYA      | XYZ@1234   | NULL       |        1 |     50 | HR         | PUNE     | PUN@8877   | 22/12/1989 |
+-------+----------+--------+---------------------+------+------------+------+------+--------+---------+--------------+------------+------------+----------+--------+------------+----------+------------+------------+
28 rows in set (0.00 sec)

mysql>
mysql>
mysql> select * from emp inner join dept on emp.deptno = dept.deptno;
+-------+----------+--------+---------------------+------+------------+------+------+--------+---------+--------------+------------+------------+----------+--------+------------+----------+------------+------------+
| EMPNO | ENAME    | GENDER | JOB                 | MGR  | HIREDATE   | SAL  | COMM | DEPTNO | BONUSID | USER NAME    | PWD        | PHONE      | isActive | DEPTNO | DNAME      | LOC      | PWD        | STARTEDON  |
+-------+----------+--------+---------------------+------+------------+------+------+--------+---------+--------------+------------+------------+----------+--------+------------+----------+------------+------------+
|  7415 | AARAV    | M      | CLERK               | 7902 | 1981-12-31 | 3350 | NULL |     10 |    NULL | AARAV        | NULL       | 7032300084 |        0 |     10 | ACCOUNTING | NEW YORK | r50mpm     | 24/03/1989 |
|  7421 | THOMAS   | M      | CLERK               | 7920 | 1981-07-19 | 1750 | NULL |     10 |       1 | THOMAS       | r50mpm     | 7032300011 |        0 |     10 | ACCOUNTING | NEW YORK | r50mpm     | 24/03/1989 |
|  7782 | CLARK    | M      | MANAGER             | 7839 | 1981-06-09 | 2450 | NULL |     10 |       3 | CLARK        | r50mpm     | 7032300001 |        1 |     10 | ACCOUNTING | NEW YORK | r50mpm     | 24/03/1989 |
|  7839 | KING     | M      | PRESIDENT           | NULL | 1981-11-17 | 5000 | NULL |     10 |       1 | KING         | r50mpm     | 7132300081 |        1 |     10 | ACCOUNTING | NEW YORK | r50mpm     | 24/03/1989 |
|  7934 | MILLER   | M      | CLERK               | 7782 | 1982-01-23 | 1300 | NULL |     10 |       2 | QUARTERNOTE  | r50mpm     | 7132300055 |        0 |     10 | ACCOUNTING | NEW YORK | r50mpm     | 24/03/1989 |
|  6473 | SHARMIN  | F      | Public Relation     | 7920 | 1981-07-19 | 1750 | NULL |     20 |       1 | SHARMIN      | a12recmpm  | NULL       |        1 |     20 | RESEARCH   | DALLAS   | a12recmpm  | 12/04/1989 |
|  6781 | BANDISH  | F      | Public Relation     | 7920 | 1981-07-19 | 1750 | NULL |     20 |       1 | BANDISH      | a12recmpm  | NULL       |        1 |     20 | RESEARCH   | DALLAS   | a12recmpm  | 12/04/1989 |
|  7369 | SMITH    | M      | CLERK               | 7902 | 1980-12-17 |  800 | NULL |     20 |       2 | TRITONE      | a12recmpm  | 7032300023 |        0 |     20 | RESEARCH   | DALLAS   | a12recmpm  | 12/04/1989 |
|  7566 | JONES    | M      | MANAGER             | 7839 | 1981-04-02 | 2975 | NULL |     20 |       4 | HONEYCOMB    | a12recmpm  | 7132300039 |        1 |     20 | RESEARCH   | DALLAS   | a12recmpm  | 12/04/1989 |
|  7788 | SCOTT    | M      | ANALYST             | 7566 | 1982-12-09 | 3000 | NULL |     20 |       3 | WHITE SAND   | a12recmpm  | NULL       |        1 |     20 | RESEARCH   | DALLAS   | a12recmpm  | 12/04/1989 |
|  7840 | FRED     | M      | vice PRESIDENT      | 7839 | 1983-08-09 | 5000 | NULL |     20 |       1 | SAND STONE   | a12recmpm  | NULL       |        1 |     20 | RESEARCH   | DALLAS   | a12recmpm  | 12/04/1989 |
|  7876 | ADAMS    | M      | CLERK               | 7788 | 1983-01-12 | 1100 | NULL |     20 |       1 | CRAZY ANYONE | a12recmpm  | 7132300086 |        1 |     20 | RESEARCH   | DALLAS   | a12recmpm  | 12/04/1989 |
|  7902 | zzz      | M      | ANALYST             | 7566 | 1981-12-03 | 3000 | NULL |     20 |       4 | CONBRIO      | a12recmpm  | NULL       |        0 |     20 | RESEARCH   | DALLAS   | a12recmpm  | 12/04/1989 |
|  6001 | GITA     | F      | Compliance officers | 7920 | 1981-07-19 | 1750 | NULL |     30 |       1 | GITA         | sales@2017 | NULL       |        1 |     30 | SALES      | CHICAGO  | sales@2017 | 13/04/1989 |
|  7499 | ALLEN    | M      | SALESMAN            | 7698 | 1981-02-20 | 1600 |  300 |     30 |       4 | ALWAYS TESTE | sales@2017 | 7032300096 |        1 |     30 | SALES      | CHICAGO  | sales@2017 | 13/04/1989 |
|  7521 | WARD     | M      | SALESMAN            | 7698 | 1981-02-22 | 1250 |  500 |     30 |       1 | WARD         | sales@2017 | 7132300034 |        1 |     30 | SALES      | CHICAGO  | sales@2017 | 13/04/1989 |
|  7654 | MARTIN   | M      | SALESMAN            | 7698 | 1981-09-28 | 1250 | 1400 |     30 |       6 | LIFE RACER   | sales@2017 | 7132300050 |        1 |     30 | SALES      | CHICAGO  | sales@2017 | 13/04/1989 |
|  7698 | BLAKE    | M      | MANAGER             | 7839 | 1981-05-01 | 2850 | NULL |     30 |       1 | BIG BEN      | sales@2017 | 7132300027 |        1 |     30 | SALES      | CHICAGO  | sales@2017 | 13/04/1989 |
|  7844 | TURNER   | M      | SALESMAN            | 7698 | 1981-09-08 | 1500 |    0 |     30 |       5 | SAND DUST    | sales@2017 | NULL       |        1 |     30 | SALES      | CHICAGO  | sales@2017 | 13/04/1989 |
|  7900 | JAMES    | M      | CLERK               | 7698 | 1981-12-03 |  950 | NULL |     30 |       2 | CRAZY LEADER | sales@2017 | 7132300042 |        1 |     30 | SALES      | CHICAGO  | sales@2017 | 13/04/1989 |
|  7919 | HOFFMAN  | M      | MANAGER             | 7566 | 1982-03-24 | 4150 | NULL |     30 |       3 | INTERVAL     | sales@2017 | NULL       |        1 |     30 | SALES      | CHICAGO  | sales@2017 | 13/04/1989 |
|  7920 | GRASS    | M      | SALESMAN            | 7919 | 1980-02-14 | 2575 | 2700 |     30 |       5 | GRASS        | sales@2017 | NULL       |        1 |     30 | SALES      | CHICAGO  | sales@2017 | 13/04/1989 |
|  7945 | AARUSH   | M      | SALESMAN            | 7902 | 1980-02-14 | 1350 | 2700 |     30 |    NULL | AARUSH       | ABCDEF     | NULL       |        0 |     30 | SALES      | CHICAGO  | sales@2017 | 13/04/1989 |
|  7949 | ALEX     | M      | MANAGER             | 7698 | 1982-01-24 | 1250 |  500 |     30 |       5 | QUARTERREST  | sales@2017 | 7156567183 |        1 |     30 | SALES      | CHICAGO  | sales@2017 | 13/04/1989 |
|  8433 | NATASHA  | F      | CLERK               | 7920 | 1981-07-19 | 1750 | NULL |     30 |       1 | NATASHA      | sales@2017 | NULL       |        1 |     30 | SALES      | CHICAGO  | sales@2017 | 13/04/1989 |
|  6129 | VRUSHALI | F      | Compliance officers | 7920 | 1981-07-19 | 1750 | NULL |     50 |       1 | VRUSHALI     | PUN@8877   | NULL       |        1 |     50 | HR         | PUNE     | PUN@8877   | 22/12/1989 |
|  9400 | SANGITA  | F      | Compliance officers | 7920 | 1981-07-19 | 1750 | NULL |     50 |       1 | SANGITA      | NULL       | NULL       |        1 |     50 | HR         | PUNE     | PUN@8877   | 22/12/1989 |
|  9473 | SUPRIYA  | F      | ANALYST             | 7920 | 1981-07-19 | 1750 | NULL |     50 |       1 | SUPRIYA      | XYZ@1234   | NULL       |        1 |     50 | HR         | PUNE     | PUN@8877   | 22/12/1989 |
+-------+----------+--------+---------------------+------+------------+------+------+--------+---------+--------------+------------+------------+----------+--------+------------+----------+------------+------------+
28 rows in set (0.00 sec)

mysql> select * from emp join dept on emp.deptno = dept.deptno;
+-------+----------+--------+---------------------+------+------------+------+------+--------+---------+--------------+------------+------------+----------+--------+------------+----------+------------+------------+
| EMPNO | ENAME    | GENDER | JOB                 | MGR  | HIREDATE   | SAL  | COMM | DEPTNO | BONUSID | USER NAME    | PWD        | PHONE      | isActive | DEPTNO | DNAME      | LOC      | PWD        | STARTEDON  |
+-------+----------+--------+---------------------+------+------------+------+------+--------+---------+--------------+------------+------------+----------+--------+------------+----------+------------+------------+
|  7415 | AARAV    | M      | CLERK               | 7902 | 1981-12-31 | 3350 | NULL |     10 |    NULL | AARAV        | NULL       | 7032300084 |        0 |     10 | ACCOUNTING | NEW YORK | r50mpm     | 24/03/1989 |
|  7421 | THOMAS   | M      | CLERK               | 7920 | 1981-07-19 | 1750 | NULL |     10 |       1 | THOMAS       | r50mpm     | 7032300011 |        0 |     10 | ACCOUNTING | NEW YORK | r50mpm     | 24/03/1989 |
|  7782 | CLARK    | M      | MANAGER             | 7839 | 1981-06-09 | 2450 | NULL |     10 |       3 | CLARK        | r50mpm     | 7032300001 |        1 |     10 | ACCOUNTING | NEW YORK | r50mpm     | 24/03/1989 |
|  7839 | KING     | M      | PRESIDENT           | NULL | 1981-11-17 | 5000 | NULL |     10 |       1 | KING         | r50mpm     | 7132300081 |        1 |     10 | ACCOUNTING | NEW YORK | r50mpm     | 24/03/1989 |
|  7934 | MILLER   | M      | CLERK               | 7782 | 1982-01-23 | 1300 | NULL |     10 |       2 | QUARTERNOTE  | r50mpm     | 7132300055 |        0 |     10 | ACCOUNTING | NEW YORK | r50mpm     | 24/03/1989 |
|  6473 | SHARMIN  | F      | Public Relation     | 7920 | 1981-07-19 | 1750 | NULL |     20 |       1 | SHARMIN      | a12recmpm  | NULL       |        1 |     20 | RESEARCH   | DALLAS   | a12recmpm  | 12/04/1989 |
|  6781 | BANDISH  | F      | Public Relation     | 7920 | 1981-07-19 | 1750 | NULL |     20 |       1 | BANDISH      | a12recmpm  | NULL       |        1 |     20 | RESEARCH   | DALLAS   | a12recmpm  | 12/04/1989 |
|  7369 | SMITH    | M      | CLERK               | 7902 | 1980-12-17 |  800 | NULL |     20 |       2 | TRITONE      | a12recmpm  | 7032300023 |        0 |     20 | RESEARCH   | DALLAS   | a12recmpm  | 12/04/1989 |
|  7566 | JONES    | M      | MANAGER             | 7839 | 1981-04-02 | 2975 | NULL |     20 |       4 | HONEYCOMB    | a12recmpm  | 7132300039 |        1 |     20 | RESEARCH   | DALLAS   | a12recmpm  | 12/04/1989 |
|  7788 | SCOTT    | M      | ANALYST             | 7566 | 1982-12-09 | 3000 | NULL |     20 |       3 | WHITE SAND   | a12recmpm  | NULL       |        1 |     20 | RESEARCH   | DALLAS   | a12recmpm  | 12/04/1989 |
|  7840 | FRED     | M      | vice PRESIDENT      | 7839 | 1983-08-09 | 5000 | NULL |     20 |       1 | SAND STONE   | a12recmpm  | NULL       |        1 |     20 | RESEARCH   | DALLAS   | a12recmpm  | 12/04/1989 |
|  7876 | ADAMS    | M      | CLERK               | 7788 | 1983-01-12 | 1100 | NULL |     20 |       1 | CRAZY ANYONE | a12recmpm  | 7132300086 |        1 |     20 | RESEARCH   | DALLAS   | a12recmpm  | 12/04/1989 |
|  7902 | zzz      | M      | ANALYST             | 7566 | 1981-12-03 | 3000 | NULL |     20 |       4 | CONBRIO      | a12recmpm  | NULL       |        0 |     20 | RESEARCH   | DALLAS   | a12recmpm  | 12/04/1989 |
|  6001 | GITA     | F      | Compliance officers | 7920 | 1981-07-19 | 1750 | NULL |     30 |       1 | GITA         | sales@2017 | NULL       |        1 |     30 | SALES      | CHICAGO  | sales@2017 | 13/04/1989 |
|  7499 | ALLEN    | M      | SALESMAN            | 7698 | 1981-02-20 | 1600 |  300 |     30 |       4 | ALWAYS TESTE | sales@2017 | 7032300096 |        1 |     30 | SALES      | CHICAGO  | sales@2017 | 13/04/1989 |
|  7521 | WARD     | M      | SALESMAN            | 7698 | 1981-02-22 | 1250 |  500 |     30 |       1 | WARD         | sales@2017 | 7132300034 |        1 |     30 | SALES      | CHICAGO  | sales@2017 | 13/04/1989 |
|  7654 | MARTIN   | M      | SALESMAN            | 7698 | 1981-09-28 | 1250 | 1400 |     30 |       6 | LIFE RACER   | sales@2017 | 7132300050 |        1 |     30 | SALES      | CHICAGO  | sales@2017 | 13/04/1989 |
|  7698 | BLAKE    | M      | MANAGER             | 7839 | 1981-05-01 | 2850 | NULL |     30 |       1 | BIG BEN      | sales@2017 | 7132300027 |        1 |     30 | SALES      | CHICAGO  | sales@2017 | 13/04/1989 |
|  7844 | TURNER   | M      | SALESMAN            | 7698 | 1981-09-08 | 1500 |    0 |     30 |       5 | SAND DUST    | sales@2017 | NULL       |        1 |     30 | SALES      | CHICAGO  | sales@2017 | 13/04/1989 |
|  7900 | JAMES    | M      | CLERK               | 7698 | 1981-12-03 |  950 | NULL |     30 |       2 | CRAZY LEADER | sales@2017 | 7132300042 |        1 |     30 | SALES      | CHICAGO  | sales@2017 | 13/04/1989 |
|  7919 | HOFFMAN  | M      | MANAGER             | 7566 | 1982-03-24 | 4150 | NULL |     30 |       3 | INTERVAL     | sales@2017 | NULL       |        1 |     30 | SALES      | CHICAGO  | sales@2017 | 13/04/1989 |
|  7920 | GRASS    | M      | SALESMAN            | 7919 | 1980-02-14 | 2575 | 2700 |     30 |       5 | GRASS        | sales@2017 | NULL       |        1 |     30 | SALES      | CHICAGO  | sales@2017 | 13/04/1989 |
|  7945 | AARUSH   | M      | SALESMAN            | 7902 | 1980-02-14 | 1350 | 2700 |     30 |    NULL | AARUSH       | ABCDEF     | NULL       |        0 |     30 | SALES      | CHICAGO  | sales@2017 | 13/04/1989 |
|  7949 | ALEX     | M      | MANAGER             | 7698 | 1982-01-24 | 1250 |  500 |     30 |       5 | QUARTERREST  | sales@2017 | 7156567183 |        1 |     30 | SALES      | CHICAGO  | sales@2017 | 13/04/1989 |
|  8433 | NATASHA  | F      | CLERK               | 7920 | 1981-07-19 | 1750 | NULL |     30 |       1 | NATASHA      | sales@2017 | NULL       |        1 |     30 | SALES      | CHICAGO  | sales@2017 | 13/04/1989 |
|  6129 | VRUSHALI | F      | Compliance officers | 7920 | 1981-07-19 | 1750 | NULL |     50 |       1 | VRUSHALI     | PUN@8877   | NULL       |        1 |     50 | HR         | PUNE     | PUN@8877   | 22/12/1989 |
|  9400 | SANGITA  | F      | Compliance officers | 7920 | 1981-07-19 | 1750 | NULL |     50 |       1 | SANGITA      | NULL       | NULL       |        1 |     50 | HR         | PUNE     | PUN@8877   | 22/12/1989 |
|  9473 | SUPRIYA  | F      | ANALYST             | 7920 | 1981-07-19 | 1750 | NULL |     50 |       1 | SUPRIYA      | XYZ@1234   | NULL       |        1 |     50 | HR         | PUNE     | PUN@8877   | 22/12/1989 |
+-------+----------+--------+---------------------+------+------------+------+------+--------+---------+--------------+------------+------------+----------+--------+------------+----------+------------+------------+
28 rows in set (0.00 sec)

mysql>
mysql>
mysql> select ename, dname from emp inner join dept on emp.deptno = dept.deptno;
+----------+------------+
| ename    | dname      |
+----------+------------+
| AARAV    | ACCOUNTING |
| THOMAS   | ACCOUNTING |
| CLARK    | ACCOUNTING |
| KING     | ACCOUNTING |
| MILLER   | ACCOUNTING |
| SHARMIN  | RESEARCH   |
| BANDISH  | RESEARCH   |
| SMITH    | RESEARCH   |
| JONES    | RESEARCH   |
| SCOTT    | RESEARCH   |
| FRED     | RESEARCH   |
| ADAMS    | RESEARCH   |
| zzz      | RESEARCH   |
| GITA     | SALES      |
| ALLEN    | SALES      |
| WARD     | SALES      |
| MARTIN   | SALES      |
| BLAKE    | SALES      |
| TURNER   | SALES      |
| JAMES    | SALES      |
| HOFFMAN  | SALES      |
| GRASS    | SALES      |
| AARUSH   | SALES      |
| ALEX     | SALES      |
| NATASHA  | SALES      |
| VRUSHALI | HR         |
| SANGITA  | HR         |
| SUPRIYA  | HR         |
+----------+------------+
28 rows in set (0.00 sec)

mysql> select ename, dname from emp e inner join dept d on e.deptno = d.deptno;
+----------+------------+
| ename    | dname      |
+----------+------------+
| AARAV    | ACCOUNTING |
| THOMAS   | ACCOUNTING |
| CLARK    | ACCOUNTING |
| KING     | ACCOUNTING |
| MILLER   | ACCOUNTING |
| SHARMIN  | RESEARCH   |
| BANDISH  | RESEARCH   |
| SMITH    | RESEARCH   |
| JONES    | RESEARCH   |
| SCOTT    | RESEARCH   |
| FRED     | RESEARCH   |
| ADAMS    | RESEARCH   |
| zzz      | RESEARCH   |
| GITA     | SALES      |
| ALLEN    | SALES      |
| WARD     | SALES      |
| MARTIN   | SALES      |
| BLAKE    | SALES      |
| TURNER   | SALES      |
| JAMES    | SALES      |
| HOFFMAN  | SALES      |
| GRASS    | SALES      |
| AARUSH   | SALES      |
| ALEX     | SALES      |
| NATASHA  | SALES      |
| VRUSHALI | HR         |
| SANGITA  | HR         |
| SUPRIYA  | HR         |
+----------+------------+
28 rows in set (0.00 sec)

mysql>
mysql>
mysql>
mysql>
mysql> select ename, dname from emp inner join dept on emp.deptno = dept.deptno;
+----------+------------+
| ename    | dname      |
+----------+------------+
| AARAV    | ACCOUNTING |
| THOMAS   | ACCOUNTING |
| CLARK    | ACCOUNTING |
| KING     | ACCOUNTING |
| MILLER   | ACCOUNTING |
| SHARMIN  | RESEARCH   |
| BANDISH  | RESEARCH   |
| SMITH    | RESEARCH   |
| JONES    | RESEARCH   |
| SCOTT    | RESEARCH   |
| FRED     | RESEARCH   |
| ADAMS    | RESEARCH   |
| zzz      | RESEARCH   |
| GITA     | SALES      |
| ALLEN    | SALES      |
| WARD     | SALES      |
| MARTIN   | SALES      |
| BLAKE    | SALES      |
| TURNER   | SALES      |
| JAMES    | SALES      |
| HOFFMAN  | SALES      |
| GRASS    | SALES      |
| AARUSH   | SALES      |
| ALEX     | SALES      |
| NATASHA  | SALES      |
| VRUSHALI | HR         |
| SANGITA  | HR         |
| SUPRIYA  | HR         |
+----------+------------+
28 rows in set (0.00 sec)

mysql> select ename, dname from emp inner join dept using(deptno);
+----------+------------+
| ename    | dname      |
+----------+------------+
| AARAV    | ACCOUNTING |
| THOMAS   | ACCOUNTING |
| CLARK    | ACCOUNTING |
| KING     | ACCOUNTING |
| MILLER   | ACCOUNTING |
| SHARMIN  | RESEARCH   |
| BANDISH  | RESEARCH   |
| SMITH    | RESEARCH   |
| JONES    | RESEARCH   |
| SCOTT    | RESEARCH   |
| FRED     | RESEARCH   |
| ADAMS    | RESEARCH   |
| zzz      | RESEARCH   |
| GITA     | SALES      |
| ALLEN    | SALES      |
| WARD     | SALES      |
| MARTIN   | SALES      |
| BLAKE    | SALES      |
| TURNER   | SALES      |
| JAMES    | SALES      |
| HOFFMAN  | SALES      |
| GRASS    | SALES      |
| AARUSH   | SALES      |
| ALEX     | SALES      |
| NATASHA  | SALES      |
| VRUSHALI | HR         |
| SANGITA  | HR         |
| SUPRIYA  | HR         |
+----------+------------+
28 rows in set (0.00 sec)

mysql> select ename, rate from emp inner join bonus on emp.bonusid = bonus.id
    -> ;
+----------+------+
| ename    | rate |
+----------+------+
| GITA     |  0.5 |
| VRUSHALI |  0.5 |
| SHARMIN  |  0.5 |
| BANDISH  |  0.5 |
| SMITH    | 0.75 |
| THOMAS   |  0.5 |
| ALLEN    | 0.15 |
| WARD     |  0.5 |
| JONES    | 0.15 |
| MARTIN   | 0.54 |
| BLAKE    |  0.5 |
| CLARK    | 0.25 |
| SCOTT    | 0.25 |
| KING     |  0.5 |
| FRED     |  0.5 |
| TURNER   | 0.55 |
| ADAMS    |  0.5 |
| JAMES    | 0.75 |
| zzz      | 0.15 |
| HOFFMAN  | 0.25 |
| GRASS    | 0.55 |
| MILLER   | 0.75 |
| ALEX     | 0.55 |
| NATASHA  |  0.5 |
| SANGITA  |  0.5 |
| SUPRIYA  |  0.5 |
+----------+------+
26 rows in set (0.00 sec)

mysql> select ename, rate from emp inner join bonus using(bonusid);
ERROR 1054 (42S22): Unknown column 'bonusid' in 'from clause'
mysql>
mysql>
mysql>
mysql> desc dept;
+-----------+-------------+------+-----+---------+-------+
| Field     | Type        | Null | Key | Default | Extra |
+-----------+-------------+------+-----+---------+-------+
| DEPTNO    | int         | NO   | PRI | NULL    |       |
| DNAME     | varchar(12) | YES  |     | NULL    |       |
| LOC       | varchar(10) | YES  |     | NULL    |       |
| PWD       | varchar(20) | YES  |     | NULL    |       |
| STARTEDON | varchar(10) | YES  |     | NULL    |       |
+-----------+-------------+------+-----+---------+-------+
5 rows in set (0.00 sec)

mysql> desc emp;
+-----------+-------------+------+-----+---------+-------+
| Field     | Type        | Null | Key | Default | Extra |
+-----------+-------------+------+-----+---------+-------+
| EMPNO     | int         | NO   | PRI | NULL    |       |
| ENAME     | varchar(12) | YES  |     | NULL    |       |
| GENDER    | char(1)     | YES  |     | NULL    |       |
| JOB       | varchar(20) | YES  |     | NULL    |       |
| MGR       | int         | YES  | MUL | NULL    |       |
| HIREDATE  | date        | YES  |     | NULL    |       |
| SAL       | int         | YES  |     | NULL    |       |
| COMM      | int         | YES  |     | NULL    |       |
| DEPTNO    | int         | NO   | MUL | NULL    |       |
| BONUSID   | int         | YES  |     | NULL    |       |
| USER NAME | varchar(20) | YES  |     | NULL    |       |
| PWD       | varchar(20) | YES  |     | NULL    |       |
| PHONE     | varchar(45) | YES  |     | NULL    |       |
| isActive  | tinyint(1)  | YES  |     | NULL    |       |
+-----------+-------------+------+-----+---------+-------+
14 rows in set (0.00 sec)

mysql> select * from dept;
+--------+------------+----------+------------+------------+
| DEPTNO | DNAME      | LOC      | PWD        | STARTEDON  |
+--------+------------+----------+------------+------------+
|     10 | ACCOUNTING | NEW YORK | r50mpm     | 24/03/1989 |
|     20 | RESEARCH   | DALLAS   | a12recmpm  | 12/04/1989 |
|     30 | SALES      | CHICAGO  | sales@2017 | 13/04/1989 |
|     40 | OPERATIONS | BOSTON   | opr@123    | 12/07/1989 |
|     50 | HR         | PUNE     | PUN@8877   | 22/12/1989 |
+--------+------------+----------+------------+------------+
5 rows in set (0.00 sec)

mysql> select * from emp order by deptno;
+-------+----------+--------+---------------------+------+------------+------+------+--------+---------+--------------+------------+------------+----------+
| EMPNO | ENAME    | GENDER | JOB                 | MGR  | HIREDATE   | SAL  | COMM | DEPTNO | BONUSID | USER NAME    | PWD        | PHONE      | isActive |
+-------+----------+--------+---------------------+------+------------+------+------+--------+---------+--------------+------------+------------+----------+
|  7415 | AARAV    | M      | CLERK               | 7902 | 1981-12-31 | 3350 | NULL |     10 |    NULL | AARAV        | NULL       | 7032300084 |        0 |
|  7421 | THOMAS   | M      | CLERK               | 7920 | 1981-07-19 | 1750 | NULL |     10 |       1 | THOMAS       | r50mpm     | 7032300011 |        0 |
|  7782 | CLARK    | M      | MANAGER             | 7839 | 1981-06-09 | 2450 | NULL |     10 |       3 | CLARK        | r50mpm     | 7032300001 |        1 |
|  7839 | KING     | M      | PRESIDENT           | NULL | 1981-11-17 | 5000 | NULL |     10 |       1 | KING         | r50mpm     | 7132300081 |        1 |
|  7934 | MILLER   | M      | CLERK               | 7782 | 1982-01-23 | 1300 | NULL |     10 |       2 | QUARTERNOTE  | r50mpm     | 7132300055 |        0 |
|  6473 | SHARMIN  | F      | Public Relation     | 7920 | 1981-07-19 | 1750 | NULL |     20 |       1 | SHARMIN      | a12recmpm  | NULL       |        1 |
|  6781 | BANDISH  | F      | Public Relation     | 7920 | 1981-07-19 | 1750 | NULL |     20 |       1 | BANDISH      | a12recmpm  | NULL       |        1 |
|  7369 | SMITH    | M      | CLERK               | 7902 | 1980-12-17 |  800 | NULL |     20 |       2 | TRITONE      | a12recmpm  | 7032300023 |        0 |
|  7566 | JONES    | M      | MANAGER             | 7839 | 1981-04-02 | 2975 | NULL |     20 |       4 | HONEYCOMB    | a12recmpm  | 7132300039 |        1 |
|  7788 | SCOTT    | M      | ANALYST             | 7566 | 1982-12-09 | 3000 | NULL |     20 |       3 | WHITE SAND   | a12recmpm  | NULL       |        1 |
|  7840 | FRED     | M      | vice PRESIDENT      | 7839 | 1983-08-09 | 5000 | NULL |     20 |       1 | SAND STONE   | a12recmpm  | NULL       |        1 |
|  7876 | ADAMS    | M      | CLERK               | 7788 | 1983-01-12 | 1100 | NULL |     20 |       1 | CRAZY ANYONE | a12recmpm  | 7132300086 |        1 |
|  7902 | zzz      | M      | ANALYST             | 7566 | 1981-12-03 | 3000 | NULL |     20 |       4 | CONBRIO      | a12recmpm  | NULL       |        0 |
|  6001 | GITA     | F      | Compliance officers | 7920 | 1981-07-19 | 1750 | NULL |     30 |       1 | GITA         | sales@2017 | NULL       |        1 |
|  7499 | ALLEN    | M      | SALESMAN            | 7698 | 1981-02-20 | 1600 |  300 |     30 |       4 | ALWAYS TESTE | sales@2017 | 7032300096 |        1 |
|  7521 | WARD     | M      | SALESMAN            | 7698 | 1981-02-22 | 1250 |  500 |     30 |       1 | WARD         | sales@2017 | 7132300034 |        1 |
|  7654 | MARTIN   | M      | SALESMAN            | 7698 | 1981-09-28 | 1250 | 1400 |     30 |       6 | LIFE RACER   | sales@2017 | 7132300050 |        1 |
|  7698 | BLAKE    | M      | MANAGER             | 7839 | 1981-05-01 | 2850 | NULL |     30 |       1 | BIG BEN      | sales@2017 | 7132300027 |        1 |
|  7844 | TURNER   | M      | SALESMAN            | 7698 | 1981-09-08 | 1500 |    0 |     30 |       5 | SAND DUST    | sales@2017 | NULL       |        1 |
|  7900 | JAMES    | M      | CLERK               | 7698 | 1981-12-03 |  950 | NULL |     30 |       2 | CRAZY LEADER | sales@2017 | 7132300042 |        1 |
|  7919 | HOFFMAN  | M      | MANAGER             | 7566 | 1982-03-24 | 4150 | NULL |     30 |       3 | INTERVAL     | sales@2017 | NULL       |        1 |
|  7920 | GRASS    | M      | SALESMAN            | 7919 | 1980-02-14 | 2575 | 2700 |     30 |       5 | GRASS        | sales@2017 | NULL       |        1 |
|  7945 | AARUSH   | M      | SALESMAN            | 7902 | 1980-02-14 | 1350 | 2700 |     30 |    NULL | AARUSH       | ABCDEF     | NULL       |        0 |
|  7949 | ALEX     | M      | MANAGER             | 7698 | 1982-01-24 | 1250 |  500 |     30 |       5 | QUARTERREST  | sales@2017 | 7156567183 |        1 |
|  8433 | NATASHA  | F      | CLERK               | 7920 | 1981-07-19 | 1750 | NULL |     30 |       1 | NATASHA      | sales@2017 | NULL       |        1 |
|  6129 | VRUSHALI | F      | Compliance officers | 7920 | 1981-07-19 | 1750 | NULL |     50 |       1 | VRUSHALI     | PUN@8877   | NULL       |        1 |
|  9400 | SANGITA  | F      | Compliance officers | 7920 | 1981-07-19 | 1750 | NULL |     50 |       1 | SANGITA      | NULL       | NULL       |        1 |
|  9473 | SUPRIYA  | F      | ANALYST             | 7920 | 1981-07-19 | 1750 | NULL |     50 |       1 | SUPRIYA      | XYZ@1234   | NULL       |        1 |
+-------+----------+--------+---------------------+------+------------+------+------+--------+---------+--------------+------------+------------+----------+
28 rows in set (0.00 sec)

mysql> select ename, dname, emp.deptno, dept.deptno, emp.pwd, dept.pqd  from emp inner join dpet on emp.deptno = dept.deptno and emp.pwd = dept.pwd;
ERROR 1146 (42S02): Table 'db1.dpet' doesn't exist
mysql> select ename, dname, emp.deptno, dept.deptno, emp.pwd, dept.pwd  from emp inner join dpet on emp.deptno = dept.deptno and emp.pwd = dept.pwd;
ERROR 1146 (42S02): Table 'db1.dpet' doesn't exist
mysql> select ename, dname, emp.deptno, dept.deptno, emp.pwd, dept.pwd  from emp inner join dept on emp.deptno = dept.deptno and emp.pwd = dept.pwd;
+----------+------------+--------+--------+------------+------------+
| ename    | dname      | deptno | deptno | pwd        | pwd        |
+----------+------------+--------+--------+------------+------------+
| THOMAS   | ACCOUNTING |     10 |     10 | r50mpm     | r50mpm     |
| CLARK    | ACCOUNTING |     10 |     10 | r50mpm     | r50mpm     |
| KING     | ACCOUNTING |     10 |     10 | r50mpm     | r50mpm     |
| MILLER   | ACCOUNTING |     10 |     10 | r50mpm     | r50mpm     |
| SHARMIN  | RESEARCH   |     20 |     20 | a12recmpm  | a12recmpm  |
| BANDISH  | RESEARCH   |     20 |     20 | a12recmpm  | a12recmpm  |
| SMITH    | RESEARCH   |     20 |     20 | a12recmpm  | a12recmpm  |
| JONES    | RESEARCH   |     20 |     20 | a12recmpm  | a12recmpm  |
| SCOTT    | RESEARCH   |     20 |     20 | a12recmpm  | a12recmpm  |
| FRED     | RESEARCH   |     20 |     20 | a12recmpm  | a12recmpm  |
| ADAMS    | RESEARCH   |     20 |     20 | a12recmpm  | a12recmpm  |
| zzz      | RESEARCH   |     20 |     20 | a12recmpm  | a12recmpm  |
| GITA     | SALES      |     30 |     30 | sales@2017 | sales@2017 |
| ALLEN    | SALES      |     30 |     30 | sales@2017 | sales@2017 |
| WARD     | SALES      |     30 |     30 | sales@2017 | sales@2017 |
| MARTIN   | SALES      |     30 |     30 | sales@2017 | sales@2017 |
| BLAKE    | SALES      |     30 |     30 | sales@2017 | sales@2017 |
| TURNER   | SALES      |     30 |     30 | sales@2017 | sales@2017 |
| JAMES    | SALES      |     30 |     30 | sales@2017 | sales@2017 |
| HOFFMAN  | SALES      |     30 |     30 | sales@2017 | sales@2017 |
| GRASS    | SALES      |     30 |     30 | sales@2017 | sales@2017 |
| ALEX     | SALES      |     30 |     30 | sales@2017 | sales@2017 |
| NATASHA  | SALES      |     30 |     30 | sales@2017 | sales@2017 |
| VRUSHALI | HR         |     50 |     50 | PUN@8877   | PUN@8877   |
+----------+------------+--------+--------+------------+------------+
24 rows in set (0.00 sec)

mysql> select ename, dname, emp.deptno, dept.deptno, emp.pwd, dept.pwd  from emp natural join dept;
+----------+------------+--------+--------+------------+------------+
| ename    | dname      | deptno | deptno | pwd        | pwd        |
+----------+------------+--------+--------+------------+------------+
| THOMAS   | ACCOUNTING |     10 |     10 | r50mpm     | r50mpm     |
| CLARK    | ACCOUNTING |     10 |     10 | r50mpm     | r50mpm     |
| KING     | ACCOUNTING |     10 |     10 | r50mpm     | r50mpm     |
| MILLER   | ACCOUNTING |     10 |     10 | r50mpm     | r50mpm     |
| SHARMIN  | RESEARCH   |     20 |     20 | a12recmpm  | a12recmpm  |
| BANDISH  | RESEARCH   |     20 |     20 | a12recmpm  | a12recmpm  |
| SMITH    | RESEARCH   |     20 |     20 | a12recmpm  | a12recmpm  |
| JONES    | RESEARCH   |     20 |     20 | a12recmpm  | a12recmpm  |
| SCOTT    | RESEARCH   |     20 |     20 | a12recmpm  | a12recmpm  |
| FRED     | RESEARCH   |     20 |     20 | a12recmpm  | a12recmpm  |
| ADAMS    | RESEARCH   |     20 |     20 | a12recmpm  | a12recmpm  |
| zzz      | RESEARCH   |     20 |     20 | a12recmpm  | a12recmpm  |
| GITA     | SALES      |     30 |     30 | sales@2017 | sales@2017 |
| ALLEN    | SALES      |     30 |     30 | sales@2017 | sales@2017 |
| WARD     | SALES      |     30 |     30 | sales@2017 | sales@2017 |
| MARTIN   | SALES      |     30 |     30 | sales@2017 | sales@2017 |
| BLAKE    | SALES      |     30 |     30 | sales@2017 | sales@2017 |
| TURNER   | SALES      |     30 |     30 | sales@2017 | sales@2017 |
| JAMES    | SALES      |     30 |     30 | sales@2017 | sales@2017 |
| HOFFMAN  | SALES      |     30 |     30 | sales@2017 | sales@2017 |
| GRASS    | SALES      |     30 |     30 | sales@2017 | sales@2017 |
| ALEX     | SALES      |     30 |     30 | sales@2017 | sales@2017 |
| NATASHA  | SALES      |     30 |     30 | sales@2017 | sales@2017 |
| VRUSHALI | HR         |     50 |     50 | PUN@8877   | PUN@8877   |
+----------+------------+--------+--------+------------+------------+
24 rows in set (0.02 sec)

mysql> select *  from emp natural join dept;
+--------+------------+-------+----------+--------+---------------------+------+------------+------+------+---------+--------------+------------+----------+------------+----------+------------+
| DEPTNO | PWD        | EMPNO | ENAME    | GENDER | JOB                 | MGR  | HIREDATE   | SAL  | COMM | BONUSID | USER NAME    | PHONE      | isActive | DNAME      | LOC      | STARTEDON  |
+--------+------------+-------+----------+--------+---------------------+------+------------+------+------+---------+--------------+------------+----------+------------+----------+------------+
|     10 | r50mpm     |  7421 | THOMAS   | M      | CLERK               | 7920 | 1981-07-19 | 1750 | NULL |       1 | THOMAS       | 7032300011 |        0 | ACCOUNTING | NEW YORK | 24/03/1989 |
|     10 | r50mpm     |  7782 | CLARK    | M      | MANAGER             | 7839 | 1981-06-09 | 2450 | NULL |       3 | CLARK        | 7032300001 |        1 | ACCOUNTING | NEW YORK | 24/03/1989 |
|     10 | r50mpm     |  7839 | KING     | M      | PRESIDENT           | NULL | 1981-11-17 | 5000 | NULL |       1 | KING         | 7132300081 |        1 | ACCOUNTING | NEW YORK | 24/03/1989 |
|     10 | r50mpm     |  7934 | MILLER   | M      | CLERK               | 7782 | 1982-01-23 | 1300 | NULL |       2 | QUARTERNOTE  | 7132300055 |        0 | ACCOUNTING | NEW YORK | 24/03/1989 |
|     20 | a12recmpm  |  6473 | SHARMIN  | F      | Public Relation     | 7920 | 1981-07-19 | 1750 | NULL |       1 | SHARMIN      | NULL       |        1 | RESEARCH   | DALLAS   | 12/04/1989 |
|     20 | a12recmpm  |  6781 | BANDISH  | F      | Public Relation     | 7920 | 1981-07-19 | 1750 | NULL |       1 | BANDISH      | NULL       |        1 | RESEARCH   | DALLAS   | 12/04/1989 |
|     20 | a12recmpm  |  7369 | SMITH    | M      | CLERK               | 7902 | 1980-12-17 |  800 | NULL |       2 | TRITONE      | 7032300023 |        0 | RESEARCH   | DALLAS   | 12/04/1989 |
|     20 | a12recmpm  |  7566 | JONES    | M      | MANAGER             | 7839 | 1981-04-02 | 2975 | NULL |       4 | HONEYCOMB    | 7132300039 |        1 | RESEARCH   | DALLAS   | 12/04/1989 |
|     20 | a12recmpm  |  7788 | SCOTT    | M      | ANALYST             | 7566 | 1982-12-09 | 3000 | NULL |       3 | WHITE SAND   | NULL       |        1 | RESEARCH   | DALLAS   | 12/04/1989 |
|     20 | a12recmpm  |  7840 | FRED     | M      | vice PRESIDENT      | 7839 | 1983-08-09 | 5000 | NULL |       1 | SAND STONE   | NULL       |        1 | RESEARCH   | DALLAS   | 12/04/1989 |
|     20 | a12recmpm  |  7876 | ADAMS    | M      | CLERK               | 7788 | 1983-01-12 | 1100 | NULL |       1 | CRAZY ANYONE | 7132300086 |        1 | RESEARCH   | DALLAS   | 12/04/1989 |
|     20 | a12recmpm  |  7902 | zzz      | M      | ANALYST             | 7566 | 1981-12-03 | 3000 | NULL |       4 | CONBRIO      | NULL       |        0 | RESEARCH   | DALLAS   | 12/04/1989 |
|     30 | sales@2017 |  6001 | GITA     | F      | Compliance officers | 7920 | 1981-07-19 | 1750 | NULL |       1 | GITA         | NULL       |        1 | SALES      | CHICAGO  | 13/04/1989 |
|     30 | sales@2017 |  7499 | ALLEN    | M      | SALESMAN            | 7698 | 1981-02-20 | 1600 |  300 |       4 | ALWAYS TESTE | 7032300096 |        1 | SALES      | CHICAGO  | 13/04/1989 |
|     30 | sales@2017 |  7521 | WARD     | M      | SALESMAN            | 7698 | 1981-02-22 | 1250 |  500 |       1 | WARD         | 7132300034 |        1 | SALES      | CHICAGO  | 13/04/1989 |
|     30 | sales@2017 |  7654 | MARTIN   | M      | SALESMAN            | 7698 | 1981-09-28 | 1250 | 1400 |       6 | LIFE RACER   | 7132300050 |        1 | SALES      | CHICAGO  | 13/04/1989 |
|     30 | sales@2017 |  7698 | BLAKE    | M      | MANAGER             | 7839 | 1981-05-01 | 2850 | NULL |       1 | BIG BEN      | 7132300027 |        1 | SALES      | CHICAGO  | 13/04/1989 |
|     30 | sales@2017 |  7844 | TURNER   | M      | SALESMAN            | 7698 | 1981-09-08 | 1500 |    0 |       5 | SAND DUST    | NULL       |        1 | SALES      | CHICAGO  | 13/04/1989 |
|     30 | sales@2017 |  7900 | JAMES    | M      | CLERK               | 7698 | 1981-12-03 |  950 | NULL |       2 | CRAZY LEADER | 7132300042 |        1 | SALES      | CHICAGO  | 13/04/1989 |
|     30 | sales@2017 |  7919 | HOFFMAN  | M      | MANAGER             | 7566 | 1982-03-24 | 4150 | NULL |       3 | INTERVAL     | NULL       |        1 | SALES      | CHICAGO  | 13/04/1989 |
|     30 | sales@2017 |  7920 | GRASS    | M      | SALESMAN            | 7919 | 1980-02-14 | 2575 | 2700 |       5 | GRASS        | NULL       |        1 | SALES      | CHICAGO  | 13/04/1989 |
|     30 | sales@2017 |  7949 | ALEX     | M      | MANAGER             | 7698 | 1982-01-24 | 1250 |  500 |       5 | QUARTERREST  | 7156567183 |        1 | SALES      | CHICAGO  | 13/04/1989 |
|     30 | sales@2017 |  8433 | NATASHA  | F      | CLERK               | 7920 | 1981-07-19 | 1750 | NULL |       1 | NATASHA      | NULL       |        1 | SALES      | CHICAGO  | 13/04/1989 |
|     50 | PUN@8877   |  6129 | VRUSHALI | F      | Compliance officers | 7920 | 1981-07-19 | 1750 | NULL |       1 | VRUSHALI     | NULL       |        1 | HR         | PUNE     | 22/12/1989 |
+--------+------------+-------+----------+--------+---------------------+------+------------+------+------+---------+--------------+------------+----------+------------+----------+------------+
24 rows in set (0.00 sec)

mysql> select *  from emp simple join dept;
+-------+----------+--------+---------------------+------+------------+------+------+--------+---------+--------------+------------+------------+----------+--------+------------+----------+------------+------------+
| EMPNO | ENAME    | GENDER | JOB                 | MGR  | HIREDATE   | SAL  | COMM | DEPTNO | BONUSID | USER NAME    | PWD        | PHONE      | isActive | DEPTNO | DNAME      | LOC      | PWD        | STARTEDON  |
+-------+----------+--------+---------------------+------+------------+------+------+--------+---------+--------------+------------+------------+----------+--------+------------+----------+------------+------------+
|  6001 | GITA     | F      | Compliance officers | 7920 | 1981-07-19 | 1750 | NULL |     30 |       1 | GITA         | sales@2017 | NULL       |        1 |     50 | HR         | PUNE     | PUN@8877   | 22/12/1989 |
|  6001 | GITA     | F      | Compliance officers | 7920 | 1981-07-19 | 1750 | NULL |     30 |       1 | GITA         | sales@2017 | NULL       |        1 |     40 | OPERATIONS | BOSTON   | opr@123    | 12/07/1989 |
|  6001 | GITA     | F      | Compliance officers | 7920 | 1981-07-19 | 1750 | NULL |     30 |       1 | GITA         | sales@2017 | NULL       |        1 |     30 | SALES      | CHICAGO  | sales@2017 | 13/04/1989 |
|  6001 | GITA     | F      | Compliance officers | 7920 | 1981-07-19 | 1750 | NULL |     30 |       1 | GITA         | sales@2017 | NULL       |        1 |     20 | RESEARCH   | DALLAS   | a12recmpm  | 12/04/1989 |
|  6001 | GITA     | F      | Compliance officers | 7920 | 1981-07-19 | 1750 | NULL |     30 |       1 | GITA         | sales@2017 | NULL       |        1 |     10 | ACCOUNTING | NEW YORK | r50mpm     | 24/03/1989 |
|  6129 | VRUSHALI | F      | Compliance officers | 7920 | 1981-07-19 | 1750 | NULL |     50 |       1 | VRUSHALI     | PUN@8877   | NULL       |        1 |     50 | HR         | PUNE     | PUN@8877   | 22/12/1989 |
|  6129 | VRUSHALI | F      | Compliance officers | 7920 | 1981-07-19 | 1750 | NULL |     50 |       1 | VRUSHALI     | PUN@8877   | NULL       |        1 |     40 | OPERATIONS | BOSTON   | opr@123    | 12/07/1989 |
|  6129 | VRUSHALI | F      | Compliance officers | 7920 | 1981-07-19 | 1750 | NULL |     50 |       1 | VRUSHALI     | PUN@8877   | NULL       |        1 |     30 | SALES      | CHICAGO  | sales@2017 | 13/04/1989 |
|  6129 | VRUSHALI | F      | Compliance officers | 7920 | 1981-07-19 | 1750 | NULL |     50 |       1 | VRUSHALI     | PUN@8877   | NULL       |        1 |     20 | RESEARCH   | DALLAS   | a12recmpm  | 12/04/1989 |
|  6129 | VRUSHALI | F      | Compliance officers | 7920 | 1981-07-19 | 1750 | NULL |     50 |       1 | VRUSHALI     | PUN@8877   | NULL       |        1 |     10 | ACCOUNTING | NEW YORK | r50mpm     | 24/03/1989 |
|  6473 | SHARMIN  | F      | Public Relation     | 7920 | 1981-07-19 | 1750 | NULL |     20 |       1 | SHARMIN      | a12recmpm  | NULL       |        1 |     50 | HR         | PUNE     | PUN@8877   | 22/12/1989 |
|  6473 | SHARMIN  | F      | Public Relation     | 7920 | 1981-07-19 | 1750 | NULL |     20 |       1 | SHARMIN      | a12recmpm  | NULL       |        1 |     40 | OPERATIONS | BOSTON   | opr@123    | 12/07/1989 |
|  6473 | SHARMIN  | F      | Public Relation     | 7920 | 1981-07-19 | 1750 | NULL |     20 |       1 | SHARMIN      | a12recmpm  | NULL       |        1 |     30 | SALES      | CHICAGO  | sales@2017 | 13/04/1989 |
|  6473 | SHARMIN  | F      | Public Relation     | 7920 | 1981-07-19 | 1750 | NULL |     20 |       1 | SHARMIN      | a12recmpm  | NULL       |        1 |     20 | RESEARCH   | DALLAS   | a12recmpm  | 12/04/1989 |
|  6473 | SHARMIN  | F      | Public Relation     | 7920 | 1981-07-19 | 1750 | NULL |     20 |       1 | SHARMIN      | a12recmpm  | NULL       |        1 |     10 | ACCOUNTING | NEW YORK | r50mpm     | 24/03/1989 |
|  6781 | BANDISH  | F      | Public Relation     | 7920 | 1981-07-19 | 1750 | NULL |     20 |       1 | BANDISH      | a12recmpm  | NULL       |        1 |     50 | HR         | PUNE     | PUN@8877   | 22/12/1989 |
|  6781 | BANDISH  | F      | Public Relation     | 7920 | 1981-07-19 | 1750 | NULL |     20 |       1 | BANDISH      | a12recmpm  | NULL       |        1 |     40 | OPERATIONS | BOSTON   | opr@123    | 12/07/1989 |
|  6781 | BANDISH  | F      | Public Relation     | 7920 | 1981-07-19 | 1750 | NULL |     20 |       1 | BANDISH      | a12recmpm  | NULL       |        1 |     30 | SALES      | CHICAGO  | sales@2017 | 13/04/1989 |
|  6781 | BANDISH  | F      | Public Relation     | 7920 | 1981-07-19 | 1750 | NULL |     20 |       1 | BANDISH      | a12recmpm  | NULL       |        1 |     20 | RESEARCH   | DALLAS   | a12recmpm  | 12/04/1989 |
|  6781 | BANDISH  | F      | Public Relation     | 7920 | 1981-07-19 | 1750 | NULL |     20 |       1 | BANDISH      | a12recmpm  | NULL       |        1 |     10 | ACCOUNTING | NEW YORK | r50mpm     | 24/03/1989 |
|  7369 | SMITH    | M      | CLERK               | 7902 | 1980-12-17 |  800 | NULL |     20 |       2 | TRITONE      | a12recmpm  | 7032300023 |        0 |     50 | HR         | PUNE     | PUN@8877   | 22/12/1989 |
|  7369 | SMITH    | M      | CLERK               | 7902 | 1980-12-17 |  800 | NULL |     20 |       2 | TRITONE      | a12recmpm  | 7032300023 |        0 |     40 | OPERATIONS | BOSTON   | opr@123    | 12/07/1989 |
|  7369 | SMITH    | M      | CLERK               | 7902 | 1980-12-17 |  800 | NULL |     20 |       2 | TRITONE      | a12recmpm  | 7032300023 |        0 |     30 | SALES      | CHICAGO  | sales@2017 | 13/04/1989 |
|  7369 | SMITH    | M      | CLERK               | 7902 | 1980-12-17 |  800 | NULL |     20 |       2 | TRITONE      | a12recmpm  | 7032300023 |        0 |     20 | RESEARCH   | DALLAS   | a12recmpm  | 12/04/1989 |
|  7369 | SMITH    | M      | CLERK               | 7902 | 1980-12-17 |  800 | NULL |     20 |       2 | TRITONE      | a12recmpm  | 7032300023 |        0 |     10 | ACCOUNTING | NEW YORK | r50mpm     | 24/03/1989 |
|  7415 | AARAV    | M      | CLERK               | 7902 | 1981-12-31 | 3350 | NULL |     10 |    NULL | AARAV        | NULL       | 7032300084 |        0 |     50 | HR         | PUNE     | PUN@8877   | 22/12/1989 |
|  7415 | AARAV    | M      | CLERK               | 7902 | 1981-12-31 | 3350 | NULL |     10 |    NULL | AARAV        | NULL       | 7032300084 |        0 |     40 | OPERATIONS | BOSTON   | opr@123    | 12/07/1989 |
|  7415 | AARAV    | M      | CLERK               | 7902 | 1981-12-31 | 3350 | NULL |     10 |    NULL | AARAV        | NULL       | 7032300084 |        0 |     30 | SALES      | CHICAGO  | sales@2017 | 13/04/1989 |
|  7415 | AARAV    | M      | CLERK               | 7902 | 1981-12-31 | 3350 | NULL |     10 |    NULL | AARAV        | NULL       | 7032300084 |        0 |     20 | RESEARCH   | DALLAS   | a12recmpm  | 12/04/1989 |
|  7415 | AARAV    | M      | CLERK               | 7902 | 1981-12-31 | 3350 | NULL |     10 |    NULL | AARAV        | NULL       | 7032300084 |        0 |     10 | ACCOUNTING | NEW YORK | r50mpm     | 24/03/1989 |
|  7421 | THOMAS   | M      | CLERK               | 7920 | 1981-07-19 | 1750 | NULL |     10 |       1 | THOMAS       | r50mpm     | 7032300011 |        0 |     50 | HR         | PUNE     | PUN@8877   | 22/12/1989 |
|  7421 | THOMAS   | M      | CLERK               | 7920 | 1981-07-19 | 1750 | NULL |     10 |       1 | THOMAS       | r50mpm     | 7032300011 |        0 |     40 | OPERATIONS | BOSTON   | opr@123    | 12/07/1989 |
|  7421 | THOMAS   | M      | CLERK               | 7920 | 1981-07-19 | 1750 | NULL |     10 |       1 | THOMAS       | r50mpm     | 7032300011 |        0 |     30 | SALES      | CHICAGO  | sales@2017 | 13/04/1989 |
|  7421 | THOMAS   | M      | CLERK               | 7920 | 1981-07-19 | 1750 | NULL |     10 |       1 | THOMAS       | r50mpm     | 7032300011 |        0 |     20 | RESEARCH   | DALLAS   | a12recmpm  | 12/04/1989 |
|  7421 | THOMAS   | M      | CLERK               | 7920 | 1981-07-19 | 1750 | NULL |     10 |       1 | THOMAS       | r50mpm     | 7032300011 |        0 |     10 | ACCOUNTING | NEW YORK | r50mpm     | 24/03/1989 |
|  7499 | ALLEN    | M      | SALESMAN            | 7698 | 1981-02-20 | 1600 |  300 |     30 |       4 | ALWAYS TESTE | sales@2017 | 7032300096 |        1 |     50 | HR         | PUNE     | PUN@8877   | 22/12/1989 |
|  7499 | ALLEN    | M      | SALESMAN            | 7698 | 1981-02-20 | 1600 |  300 |     30 |       4 | ALWAYS TESTE | sales@2017 | 7032300096 |        1 |     40 | OPERATIONS | BOSTON   | opr@123    | 12/07/1989 |
|  7499 | ALLEN    | M      | SALESMAN            | 7698 | 1981-02-20 | 1600 |  300 |     30 |       4 | ALWAYS TESTE | sales@2017 | 7032300096 |        1 |     30 | SALES      | CHICAGO  | sales@2017 | 13/04/1989 |
|  7499 | ALLEN    | M      | SALESMAN            | 7698 | 1981-02-20 | 1600 |  300 |     30 |       4 | ALWAYS TESTE | sales@2017 | 7032300096 |        1 |     20 | RESEARCH   | DALLAS   | a12recmpm  | 12/04/1989 |
|  7499 | ALLEN    | M      | SALESMAN            | 7698 | 1981-02-20 | 1600 |  300 |     30 |       4 | ALWAYS TESTE | sales@2017 | 7032300096 |        1 |     10 | ACCOUNTING | NEW YORK | r50mpm     | 24/03/1989 |
|  7521 | WARD     | M      | SALESMAN            | 7698 | 1981-02-22 | 1250 |  500 |     30 |       1 | WARD         | sales@2017 | 7132300034 |        1 |     50 | HR         | PUNE     | PUN@8877   | 22/12/1989 |
|  7521 | WARD     | M      | SALESMAN            | 7698 | 1981-02-22 | 1250 |  500 |     30 |       1 | WARD         | sales@2017 | 7132300034 |        1 |     40 | OPERATIONS | BOSTON   | opr@123    | 12/07/1989 |
|  7521 | WARD     | M      | SALESMAN            | 7698 | 1981-02-22 | 1250 |  500 |     30 |       1 | WARD         | sales@2017 | 7132300034 |        1 |     30 | SALES      | CHICAGO  | sales@2017 | 13/04/1989 |
|  7521 | WARD     | M      | SALESMAN            | 7698 | 1981-02-22 | 1250 |  500 |     30 |       1 | WARD         | sales@2017 | 7132300034 |        1 |     20 | RESEARCH   | DALLAS   | a12recmpm  | 12/04/1989 |
|  7521 | WARD     | M      | SALESMAN            | 7698 | 1981-02-22 | 1250 |  500 |     30 |       1 | WARD         | sales@2017 | 7132300034 |        1 |     10 | ACCOUNTING | NEW YORK | r50mpm     | 24/03/1989 |
|  7566 | JONES    | M      | MANAGER             | 7839 | 1981-04-02 | 2975 | NULL |     20 |       4 | HONEYCOMB    | a12recmpm  | 7132300039 |        1 |     50 | HR         | PUNE     | PUN@8877   | 22/12/1989 |
|  7566 | JONES    | M      | MANAGER             | 7839 | 1981-04-02 | 2975 | NULL |     20 |       4 | HONEYCOMB    | a12recmpm  | 7132300039 |        1 |     40 | OPERATIONS | BOSTON   | opr@123    | 12/07/1989 |
|  7566 | JONES    | M      | MANAGER             | 7839 | 1981-04-02 | 2975 | NULL |     20 |       4 | HONEYCOMB    | a12recmpm  | 7132300039 |        1 |     30 | SALES      | CHICAGO  | sales@2017 | 13/04/1989 |
|  7566 | JONES    | M      | MANAGER             | 7839 | 1981-04-02 | 2975 | NULL |     20 |       4 | HONEYCOMB    | a12recmpm  | 7132300039 |        1 |     20 | RESEARCH   | DALLAS   | a12recmpm  | 12/04/1989 |
|  7566 | JONES    | M      | MANAGER             | 7839 | 1981-04-02 | 2975 | NULL |     20 |       4 | HONEYCOMB    | a12recmpm  | 7132300039 |        1 |     10 | ACCOUNTING | NEW YORK | r50mpm     | 24/03/1989 |
|  7654 | MARTIN   | M      | SALESMAN            | 7698 | 1981-09-28 | 1250 | 1400 |     30 |       6 | LIFE RACER   | sales@2017 | 7132300050 |        1 |     50 | HR         | PUNE     | PUN@8877   | 22/12/1989 |
|  7654 | MARTIN   | M      | SALESMAN            | 7698 | 1981-09-28 | 1250 | 1400 |     30 |       6 | LIFE RACER   | sales@2017 | 7132300050 |        1 |     40 | OPERATIONS | BOSTON   | opr@123    | 12/07/1989 |
|  7654 | MARTIN   | M      | SALESMAN            | 7698 | 1981-09-28 | 1250 | 1400 |     30 |       6 | LIFE RACER   | sales@2017 | 7132300050 |        1 |     30 | SALES      | CHICAGO  | sales@2017 | 13/04/1989 |
|  7654 | MARTIN   | M      | SALESMAN            | 7698 | 1981-09-28 | 1250 | 1400 |     30 |       6 | LIFE RACER   | sales@2017 | 7132300050 |        1 |     20 | RESEARCH   | DALLAS   | a12recmpm  | 12/04/1989 |
|  7654 | MARTIN   | M      | SALESMAN            | 7698 | 1981-09-28 | 1250 | 1400 |     30 |       6 | LIFE RACER   | sales@2017 | 7132300050 |        1 |     10 | ACCOUNTING | NEW YORK | r50mpm     | 24/03/1989 |
|  7698 | BLAKE    | M      | MANAGER             | 7839 | 1981-05-01 | 2850 | NULL |     30 |       1 | BIG BEN      | sales@2017 | 7132300027 |        1 |     50 | HR         | PUNE     | PUN@8877   | 22/12/1989 |
|  7698 | BLAKE    | M      | MANAGER             | 7839 | 1981-05-01 | 2850 | NULL |     30 |       1 | BIG BEN      | sales@2017 | 7132300027 |        1 |     40 | OPERATIONS | BOSTON   | opr@123    | 12/07/1989 |
|  7698 | BLAKE    | M      | MANAGER             | 7839 | 1981-05-01 | 2850 | NULL |     30 |       1 | BIG BEN      | sales@2017 | 7132300027 |        1 |     30 | SALES      | CHICAGO  | sales@2017 | 13/04/1989 |
|  7698 | BLAKE    | M      | MANAGER             | 7839 | 1981-05-01 | 2850 | NULL |     30 |       1 | BIG BEN      | sales@2017 | 7132300027 |        1 |     20 | RESEARCH   | DALLAS   | a12recmpm  | 12/04/1989 |
|  7698 | BLAKE    | M      | MANAGER             | 7839 | 1981-05-01 | 2850 | NULL |     30 |       1 | BIG BEN      | sales@2017 | 7132300027 |        1 |     10 | ACCOUNTING | NEW YORK | r50mpm     | 24/03/1989 |
|  7782 | CLARK    | M      | MANAGER             | 7839 | 1981-06-09 | 2450 | NULL |     10 |       3 | CLARK        | r50mpm     | 7032300001 |        1 |     50 | HR         | PUNE     | PUN@8877   | 22/12/1989 |
|  7782 | CLARK    | M      | MANAGER             | 7839 | 1981-06-09 | 2450 | NULL |     10 |       3 | CLARK        | r50mpm     | 7032300001 |        1 |     40 | OPERATIONS | BOSTON   | opr@123    | 12/07/1989 |
|  7782 | CLARK    | M      | MANAGER             | 7839 | 1981-06-09 | 2450 | NULL |     10 |       3 | CLARK        | r50mpm     | 7032300001 |        1 |     30 | SALES      | CHICAGO  | sales@2017 | 13/04/1989 |
|  7782 | CLARK    | M      | MANAGER             | 7839 | 1981-06-09 | 2450 | NULL |     10 |       3 | CLARK        | r50mpm     | 7032300001 |        1 |     20 | RESEARCH   | DALLAS   | a12recmpm  | 12/04/1989 |
|  7782 | CLARK    | M      | MANAGER             | 7839 | 1981-06-09 | 2450 | NULL |     10 |       3 | CLARK        | r50mpm     | 7032300001 |        1 |     10 | ACCOUNTING | NEW YORK | r50mpm     | 24/03/1989 |
|  7788 | SCOTT    | M      | ANALYST             | 7566 | 1982-12-09 | 3000 | NULL |     20 |       3 | WHITE SAND   | a12recmpm  | NULL       |        1 |     50 | HR         | PUNE     | PUN@8877   | 22/12/1989 |
|  7788 | SCOTT    | M      | ANALYST             | 7566 | 1982-12-09 | 3000 | NULL |     20 |       3 | WHITE SAND   | a12recmpm  | NULL       |        1 |     40 | OPERATIONS | BOSTON   | opr@123    | 12/07/1989 |
|  7788 | SCOTT    | M      | ANALYST             | 7566 | 1982-12-09 | 3000 | NULL |     20 |       3 | WHITE SAND   | a12recmpm  | NULL       |        1 |     30 | SALES      | CHICAGO  | sales@2017 | 13/04/1989 |
|  7788 | SCOTT    | M      | ANALYST             | 7566 | 1982-12-09 | 3000 | NULL |     20 |       3 | WHITE SAND   | a12recmpm  | NULL       |        1 |     20 | RESEARCH   | DALLAS   | a12recmpm  | 12/04/1989 |
|  7788 | SCOTT    | M      | ANALYST             | 7566 | 1982-12-09 | 3000 | NULL |     20 |       3 | WHITE SAND   | a12recmpm  | NULL       |        1 |     10 | ACCOUNTING | NEW YORK | r50mpm     | 24/03/1989 |
|  7839 | KING     | M      | PRESIDENT           | NULL | 1981-11-17 | 5000 | NULL |     10 |       1 | KING         | r50mpm     | 7132300081 |        1 |     50 | HR         | PUNE     | PUN@8877   | 22/12/1989 |
|  7839 | KING     | M      | PRESIDENT           | NULL | 1981-11-17 | 5000 | NULL |     10 |       1 | KING         | r50mpm     | 7132300081 |        1 |     40 | OPERATIONS | BOSTON   | opr@123    | 12/07/1989 |
|  7839 | KING     | M      | PRESIDENT           | NULL | 1981-11-17 | 5000 | NULL |     10 |       1 | KING         | r50mpm     | 7132300081 |        1 |     30 | SALES      | CHICAGO  | sales@2017 | 13/04/1989 |
|  7839 | KING     | M      | PRESIDENT           | NULL | 1981-11-17 | 5000 | NULL |     10 |       1 | KING         | r50mpm     | 7132300081 |        1 |     20 | RESEARCH   | DALLAS   | a12recmpm  | 12/04/1989 |
|  7839 | KING     | M      | PRESIDENT           | NULL | 1981-11-17 | 5000 | NULL |     10 |       1 | KING         | r50mpm     | 7132300081 |        1 |     10 | ACCOUNTING | NEW YORK | r50mpm     | 24/03/1989 |
|  7840 | FRED     | M      | vice PRESIDENT      | 7839 | 1983-08-09 | 5000 | NULL |     20 |       1 | SAND STONE   | a12recmpm  | NULL       |        1 |     50 | HR         | PUNE     | PUN@8877   | 22/12/1989 |
|  7840 | FRED     | M      | vice PRESIDENT      | 7839 | 1983-08-09 | 5000 | NULL |     20 |       1 | SAND STONE   | a12recmpm  | NULL       |        1 |     40 | OPERATIONS | BOSTON   | opr@123    | 12/07/1989 |
|  7840 | FRED     | M      | vice PRESIDENT      | 7839 | 1983-08-09 | 5000 | NULL |     20 |       1 | SAND STONE   | a12recmpm  | NULL       |        1 |     30 | SALES      | CHICAGO  | sales@2017 | 13/04/1989 |
|  7840 | FRED     | M      | vice PRESIDENT      | 7839 | 1983-08-09 | 5000 | NULL |     20 |       1 | SAND STONE   | a12recmpm  | NULL       |        1 |     20 | RESEARCH   | DALLAS   | a12recmpm  | 12/04/1989 |
|  7840 | FRED     | M      | vice PRESIDENT      | 7839 | 1983-08-09 | 5000 | NULL |     20 |       1 | SAND STONE   | a12recmpm  | NULL       |        1 |     10 | ACCOUNTING | NEW YORK | r50mpm     | 24/03/1989 |
|  7844 | TURNER   | M      | SALESMAN            | 7698 | 1981-09-08 | 1500 |    0 |     30 |       5 | SAND DUST    | sales@2017 | NULL       |        1 |     50 | HR         | PUNE     | PUN@8877   | 22/12/1989 |
|  7844 | TURNER   | M      | SALESMAN            | 7698 | 1981-09-08 | 1500 |    0 |     30 |       5 | SAND DUST    | sales@2017 | NULL       |        1 |     40 | OPERATIONS | BOSTON   | opr@123    | 12/07/1989 |
|  7844 | TURNER   | M      | SALESMAN            | 7698 | 1981-09-08 | 1500 |    0 |     30 |       5 | SAND DUST    | sales@2017 | NULL       |        1 |     30 | SALES      | CHICAGO  | sales@2017 | 13/04/1989 |
|  7844 | TURNER   | M      | SALESMAN            | 7698 | 1981-09-08 | 1500 |    0 |     30 |       5 | SAND DUST    | sales@2017 | NULL       |        1 |     20 | RESEARCH   | DALLAS   | a12recmpm  | 12/04/1989 |
|  7844 | TURNER   | M      | SALESMAN            | 7698 | 1981-09-08 | 1500 |    0 |     30 |       5 | SAND DUST    | sales@2017 | NULL       |        1 |     10 | ACCOUNTING | NEW YORK | r50mpm     | 24/03/1989 |
|  7876 | ADAMS    | M      | CLERK               | 7788 | 1983-01-12 | 1100 | NULL |     20 |       1 | CRAZY ANYONE | a12recmpm  | 7132300086 |        1 |     50 | HR         | PUNE     | PUN@8877   | 22/12/1989 |
|  7876 | ADAMS    | M      | CLERK               | 7788 | 1983-01-12 | 1100 | NULL |     20 |       1 | CRAZY ANYONE | a12recmpm  | 7132300086 |        1 |     40 | OPERATIONS | BOSTON   | opr@123    | 12/07/1989 |
|  7876 | ADAMS    | M      | CLERK               | 7788 | 1983-01-12 | 1100 | NULL |     20 |       1 | CRAZY ANYONE | a12recmpm  | 7132300086 |        1 |     30 | SALES      | CHICAGO  | sales@2017 | 13/04/1989 |
|  7876 | ADAMS    | M      | CLERK               | 7788 | 1983-01-12 | 1100 | NULL |     20 |       1 | CRAZY ANYONE | a12recmpm  | 7132300086 |        1 |     20 | RESEARCH   | DALLAS   | a12recmpm  | 12/04/1989 |
|  7876 | ADAMS    | M      | CLERK               | 7788 | 1983-01-12 | 1100 | NULL |     20 |       1 | CRAZY ANYONE | a12recmpm  | 7132300086 |        1 |     10 | ACCOUNTING | NEW YORK | r50mpm     | 24/03/1989 |
|  7900 | JAMES    | M      | CLERK               | 7698 | 1981-12-03 |  950 | NULL |     30 |       2 | CRAZY LEADER | sales@2017 | 7132300042 |        1 |     50 | HR         | PUNE     | PUN@8877   | 22/12/1989 |
|  7900 | JAMES    | M      | CLERK               | 7698 | 1981-12-03 |  950 | NULL |     30 |       2 | CRAZY LEADER | sales@2017 | 7132300042 |        1 |     40 | OPERATIONS | BOSTON   | opr@123    | 12/07/1989 |
|  7900 | JAMES    | M      | CLERK               | 7698 | 1981-12-03 |  950 | NULL |     30 |       2 | CRAZY LEADER | sales@2017 | 7132300042 |        1 |     30 | SALES      | CHICAGO  | sales@2017 | 13/04/1989 |
|  7900 | JAMES    | M      | CLERK               | 7698 | 1981-12-03 |  950 | NULL |     30 |       2 | CRAZY LEADER | sales@2017 | 7132300042 |        1 |     20 | RESEARCH   | DALLAS   | a12recmpm  | 12/04/1989 |
|  7900 | JAMES    | M      | CLERK               | 7698 | 1981-12-03 |  950 | NULL |     30 |       2 | CRAZY LEADER | sales@2017 | 7132300042 |        1 |     10 | ACCOUNTING | NEW YORK | r50mpm     | 24/03/1989 |
|  7902 | zzz      | M      | ANALYST             | 7566 | 1981-12-03 | 3000 | NULL |     20 |       4 | CONBRIO      | a12recmpm  | NULL       |        0 |     50 | HR         | PUNE     | PUN@8877   | 22/12/1989 |
|  7902 | zzz      | M      | ANALYST             | 7566 | 1981-12-03 | 3000 | NULL |     20 |       4 | CONBRIO      | a12recmpm  | NULL       |        0 |     40 | OPERATIONS | BOSTON   | opr@123    | 12/07/1989 |
|  7902 | zzz      | M      | ANALYST             | 7566 | 1981-12-03 | 3000 | NULL |     20 |       4 | CONBRIO      | a12recmpm  | NULL       |        0 |     30 | SALES      | CHICAGO  | sales@2017 | 13/04/1989 |
|  7902 | zzz      | M      | ANALYST             | 7566 | 1981-12-03 | 3000 | NULL |     20 |       4 | CONBRIO      | a12recmpm  | NULL       |        0 |     20 | RESEARCH   | DALLAS   | a12recmpm  | 12/04/1989 |
|  7902 | zzz      | M      | ANALYST             | 7566 | 1981-12-03 | 3000 | NULL |     20 |       4 | CONBRIO      | a12recmpm  | NULL       |        0 |     10 | ACCOUNTING | NEW YORK | r50mpm     | 24/03/1989 |
|  7919 | HOFFMAN  | M      | MANAGER             | 7566 | 1982-03-24 | 4150 | NULL |     30 |       3 | INTERVAL     | sales@2017 | NULL       |        1 |     50 | HR         | PUNE     | PUN@8877   | 22/12/1989 |
|  7919 | HOFFMAN  | M      | MANAGER             | 7566 | 1982-03-24 | 4150 | NULL |     30 |       3 | INTERVAL     | sales@2017 | NULL       |        1 |     40 | OPERATIONS | BOSTON   | opr@123    | 12/07/1989 |
|  7919 | HOFFMAN  | M      | MANAGER             | 7566 | 1982-03-24 | 4150 | NULL |     30 |       3 | INTERVAL     | sales@2017 | NULL       |        1 |     30 | SALES      | CHICAGO  | sales@2017 | 13/04/1989 |
|  7919 | HOFFMAN  | M      | MANAGER             | 7566 | 1982-03-24 | 4150 | NULL |     30 |       3 | INTERVAL     | sales@2017 | NULL       |        1 |     20 | RESEARCH   | DALLAS   | a12recmpm  | 12/04/1989 |
|  7919 | HOFFMAN  | M      | MANAGER             | 7566 | 1982-03-24 | 4150 | NULL |     30 |       3 | INTERVAL     | sales@2017 | NULL       |        1 |     10 | ACCOUNTING | NEW YORK | r50mpm     | 24/03/1989 |
|  7920 | GRASS    | M      | SALESMAN            | 7919 | 1980-02-14 | 2575 | 2700 |     30 |       5 | GRASS        | sales@2017 | NULL       |        1 |     50 | HR         | PUNE     | PUN@8877   | 22/12/1989 |
|  7920 | GRASS    | M      | SALESMAN            | 7919 | 1980-02-14 | 2575 | 2700 |     30 |       5 | GRASS        | sales@2017 | NULL       |        1 |     40 | OPERATIONS | BOSTON   | opr@123    | 12/07/1989 |
|  7920 | GRASS    | M      | SALESMAN            | 7919 | 1980-02-14 | 2575 | 2700 |     30 |       5 | GRASS        | sales@2017 | NULL       |        1 |     30 | SALES      | CHICAGO  | sales@2017 | 13/04/1989 |
|  7920 | GRASS    | M      | SALESMAN            | 7919 | 1980-02-14 | 2575 | 2700 |     30 |       5 | GRASS        | sales@2017 | NULL       |        1 |     20 | RESEARCH   | DALLAS   | a12recmpm  | 12/04/1989 |
|  7920 | GRASS    | M      | SALESMAN            | 7919 | 1980-02-14 | 2575 | 2700 |     30 |       5 | GRASS        | sales@2017 | NULL       |        1 |     10 | ACCOUNTING | NEW YORK | r50mpm     | 24/03/1989 |
|  7934 | MILLER   | M      | CLERK               | 7782 | 1982-01-23 | 1300 | NULL |     10 |       2 | QUARTERNOTE  | r50mpm     | 7132300055 |        0 |     50 | HR         | PUNE     | PUN@8877   | 22/12/1989 |
|  7934 | MILLER   | M      | CLERK               | 7782 | 1982-01-23 | 1300 | NULL |     10 |       2 | QUARTERNOTE  | r50mpm     | 7132300055 |        0 |     40 | OPERATIONS | BOSTON   | opr@123    | 12/07/1989 |
|  7934 | MILLER   | M      | CLERK               | 7782 | 1982-01-23 | 1300 | NULL |     10 |       2 | QUARTERNOTE  | r50mpm     | 7132300055 |        0 |     30 | SALES      | CHICAGO  | sales@2017 | 13/04/1989 |
|  7934 | MILLER   | M      | CLERK               | 7782 | 1982-01-23 | 1300 | NULL |     10 |       2 | QUARTERNOTE  | r50mpm     | 7132300055 |        0 |     20 | RESEARCH   | DALLAS   | a12recmpm  | 12/04/1989 |
|  7934 | MILLER   | M      | CLERK               | 7782 | 1982-01-23 | 1300 | NULL |     10 |       2 | QUARTERNOTE  | r50mpm     | 7132300055 |        0 |     10 | ACCOUNTING | NEW YORK | r50mpm     | 24/03/1989 |
|  7945 | AARUSH   | M      | SALESMAN            | 7902 | 1980-02-14 | 1350 | 2700 |     30 |    NULL | AARUSH       | ABCDEF     | NULL       |        0 |     50 | HR         | PUNE     | PUN@8877   | 22/12/1989 |
|  7945 | AARUSH   | M      | SALESMAN            | 7902 | 1980-02-14 | 1350 | 2700 |     30 |    NULL | AARUSH       | ABCDEF     | NULL       |        0 |     40 | OPERATIONS | BOSTON   | opr@123    | 12/07/1989 |
|  7945 | AARUSH   | M      | SALESMAN            | 7902 | 1980-02-14 | 1350 | 2700 |     30 |    NULL | AARUSH       | ABCDEF     | NULL       |        0 |     30 | SALES      | CHICAGO  | sales@2017 | 13/04/1989 |
|  7945 | AARUSH   | M      | SALESMAN            | 7902 | 1980-02-14 | 1350 | 2700 |     30 |    NULL | AARUSH       | ABCDEF     | NULL       |        0 |     20 | RESEARCH   | DALLAS   | a12recmpm  | 12/04/1989 |
|  7945 | AARUSH   | M      | SALESMAN            | 7902 | 1980-02-14 | 1350 | 2700 |     30 |    NULL | AARUSH       | ABCDEF     | NULL       |        0 |     10 | ACCOUNTING | NEW YORK | r50mpm     | 24/03/1989 |
|  7949 | ALEX     | M      | MANAGER             | 7698 | 1982-01-24 | 1250 |  500 |     30 |       5 | QUARTERREST  | sales@2017 | 7156567183 |        1 |     50 | HR         | PUNE     | PUN@8877   | 22/12/1989 |
|  7949 | ALEX     | M      | MANAGER             | 7698 | 1982-01-24 | 1250 |  500 |     30 |       5 | QUARTERREST  | sales@2017 | 7156567183 |        1 |     40 | OPERATIONS | BOSTON   | opr@123    | 12/07/1989 |
|  7949 | ALEX     | M      | MANAGER             | 7698 | 1982-01-24 | 1250 |  500 |     30 |       5 | QUARTERREST  | sales@2017 | 7156567183 |        1 |     30 | SALES      | CHICAGO  | sales@2017 | 13/04/1989 |
|  7949 | ALEX     | M      | MANAGER             | 7698 | 1982-01-24 | 1250 |  500 |     30 |       5 | QUARTERREST  | sales@2017 | 7156567183 |        1 |     20 | RESEARCH   | DALLAS   | a12recmpm  | 12/04/1989 |
|  7949 | ALEX     | M      | MANAGER             | 7698 | 1982-01-24 | 1250 |  500 |     30 |       5 | QUARTERREST  | sales@2017 | 7156567183 |        1 |     10 | ACCOUNTING | NEW YORK | r50mpm     | 24/03/1989 |
|  8433 | NATASHA  | F      | CLERK               | 7920 | 1981-07-19 | 1750 | NULL |     30 |       1 | NATASHA      | sales@2017 | NULL       |        1 |     50 | HR         | PUNE     | PUN@8877   | 22/12/1989 |
|  8433 | NATASHA  | F      | CLERK               | 7920 | 1981-07-19 | 1750 | NULL |     30 |       1 | NATASHA      | sales@2017 | NULL       |        1 |     40 | OPERATIONS | BOSTON   | opr@123    | 12/07/1989 |
|  8433 | NATASHA  | F      | CLERK               | 7920 | 1981-07-19 | 1750 | NULL |     30 |       1 | NATASHA      | sales@2017 | NULL       |        1 |     30 | SALES      | CHICAGO  | sales@2017 | 13/04/1989 |
|  8433 | NATASHA  | F      | CLERK               | 7920 | 1981-07-19 | 1750 | NULL |     30 |       1 | NATASHA      | sales@2017 | NULL       |        1 |     20 | RESEARCH   | DALLAS   | a12recmpm  | 12/04/1989 |
|  8433 | NATASHA  | F      | CLERK               | 7920 | 1981-07-19 | 1750 | NULL |     30 |       1 | NATASHA      | sales@2017 | NULL       |        1 |     10 | ACCOUNTING | NEW YORK | r50mpm     | 24/03/1989 |
|  9400 | SANGITA  | F      | Compliance officers | 7920 | 1981-07-19 | 1750 | NULL |     50 |       1 | SANGITA      | NULL       | NULL       |        1 |     50 | HR         | PUNE     | PUN@8877   | 22/12/1989 |
|  9400 | SANGITA  | F      | Compliance officers | 7920 | 1981-07-19 | 1750 | NULL |     50 |       1 | SANGITA      | NULL       | NULL       |        1 |     40 | OPERATIONS | BOSTON   | opr@123    | 12/07/1989 |
|  9400 | SANGITA  | F      | Compliance officers | 7920 | 1981-07-19 | 1750 | NULL |     50 |       1 | SANGITA      | NULL       | NULL       |        1 |     30 | SALES      | CHICAGO  | sales@2017 | 13/04/1989 |
|  9400 | SANGITA  | F      | Compliance officers | 7920 | 1981-07-19 | 1750 | NULL |     50 |       1 | SANGITA      | NULL       | NULL       |        1 |     20 | RESEARCH   | DALLAS   | a12recmpm  | 12/04/1989 |
|  9400 | SANGITA  | F      | Compliance officers | 7920 | 1981-07-19 | 1750 | NULL |     50 |       1 | SANGITA      | NULL       | NULL       |        1 |     10 | ACCOUNTING | NEW YORK | r50mpm     | 24/03/1989 |
|  9473 | SUPRIYA  | F      | ANALYST             | 7920 | 1981-07-19 | 1750 | NULL |     50 |       1 | SUPRIYA      | XYZ@1234   | NULL       |        1 |     50 | HR         | PUNE     | PUN@8877   | 22/12/1989 |
|  9473 | SUPRIYA  | F      | ANALYST             | 7920 | 1981-07-19 | 1750 | NULL |     50 |       1 | SUPRIYA      | XYZ@1234   | NULL       |        1 |     40 | OPERATIONS | BOSTON   | opr@123    | 12/07/1989 |
|  9473 | SUPRIYA  | F      | ANALYST             | 7920 | 1981-07-19 | 1750 | NULL |     50 |       1 | SUPRIYA      | XYZ@1234   | NULL       |        1 |     30 | SALES      | CHICAGO  | sales@2017 | 13/04/1989 |
|  9473 | SUPRIYA  | F      | ANALYST             | 7920 | 1981-07-19 | 1750 | NULL |     50 |       1 | SUPRIYA      | XYZ@1234   | NULL       |        1 |     20 | RESEARCH   | DALLAS   | a12recmpm  | 12/04/1989 |
|  9473 | SUPRIYA  | F      | ANALYST             | 7920 | 1981-07-19 | 1750 | NULL |     50 |       1 | SUPRIYA      | XYZ@1234   | NULL       |        1 |     10 | ACCOUNTING | NEW YORK | r50mpm     | 24/03/1989 |
+-------+----------+--------+---------------------+------+------------+------+------+--------+---------+--------------+------------+------------+----------+--------+------------+----------+------------+------------+
140 rows in set (0.00 sec)

mysql> select (select count(*) from emp),  (select count(*) from dept);
+----------------------------+-----------------------------+
| (select count(*) from emp) | (select count(*) from dept) |
+----------------------------+-----------------------------+
|                         28 |                           5 |
+----------------------------+-----------------------------+
1 row in set (0.00 sec)

mysql> select (select count(*) from emp) *  (select count(*) from dept);
+-----------------------------------------------------------+
| (select count(*) from emp) *  (select count(*) from dept) |
+-----------------------------------------------------------+
|                                                       140 |
+-----------------------------------------------------------+
1 row in set (0.00 sec)

mysql>
mysql> select *  from emp simple join dept using(deptno);
+--------+-------+----------+--------+---------------------+------+------------+------+------+---------+--------------+------------+------------+----------+------------+----------+------------+------------+
| DEPTNO | EMPNO | ENAME    | GENDER | JOB                 | MGR  | HIREDATE   | SAL  | COMM | BONUSID | USER NAME    | PWD        | PHONE      | isActive | DNAME      | LOC      | PWD        | STARTEDON  |
+--------+-------+----------+--------+---------------------+------+------------+------+------+---------+--------------+------------+------------+----------+------------+----------+------------+------------+
|     10 |  7415 | AARAV    | M      | CLERK               | 7902 | 1981-12-31 | 3350 | NULL |    NULL | AARAV        | NULL       | 7032300084 |        0 | ACCOUNTING | NEW YORK | r50mpm     | 24/03/1989 |
|     10 |  7421 | THOMAS   | M      | CLERK               | 7920 | 1981-07-19 | 1750 | NULL |       1 | THOMAS       | r50mpm     | 7032300011 |        0 | ACCOUNTING | NEW YORK | r50mpm     | 24/03/1989 |
|     10 |  7782 | CLARK    | M      | MANAGER             | 7839 | 1981-06-09 | 2450 | NULL |       3 | CLARK        | r50mpm     | 7032300001 |        1 | ACCOUNTING | NEW YORK | r50mpm     | 24/03/1989 |
|     10 |  7839 | KING     | M      | PRESIDENT           | NULL | 1981-11-17 | 5000 | NULL |       1 | KING         | r50mpm     | 7132300081 |        1 | ACCOUNTING | NEW YORK | r50mpm     | 24/03/1989 |
|     10 |  7934 | MILLER   | M      | CLERK               | 7782 | 1982-01-23 | 1300 | NULL |       2 | QUARTERNOTE  | r50mpm     | 7132300055 |        0 | ACCOUNTING | NEW YORK | r50mpm     | 24/03/1989 |
|     20 |  6473 | SHARMIN  | F      | Public Relation     | 7920 | 1981-07-19 | 1750 | NULL |       1 | SHARMIN      | a12recmpm  | NULL       |        1 | RESEARCH   | DALLAS   | a12recmpm  | 12/04/1989 |
|     20 |  6781 | BANDISH  | F      | Public Relation     | 7920 | 1981-07-19 | 1750 | NULL |       1 | BANDISH      | a12recmpm  | NULL       |        1 | RESEARCH   | DALLAS   | a12recmpm  | 12/04/1989 |
|     20 |  7369 | SMITH    | M      | CLERK               | 7902 | 1980-12-17 |  800 | NULL |       2 | TRITONE      | a12recmpm  | 7032300023 |        0 | RESEARCH   | DALLAS   | a12recmpm  | 12/04/1989 |
|     20 |  7566 | JONES    | M      | MANAGER             | 7839 | 1981-04-02 | 2975 | NULL |       4 | HONEYCOMB    | a12recmpm  | 7132300039 |        1 | RESEARCH   | DALLAS   | a12recmpm  | 12/04/1989 |
|     20 |  7788 | SCOTT    | M      | ANALYST             | 7566 | 1982-12-09 | 3000 | NULL |       3 | WHITE SAND   | a12recmpm  | NULL       |        1 | RESEARCH   | DALLAS   | a12recmpm  | 12/04/1989 |
|     20 |  7840 | FRED     | M      | vice PRESIDENT      | 7839 | 1983-08-09 | 5000 | NULL |       1 | SAND STONE   | a12recmpm  | NULL       |        1 | RESEARCH   | DALLAS   | a12recmpm  | 12/04/1989 |
|     20 |  7876 | ADAMS    | M      | CLERK               | 7788 | 1983-01-12 | 1100 | NULL |       1 | CRAZY ANYONE | a12recmpm  | 7132300086 |        1 | RESEARCH   | DALLAS   | a12recmpm  | 12/04/1989 |
|     20 |  7902 | zzz      | M      | ANALYST             | 7566 | 1981-12-03 | 3000 | NULL |       4 | CONBRIO      | a12recmpm  | NULL       |        0 | RESEARCH   | DALLAS   | a12recmpm  | 12/04/1989 |
|     30 |  6001 | GITA     | F      | Compliance officers | 7920 | 1981-07-19 | 1750 | NULL |       1 | GITA         | sales@2017 | NULL       |        1 | SALES      | CHICAGO  | sales@2017 | 13/04/1989 |
|     30 |  7499 | ALLEN    | M      | SALESMAN            | 7698 | 1981-02-20 | 1600 |  300 |       4 | ALWAYS TESTE | sales@2017 | 7032300096 |        1 | SALES      | CHICAGO  | sales@2017 | 13/04/1989 |
|     30 |  7521 | WARD     | M      | SALESMAN            | 7698 | 1981-02-22 | 1250 |  500 |       1 | WARD         | sales@2017 | 7132300034 |        1 | SALES      | CHICAGO  | sales@2017 | 13/04/1989 |
|     30 |  7654 | MARTIN   | M      | SALESMAN            | 7698 | 1981-09-28 | 1250 | 1400 |       6 | LIFE RACER   | sales@2017 | 7132300050 |        1 | SALES      | CHICAGO  | sales@2017 | 13/04/1989 |
|     30 |  7698 | BLAKE    | M      | MANAGER             | 7839 | 1981-05-01 | 2850 | NULL |       1 | BIG BEN      | sales@2017 | 7132300027 |        1 | SALES      | CHICAGO  | sales@2017 | 13/04/1989 |
|     30 |  7844 | TURNER   | M      | SALESMAN            | 7698 | 1981-09-08 | 1500 |    0 |       5 | SAND DUST    | sales@2017 | NULL       |        1 | SALES      | CHICAGO  | sales@2017 | 13/04/1989 |
|     30 |  7900 | JAMES    | M      | CLERK               | 7698 | 1981-12-03 |  950 | NULL |       2 | CRAZY LEADER | sales@2017 | 7132300042 |        1 | SALES      | CHICAGO  | sales@2017 | 13/04/1989 |
|     30 |  7919 | HOFFMAN  | M      | MANAGER             | 7566 | 1982-03-24 | 4150 | NULL |       3 | INTERVAL     | sales@2017 | NULL       |        1 | SALES      | CHICAGO  | sales@2017 | 13/04/1989 |
|     30 |  7920 | GRASS    | M      | SALESMAN            | 7919 | 1980-02-14 | 2575 | 2700 |       5 | GRASS        | sales@2017 | NULL       |        1 | SALES      | CHICAGO  | sales@2017 | 13/04/1989 |
|     30 |  7945 | AARUSH   | M      | SALESMAN            | 7902 | 1980-02-14 | 1350 | 2700 |    NULL | AARUSH       | ABCDEF     | NULL       |        0 | SALES      | CHICAGO  | sales@2017 | 13/04/1989 |
|     30 |  7949 | ALEX     | M      | MANAGER             | 7698 | 1982-01-24 | 1250 |  500 |       5 | QUARTERREST  | sales@2017 | 7156567183 |        1 | SALES      | CHICAGO  | sales@2017 | 13/04/1989 |
|     30 |  8433 | NATASHA  | F      | CLERK               | 7920 | 1981-07-19 | 1750 | NULL |       1 | NATASHA      | sales@2017 | NULL       |        1 | SALES      | CHICAGO  | sales@2017 | 13/04/1989 |
|     50 |  6129 | VRUSHALI | F      | Compliance officers | 7920 | 1981-07-19 | 1750 | NULL |       1 | VRUSHALI     | PUN@8877   | NULL       |        1 | HR         | PUNE     | PUN@8877   | 22/12/1989 |
|     50 |  9400 | SANGITA  | F      | Compliance officers | 7920 | 1981-07-19 | 1750 | NULL |       1 | SANGITA      | NULL       | NULL       |        1 | HR         | PUNE     | PUN@8877   | 22/12/1989 |
|     50 |  9473 | SUPRIYA  | F      | ANALYST             | 7920 | 1981-07-19 | 1750 | NULL |       1 | SUPRIYA      | XYZ@1234   | NULL       |        1 | HR         | PUNE     | PUN@8877   | 22/12/1989 |
+--------+-------+----------+--------+---------------------+------+------------+------+------+---------+--------------+------------+------------+----------+------------+----------+------------+------------+
28 rows in set (0.00 sec)

mysql> table dept;
+--------+------------+----------+------------+------------+
| DEPTNO | DNAME      | LOC      | PWD        | STARTEDON  |
+--------+------------+----------+------------+------------+
|     10 | ACCOUNTING | NEW YORK | r50mpm     | 24/03/1989 |
|     20 | RESEARCH   | DALLAS   | a12recmpm  | 12/04/1989 |
|     30 | SALES      | CHICAGO  | sales@2017 | 13/04/1989 |
|     40 | OPERATIONS | BOSTON   | opr@123    | 12/07/1989 |
|     50 | HR         | PUNE     | PUN@8877   | 22/12/1989 |
+--------+------------+----------+------------+------------+
5 rows in set (0.00 sec)

mysql> table emp;
+-------+----------+--------+---------------------+------+------------+------+------+--------+---------+--------------+------------+------------+----------+
| EMPNO | ENAME    | GENDER | JOB                 | MGR  | HIREDATE   | SAL  | COMM | DEPTNO | BONUSID | USER NAME    | PWD        | PHONE      | isActive |
+-------+----------+--------+---------------------+------+------------+------+------+--------+---------+--------------+------------+------------+----------+
|  6001 | GITA     | F      | Compliance officers | 7920 | 1981-07-19 | 1750 | NULL |     30 |       1 | GITA         | sales@2017 | NULL       |        1 |
|  6129 | VRUSHALI | F      | Compliance officers | 7920 | 1981-07-19 | 1750 | NULL |     50 |       1 | VRUSHALI     | PUN@8877   | NULL       |        1 |
|  6473 | SHARMIN  | F      | Public Relation     | 7920 | 1981-07-19 | 1750 | NULL |     20 |       1 | SHARMIN      | a12recmpm  | NULL       |        1 |
|  6781 | BANDISH  | F      | Public Relation     | 7920 | 1981-07-19 | 1750 | NULL |     20 |       1 | BANDISH      | a12recmpm  | NULL       |        1 |
|  7369 | SMITH    | M      | CLERK               | 7902 | 1980-12-17 |  800 | NULL |     20 |       2 | TRITONE      | a12recmpm  | 7032300023 |        0 |
|  7415 | AARAV    | M      | CLERK               | 7902 | 1981-12-31 | 3350 | NULL |     10 |    NULL | AARAV        | NULL       | 7032300084 |        0 |
|  7421 | THOMAS   | M      | CLERK               | 7920 | 1981-07-19 | 1750 | NULL |     10 |       1 | THOMAS       | r50mpm     | 7032300011 |        0 |
|  7499 | ALLEN    | M      | SALESMAN            | 7698 | 1981-02-20 | 1600 |  300 |     30 |       4 | ALWAYS TESTE | sales@2017 | 7032300096 |        1 |
|  7521 | WARD     | M      | SALESMAN            | 7698 | 1981-02-22 | 1250 |  500 |     30 |       1 | WARD         | sales@2017 | 7132300034 |        1 |
|  7566 | JONES    | M      | MANAGER             | 7839 | 1981-04-02 | 2975 | NULL |     20 |       4 | HONEYCOMB    | a12recmpm  | 7132300039 |        1 |
|  7654 | MARTIN   | M      | SALESMAN            | 7698 | 1981-09-28 | 1250 | 1400 |     30 |       6 | LIFE RACER   | sales@2017 | 7132300050 |        1 |
|  7698 | BLAKE    | M      | MANAGER             | 7839 | 1981-05-01 | 2850 | NULL |     30 |       1 | BIG BEN      | sales@2017 | 7132300027 |        1 |
|  7782 | CLARK    | M      | MANAGER             | 7839 | 1981-06-09 | 2450 | NULL |     10 |       3 | CLARK        | r50mpm     | 7032300001 |        1 |
|  7788 | SCOTT    | M      | ANALYST             | 7566 | 1982-12-09 | 3000 | NULL |     20 |       3 | WHITE SAND   | a12recmpm  | NULL       |        1 |
|  7839 | KING     | M      | PRESIDENT           | NULL | 1981-11-17 | 5000 | NULL |     10 |       1 | KING         | r50mpm     | 7132300081 |        1 |
|  7840 | FRED     | M      | vice PRESIDENT      | 7839 | 1983-08-09 | 5000 | NULL |     20 |       1 | SAND STONE   | a12recmpm  | NULL       |        1 |
|  7844 | TURNER   | M      | SALESMAN            | 7698 | 1981-09-08 | 1500 |    0 |     30 |       5 | SAND DUST    | sales@2017 | NULL       |        1 |
|  7876 | ADAMS    | M      | CLERK               | 7788 | 1983-01-12 | 1100 | NULL |     20 |       1 | CRAZY ANYONE | a12recmpm  | 7132300086 |        1 |
|  7900 | JAMES    | M      | CLERK               | 7698 | 1981-12-03 |  950 | NULL |     30 |       2 | CRAZY LEADER | sales@2017 | 7132300042 |        1 |
|  7902 | zzz      | M      | ANALYST             | 7566 | 1981-12-03 | 3000 | NULL |     20 |       4 | CONBRIO      | a12recmpm  | NULL       |        0 |
|  7919 | HOFFMAN  | M      | MANAGER             | 7566 | 1982-03-24 | 4150 | NULL |     30 |       3 | INTERVAL     | sales@2017 | NULL       |        1 |
|  7920 | GRASS    | M      | SALESMAN            | 7919 | 1980-02-14 | 2575 | 2700 |     30 |       5 | GRASS        | sales@2017 | NULL       |        1 |
|  7934 | MILLER   | M      | CLERK               | 7782 | 1982-01-23 | 1300 | NULL |     10 |       2 | QUARTERNOTE  | r50mpm     | 7132300055 |        0 |
|  7945 | AARUSH   | M      | SALESMAN            | 7902 | 1980-02-14 | 1350 | 2700 |     30 |    NULL | AARUSH       | ABCDEF     | NULL       |        0 |
|  7949 | ALEX     | M      | MANAGER             | 7698 | 1982-01-24 | 1250 |  500 |     30 |       5 | QUARTERREST  | sales@2017 | 7156567183 |        1 |
|  8433 | NATASHA  | F      | CLERK               | 7920 | 1981-07-19 | 1750 | NULL |     30 |       1 | NATASHA      | sales@2017 | NULL       |        1 |
|  9400 | SANGITA  | F      | Compliance officers | 7920 | 1981-07-19 | 1750 | NULL |     50 |       1 | SANGITA      | NULL       | NULL       |        1 |
|  9473 | SUPRIYA  | F      | ANALYST             | 7920 | 1981-07-19 | 1750 | NULL |     50 |       1 | SUPRIYA      | XYZ@1234   | NULL       |        1 |
+-------+----------+--------+---------------------+------+------------+------+------+--------+---------+--------------+------------+------------+----------+
28 rows in set (0.00 sec)

mysql> select * from emp left outer join dept on emp.deptno = dept.deptno;
+-------+----------+--------+---------------------+------+------------+------+------+--------+---------+--------------+------------+------------+----------+--------+------------+----------+------------+------------+
| EMPNO | ENAME    | GENDER | JOB                 | MGR  | HIREDATE   | SAL  | COMM | DEPTNO | BONUSID | USER NAME    | PWD        | PHONE      | isActive | DEPTNO | DNAME      | LOC      | PWD        | STARTEDON  |
+-------+----------+--------+---------------------+------+------------+------+------+--------+---------+--------------+------------+------------+----------+--------+------------+----------+------------+------------+
|  6001 | GITA     | F      | Compliance officers | 7920 | 1981-07-19 | 1750 | NULL |     30 |       1 | GITA         | sales@2017 | NULL       |        1 |     30 | SALES      | CHICAGO  | sales@2017 | 13/04/1989 |
|  6129 | VRUSHALI | F      | Compliance officers | 7920 | 1981-07-19 | 1750 | NULL |     50 |       1 | VRUSHALI     | PUN@8877   | NULL       |        1 |     50 | HR         | PUNE     | PUN@8877   | 22/12/1989 |
|  6473 | SHARMIN  | F      | Public Relation     | 7920 | 1981-07-19 | 1750 | NULL |     20 |       1 | SHARMIN      | a12recmpm  | NULL       |        1 |     20 | RESEARCH   | DALLAS   | a12recmpm  | 12/04/1989 |
|  6781 | BANDISH  | F      | Public Relation     | 7920 | 1981-07-19 | 1750 | NULL |     20 |       1 | BANDISH      | a12recmpm  | NULL       |        1 |     20 | RESEARCH   | DALLAS   | a12recmpm  | 12/04/1989 |
|  7369 | SMITH    | M      | CLERK               | 7902 | 1980-12-17 |  800 | NULL |     20 |       2 | TRITONE      | a12recmpm  | 7032300023 |        0 |     20 | RESEARCH   | DALLAS   | a12recmpm  | 12/04/1989 |
|  7415 | AARAV    | M      | CLERK               | 7902 | 1981-12-31 | 3350 | NULL |     10 |    NULL | AARAV        | NULL       | 7032300084 |        0 |     10 | ACCOUNTING | NEW YORK | r50mpm     | 24/03/1989 |
|  7421 | THOMAS   | M      | CLERK               | 7920 | 1981-07-19 | 1750 | NULL |     10 |       1 | THOMAS       | r50mpm     | 7032300011 |        0 |     10 | ACCOUNTING | NEW YORK | r50mpm     | 24/03/1989 |
|  7499 | ALLEN    | M      | SALESMAN            | 7698 | 1981-02-20 | 1600 |  300 |     30 |       4 | ALWAYS TESTE | sales@2017 | 7032300096 |        1 |     30 | SALES      | CHICAGO  | sales@2017 | 13/04/1989 |
|  7521 | WARD     | M      | SALESMAN            | 7698 | 1981-02-22 | 1250 |  500 |     30 |       1 | WARD         | sales@2017 | 7132300034 |        1 |     30 | SALES      | CHICAGO  | sales@2017 | 13/04/1989 |
|  7566 | JONES    | M      | MANAGER             | 7839 | 1981-04-02 | 2975 | NULL |     20 |       4 | HONEYCOMB    | a12recmpm  | 7132300039 |        1 |     20 | RESEARCH   | DALLAS   | a12recmpm  | 12/04/1989 |
|  7654 | MARTIN   | M      | SALESMAN            | 7698 | 1981-09-28 | 1250 | 1400 |     30 |       6 | LIFE RACER   | sales@2017 | 7132300050 |        1 |     30 | SALES      | CHICAGO  | sales@2017 | 13/04/1989 |
|  7698 | BLAKE    | M      | MANAGER             | 7839 | 1981-05-01 | 2850 | NULL |     30 |       1 | BIG BEN      | sales@2017 | 7132300027 |        1 |     30 | SALES      | CHICAGO  | sales@2017 | 13/04/1989 |
|  7782 | CLARK    | M      | MANAGER             | 7839 | 1981-06-09 | 2450 | NULL |     10 |       3 | CLARK        | r50mpm     | 7032300001 |        1 |     10 | ACCOUNTING | NEW YORK | r50mpm     | 24/03/1989 |
|  7788 | SCOTT    | M      | ANALYST             | 7566 | 1982-12-09 | 3000 | NULL |     20 |       3 | WHITE SAND   | a12recmpm  | NULL       |        1 |     20 | RESEARCH   | DALLAS   | a12recmpm  | 12/04/1989 |
|  7839 | KING     | M      | PRESIDENT           | NULL | 1981-11-17 | 5000 | NULL |     10 |       1 | KING         | r50mpm     | 7132300081 |        1 |     10 | ACCOUNTING | NEW YORK | r50mpm     | 24/03/1989 |
|  7840 | FRED     | M      | vice PRESIDENT      | 7839 | 1983-08-09 | 5000 | NULL |     20 |       1 | SAND STONE   | a12recmpm  | NULL       |        1 |     20 | RESEARCH   | DALLAS   | a12recmpm  | 12/04/1989 |
|  7844 | TURNER   | M      | SALESMAN            | 7698 | 1981-09-08 | 1500 |    0 |     30 |       5 | SAND DUST    | sales@2017 | NULL       |        1 |     30 | SALES      | CHICAGO  | sales@2017 | 13/04/1989 |
|  7876 | ADAMS    | M      | CLERK               | 7788 | 1983-01-12 | 1100 | NULL |     20 |       1 | CRAZY ANYONE | a12recmpm  | 7132300086 |        1 |     20 | RESEARCH   | DALLAS   | a12recmpm  | 12/04/1989 |
|  7900 | JAMES    | M      | CLERK               | 7698 | 1981-12-03 |  950 | NULL |     30 |       2 | CRAZY LEADER | sales@2017 | 7132300042 |        1 |     30 | SALES      | CHICAGO  | sales@2017 | 13/04/1989 |
|  7902 | zzz      | M      | ANALYST             | 7566 | 1981-12-03 | 3000 | NULL |     20 |       4 | CONBRIO      | a12recmpm  | NULL       |        0 |     20 | RESEARCH   | DALLAS   | a12recmpm  | 12/04/1989 |
|  7919 | HOFFMAN  | M      | MANAGER             | 7566 | 1982-03-24 | 4150 | NULL |     30 |       3 | INTERVAL     | sales@2017 | NULL       |        1 |     30 | SALES      | CHICAGO  | sales@2017 | 13/04/1989 |
|  7920 | GRASS    | M      | SALESMAN            | 7919 | 1980-02-14 | 2575 | 2700 |     30 |       5 | GRASS        | sales@2017 | NULL       |        1 |     30 | SALES      | CHICAGO  | sales@2017 | 13/04/1989 |
|  7934 | MILLER   | M      | CLERK               | 7782 | 1982-01-23 | 1300 | NULL |     10 |       2 | QUARTERNOTE  | r50mpm     | 7132300055 |        0 |     10 | ACCOUNTING | NEW YORK | r50mpm     | 24/03/1989 |
|  7945 | AARUSH   | M      | SALESMAN            | 7902 | 1980-02-14 | 1350 | 2700 |     30 |    NULL | AARUSH       | ABCDEF     | NULL       |        0 |     30 | SALES      | CHICAGO  | sales@2017 | 13/04/1989 |
|  7949 | ALEX     | M      | MANAGER             | 7698 | 1982-01-24 | 1250 |  500 |     30 |       5 | QUARTERREST  | sales@2017 | 7156567183 |        1 |     30 | SALES      | CHICAGO  | sales@2017 | 13/04/1989 |
|  8433 | NATASHA  | F      | CLERK               | 7920 | 1981-07-19 | 1750 | NULL |     30 |       1 | NATASHA      | sales@2017 | NULL       |        1 |     30 | SALES      | CHICAGO  | sales@2017 | 13/04/1989 |
|  9400 | SANGITA  | F      | Compliance officers | 7920 | 1981-07-19 | 1750 | NULL |     50 |       1 | SANGITA      | NULL       | NULL       |        1 |     50 | HR         | PUNE     | PUN@8877   | 22/12/1989 |
|  9473 | SUPRIYA  | F      | ANALYST             | 7920 | 1981-07-19 | 1750 | NULL |     50 |       1 | SUPRIYA      | XYZ@1234   | NULL       |        1 |     50 | HR         | PUNE     | PUN@8877   | 22/12/1989 |
+-------+----------+--------+---------------------+------+------------+------+------+--------+---------+--------------+------------+------------+----------+--------+------------+----------+------------+------------+
28 rows in set (0.00 sec)

mysql> select * from emp right outer join dept on emp.deptno = dept.deptno;
+-------+----------+--------+---------------------+------+------------+------+------+--------+---------+--------------+------------+------------+----------+--------+------------+----------+------------+------------+
| EMPNO | ENAME    | GENDER | JOB                 | MGR  | HIREDATE   | SAL  | COMM | DEPTNO | BONUSID | USER NAME    | PWD        | PHONE      | isActive | DEPTNO | DNAME      | LOC      | PWD        | STARTEDON  |
+-------+----------+--------+---------------------+------+------------+------+------+--------+---------+--------------+------------+------------+----------+--------+------------+----------+------------+------------+
|  7415 | AARAV    | M      | CLERK               | 7902 | 1981-12-31 | 3350 | NULL |     10 |    NULL | AARAV        | NULL       | 7032300084 |        0 |     10 | ACCOUNTING | NEW YORK | r50mpm     | 24/03/1989 |
|  7421 | THOMAS   | M      | CLERK               | 7920 | 1981-07-19 | 1750 | NULL |     10 |       1 | THOMAS       | r50mpm     | 7032300011 |        0 |     10 | ACCOUNTING | NEW YORK | r50mpm     | 24/03/1989 |
|  7782 | CLARK    | M      | MANAGER             | 7839 | 1981-06-09 | 2450 | NULL |     10 |       3 | CLARK        | r50mpm     | 7032300001 |        1 |     10 | ACCOUNTING | NEW YORK | r50mpm     | 24/03/1989 |
|  7839 | KING     | M      | PRESIDENT           | NULL | 1981-11-17 | 5000 | NULL |     10 |       1 | KING         | r50mpm     | 7132300081 |        1 |     10 | ACCOUNTING | NEW YORK | r50mpm     | 24/03/1989 |
|  7934 | MILLER   | M      | CLERK               | 7782 | 1982-01-23 | 1300 | NULL |     10 |       2 | QUARTERNOTE  | r50mpm     | 7132300055 |        0 |     10 | ACCOUNTING | NEW YORK | r50mpm     | 24/03/1989 |
|  6473 | SHARMIN  | F      | Public Relation     | 7920 | 1981-07-19 | 1750 | NULL |     20 |       1 | SHARMIN      | a12recmpm  | NULL       |        1 |     20 | RESEARCH   | DALLAS   | a12recmpm  | 12/04/1989 |
|  6781 | BANDISH  | F      | Public Relation     | 7920 | 1981-07-19 | 1750 | NULL |     20 |       1 | BANDISH      | a12recmpm  | NULL       |        1 |     20 | RESEARCH   | DALLAS   | a12recmpm  | 12/04/1989 |
|  7369 | SMITH    | M      | CLERK               | 7902 | 1980-12-17 |  800 | NULL |     20 |       2 | TRITONE      | a12recmpm  | 7032300023 |        0 |     20 | RESEARCH   | DALLAS   | a12recmpm  | 12/04/1989 |
|  7566 | JONES    | M      | MANAGER             | 7839 | 1981-04-02 | 2975 | NULL |     20 |       4 | HONEYCOMB    | a12recmpm  | 7132300039 |        1 |     20 | RESEARCH   | DALLAS   | a12recmpm  | 12/04/1989 |
|  7788 | SCOTT    | M      | ANALYST             | 7566 | 1982-12-09 | 3000 | NULL |     20 |       3 | WHITE SAND   | a12recmpm  | NULL       |        1 |     20 | RESEARCH   | DALLAS   | a12recmpm  | 12/04/1989 |
|  7840 | FRED     | M      | vice PRESIDENT      | 7839 | 1983-08-09 | 5000 | NULL |     20 |       1 | SAND STONE   | a12recmpm  | NULL       |        1 |     20 | RESEARCH   | DALLAS   | a12recmpm  | 12/04/1989 |
|  7876 | ADAMS    | M      | CLERK               | 7788 | 1983-01-12 | 1100 | NULL |     20 |       1 | CRAZY ANYONE | a12recmpm  | 7132300086 |        1 |     20 | RESEARCH   | DALLAS   | a12recmpm  | 12/04/1989 |
|  7902 | zzz      | M      | ANALYST             | 7566 | 1981-12-03 | 3000 | NULL |     20 |       4 | CONBRIO      | a12recmpm  | NULL       |        0 |     20 | RESEARCH   | DALLAS   | a12recmpm  | 12/04/1989 |
|  6001 | GITA     | F      | Compliance officers | 7920 | 1981-07-19 | 1750 | NULL |     30 |       1 | GITA         | sales@2017 | NULL       |        1 |     30 | SALES      | CHICAGO  | sales@2017 | 13/04/1989 |
|  7499 | ALLEN    | M      | SALESMAN            | 7698 | 1981-02-20 | 1600 |  300 |     30 |       4 | ALWAYS TESTE | sales@2017 | 7032300096 |        1 |     30 | SALES      | CHICAGO  | sales@2017 | 13/04/1989 |
|  7521 | WARD     | M      | SALESMAN            | 7698 | 1981-02-22 | 1250 |  500 |     30 |       1 | WARD         | sales@2017 | 7132300034 |        1 |     30 | SALES      | CHICAGO  | sales@2017 | 13/04/1989 |
|  7654 | MARTIN   | M      | SALESMAN            | 7698 | 1981-09-28 | 1250 | 1400 |     30 |       6 | LIFE RACER   | sales@2017 | 7132300050 |        1 |     30 | SALES      | CHICAGO  | sales@2017 | 13/04/1989 |
|  7698 | BLAKE    | M      | MANAGER             | 7839 | 1981-05-01 | 2850 | NULL |     30 |       1 | BIG BEN      | sales@2017 | 7132300027 |        1 |     30 | SALES      | CHICAGO  | sales@2017 | 13/04/1989 |
|  7844 | TURNER   | M      | SALESMAN            | 7698 | 1981-09-08 | 1500 |    0 |     30 |       5 | SAND DUST    | sales@2017 | NULL       |        1 |     30 | SALES      | CHICAGO  | sales@2017 | 13/04/1989 |
|  7900 | JAMES    | M      | CLERK               | 7698 | 1981-12-03 |  950 | NULL |     30 |       2 | CRAZY LEADER | sales@2017 | 7132300042 |        1 |     30 | SALES      | CHICAGO  | sales@2017 | 13/04/1989 |
|  7919 | HOFFMAN  | M      | MANAGER             | 7566 | 1982-03-24 | 4150 | NULL |     30 |       3 | INTERVAL     | sales@2017 | NULL       |        1 |     30 | SALES      | CHICAGO  | sales@2017 | 13/04/1989 |
|  7920 | GRASS    | M      | SALESMAN            | 7919 | 1980-02-14 | 2575 | 2700 |     30 |       5 | GRASS        | sales@2017 | NULL       |        1 |     30 | SALES      | CHICAGO  | sales@2017 | 13/04/1989 |
|  7945 | AARUSH   | M      | SALESMAN            | 7902 | 1980-02-14 | 1350 | 2700 |     30 |    NULL | AARUSH       | ABCDEF     | NULL       |        0 |     30 | SALES      | CHICAGO  | sales@2017 | 13/04/1989 |
|  7949 | ALEX     | M      | MANAGER             | 7698 | 1982-01-24 | 1250 |  500 |     30 |       5 | QUARTERREST  | sales@2017 | 7156567183 |        1 |     30 | SALES      | CHICAGO  | sales@2017 | 13/04/1989 |
|  8433 | NATASHA  | F      | CLERK               | 7920 | 1981-07-19 | 1750 | NULL |     30 |       1 | NATASHA      | sales@2017 | NULL       |        1 |     30 | SALES      | CHICAGO  | sales@2017 | 13/04/1989 |
|  NULL | NULL     | NULL   | NULL                | NULL | NULL       | NULL | NULL |   NULL |    NULL | NULL         | NULL       | NULL       |     NULL |     40 | OPERATIONS | BOSTON   | opr@123    | 12/07/1989 |
|  6129 | VRUSHALI | F      | Compliance officers | 7920 | 1981-07-19 | 1750 | NULL |     50 |       1 | VRUSHALI     | PUN@8877   | NULL       |        1 |     50 | HR         | PUNE     | PUN@8877   | 22/12/1989 |
|  9400 | SANGITA  | F      | Compliance officers | 7920 | 1981-07-19 | 1750 | NULL |     50 |       1 | SANGITA      | NULL       | NULL       |        1 |     50 | HR         | PUNE     | PUN@8877   | 22/12/1989 |
|  9473 | SUPRIYA  | F      | ANALYST             | 7920 | 1981-07-19 | 1750 | NULL |     50 |       1 | SUPRIYA      | XYZ@1234   | NULL       |        1 |     50 | HR         | PUNE     | PUN@8877   | 22/12/1989 |
+-------+----------+--------+---------------------+------+------------+------+------+--------+---------+--------------+------------+------------+----------+--------+------------+----------+------------+------------+
29 rows in set (0.00 sec)

mysql> select ename, dame, job,sal, emp.deptno, dept.deptno from emp right outer join dept on emp.deptno = dept.deptno;
ERROR 1054 (42S22): Unknown column 'dame' in 'field list'
mysql> select ename, dname, job,sal, emp.deptno, dept.deptno from emp right outer join dept on emp.deptno = dept.deptno;
+----------+------------+---------------------+------+--------+--------+
| ename    | dname      | job                 | sal  | deptno | deptno |
+----------+------------+---------------------+------+--------+--------+
| AARAV    | ACCOUNTING | CLERK               | 3350 |     10 |     10 |
| THOMAS   | ACCOUNTING | CLERK               | 1750 |     10 |     10 |
| CLARK    | ACCOUNTING | MANAGER             | 2450 |     10 |     10 |
| KING     | ACCOUNTING | PRESIDENT           | 5000 |     10 |     10 |
| MILLER   | ACCOUNTING | CLERK               | 1300 |     10 |     10 |
| SHARMIN  | RESEARCH   | Public Relation     | 1750 |     20 |     20 |
| BANDISH  | RESEARCH   | Public Relation     | 1750 |     20 |     20 |
| SMITH    | RESEARCH   | CLERK               |  800 |     20 |     20 |
| JONES    | RESEARCH   | MANAGER             | 2975 |     20 |     20 |
| SCOTT    | RESEARCH   | ANALYST             | 3000 |     20 |     20 |
| FRED     | RESEARCH   | vice PRESIDENT      | 5000 |     20 |     20 |
| ADAMS    | RESEARCH   | CLERK               | 1100 |     20 |     20 |
| zzz      | RESEARCH   | ANALYST             | 3000 |     20 |     20 |
| GITA     | SALES      | Compliance officers | 1750 |     30 |     30 |
| ALLEN    | SALES      | SALESMAN            | 1600 |     30 |     30 |
| WARD     | SALES      | SALESMAN            | 1250 |     30 |     30 |
| MARTIN   | SALES      | SALESMAN            | 1250 |     30 |     30 |
| BLAKE    | SALES      | MANAGER             | 2850 |     30 |     30 |
| TURNER   | SALES      | SALESMAN            | 1500 |     30 |     30 |
| JAMES    | SALES      | CLERK               |  950 |     30 |     30 |
| HOFFMAN  | SALES      | MANAGER             | 4150 |     30 |     30 |
| GRASS    | SALES      | SALESMAN            | 2575 |     30 |     30 |
| AARUSH   | SALES      | SALESMAN            | 1350 |     30 |     30 |
| ALEX     | SALES      | MANAGER             | 1250 |     30 |     30 |
| NATASHA  | SALES      | CLERK               | 1750 |     30 |     30 |
| NULL     | OPERATIONS | NULL                | NULL |   NULL |     40 |
| VRUSHALI | HR         | Compliance officers | 1750 |     50 |     50 |
| SANGITA  | HR         | Compliance officers | 1750 |     50 |     50 |
| SUPRIYA  | HR         | ANALYST             | 1750 |     50 |     50 |
+----------+------------+---------------------+------+--------+--------+
29 rows in set (0.00 sec)

mysql> select ename,job, sal, emp.deptno, dept.deptno, dname from emp right outer join dept on emp.deptno = dept.deptno;
+----------+---------------------+------+--------+--------+------------+
| ename    | job                 | sal  | deptno | deptno | dname      |
+----------+---------------------+------+--------+--------+------------+
| AARAV    | CLERK               | 3350 |     10 |     10 | ACCOUNTING |
| THOMAS   | CLERK               | 1750 |     10 |     10 | ACCOUNTING |
| CLARK    | MANAGER             | 2450 |     10 |     10 | ACCOUNTING |
| KING     | PRESIDENT           | 5000 |     10 |     10 | ACCOUNTING |
| MILLER   | CLERK               | 1300 |     10 |     10 | ACCOUNTING |
| SHARMIN  | Public Relation     | 1750 |     20 |     20 | RESEARCH   |
| BANDISH  | Public Relation     | 1750 |     20 |     20 | RESEARCH   |
| SMITH    | CLERK               |  800 |     20 |     20 | RESEARCH   |
| JONES    | MANAGER             | 2975 |     20 |     20 | RESEARCH   |
| SCOTT    | ANALYST             | 3000 |     20 |     20 | RESEARCH   |
| FRED     | vice PRESIDENT      | 5000 |     20 |     20 | RESEARCH   |
| ADAMS    | CLERK               | 1100 |     20 |     20 | RESEARCH   |
| zzz      | ANALYST             | 3000 |     20 |     20 | RESEARCH   |
| GITA     | Compliance officers | 1750 |     30 |     30 | SALES      |
| ALLEN    | SALESMAN            | 1600 |     30 |     30 | SALES      |
| WARD     | SALESMAN            | 1250 |     30 |     30 | SALES      |
| MARTIN   | SALESMAN            | 1250 |     30 |     30 | SALES      |
| BLAKE    | MANAGER             | 2850 |     30 |     30 | SALES      |
| TURNER   | SALESMAN            | 1500 |     30 |     30 | SALES      |
| JAMES    | CLERK               |  950 |     30 |     30 | SALES      |
| HOFFMAN  | MANAGER             | 4150 |     30 |     30 | SALES      |
| GRASS    | SALESMAN            | 2575 |     30 |     30 | SALES      |
| AARUSH   | SALESMAN            | 1350 |     30 |     30 | SALES      |
| ALEX     | MANAGER             | 1250 |     30 |     30 | SALES      |
| NATASHA  | CLERK               | 1750 |     30 |     30 | SALES      |
| NULL     | NULL                | NULL |   NULL |     40 | OPERATIONS |
| VRUSHALI | Compliance officers | 1750 |     50 |     50 | HR         |
| SANGITA  | Compliance officers | 1750 |     50 |     50 | HR         |
| SUPRIYA  | ANALYST             | 1750 |     50 |     50 | HR         |
+----------+---------------------+------+--------+--------+------------+
29 rows in set (0.00 sec)

mysql> select ename,job, sal, emp.deptno, dept.deptno, dname from dept left outer join emp on emp.deptno = dept.deptno;
+----------+---------------------+------+--------+--------+------------+
| ename    | job                 | sal  | deptno | deptno | dname      |
+----------+---------------------+------+--------+--------+------------+
| AARAV    | CLERK               | 3350 |     10 |     10 | ACCOUNTING |
| THOMAS   | CLERK               | 1750 |     10 |     10 | ACCOUNTING |
| CLARK    | MANAGER             | 2450 |     10 |     10 | ACCOUNTING |
| KING     | PRESIDENT           | 5000 |     10 |     10 | ACCOUNTING |
| MILLER   | CLERK               | 1300 |     10 |     10 | ACCOUNTING |
| SHARMIN  | Public Relation     | 1750 |     20 |     20 | RESEARCH   |
| BANDISH  | Public Relation     | 1750 |     20 |     20 | RESEARCH   |
| SMITH    | CLERK               |  800 |     20 |     20 | RESEARCH   |
| JONES    | MANAGER             | 2975 |     20 |     20 | RESEARCH   |
| SCOTT    | ANALYST             | 3000 |     20 |     20 | RESEARCH   |
| FRED     | vice PRESIDENT      | 5000 |     20 |     20 | RESEARCH   |
| ADAMS    | CLERK               | 1100 |     20 |     20 | RESEARCH   |
| zzz      | ANALYST             | 3000 |     20 |     20 | RESEARCH   |
| GITA     | Compliance officers | 1750 |     30 |     30 | SALES      |
| ALLEN    | SALESMAN            | 1600 |     30 |     30 | SALES      |
| WARD     | SALESMAN            | 1250 |     30 |     30 | SALES      |
| MARTIN   | SALESMAN            | 1250 |     30 |     30 | SALES      |
| BLAKE    | MANAGER             | 2850 |     30 |     30 | SALES      |
| TURNER   | SALESMAN            | 1500 |     30 |     30 | SALES      |
| JAMES    | CLERK               |  950 |     30 |     30 | SALES      |
| HOFFMAN  | MANAGER             | 4150 |     30 |     30 | SALES      |
| GRASS    | SALESMAN            | 2575 |     30 |     30 | SALES      |
| AARUSH   | SALESMAN            | 1350 |     30 |     30 | SALES      |
| ALEX     | MANAGER             | 1250 |     30 |     30 | SALES      |
| NATASHA  | CLERK               | 1750 |     30 |     30 | SALES      |
| NULL     | NULL                | NULL |   NULL |     40 | OPERATIONS |
| VRUSHALI | Compliance officers | 1750 |     50 |     50 | HR         |
| SANGITA  | Compliance officers | 1750 |     50 |     50 | HR         |
| SUPRIYA  | ANALYST             | 1750 |     50 |     50 | HR         |
+----------+---------------------+------+--------+--------+------------+
29 rows in set (0.00 sec)

mysql> select * from r1;
+------+
| c1   |
+------+
|    1 |
|    2 |
|    3 |
|    4 |
+------+
4 rows in set (0.00 sec)

mysql> select * from r2;
+------+------+
| c1   | c2   |
+------+------+
|    1 | a    |
|    2 | b    |
|    1 | c    |
|    3 | d    |
|    2 | e    |
|    1 | f    |
+------+------+
6 rows in set (0.00 sec)

mysql> select * from r1 left outer join r2 on r1.c1 = r2.c1;
+------+------+------+
| c1   | c1   | c2   |
+------+------+------+
|    1 |    1 | f    |
|    1 |    1 | c    |
|    1 |    1 | a    |
|    2 |    2 | e    |
|    2 |    2 | b    |
|    3 |    3 | d    |
|    4 | NULL | NULL |
+------+------+------+
7 rows in set (0.00 sec)

mysql> insert into r2 values(7,7);
Query OK, 1 row affected (0.00 sec)

mysql> select * from r1;
+------+
| c1   |
+------+
|    1 |
|    2 |
|    3 |
|    4 |
+------+
4 rows in set (0.00 sec)

mysql> select * from r2;
+------+------+
| c1   | c2   |
+------+------+
|    1 | a    |
|    2 | b    |
|    1 | c    |
|    3 | d    |
|    2 | e    |
|    1 | f    |
|    7 | 7    |
+------+------+
7 rows in set (0.00 sec)

mysql> select * from r1 left outer join r2 on r1.c1 = r2.c1;
+------+------+------+
| c1   | c1   | c2   |
+------+------+------+
|    1 |    1 | f    |
|    1 |    1 | c    |
|    1 |    1 | a    |
|    2 |    2 | e    |
|    2 |    2 | b    |
|    3 |    3 | d    |
|    4 | NULL | NULL |
+------+------+------+
7 rows in set (0.00 sec)

mysql> select * from r1 right outer join r2 on r1.c1 = r2.c1;
+------+------+------+
| c1   | c1   | c2   |
+------+------+------+
|    1 |    1 | a    |
|    2 |    2 | b    |
|    1 |    1 | c    |
|    3 |    3 | d    |
|    2 |    2 | e    |
|    1 |    1 | f    |
| NULL |    7 | 7    |
+------+------+------+
7 rows in set (0.00 sec)

mysql> select * from r1 left outer join r2 on r1.c1 = r2.c1 union  select * from r1 right outer join r2 on r1.c1 = r2.c1;
+------+------+------+
| c1   | c1   | c2   |
+------+------+------+
|    1 |    1 | f    |
|    1 |    1 | c    |
|    1 |    1 | a    |
|    2 |    2 | e    |
|    2 |    2 | b    |
|    3 |    3 | d    |
|    4 | NULL | NULL |
| NULL |    7 | 7    |
+------+------+------+
8 rows in set (0.00 sec)

mysql> select * from r1 left outer join r2 on r1.c1 = r2.c1;
+------+------+------+
| c1   | c1   | c2   |
+------+------+------+
|    1 |    1 | f    |
|    1 |    1 | c    |
|    1 |    1 | a    |
|    2 |    2 | e    |
|    2 |    2 | b    |
|    3 |    3 | d    |
|    4 | NULL | NULL |
+------+------+------+
7 rows in set (0.00 sec)

mysql> select * from r2 left outer join r1 on r1.c1 = r2.c1;
+------+------+------+
| c1   | c2   | c1   |
+------+------+------+
|    1 | a    |    1 |
|    2 | b    |    2 |
|    1 | c    |    1 |
|    3 | d    |    3 |
|    2 | e    |    2 |
|    1 | f    |    1 |
|    7 | 7    | NULL |
+------+------+------+
7 rows in set (0.00 sec)

mysql> select * from r1 left outer join r2 on r1.c1 = r2.c1 union select * from r2 left outer join r1 on r1.c1 = r2.c1;
+------+------+------+
| c1   | c1   | c2   |
+------+------+------+
|    1 | 1    | f    |
|    1 | 1    | c    |
|    1 | 1    | a    |
|    2 | 2    | e    |
|    2 | 2    | b    |
|    3 | 3    | d    |
|    4 | NULL | NULL |
|    1 | a    | 1    |
|    2 | b    | 2    |
|    1 | c    | 1    |
|    3 | d    | 3    |
|    2 | e    | 2    |
|    1 | f    | 1    |
|    7 | 7    | NULL |
+------+------+------+
14 rows in set (0.00 sec)

mysql> select * from r1 left outer join r2 on r1.c1 = r2.c1 union select * from r2 right outer join r1 on r1.c1 = r2.c1;
+------+------+------+
| c1   | c1   | c2   |
+------+------+------+
|    1 | 1    | f    |
|    1 | 1    | c    |
|    1 | 1    | a    |
|    2 | 2    | e    |
|    2 | 2    | b    |
|    3 | 3    | d    |
|    4 | NULL | NULL |
|    1 | f    | 1    |
|    1 | c    | 1    |
|    1 | a    | 1    |
|    2 | e    | 2    |
|    2 | b    | 2    |
|    3 | d    | 3    |
| NULL | NULL | 4    |
+------+------+------+
14 rows in set (0.00 sec)

mysql> select * from r1 left outer join r2 on r1.c1 = r2.c1 union select * from r1 right outer join r2 on r1.c1 = r2.c1;
+------+------+------+
| c1   | c1   | c2   |
+------+------+------+
|    1 |    1 | f    |
|    1 |    1 | c    |
|    1 |    1 | a    |
|    2 |    2 | e    |
|    2 |    2 | b    |
|    3 |    3 | d    |
|    4 | NULL | NULL |
| NULL |    7 | 7    |
+------+------+------+
8 rows in set (0.00 sec)

mysql> table emp;
+-------+----------+--------+---------------------+------+------------+------+------+--------+---------+--------------+------------+------------+----------+
| EMPNO | ENAME    | GENDER | JOB                 | MGR  | HIREDATE   | SAL  | COMM | DEPTNO | BONUSID | USER NAME    | PWD        | PHONE      | isActive |
+-------+----------+--------+---------------------+------+------------+------+------+--------+---------+--------------+------------+------------+----------+
|  6001 | GITA     | F      | Compliance officers | 7920 | 1981-07-19 | 1750 | NULL |     30 |       1 | GITA         | sales@2017 | NULL       |        1 |
|  6129 | VRUSHALI | F      | Compliance officers | 7920 | 1981-07-19 | 1750 | NULL |     50 |       1 | VRUSHALI     | PUN@8877   | NULL       |        1 |
|  6473 | SHARMIN  | F      | Public Relation     | 7920 | 1981-07-19 | 1750 | NULL |     20 |       1 | SHARMIN      | a12recmpm  | NULL       |        1 |
|  6781 | BANDISH  | F      | Public Relation     | 7920 | 1981-07-19 | 1750 | NULL |     20 |       1 | BANDISH      | a12recmpm  | NULL       |        1 |
|  7369 | SMITH    | M      | CLERK               | 7902 | 1980-12-17 |  800 | NULL |     20 |       2 | TRITONE      | a12recmpm  | 7032300023 |        0 |
|  7415 | AARAV    | M      | CLERK               | 7902 | 1981-12-31 | 3350 | NULL |     10 |    NULL | AARAV        | NULL       | 7032300084 |        0 |
|  7421 | THOMAS   | M      | CLERK               | 7920 | 1981-07-19 | 1750 | NULL |     10 |       1 | THOMAS       | r50mpm     | 7032300011 |        0 |
|  7499 | ALLEN    | M      | SALESMAN            | 7698 | 1981-02-20 | 1600 |  300 |     30 |       4 | ALWAYS TESTE | sales@2017 | 7032300096 |        1 |
|  7521 | WARD     | M      | SALESMAN            | 7698 | 1981-02-22 | 1250 |  500 |     30 |       1 | WARD         | sales@2017 | 7132300034 |        1 |
|  7566 | JONES    | M      | MANAGER             | 7839 | 1981-04-02 | 2975 | NULL |     20 |       4 | HONEYCOMB    | a12recmpm  | 7132300039 |        1 |
|  7654 | MARTIN   | M      | SALESMAN            | 7698 | 1981-09-28 | 1250 | 1400 |     30 |       6 | LIFE RACER   | sales@2017 | 7132300050 |        1 |
|  7698 | BLAKE    | M      | MANAGER             | 7839 | 1981-05-01 | 2850 | NULL |     30 |       1 | BIG BEN      | sales@2017 | 7132300027 |        1 |
|  7782 | CLARK    | M      | MANAGER             | 7839 | 1981-06-09 | 2450 | NULL |     10 |       3 | CLARK        | r50mpm     | 7032300001 |        1 |
|  7788 | SCOTT    | M      | ANALYST             | 7566 | 1982-12-09 | 3000 | NULL |     20 |       3 | WHITE SAND   | a12recmpm  | NULL       |        1 |
|  7839 | KING     | M      | PRESIDENT           | NULL | 1981-11-17 | 5000 | NULL |     10 |       1 | KING         | r50mpm     | 7132300081 |        1 |
|  7840 | FRED     | M      | vice PRESIDENT      | 7839 | 1983-08-09 | 5000 | NULL |     20 |       1 | SAND STONE   | a12recmpm  | NULL       |        1 |
|  7844 | TURNER   | M      | SALESMAN            | 7698 | 1981-09-08 | 1500 |    0 |     30 |       5 | SAND DUST    | sales@2017 | NULL       |        1 |
|  7876 | ADAMS    | M      | CLERK               | 7788 | 1983-01-12 | 1100 | NULL |     20 |       1 | CRAZY ANYONE | a12recmpm  | 7132300086 |        1 |
|  7900 | JAMES    | M      | CLERK               | 7698 | 1981-12-03 |  950 | NULL |     30 |       2 | CRAZY LEADER | sales@2017 | 7132300042 |        1 |
|  7902 | zzz      | M      | ANALYST             | 7566 | 1981-12-03 | 3000 | NULL |     20 |       4 | CONBRIO      | a12recmpm  | NULL       |        0 |
|  7919 | HOFFMAN  | M      | MANAGER             | 7566 | 1982-03-24 | 4150 | NULL |     30 |       3 | INTERVAL     | sales@2017 | NULL       |        1 |
|  7920 | GRASS    | M      | SALESMAN            | 7919 | 1980-02-14 | 2575 | 2700 |     30 |       5 | GRASS        | sales@2017 | NULL       |        1 |
|  7934 | MILLER   | M      | CLERK               | 7782 | 1982-01-23 | 1300 | NULL |     10 |       2 | QUARTERNOTE  | r50mpm     | 7132300055 |        0 |
|  7945 | AARUSH   | M      | SALESMAN            | 7902 | 1980-02-14 | 1350 | 2700 |     30 |    NULL | AARUSH       | ABCDEF     | NULL       |        0 |
|  7949 | ALEX     | M      | MANAGER             | 7698 | 1982-01-24 | 1250 |  500 |     30 |       5 | QUARTERREST  | sales@2017 | 7156567183 |        1 |
|  8433 | NATASHA  | F      | CLERK               | 7920 | 1981-07-19 | 1750 | NULL |     30 |       1 | NATASHA      | sales@2017 | NULL       |        1 |
|  9400 | SANGITA  | F      | Compliance officers | 7920 | 1981-07-19 | 1750 | NULL |     50 |       1 | SANGITA      | NULL       | NULL       |        1 |
|  9473 | SUPRIYA  | F      | ANALYST             | 7920 | 1981-07-19 | 1750 | NULL |     50 |       1 | SUPRIYA      | XYZ@1234   | NULL       |        1 |
+-------+----------+--------+---------------------+------+------------+------+------+--------+---------+--------------+------------+------------+----------+
28 rows in set (0.00 sec)

mysql> select e.ename "Emlploy Name", m.ename "Manager Name" from emp e, emp m;
+--------------+--------------+
| Emlploy Name | Manager Name |
+--------------+--------------+
| SUPRIYA      | GITA         |
| SANGITA      | GITA         |
| NATASHA      | GITA         |
| ALEX         | GITA         |
| AARUSH       | GITA         |
| MILLER       | GITA         |
| GRASS        | GITA         |
| HOFFMAN      | GITA         |
| zzz          | GITA         |
| JAMES        | GITA         |
| ADAMS        | GITA         |
| TURNER       | GITA         |
| FRED         | GITA         |
| KING         | GITA         |
| SCOTT        | GITA         |
| CLARK        | GITA         |
| BLAKE        | GITA         |
| MARTIN       | GITA         |
| JONES        | GITA         |
| WARD         | GITA         |
| ALLEN        | GITA         |
| THOMAS       | GITA         |
| AARAV        | GITA         |
| SMITH        | GITA         |
| BANDISH      | GITA         |
| SHARMIN      | GITA         |
| VRUSHALI     | GITA         |
| GITA         | GITA         |
| SUPRIYA      | VRUSHALI     |
| SANGITA      | VRUSHALI     |
| NATASHA      | VRUSHALI     |
| ALEX         | VRUSHALI     |
| AARUSH       | VRUSHALI     |
| MILLER       | VRUSHALI     |
| GRASS        | VRUSHALI     |
| HOFFMAN      | VRUSHALI     |
| zzz          | VRUSHALI     |
| JAMES        | VRUSHALI     |
| ADAMS        | VRUSHALI     |
| TURNER       | VRUSHALI     |
| FRED         | VRUSHALI     |
| KING         | VRUSHALI     |
| SCOTT        | VRUSHALI     |
| CLARK        | VRUSHALI     |
| BLAKE        | VRUSHALI     |
| MARTIN       | VRUSHALI     |
| JONES        | VRUSHALI     |
| WARD         | VRUSHALI     |
| ALLEN        | VRUSHALI     |
| THOMAS       | VRUSHALI     |
| AARAV        | VRUSHALI     |
| SMITH        | VRUSHALI     |
| BANDISH      | VRUSHALI     |
| SHARMIN      | VRUSHALI     |
| VRUSHALI     | VRUSHALI     |
| GITA         | VRUSHALI     |
| SUPRIYA      | SHARMIN      |
| SANGITA      | SHARMIN      |
| NATASHA      | SHARMIN      |
| ALEX         | SHARMIN      |
| AARUSH       | SHARMIN      |
| MILLER       | SHARMIN      |
| GRASS        | SHARMIN      |
| HOFFMAN      | SHARMIN      |
| zzz          | SHARMIN      |
| JAMES        | SHARMIN      |
| ADAMS        | SHARMIN      |
| TURNER       | SHARMIN      |
| FRED         | SHARMIN      |
| KING         | SHARMIN      |
| SCOTT        | SHARMIN      |
| CLARK        | SHARMIN      |
| BLAKE        | SHARMIN      |
| MARTIN       | SHARMIN      |
| JONES        | SHARMIN      |
| WARD         | SHARMIN      |
| ALLEN        | SHARMIN      |
| THOMAS       | SHARMIN      |
| AARAV        | SHARMIN      |
| SMITH        | SHARMIN      |
| BANDISH      | SHARMIN      |
| SHARMIN      | SHARMIN      |
| VRUSHALI     | SHARMIN      |
| GITA         | SHARMIN      |
| SUPRIYA      | BANDISH      |
| SANGITA      | BANDISH      |
| NATASHA      | BANDISH      |
| ALEX         | BANDISH      |
| AARUSH       | BANDISH      |
| MILLER       | BANDISH      |
| GRASS        | BANDISH      |
| HOFFMAN      | BANDISH      |
| zzz          | BANDISH      |
| JAMES        | BANDISH      |
| ADAMS        | BANDISH      |
| TURNER       | BANDISH      |
| FRED         | BANDISH      |
| KING         | BANDISH      |
| SCOTT        | BANDISH      |
| CLARK        | BANDISH      |
| BLAKE        | BANDISH      |
| MARTIN       | BANDISH      |
| JONES        | BANDISH      |
| WARD         | BANDISH      |
| ALLEN        | BANDISH      |
| THOMAS       | BANDISH      |
| AARAV        | BANDISH      |
| SMITH        | BANDISH      |
| BANDISH      | BANDISH      |
| SHARMIN      | BANDISH      |
| VRUSHALI     | BANDISH      |
| GITA         | BANDISH      |
| SUPRIYA      | SMITH        |
| SANGITA      | SMITH        |
| NATASHA      | SMITH        |
| ALEX         | SMITH        |
| AARUSH       | SMITH        |
| MILLER       | SMITH        |
| GRASS        | SMITH        |
| HOFFMAN      | SMITH        |
| zzz          | SMITH        |
| JAMES        | SMITH        |
| ADAMS        | SMITH        |
| TURNER       | SMITH        |
| FRED         | SMITH        |
| KING         | SMITH        |
| SCOTT        | SMITH        |
| CLARK        | SMITH        |
| BLAKE        | SMITH        |
| MARTIN       | SMITH        |
| JONES        | SMITH        |
| WARD         | SMITH        |
| ALLEN        | SMITH        |
| THOMAS       | SMITH        |
| AARAV        | SMITH        |
| SMITH        | SMITH        |
| BANDISH      | SMITH        |
| SHARMIN      | SMITH        |
| VRUSHALI     | SMITH        |
| GITA         | SMITH        |
| SUPRIYA      | AARAV        |
| SANGITA      | AARAV        |
| NATASHA      | AARAV        |
| ALEX         | AARAV        |
| AARUSH       | AARAV        |
| MILLER       | AARAV        |
| GRASS        | AARAV        |
| HOFFMAN      | AARAV        |
| zzz          | AARAV        |
| JAMES        | AARAV        |
| ADAMS        | AARAV        |
| TURNER       | AARAV        |
| FRED         | AARAV        |
| KING         | AARAV        |
| SCOTT        | AARAV        |
| CLARK        | AARAV        |
| BLAKE        | AARAV        |
| MARTIN       | AARAV        |
| JONES        | AARAV        |
| WARD         | AARAV        |
| ALLEN        | AARAV        |
| THOMAS       | AARAV        |
| AARAV        | AARAV        |
| SMITH        | AARAV        |
| BANDISH      | AARAV        |
| SHARMIN      | AARAV        |
| VRUSHALI     | AARAV        |
| GITA         | AARAV        |
| SUPRIYA      | THOMAS       |
| SANGITA      | THOMAS       |
| NATASHA      | THOMAS       |
| ALEX         | THOMAS       |
| AARUSH       | THOMAS       |
| MILLER       | THOMAS       |
| GRASS        | THOMAS       |
| HOFFMAN      | THOMAS       |
| zzz          | THOMAS       |
| JAMES        | THOMAS       |
| ADAMS        | THOMAS       |
| TURNER       | THOMAS       |
| FRED         | THOMAS       |
| KING         | THOMAS       |
| SCOTT        | THOMAS       |
| CLARK        | THOMAS       |
| BLAKE        | THOMAS       |
| MARTIN       | THOMAS       |
| JONES        | THOMAS       |
| WARD         | THOMAS       |
| ALLEN        | THOMAS       |
| THOMAS       | THOMAS       |
| AARAV        | THOMAS       |
| SMITH        | THOMAS       |
| BANDISH      | THOMAS       |
| SHARMIN      | THOMAS       |
| VRUSHALI     | THOMAS       |
| GITA         | THOMAS       |
| SUPRIYA      | ALLEN        |
| SANGITA      | ALLEN        |
| NATASHA      | ALLEN        |
| ALEX         | ALLEN        |
| AARUSH       | ALLEN        |
| MILLER       | ALLEN        |
| GRASS        | ALLEN        |
| HOFFMAN      | ALLEN        |
| zzz          | ALLEN        |
| JAMES        | ALLEN        |
| ADAMS        | ALLEN        |
| TURNER       | ALLEN        |
| FRED         | ALLEN        |
| KING         | ALLEN        |
| SCOTT        | ALLEN        |
| CLARK        | ALLEN        |
| BLAKE        | ALLEN        |
| MARTIN       | ALLEN        |
| JONES        | ALLEN        |
| WARD         | ALLEN        |
| ALLEN        | ALLEN        |
| THOMAS       | ALLEN        |
| AARAV        | ALLEN        |
| SMITH        | ALLEN        |
| BANDISH      | ALLEN        |
| SHARMIN      | ALLEN        |
| VRUSHALI     | ALLEN        |
| GITA         | ALLEN        |
| SUPRIYA      | WARD         |
| SANGITA      | WARD         |
| NATASHA      | WARD         |
| ALEX         | WARD         |
| AARUSH       | WARD         |
| MILLER       | WARD         |
| GRASS        | WARD         |
| HOFFMAN      | WARD         |
| zzz          | WARD         |
| JAMES        | WARD         |
| ADAMS        | WARD         |
| TURNER       | WARD         |
| FRED         | WARD         |
| KING         | WARD         |
| SCOTT        | WARD         |
| CLARK        | WARD         |
| BLAKE        | WARD         |
| MARTIN       | WARD         |
| JONES        | WARD         |
| WARD         | WARD         |
| ALLEN        | WARD         |
| THOMAS       | WARD         |
| AARAV        | WARD         |
| SMITH        | WARD         |
| BANDISH      | WARD         |
| SHARMIN      | WARD         |
| VRUSHALI     | WARD         |
| GITA         | WARD         |
| SUPRIYA      | JONES        |
| SANGITA      | JONES        |
| NATASHA      | JONES        |
| ALEX         | JONES        |
| AARUSH       | JONES        |
| MILLER       | JONES        |
| GRASS        | JONES        |
| HOFFMAN      | JONES        |
| zzz          | JONES        |
| JAMES        | JONES        |
| ADAMS        | JONES        |
| TURNER       | JONES        |
| FRED         | JONES        |
| KING         | JONES        |
| SCOTT        | JONES        |
| CLARK        | JONES        |
| BLAKE        | JONES        |
| MARTIN       | JONES        |
| JONES        | JONES        |
| WARD         | JONES        |
| ALLEN        | JONES        |
| THOMAS       | JONES        |
| AARAV        | JONES        |
| SMITH        | JONES        |
| BANDISH      | JONES        |
| SHARMIN      | JONES        |
| VRUSHALI     | JONES        |
| GITA         | JONES        |
| SUPRIYA      | MARTIN       |
| SANGITA      | MARTIN       |
| NATASHA      | MARTIN       |
| ALEX         | MARTIN       |
| AARUSH       | MARTIN       |
| MILLER       | MARTIN       |
| GRASS        | MARTIN       |
| HOFFMAN      | MARTIN       |
| zzz          | MARTIN       |
| JAMES        | MARTIN       |
| ADAMS        | MARTIN       |
| TURNER       | MARTIN       |
| FRED         | MARTIN       |
| KING         | MARTIN       |
| SCOTT        | MARTIN       |
| CLARK        | MARTIN       |
| BLAKE        | MARTIN       |
| MARTIN       | MARTIN       |
| JONES        | MARTIN       |
| WARD         | MARTIN       |
| ALLEN        | MARTIN       |
| THOMAS       | MARTIN       |
| AARAV        | MARTIN       |
| SMITH        | MARTIN       |
| BANDISH      | MARTIN       |
| SHARMIN      | MARTIN       |
| VRUSHALI     | MARTIN       |
| GITA         | MARTIN       |
| SUPRIYA      | BLAKE        |
| SANGITA      | BLAKE        |
| NATASHA      | BLAKE        |
| ALEX         | BLAKE        |
| AARUSH       | BLAKE        |
| MILLER       | BLAKE        |
| GRASS        | BLAKE        |
| HOFFMAN      | BLAKE        |
| zzz          | BLAKE        |
| JAMES        | BLAKE        |
| ADAMS        | BLAKE        |
| TURNER       | BLAKE        |
| FRED         | BLAKE        |
| KING         | BLAKE        |
| SCOTT        | BLAKE        |
| CLARK        | BLAKE        |
| BLAKE        | BLAKE        |
| MARTIN       | BLAKE        |
| JONES        | BLAKE        |
| WARD         | BLAKE        |
| ALLEN        | BLAKE        |
| THOMAS       | BLAKE        |
| AARAV        | BLAKE        |
| SMITH        | BLAKE        |
| BANDISH      | BLAKE        |
| SHARMIN      | BLAKE        |
| VRUSHALI     | BLAKE        |
| GITA         | BLAKE        |
| SUPRIYA      | CLARK        |
| SANGITA      | CLARK        |
| NATASHA      | CLARK        |
| ALEX         | CLARK        |
| AARUSH       | CLARK        |
| MILLER       | CLARK        |
| GRASS        | CLARK        |
| HOFFMAN      | CLARK        |
| zzz          | CLARK        |
| JAMES        | CLARK        |
| ADAMS        | CLARK        |
| TURNER       | CLARK        |
| FRED         | CLARK        |
| KING         | CLARK        |
| SCOTT        | CLARK        |
| CLARK        | CLARK        |
| BLAKE        | CLARK        |
| MARTIN       | CLARK        |
| JONES        | CLARK        |
| WARD         | CLARK        |
| ALLEN        | CLARK        |
| THOMAS       | CLARK        |
| AARAV        | CLARK        |
| SMITH        | CLARK        |
| BANDISH      | CLARK        |
| SHARMIN      | CLARK        |
| VRUSHALI     | CLARK        |
| GITA         | CLARK        |
| SUPRIYA      | SCOTT        |
| SANGITA      | SCOTT        |
| NATASHA      | SCOTT        |
| ALEX         | SCOTT        |
| AARUSH       | SCOTT        |
| MILLER       | SCOTT        |
| GRASS        | SCOTT        |
| HOFFMAN      | SCOTT        |
| zzz          | SCOTT        |
| JAMES        | SCOTT        |
| ADAMS        | SCOTT        |
| TURNER       | SCOTT        |
| FRED         | SCOTT        |
| KING         | SCOTT        |
| SCOTT        | SCOTT        |
| CLARK        | SCOTT        |
| BLAKE        | SCOTT        |
| MARTIN       | SCOTT        |
| JONES        | SCOTT        |
| WARD         | SCOTT        |
| ALLEN        | SCOTT        |
| THOMAS       | SCOTT        |
| AARAV        | SCOTT        |
| SMITH        | SCOTT        |
| BANDISH      | SCOTT        |
| SHARMIN      | SCOTT        |
| VRUSHALI     | SCOTT        |
| GITA         | SCOTT        |
| SUPRIYA      | KING         |
| SANGITA      | KING         |
| NATASHA      | KING         |
| ALEX         | KING         |
| AARUSH       | KING         |
| MILLER       | KING         |
| GRASS        | KING         |
| HOFFMAN      | KING         |
| zzz          | KING         |
| JAMES        | KING         |
| ADAMS        | KING         |
| TURNER       | KING         |
| FRED         | KING         |
| KING         | KING         |
| SCOTT        | KING         |
| CLARK        | KING         |
| BLAKE        | KING         |
| MARTIN       | KING         |
| JONES        | KING         |
| WARD         | KING         |
| ALLEN        | KING         |
| THOMAS       | KING         |
| AARAV        | KING         |
| SMITH        | KING         |
| BANDISH      | KING         |
| SHARMIN      | KING         |
| VRUSHALI     | KING         |
| GITA         | KING         |
| SUPRIYA      | FRED         |
| SANGITA      | FRED         |
| NATASHA      | FRED         |
| ALEX         | FRED         |
| AARUSH       | FRED         |
| MILLER       | FRED         |
| GRASS        | FRED         |
| HOFFMAN      | FRED         |
| zzz          | FRED         |
| JAMES        | FRED         |
| ADAMS        | FRED         |
| TURNER       | FRED         |
| FRED         | FRED         |
| KING         | FRED         |
| SCOTT        | FRED         |
| CLARK        | FRED         |
| BLAKE        | FRED         |
| MARTIN       | FRED         |
| JONES        | FRED         |
| WARD         | FRED         |
| ALLEN        | FRED         |
| THOMAS       | FRED         |
| AARAV        | FRED         |
| SMITH        | FRED         |
| BANDISH      | FRED         |
| SHARMIN      | FRED         |
| VRUSHALI     | FRED         |
| GITA         | FRED         |
| SUPRIYA      | TURNER       |
| SANGITA      | TURNER       |
| NATASHA      | TURNER       |
| ALEX         | TURNER       |
| AARUSH       | TURNER       |
| MILLER       | TURNER       |
| GRASS        | TURNER       |
| HOFFMAN      | TURNER       |
| zzz          | TURNER       |
| JAMES        | TURNER       |
| ADAMS        | TURNER       |
| TURNER       | TURNER       |
| FRED         | TURNER       |
| KING         | TURNER       |
| SCOTT        | TURNER       |
| CLARK        | TURNER       |
| BLAKE        | TURNER       |
| MARTIN       | TURNER       |
| JONES        | TURNER       |
| WARD         | TURNER       |
| ALLEN        | TURNER       |
| THOMAS       | TURNER       |
| AARAV        | TURNER       |
| SMITH        | TURNER       |
| BANDISH      | TURNER       |
| SHARMIN      | TURNER       |
| VRUSHALI     | TURNER       |
| GITA         | TURNER       |
| SUPRIYA      | ADAMS        |
| SANGITA      | ADAMS        |
| NATASHA      | ADAMS        |
| ALEX         | ADAMS        |
| AARUSH       | ADAMS        |
| MILLER       | ADAMS        |
| GRASS        | ADAMS        |
| HOFFMAN      | ADAMS        |
| zzz          | ADAMS        |
| JAMES        | ADAMS        |
| ADAMS        | ADAMS        |
| TURNER       | ADAMS        |
| FRED         | ADAMS        |
| KING         | ADAMS        |
| SCOTT        | ADAMS        |
| CLARK        | ADAMS        |
| BLAKE        | ADAMS        |
| MARTIN       | ADAMS        |
| JONES        | ADAMS        |
| WARD         | ADAMS        |
| ALLEN        | ADAMS        |
| THOMAS       | ADAMS        |
| AARAV        | ADAMS        |
| SMITH        | ADAMS        |
| BANDISH      | ADAMS        |
| SHARMIN      | ADAMS        |
| VRUSHALI     | ADAMS        |
| GITA         | ADAMS        |
| SUPRIYA      | JAMES        |
| SANGITA      | JAMES        |
| NATASHA      | JAMES        |
| ALEX         | JAMES        |
| AARUSH       | JAMES        |
| MILLER       | JAMES        |
| GRASS        | JAMES        |
| HOFFMAN      | JAMES        |
| zzz          | JAMES        |
| JAMES        | JAMES        |
| ADAMS        | JAMES        |
| TURNER       | JAMES        |
| FRED         | JAMES        |
| KING         | JAMES        |
| SCOTT        | JAMES        |
| CLARK        | JAMES        |
| BLAKE        | JAMES        |
| MARTIN       | JAMES        |
| JONES        | JAMES        |
| WARD         | JAMES        |
| ALLEN        | JAMES        |
| THOMAS       | JAMES        |
| AARAV        | JAMES        |
| SMITH        | JAMES        |
| BANDISH      | JAMES        |
| SHARMIN      | JAMES        |
| VRUSHALI     | JAMES        |
| GITA         | JAMES        |
| SUPRIYA      | zzz          |
| SANGITA      | zzz          |
| NATASHA      | zzz          |
| ALEX         | zzz          |
| AARUSH       | zzz          |
| MILLER       | zzz          |
| GRASS        | zzz          |
| HOFFMAN      | zzz          |
| zzz          | zzz          |
| JAMES        | zzz          |
| ADAMS        | zzz          |
| TURNER       | zzz          |
| FRED         | zzz          |
| KING         | zzz          |
| SCOTT        | zzz          |
| CLARK        | zzz          |
| BLAKE        | zzz          |
| MARTIN       | zzz          |
| JONES        | zzz          |
| WARD         | zzz          |
| ALLEN        | zzz          |
| THOMAS       | zzz          |
| AARAV        | zzz          |
| SMITH        | zzz          |
| BANDISH      | zzz          |
| SHARMIN      | zzz          |
| VRUSHALI     | zzz          |
| GITA         | zzz          |
| SUPRIYA      | HOFFMAN      |
| SANGITA      | HOFFMAN      |
| NATASHA      | HOFFMAN      |
| ALEX         | HOFFMAN      |
| AARUSH       | HOFFMAN      |
| MILLER       | HOFFMAN      |
| GRASS        | HOFFMAN      |
| HOFFMAN      | HOFFMAN      |
| zzz          | HOFFMAN      |
| JAMES        | HOFFMAN      |
| ADAMS        | HOFFMAN      |
| TURNER       | HOFFMAN      |
| FRED         | HOFFMAN      |
| KING         | HOFFMAN      |
| SCOTT        | HOFFMAN      |
| CLARK        | HOFFMAN      |
| BLAKE        | HOFFMAN      |
| MARTIN       | HOFFMAN      |
| JONES        | HOFFMAN      |
| WARD         | HOFFMAN      |
| ALLEN        | HOFFMAN      |
| THOMAS       | HOFFMAN      |
| AARAV        | HOFFMAN      |
| SMITH        | HOFFMAN      |
| BANDISH      | HOFFMAN      |
| SHARMIN      | HOFFMAN      |
| VRUSHALI     | HOFFMAN      |
| GITA         | HOFFMAN      |
| SUPRIYA      | GRASS        |
| SANGITA      | GRASS        |
| NATASHA      | GRASS        |
| ALEX         | GRASS        |
| AARUSH       | GRASS        |
| MILLER       | GRASS        |
| GRASS        | GRASS        |
| HOFFMAN      | GRASS        |
| zzz          | GRASS        |
| JAMES        | GRASS        |
| ADAMS        | GRASS        |
| TURNER       | GRASS        |
| FRED         | GRASS        |
| KING         | GRASS        |
| SCOTT        | GRASS        |
| CLARK        | GRASS        |
| BLAKE        | GRASS        |
| MARTIN       | GRASS        |
| JONES        | GRASS        |
| WARD         | GRASS        |
| ALLEN        | GRASS        |
| THOMAS       | GRASS        |
| AARAV        | GRASS        |
| SMITH        | GRASS        |
| BANDISH      | GRASS        |
| SHARMIN      | GRASS        |
| VRUSHALI     | GRASS        |
| GITA         | GRASS        |
| SUPRIYA      | MILLER       |
| SANGITA      | MILLER       |
| NATASHA      | MILLER       |
| ALEX         | MILLER       |
| AARUSH       | MILLER       |
| MILLER       | MILLER       |
| GRASS        | MILLER       |
| HOFFMAN      | MILLER       |
| zzz          | MILLER       |
| JAMES        | MILLER       |
| ADAMS        | MILLER       |
| TURNER       | MILLER       |
| FRED         | MILLER       |
| KING         | MILLER       |
| SCOTT        | MILLER       |
| CLARK        | MILLER       |
| BLAKE        | MILLER       |
| MARTIN       | MILLER       |
| JONES        | MILLER       |
| WARD         | MILLER       |
| ALLEN        | MILLER       |
| THOMAS       | MILLER       |
| AARAV        | MILLER       |
| SMITH        | MILLER       |
| BANDISH      | MILLER       |
| SHARMIN      | MILLER       |
| VRUSHALI     | MILLER       |
| GITA         | MILLER       |
| SUPRIYA      | AARUSH       |
| SANGITA      | AARUSH       |
| NATASHA      | AARUSH       |
| ALEX         | AARUSH       |
| AARUSH       | AARUSH       |
| MILLER       | AARUSH       |
| GRASS        | AARUSH       |
| HOFFMAN      | AARUSH       |
| zzz          | AARUSH       |
| JAMES        | AARUSH       |
| ADAMS        | AARUSH       |
| TURNER       | AARUSH       |
| FRED         | AARUSH       |
| KING         | AARUSH       |
| SCOTT        | AARUSH       |
| CLARK        | AARUSH       |
| BLAKE        | AARUSH       |
| MARTIN       | AARUSH       |
| JONES        | AARUSH       |
| WARD         | AARUSH       |
| ALLEN        | AARUSH       |
| THOMAS       | AARUSH       |
| AARAV        | AARUSH       |
| SMITH        | AARUSH       |
| BANDISH      | AARUSH       |
| SHARMIN      | AARUSH       |
| VRUSHALI     | AARUSH       |
| GITA         | AARUSH       |
| SUPRIYA      | ALEX         |
| SANGITA      | ALEX         |
| NATASHA      | ALEX         |
| ALEX         | ALEX         |
| AARUSH       | ALEX         |
| MILLER       | ALEX         |
| GRASS        | ALEX         |
| HOFFMAN      | ALEX         |
| zzz          | ALEX         |
| JAMES        | ALEX         |
| ADAMS        | ALEX         |
| TURNER       | ALEX         |
| FRED         | ALEX         |
| KING         | ALEX         |
| SCOTT        | ALEX         |
| CLARK        | ALEX         |
| BLAKE        | ALEX         |
| MARTIN       | ALEX         |
| JONES        | ALEX         |
| WARD         | ALEX         |
| ALLEN        | ALEX         |
| THOMAS       | ALEX         |
| AARAV        | ALEX         |
| SMITH        | ALEX         |
| BANDISH      | ALEX         |
| SHARMIN      | ALEX         |
| VRUSHALI     | ALEX         |
| GITA         | ALEX         |
| SUPRIYA      | NATASHA      |
| SANGITA      | NATASHA      |
| NATASHA      | NATASHA      |
| ALEX         | NATASHA      |
| AARUSH       | NATASHA      |
| MILLER       | NATASHA      |
| GRASS        | NATASHA      |
| HOFFMAN      | NATASHA      |
| zzz          | NATASHA      |
| JAMES        | NATASHA      |
| ADAMS        | NATASHA      |
| TURNER       | NATASHA      |
| FRED         | NATASHA      |
| KING         | NATASHA      |
| SCOTT        | NATASHA      |
| CLARK        | NATASHA      |
| BLAKE        | NATASHA      |
| MARTIN       | NATASHA      |
| JONES        | NATASHA      |
| WARD         | NATASHA      |
| ALLEN        | NATASHA      |
| THOMAS       | NATASHA      |
| AARAV        | NATASHA      |
| SMITH        | NATASHA      |
| BANDISH      | NATASHA      |
| SHARMIN      | NATASHA      |
| VRUSHALI     | NATASHA      |
| GITA         | NATASHA      |
| SUPRIYA      | SANGITA      |
| SANGITA      | SANGITA      |
| NATASHA      | SANGITA      |
| ALEX         | SANGITA      |
| AARUSH       | SANGITA      |
| MILLER       | SANGITA      |
| GRASS        | SANGITA      |
| HOFFMAN      | SANGITA      |
| zzz          | SANGITA      |
| JAMES        | SANGITA      |
| ADAMS        | SANGITA      |
| TURNER       | SANGITA      |
| FRED         | SANGITA      |
| KING         | SANGITA      |
| SCOTT        | SANGITA      |
| CLARK        | SANGITA      |
| BLAKE        | SANGITA      |
| MARTIN       | SANGITA      |
| JONES        | SANGITA      |
| WARD         | SANGITA      |
| ALLEN        | SANGITA      |
| THOMAS       | SANGITA      |
| AARAV        | SANGITA      |
| SMITH        | SANGITA      |
| BANDISH      | SANGITA      |
| SHARMIN      | SANGITA      |
| VRUSHALI     | SANGITA      |
| GITA         | SANGITA      |
| SUPRIYA      | SUPRIYA      |
| SANGITA      | SUPRIYA      |
| NATASHA      | SUPRIYA      |
| ALEX         | SUPRIYA      |
| AARUSH       | SUPRIYA      |
| MILLER       | SUPRIYA      |
| GRASS        | SUPRIYA      |
| HOFFMAN      | SUPRIYA      |
| zzz          | SUPRIYA      |
| JAMES        | SUPRIYA      |
| ADAMS        | SUPRIYA      |
| TURNER       | SUPRIYA      |
| FRED         | SUPRIYA      |
| KING         | SUPRIYA      |
| SCOTT        | SUPRIYA      |
| CLARK        | SUPRIYA      |
| BLAKE        | SUPRIYA      |
| MARTIN       | SUPRIYA      |
| JONES        | SUPRIYA      |
| WARD         | SUPRIYA      |
| ALLEN        | SUPRIYA      |
| THOMAS       | SUPRIYA      |
| AARAV        | SUPRIYA      |
| SMITH        | SUPRIYA      |
| BANDISH      | SUPRIYA      |
| SHARMIN      | SUPRIYA      |
| VRUSHALI     | SUPRIYA      |
| GITA         | SUPRIYA      |
+--------------+--------------+
784 rows in set (0.00 sec)

mysql> select e.ename "Emlploy Name", m.ename "Manager Name" from emp e, emp m where e.mgr = m.empno;
+--------------+--------------+
| Emlploy Name | Manager Name |
+--------------+--------------+
| GITA         | GRASS        |
| VRUSHALI     | GRASS        |
| SHARMIN      | GRASS        |
| BANDISH      | GRASS        |
| SMITH        | zzz          |
| AARAV        | zzz          |
| THOMAS       | GRASS        |
| ALLEN        | BLAKE        |
| WARD         | BLAKE        |
| JONES        | KING         |
| MARTIN       | BLAKE        |
| BLAKE        | KING         |
| CLARK        | KING         |
| SCOTT        | JONES        |
| FRED         | KING         |
| TURNER       | BLAKE        |
| ADAMS        | SCOTT        |
| JAMES        | BLAKE        |
| zzz          | JONES        |
| HOFFMAN      | JONES        |
| GRASS        | HOFFMAN      |
| MILLER       | CLARK        |
| AARUSH       | zzz          |
| ALEX         | BLAKE        |
| NATASHA      | GRASS        |
| SANGITA      | GRASS        |
| SUPRIYA      | GRASS        |
+--------------+--------------+
27 rows in set (0.00 sec)

mysql> select database();
+------------+
| database() |
+------------+
| db1        |
+------------+
1 row in set (0.00 sec)

mysql> select user();
+----------------+
| user()         |
+----------------+
| root@localhost |
+----------------+
1 row in set (0.00 sec)

mysql> select max(sal) from emp;
+----------+
| max(sal) |
+----------+
|     5000 |
+----------+
1 row in set (0.00 sec)

mysql> select max(sal). min(Sal) from emp;
ERROR 1064 (42000): You have an error in your SQL syntax; check the manual that corresponds to your MySQL server version for the right syntax to use near '. min(Sal) from emp' at line 1
mysql> select max(sal), min(Sal) from emp;
+----------+----------+
| max(sal) | min(Sal) |
+----------+----------+
|     5000 |      800 |
+----------+----------+
1 row in set (0.00 sec)

mysql>
mysql>
mysql> select max(sal). min(Sal) into @a from emp;
ERROR 1064 (42000): You have an error in your SQL syntax; check the manual that corresponds to your MySQL server version for the right syntax to use near '. min(Sal) into @a from emp' at line 1
mysql> select max(sal), min(Sal) into @a from emp;
ERROR 1222 (21000): The used SELECT statements have a different number of columns
mysql>
mysql>
mysql>
mysql>
mysql> select max(sal), min(Sal) into @a, @b from emp;
Query OK, 1 row affected (0.03 sec)

mysql> select @a;
+------+
| @a   |
+------+
| 5000 |
+------+
1 row in set (0.00 sec)

mysql> select @b;
+------+
| @b   |
+------+
|  800 |
+------+
1 row in set (0.00 sec)

mysql> SET @c = 'manager';
Query OK, 0 rows affected (0.00 sec)

mysql> set @d := (select count(*) from emp);
Query OK, 0 rows affected (0.00 sec)

mysql> select @d;
+------+
| @d   |
+------+
|   28 |
+------+
1 row in set (0.00 sec)

mysql> set @e := select count(*) from emp;
ERROR 1064 (42000): You have an error in your SQL syntax; check the manual that corresponds to your MySQL server version for the right syntax to use near 'select count(*) from emp' at line 1
mysql>
mysql> select max(sal), min(Sal) into @a, @b from emp;
Query OK, 1 row affected (0.00 sec)

mysql>
mysql>
mysql>
mysql> select * from emp;
+-------+----------+--------+---------------------+------+------------+------+------+--------+---------+--------------+------------+------------+----------+
| EMPNO | ENAME    | GENDER | JOB                 | MGR  | HIREDATE   | SAL  | COMM | DEPTNO | BONUSID | USER NAME    | PWD        | PHONE      | isActive |
+-------+----------+--------+---------------------+------+------------+------+------+--------+---------+--------------+------------+------------+----------+
|  6001 | GITA     | F      | Compliance officers | 7920 | 1981-07-19 | 1750 | NULL |     30 |       1 | GITA         | sales@2017 | NULL       |        1 |
|  6129 | VRUSHALI | F      | Compliance officers | 7920 | 1981-07-19 | 1750 | NULL |     50 |       1 | VRUSHALI     | PUN@8877   | NULL       |        1 |
|  6473 | SHARMIN  | F      | Public Relation     | 7920 | 1981-07-19 | 1750 | NULL |     20 |       1 | SHARMIN      | a12recmpm  | NULL       |        1 |
|  6781 | BANDISH  | F      | Public Relation     | 7920 | 1981-07-19 | 1750 | NULL |     20 |       1 | BANDISH      | a12recmpm  | NULL       |        1 |
|  7369 | SMITH    | M      | CLERK               | 7902 | 1980-12-17 |  800 | NULL |     20 |       2 | TRITONE      | a12recmpm  | 7032300023 |        0 |
|  7415 | AARAV    | M      | CLERK               | 7902 | 1981-12-31 | 3350 | NULL |     10 |    NULL | AARAV        | NULL       | 7032300084 |        0 |
|  7421 | THOMAS   | M      | CLERK               | 7920 | 1981-07-19 | 1750 | NULL |     10 |       1 | THOMAS       | r50mpm     | 7032300011 |        0 |
|  7499 | ALLEN    | M      | SALESMAN            | 7698 | 1981-02-20 | 1600 |  300 |     30 |       4 | ALWAYS TESTE | sales@2017 | 7032300096 |        1 |
|  7521 | WARD     | M      | SALESMAN            | 7698 | 1981-02-22 | 1250 |  500 |     30 |       1 | WARD         | sales@2017 | 7132300034 |        1 |
|  7566 | JONES    | M      | MANAGER             | 7839 | 1981-04-02 | 2975 | NULL |     20 |       4 | HONEYCOMB    | a12recmpm  | 7132300039 |        1 |
|  7654 | MARTIN   | M      | SALESMAN            | 7698 | 1981-09-28 | 1250 | 1400 |     30 |       6 | LIFE RACER   | sales@2017 | 7132300050 |        1 |
|  7698 | BLAKE    | M      | MANAGER             | 7839 | 1981-05-01 | 2850 | NULL |     30 |       1 | BIG BEN      | sales@2017 | 7132300027 |        1 |
|  7782 | CLARK    | M      | MANAGER             | 7839 | 1981-06-09 | 2450 | NULL |     10 |       3 | CLARK        | r50mpm     | 7032300001 |        1 |
|  7788 | SCOTT    | M      | ANALYST             | 7566 | 1982-12-09 | 3000 | NULL |     20 |       3 | WHITE SAND   | a12recmpm  | NULL       |        1 |
|  7839 | KING     | M      | PRESIDENT           | NULL | 1981-11-17 | 5000 | NULL |     10 |       1 | KING         | r50mpm     | 7132300081 |        1 |
|  7840 | FRED     | M      | vice PRESIDENT      | 7839 | 1983-08-09 | 5000 | NULL |     20 |       1 | SAND STONE   | a12recmpm  | NULL       |        1 |
|  7844 | TURNER   | M      | SALESMAN            | 7698 | 1981-09-08 | 1500 |    0 |     30 |       5 | SAND DUST    | sales@2017 | NULL       |        1 |
|  7876 | ADAMS    | M      | CLERK               | 7788 | 1983-01-12 | 1100 | NULL |     20 |       1 | CRAZY ANYONE | a12recmpm  | 7132300086 |        1 |
|  7900 | JAMES    | M      | CLERK               | 7698 | 1981-12-03 |  950 | NULL |     30 |       2 | CRAZY LEADER | sales@2017 | 7132300042 |        1 |
|  7902 | zzz      | M      | ANALYST             | 7566 | 1981-12-03 | 3000 | NULL |     20 |       4 | CONBRIO      | a12recmpm  | NULL       |        0 |
|  7919 | HOFFMAN  | M      | MANAGER             | 7566 | 1982-03-24 | 4150 | NULL |     30 |       3 | INTERVAL     | sales@2017 | NULL       |        1 |
|  7920 | GRASS    | M      | SALESMAN            | 7919 | 1980-02-14 | 2575 | 2700 |     30 |       5 | GRASS        | sales@2017 | NULL       |        1 |
|  7934 | MILLER   | M      | CLERK               | 7782 | 1982-01-23 | 1300 | NULL |     10 |       2 | QUARTERNOTE  | r50mpm     | 7132300055 |        0 |
|  7945 | AARUSH   | M      | SALESMAN            | 7902 | 1980-02-14 | 1350 | 2700 |     30 |    NULL | AARUSH       | ABCDEF     | NULL       |        0 |
|  7949 | ALEX     | M      | MANAGER             | 7698 | 1982-01-24 | 1250 |  500 |     30 |       5 | QUARTERREST  | sales@2017 | 7156567183 |        1 |
|  8433 | NATASHA  | F      | CLERK               | 7920 | 1981-07-19 | 1750 | NULL |     30 |       1 | NATASHA      | sales@2017 | NULL       |        1 |
|  9400 | SANGITA  | F      | Compliance officers | 7920 | 1981-07-19 | 1750 | NULL |     50 |       1 | SANGITA      | NULL       | NULL       |        1 |
|  9473 | SUPRIYA  | F      | ANALYST             | 7920 | 1981-07-19 | 1750 | NULL |     50 |       1 | SUPRIYA      | XYZ@1234   | NULL       |        1 |
+-------+----------+--------+---------------------+------+------------+------+------+--------+---------+--------------+------------+------------+----------+
28 rows in set (0.00 sec)

mysql> select * from emp into outfile "d:\emp.csv";
ERROR 1290 (HY000): The MySQL server is running with the --secure-file-priv option so it cannot execute this statement
mysql> \r
Connection id:    8
Current database: db1

mysql> select * from emp into outfile "d:\emp.csv";
Query OK, 28 rows affected (0.19 sec)

mysql> select * from emp into outfile "d:\emp1.csv" fields terminated by ",";
Query OK, 28 rows affected (0.02 sec)

mysql> select * from emp into dumpfile "d:\emp2.csv";
ERROR 1172 (42000): Result consisted of more than one row
mysql>
mysql> select * from emp where job='manager' into dumpfile "d:\emp2.csv";
ERROR 1086 (HY000): File 'd:emp2.csv' already exists
mysql> select * from emp where job='manager' into dumpfile "d:\emp3.csv";
ERROR 1172 (42000): Result consisted of more than one row
mysql>
mysql>
mysql>
mysql>
mysql> show full tables;
+---------------------+------------+
| Tables_in_db1       | Table_type |
+---------------------+------------+
| a                   | BASE TABLE |
| abc                 | BASE TABLE |
| abc1                | BASE TABLE |
| agent               | BASE TABLE |
| andor               | BASE TABLE |
| b                   | BASE TABLE |
| blanktablea         | BASE TABLE |
| blanktableb         | BASE TABLE |
| blog                | BASE TABLE |
| bonus               | BASE TABLE |
| books               | BASE TABLE |
| candidate           | BASE TABLE |
| client              | BASE TABLE |
| coalesce            | BASE TABLE |
| comments            | BASE TABLE |
| company             | BASE TABLE |
| customer            | BASE TABLE |
| customers           | BASE TABLE |
| demodept1           | BASE TABLE |
| demodept2           | BASE TABLE |
| dept                | BASE TABLE |
| dept1               | BASE TABLE |
| docs                | BASE TABLE |
| dummy               | BASE TABLE |
| duplicate           | BASE TABLE |
| emp                 | BASE TABLE |
| emp1                | BASE TABLE |
| emp2                | BASE TABLE |
| emp_attendance      | BASE TABLE |
| emp_cards           | BASE TABLE |
| emp_phone           | BASE TABLE |
| empj                | BASE TABLE |
| envelope            | BASE TABLE |
| food                | BASE TABLE |
| hobby               | BASE TABLE |
| item                | BASE TABLE |
| key_parts           | BASE TABLE |
| licence             | BASE TABLE |
| location            | BASE TABLE |
| mass_table          | BASE TABLE |
| menucard            | BASE TABLE |
| nearest             | BASE TABLE |
| new                 | BASE TABLE |
| newbooks            | BASE TABLE |
| nullif              | BASE TABLE |
| numberstring        | BASE TABLE |
| ord                 | BASE TABLE |
| orders              | BASE TABLE |
| plumber             | BASE TABLE |
| plumber_service_map | BASE TABLE |
| points              | BASE TABLE |
| price               | BASE TABLE |
| product             | BASE TABLE |
| products            | BASE TABLE |
| quarter_revenue     | BASE TABLE |
| r                   | BASE TABLE |
| r1                  | BASE TABLE |
| r2                  | BASE TABLE |
| races               | BASE TABLE |
| regexpr             | BASE TABLE |
| replacedept         | BASE TABLE |
| revenue             | BASE TABLE |
| runners             | BASE TABLE |
| sales               | VIEW       |
| sales_channel       | BASE TABLE |
| salespeople         | BASE TABLE |
| salesperson         | BASE TABLE |
| salgrade            | BASE TABLE |
| service             | BASE TABLE |
| seta                | BASE TABLE |
| setb                | BASE TABLE |
| softdrink           | BASE TABLE |
| sort                | BASE TABLE |
| stadium             | BASE TABLE |
| states              | BASE TABLE |
| station             | BASE TABLE |
| status              | BASE TABLE |
| stringnumber        | BASE TABLE |
| t1                  | BASE TABLE |
| tablea              | BASE TABLE |
| tableaa             | BASE TABLE |
| tableb              | BASE TABLE |
| tablebb             | BASE TABLE |
| tasks               | BASE TABLE |
| temp1               | BASE TABLE |
| transactions        | BASE TABLE |
| vote_response       | BASE TABLE |
| votes               | BASE TABLE |
| warehouse           | BASE TABLE |
| z                   | BASE TABLE |
| z1                  | BASE TABLE |
| z2                  | BASE TABLE |
+---------------------+------------+
92 rows in set (0.02 sec)

mysql> create temporary table xyz (c1 int, c2 varchar(10));
Query OK, 0 rows affected (0.00 sec)

mysql> show full tables;
+---------------------+------------+
| Tables_in_db1       | Table_type |
+---------------------+------------+
| a                   | BASE TABLE |
| abc                 | BASE TABLE |
| abc1                | BASE TABLE |
| agent               | BASE TABLE |
| andor               | BASE TABLE |
| b                   | BASE TABLE |
| blanktablea         | BASE TABLE |
| blanktableb         | BASE TABLE |
| blog                | BASE TABLE |
| bonus               | BASE TABLE |
| books               | BASE TABLE |
| candidate           | BASE TABLE |
| client              | BASE TABLE |
| coalesce            | BASE TABLE |
| comments            | BASE TABLE |
| company             | BASE TABLE |
| customer            | BASE TABLE |
| customers           | BASE TABLE |
| demodept1           | BASE TABLE |
| demodept2           | BASE TABLE |
| dept                | BASE TABLE |
| dept1               | BASE TABLE |
| docs                | BASE TABLE |
| dummy               | BASE TABLE |
| duplicate           | BASE TABLE |
| emp                 | BASE TABLE |
| emp1                | BASE TABLE |
| emp2                | BASE TABLE |
| emp_attendance      | BASE TABLE |
| emp_cards           | BASE TABLE |
| emp_phone           | BASE TABLE |
| empj                | BASE TABLE |
| envelope            | BASE TABLE |
| food                | BASE TABLE |
| hobby               | BASE TABLE |
| item                | BASE TABLE |
| key_parts           | BASE TABLE |
| licence             | BASE TABLE |
| location            | BASE TABLE |
| mass_table          | BASE TABLE |
| menucard            | BASE TABLE |
| nearest             | BASE TABLE |
| new                 | BASE TABLE |
| newbooks            | BASE TABLE |
| nullif              | BASE TABLE |
| numberstring        | BASE TABLE |
| ord                 | BASE TABLE |
| orders              | BASE TABLE |
| plumber             | BASE TABLE |
| plumber_service_map | BASE TABLE |
| points              | BASE TABLE |
| price               | BASE TABLE |
| product             | BASE TABLE |
| products            | BASE TABLE |
| quarter_revenue     | BASE TABLE |
| r                   | BASE TABLE |
| r1                  | BASE TABLE |
| r2                  | BASE TABLE |
| races               | BASE TABLE |
| regexpr             | BASE TABLE |
| replacedept         | BASE TABLE |
| revenue             | BASE TABLE |
| runners             | BASE TABLE |
| sales               | VIEW       |
| sales_channel       | BASE TABLE |
| salespeople         | BASE TABLE |
| salesperson         | BASE TABLE |
| salgrade            | BASE TABLE |
| service             | BASE TABLE |
| seta                | BASE TABLE |
| setb                | BASE TABLE |
| softdrink           | BASE TABLE |
| sort                | BASE TABLE |
| stadium             | BASE TABLE |
| states              | BASE TABLE |
| station             | BASE TABLE |
| status              | BASE TABLE |
| stringnumber        | BASE TABLE |
| t1                  | BASE TABLE |
| tablea              | BASE TABLE |
| tableaa             | BASE TABLE |
| tableb              | BASE TABLE |
| tablebb             | BASE TABLE |
| tasks               | BASE TABLE |
| temp1               | BASE TABLE |
| transactions        | BASE TABLE |
| vote_response       | BASE TABLE |
| votes               | BASE TABLE |
| warehouse           | BASE TABLE |
| z                   | BASE TABLE |
| z1                  | BASE TABLE |
| z2                  | BASE TABLE |
+---------------------+------------+
92 rows in set (0.00 sec)

mysql> desc xyz;
+-------+-------------+------+-----+---------+-------+
| Field | Type        | Null | Key | Default | Extra |
+-------+-------------+------+-----+---------+-------+
| c1    | int         | YES  |     | NULL    | NULL  |
| c2    | varchar(10) | YES  |     | NULL    | NULL  |
+-------+-------------+------+-----+---------+-------+
2 rows in set (0.00 sec)

mysql> insert into xyz values(1,'saleel');
Query OK, 1 row affected (0.00 sec)

mysql> insert into xyz values(2,'sharmin');
Query OK, 1 row affected (0.00 sec)

mysql> select * from xyz;
+------+---------+
| c1   | c2      |
+------+---------+
|    1 | saleel  |
|    2 | sharmin |
+------+---------+
2 rows in set (0.00 sec)

mysql> commit;
Query OK, 0 rows affected (0.00 sec)

mysql> select * from xyz;
+------+---------+
| c1   | c2      |
+------+---------+
|    1 | saleel  |
|    2 | sharmin |
+------+---------+
2 rows in set (0.00 sec)

mysql> exit
Bye

C:\Users\faculty>mysql --host=localhost --port=3306 --user=root --password=root db1
mysql: [Warning] Using a password on the command line interface can be insecure.
Welcome to the MySQL monitor.  Commands end with ; or \g.
Your MySQL connection id is 9
Server version: 8.0.29 MySQL Community Server - GPL

Copyright (c) 2000, 2022, Oracle and/or its affiliates.

Oracle is a registered trademark of Oracle Corporation and/or its
affiliates. Other names may be trademarks of their respective
owners.

Type 'help;' or '\h' for help. Type '\c' to clear the current input statement.

mysql> desc xyz;
ERROR 1146 (42S02): Table 'db1.xyz' doesn't exist
mysql>
mysql>
mysql>
mysql> desc xyz;
ERROR 1146 (42S02): Table 'db1.xyz' doesn't exist
mysql>
mysql>
mysql>
mysql>
mysql> select @a;
+------------+
| @a         |
+------------+
| NULL       |
+------------+
1 row in set (0.00 sec)

mysql> table emp;
+-------+----------+--------+---------------------+------+------------+------+------+--------+---------+--------------+------------+------------+----------+
| EMPNO | ENAME    | GENDER | JOB                 | MGR  | HIREDATE   | SAL  | COMM | DEPTNO | BONUSID | USER NAME    | PWD        | PHONE      | isActive |
+-------+----------+--------+---------------------+------+------------+------+------+--------+---------+--------------+------------+------------+----------+
|  6001 | GITA     | F      | Compliance officers | 7920 | 1981-07-19 | 1750 | NULL |     30 |       1 | GITA         | sales@2017 | NULL       |        1 |
|  6129 | VRUSHALI | F      | Compliance officers | 7920 | 1981-07-19 | 1750 | NULL |     50 |       1 | VRUSHALI     | PUN@8877   | NULL       |        1 |
|  6473 | SHARMIN  | F      | Public Relation     | 7920 | 1981-07-19 | 1750 | NULL |     20 |       1 | SHARMIN      | a12recmpm  | NULL       |        1 |
|  6781 | BANDISH  | F      | Public Relation     | 7920 | 1981-07-19 | 1750 | NULL |     20 |       1 | BANDISH      | a12recmpm  | NULL       |        1 |
|  7369 | SMITH    | M      | CLERK               | 7902 | 1980-12-17 |  800 | NULL |     20 |       2 | TRITONE      | a12recmpm  | 7032300023 |        0 |
|  7415 | AARAV    | M      | CLERK               | 7902 | 1981-12-31 | 3350 | NULL |     10 |    NULL | AARAV        | NULL       | 7032300084 |        0 |
|  7421 | THOMAS   | M      | CLERK               | 7920 | 1981-07-19 | 1750 | NULL |     10 |       1 | THOMAS       | r50mpm     | 7032300011 |        0 |
|  7499 | ALLEN    | M      | SALESMAN            | 7698 | 1981-02-20 | 1600 |  300 |     30 |       4 | ALWAYS TESTE | sales@2017 | 7032300096 |        1 |
|  7521 | WARD     | M      | SALESMAN            | 7698 | 1981-02-22 | 1250 |  500 |     30 |       1 | WARD         | sales@2017 | 7132300034 |        1 |
|  7566 | JONES    | M      | MANAGER             | 7839 | 1981-04-02 | 2975 | NULL |     20 |       4 | HONEYCOMB    | a12recmpm  | 7132300039 |        1 |
|  7654 | MARTIN   | M      | SALESMAN            | 7698 | 1981-09-28 | 1250 | 1400 |     30 |       6 | LIFE RACER   | sales@2017 | 7132300050 |        1 |
|  7698 | BLAKE    | M      | MANAGER             | 7839 | 1981-05-01 | 2850 | NULL |     30 |       1 | BIG BEN      | sales@2017 | 7132300027 |        1 |
|  7782 | CLARK    | M      | MANAGER             | 7839 | 1981-06-09 | 2450 | NULL |     10 |       3 | CLARK        | r50mpm     | 7032300001 |        1 |
|  7788 | SCOTT    | M      | ANALYST             | 7566 | 1982-12-09 | 3000 | NULL |     20 |       3 | WHITE SAND   | a12recmpm  | NULL       |        1 |
|  7839 | KING     | M      | PRESIDENT           | NULL | 1981-11-17 | 5000 | NULL |     10 |       1 | KING         | r50mpm     | 7132300081 |        1 |
|  7840 | FRED     | M      | vice PRESIDENT      | 7839 | 1983-08-09 | 5000 | NULL |     20 |       1 | SAND STONE   | a12recmpm  | NULL       |        1 |
|  7844 | TURNER   | M      | SALESMAN            | 7698 | 1981-09-08 | 1500 |    0 |     30 |       5 | SAND DUST    | sales@2017 | NULL       |        1 |
|  7876 | ADAMS    | M      | CLERK               | 7788 | 1983-01-12 | 1100 | NULL |     20 |       1 | CRAZY ANYONE | a12recmpm  | 7132300086 |        1 |
|  7900 | JAMES    | M      | CLERK               | 7698 | 1981-12-03 |  950 | NULL |     30 |       2 | CRAZY LEADER | sales@2017 | 7132300042 |        1 |
|  7902 | zzz      | M      | ANALYST             | 7566 | 1981-12-03 | 3000 | NULL |     20 |       4 | CONBRIO      | a12recmpm  | NULL       |        0 |
|  7919 | HOFFMAN  | M      | MANAGER             | 7566 | 1982-03-24 | 4150 | NULL |     30 |       3 | INTERVAL     | sales@2017 | NULL       |        1 |
|  7920 | GRASS    | M      | SALESMAN            | 7919 | 1980-02-14 | 2575 | 2700 |     30 |       5 | GRASS        | sales@2017 | NULL       |        1 |
|  7934 | MILLER   | M      | CLERK               | 7782 | 1982-01-23 | 1300 | NULL |     10 |       2 | QUARTERNOTE  | r50mpm     | 7132300055 |        0 |
|  7945 | AARUSH   | M      | SALESMAN            | 7902 | 1980-02-14 | 1350 | 2700 |     30 |    NULL | AARUSH       | ABCDEF     | NULL       |        0 |
|  7949 | ALEX     | M      | MANAGER             | 7698 | 1982-01-24 | 1250 |  500 |     30 |       5 | QUARTERREST  | sales@2017 | 7156567183 |        1 |
|  8433 | NATASHA  | F      | CLERK               | 7920 | 1981-07-19 | 1750 | NULL |     30 |       1 | NATASHA      | sales@2017 | NULL       |        1 |
|  9400 | SANGITA  | F      | Compliance officers | 7920 | 1981-07-19 | 1750 | NULL |     50 |       1 | SANGITA      | NULL       | NULL       |        1 |
|  9473 | SUPRIYA  | F      | ANALYST             | 7920 | 1981-07-19 | 1750 | NULL |     50 |       1 | SUPRIYA      | XYZ@1234   | NULL       |        1 |
+-------+----------+--------+---------------------+------+------------+------+------+--------+---------+--------------+------------+------------+----------+
28 rows in set (0.00 sec)

mysql> select * from emp where job='manager';
+-------+---------+--------+---------+------+------------+------+------+--------+---------+-------------+------------+------------+----------+
| EMPNO | ENAME   | GENDER | JOB     | MGR  | HIREDATE   | SAL  | COMM | DEPTNO | BONUSID | USER NAME   | PWD        | PHONE      | isActive |
+-------+---------+--------+---------+------+------------+------+------+--------+---------+-------------+------------+------------+----------+
|  7566 | JONES   | M      | MANAGER | 7839 | 1981-04-02 | 2975 | NULL |     20 |       4 | HONEYCOMB   | a12recmpm  | 7132300039 |        1 |
|  7698 | BLAKE   | M      | MANAGER | 7839 | 1981-05-01 | 2850 | NULL |     30 |       1 | BIG BEN     | sales@2017 | 7132300027 |        1 |
|  7782 | CLARK   | M      | MANAGER | 7839 | 1981-06-09 | 2450 | NULL |     10 |       3 | CLARK       | r50mpm     | 7032300001 |        1 |
|  7919 | HOFFMAN | M      | MANAGER | 7566 | 1982-03-24 | 4150 | NULL |     30 |       3 | INTERVAL    | sales@2017 | NULL       |        1 |
|  7949 | ALEX    | M      | MANAGER | 7698 | 1982-01-24 | 1250 |  500 |     30 |       5 | QUARTERREST | sales@2017 | 7156567183 |        1 |
+-------+---------+--------+---------+------+------------+------+------+--------+---------+-------------+------------+------------+----------+
5 rows in set (0.00 sec)

mysql> explain select * from emp where job='manager';
+----+-------------+-------+------------+------+---------------+------+---------+------+------+----------+-------------+
| id | select_type | table | partitions | type | possible_keys | key  | key_len | ref  | rows | filtered | Extra       |
+----+-------------+-------+------------+------+---------------+------+---------+------+------+----------+-------------+
|  1 | SIMPLE      | emp   | NULL       | ALL  | NULL          | NULL | NULL    | NULL |   28 |    10.00 | Using where |
+----+-------------+-------+------------+------+---------------+------+---------+------+------+----------+-------------+
1 row in set, 1 warning (0.00 sec)

mysql> explain select * from emp;
+----+-------------+-------+------------+------+---------------+------+---------+------+------+----------+-------+
| id | select_type | table | partitions | type | possible_keys | key  | key_len | ref  | rows | filtered | Extra |
+----+-------------+-------+------------+------+---------------+------+---------+------+------+----------+-------+
|  1 | SIMPLE      | emp   | NULL       | ALL  | NULL          | NULL | NULL    | NULL |   28 |   100.00 | NULL  |
+----+-------------+-------+------------+------+---------------+------+---------+------+------+----------+-------+
1 row in set, 1 warning (0.00 sec)

mysql> explain analyze select * from emp where job='manager';
+------------------------------------------------------------------------------------------------------------------------------------------------------------------------------------------+
| EXPLAIN                                                                                                                                                                                  |
+------------------------------------------------------------------------------------------------------------------------------------------------------------------------------------------+
| -> Filter: (emp.JOB = 'manager')  (cost=3.05 rows=3) (actual time=0.077..0.092 rows=5 loops=1)
    -> Table scan on emp  (cost=3.05 rows=28) (actual time=0.065..0.081 rows=28 loops=1)
 |
+------------------------------------------------------------------------------------------------------------------------------------------------------------------------------------------+
1 row in set (0.02 sec)

mysql> desc emp;
+-----------+-------------+------+-----+---------+-------+
| Field     | Type        | Null | Key | Default | Extra |
+-----------+-------------+------+-----+---------+-------+
| EMPNO     | int         | NO   | PRI | NULL    |       |
| ENAME     | varchar(12) | YES  |     | NULL    |       |
| GENDER    | char(1)     | YES  |     | NULL    |       |
| JOB       | varchar(20) | YES  |     | NULL    |       |
| MGR       | int         | YES  | MUL | NULL    |       |
| HIREDATE  | date        | YES  |     | NULL    |       |
| SAL       | int         | YES  |     | NULL    |       |
| COMM      | int         | YES  |     | NULL    |       |
| DEPTNO    | int         | NO   | MUL | NULL    |       |
| BONUSID   | int         | YES  |     | NULL    |       |
| USER NAME | varchar(20) | YES  |     | NULL    |       |
| PWD       | varchar(20) | YES  |     | NULL    |       |
| PHONE     | varchar(45) | YES  |     | NULL    |       |
| isActive  | tinyint(1)  | YES  |     | NULL    |       |
+-----------+-------------+------+-----+---------+-------+
14 rows in set (0.02 sec)

mysql> select * from emp where empno=7788;
+-------+-------+--------+---------+------+------------+------+------+--------+---------+------------+-----------+-------+----------+
| EMPNO | ENAME | GENDER | JOB     | MGR  | HIREDATE   | SAL  | COMM | DEPTNO | BONUSID | USER NAME  | PWD       | PHONE | isActive |
+-------+-------+--------+---------+------+------------+------+------+--------+---------+------------+-----------+-------+----------+
|  7788 | SCOTT | M      | ANALYST | 7566 | 1982-12-09 | 3000 | NULL |     20 |       3 | WHITE SAND | a12recmpm | NULL  |        1 |
+-------+-------+--------+---------+------+------------+------+------+--------+---------+------------+-----------+-------+----------+
1 row in set (0.00 sec)

mysql> explain select * from emp where empno=7788;
+----+-------------+-------+------------+-------+---------------+---------+---------+-------+------+----------+-------+
| id | select_type | table | partitions | type  | possible_keys | key     | key_len | ref   | rows | filtered | Extra |
+----+-------------+-------+------------+-------+---------------+---------+---------+-------+------+----------+-------+
|  1 | SIMPLE      | emp   | NULL       | const | PRIMARY       | PRIMARY | 4       | const |    1 |   100.00 | NULL  |
+----+-------------+-------+------------+-------+---------------+---------+---------+-------+------+----------+-------+
1 row in set, 1 warning (0.00 sec)

mysql> explain analyze select * from emp where empno=7788;
+-------------------------------------------------------------------------------------------------------+
| EXPLAIN                                                                                               |
+-------------------------------------------------------------------------------------------------------+
| -> Rows fetched before execution  (cost=0.00..0.00 rows=1) (actual time=0.000..0.000 rows=1 loops=1)
 |
+-------------------------------------------------------------------------------------------------------+
1 row in set (0.00 sec)

mysql> desc emp;
+-----------+-------------+------+-----+---------+-------+
| Field     | Type        | Null | Key | Default | Extra |
+-----------+-------------+------+-----+---------+-------+
| EMPNO     | int         | NO   | PRI | NULL    |       |
| ENAME     | varchar(12) | YES  |     | NULL    |       |
| GENDER    | char(1)     | YES  |     | NULL    |       |
| JOB       | varchar(20) | YES  |     | NULL    |       |
| MGR       | int         | YES  | MUL | NULL    |       |
| HIREDATE  | date        | YES  |     | NULL    |       |
| SAL       | int         | YES  |     | NULL    |       |
| COMM      | int         | YES  |     | NULL    |       |
| DEPTNO    | int         | NO   | MUL | NULL    |       |
| BONUSID   | int         | YES  |     | NULL    |       |
| USER NAME | varchar(20) | YES  |     | NULL    |       |
| PWD       | varchar(20) | YES  |     | NULL    |       |
| PHONE     | varchar(45) | YES  |     | NULL    |       |
| isActive  | tinyint(1)  | YES  |     | NULL    |       |
+-----------+-------------+------+-----+---------+-------+
14 rows in set (0.00 sec)

mysql> create index ind_job emp(job);
ERROR 1064 (42000): You have an error in your SQL syntax; check the manual that corresponds to your MySQL server version for the right syntax to use near 'emp(job)' at line 1
mysql> create index ind_job on emp(job);
Query OK, 0 rows affected (0.43 sec)
Records: 0  Duplicates: 0  Warnings: 0

mysql> desc emp;
+-----------+-------------+------+-----+---------+-------+
| Field     | Type        | Null | Key | Default | Extra |
+-----------+-------------+------+-----+---------+-------+
| EMPNO     | int         | NO   | PRI | NULL    |       |
| ENAME     | varchar(12) | YES  |     | NULL    |       |
| GENDER    | char(1)     | YES  |     | NULL    |       |
| JOB       | varchar(20) | YES  | MUL | NULL    |       |
| MGR       | int         | YES  | MUL | NULL    |       |
| HIREDATE  | date        | YES  |     | NULL    |       |
| SAL       | int         | YES  |     | NULL    |       |
| COMM      | int         | YES  |     | NULL    |       |
| DEPTNO    | int         | NO   | MUL | NULL    |       |
| BONUSID   | int         | YES  |     | NULL    |       |
| USER NAME | varchar(20) | YES  |     | NULL    |       |
| PWD       | varchar(20) | YES  |     | NULL    |       |
| PHONE     | varchar(45) | YES  |     | NULL    |       |
| isActive  | tinyint(1)  | YES  |     | NULL    |       |
+-----------+-------------+------+-----+---------+-------+
14 rows in set (0.00 sec)

mysql> select * from emp where job='manager';
+-------+---------+--------+---------+------+------------+------+------+--------+---------+-------------+------------+------------+----------+
| EMPNO | ENAME   | GENDER | JOB     | MGR  | HIREDATE   | SAL  | COMM | DEPTNO | BONUSID | USER NAME   | PWD        | PHONE      | isActive |
+-------+---------+--------+---------+------+------------+------+------+--------+---------+-------------+------------+------------+----------+
|  7566 | JONES   | M      | MANAGER | 7839 | 1981-04-02 | 2975 | NULL |     20 |       4 | HONEYCOMB   | a12recmpm  | 7132300039 |        1 |
|  7698 | BLAKE   | M      | MANAGER | 7839 | 1981-05-01 | 2850 | NULL |     30 |       1 | BIG BEN     | sales@2017 | 7132300027 |        1 |
|  7782 | CLARK   | M      | MANAGER | 7839 | 1981-06-09 | 2450 | NULL |     10 |       3 | CLARK       | r50mpm     | 7032300001 |        1 |
|  7919 | HOFFMAN | M      | MANAGER | 7566 | 1982-03-24 | 4150 | NULL |     30 |       3 | INTERVAL    | sales@2017 | NULL       |        1 |
|  7949 | ALEX    | M      | MANAGER | 7698 | 1982-01-24 | 1250 |  500 |     30 |       5 | QUARTERREST | sales@2017 | 7156567183 |        1 |
+-------+---------+--------+---------+------+------------+------+------+--------+---------+-------------+------------+------------+----------+
5 rows in set (0.00 sec)

mysql> explain select * from emp where job='manager';
+----+-------------+-------+------------+------+---------------+---------+---------+-------+------+----------+-------+
| id | select_type | table | partitions | type | possible_keys | key     | key_len | ref   | rows | filtered | Extra |
+----+-------------+-------+------------+------+---------------+---------+---------+-------+------+----------+-------+
|  1 | SIMPLE      | emp   | NULL       | ref  | ind_job       | ind_job | 83      | const |    5 |   100.00 | NULL  |
+----+-------------+-------+------------+------+---------------+---------+---------+-------+------+----------+-------+
1 row in set, 1 warning (0.00 sec)

mysql> show index from emp;
+-------+------------+------------------------+--------------+-------------+-----------+-------------+----------+--------+------+------------+---------+---------------+---------+------------+
| Table | Non_unique | Key_name               | Seq_in_index | Column_name | Collation | Cardinality | Sub_part | Packed | Null | Index_type | Comment | Index_comment | Visible | Expression |
+-------+------------+------------------------+--------------+-------------+-----------+-------------+----------+--------+------+------------+---------+---------------+---------+------------+
| emp   |          0 | PRIMARY                |            1 | EMPNO       | A         |          28 |     NULL |   NULL |      | BTREE      |         |               | YES     | NULL       |
| emp   |          1 | EMP_FOREIGN_KEY_deptno |            1 | DEPTNO      | A         |           4 |     NULL |   NULL |      | BTREE      |         |               | YES     | NULL       |
| emp   |          1 | EMP_FOREIGN_KEY_mgr    |            1 | MGR         | A         |           9 |     NULL |   NULL | YES  | BTREE      |         |               | YES     | NULL       |
| emp   |          1 | ind_job                |            1 | JOB         | A         |           8 |     NULL |   NULL | YES  | BTREE      |         |               | YES     | NULL       |
+-------+------------+------------------------+--------------+-------------+-----------+-------------+----------+--------+------+------------+---------+---------------+---------+------------+
4 rows in set (0.00 sec)

mysql> explain analize select * from emp where job='manager';
ERROR 1064 (42000): You have an error in your SQL syntax; check the manual that corresponds to your MySQL server version for the right syntax to use near 'select * from emp where job='manager'' at line 1
mysql> explain analyze select * from emp where job='manager';
+---------------------------------------------------------------------------------------------------------------------+
| EXPLAIN                                                                                                             |
+---------------------------------------------------------------------------------------------------------------------+
| -> Index lookup on emp using ind_job (JOB='manager')  (cost=1.20 rows=5) (actual time=0.045..0.050 rows=5 loops=1)
 |
+---------------------------------------------------------------------------------------------------------------------+
1 row in set (0.00 sec)

mysql> desc emp;
+-----------+-------------+------+-----+---------+-------+
| Field     | Type        | Null | Key | Default | Extra |
+-----------+-------------+------+-----+---------+-------+
| EMPNO     | int         | NO   | PRI | NULL    |       |
| ENAME     | varchar(12) | YES  |     | NULL    |       |
| GENDER    | char(1)     | YES  |     | NULL    |       |
| JOB       | varchar(20) | YES  | MUL | NULL    |       |
| MGR       | int         | YES  | MUL | NULL    |       |
| HIREDATE  | date        | YES  |     | NULL    |       |
| SAL       | int         | YES  |     | NULL    |       |
| COMM      | int         | YES  |     | NULL    |       |
| DEPTNO    | int         | NO   | MUL | NULL    |       |
| BONUSID   | int         | YES  |     | NULL    |       |
| USER NAME | varchar(20) | YES  |     | NULL    |       |
| PWD       | varchar(20) | YES  |     | NULL    |       |
| PHONE     | varchar(45) | YES  |     | NULL    |       |
| isActive  | tinyint(1)  | YES  |     | NULL    |       |
+-----------+-------------+------+-----+---------+-------+
14 rows in set (0.00 sec)

mysql> select * from emp where ename='smith';
+-------+-------+--------+-------+------+------------+------+------+--------+---------+-----------+-----------+------------+----------+
| EMPNO | ENAME | GENDER | JOB   | MGR  | HIREDATE   | SAL  | COMM | DEPTNO | BONUSID | USER NAME | PWD       | PHONE      | isActive |
+-------+-------+--------+-------+------+------------+------+------+--------+---------+-----------+-----------+------------+----------+
|  7369 | SMITH | M      | CLERK | 7902 | 1980-12-17 |  800 | NULL |     20 |       2 | TRITONE   | a12recmpm | 7032300023 |        0 |
+-------+-------+--------+-------+------+------------+------+------+--------+---------+-----------+-----------+------------+----------+
1 row in set (0.00 sec)

mysql> explain select * from emp where ename='smith';
+----+-------------+-------+------------+------+---------------+------+---------+------+------+----------+-------------+
| id | select_type | table | partitions | type | possible_keys | key  | key_len | ref  | rows | filtered | Extra       |
+----+-------------+-------+------------+------+---------------+------+---------+------+------+----------+-------------+
|  1 | SIMPLE      | emp   | NULL       | ALL  | NULL          | NULL | NULL    | NULL |   28 |    10.00 | Using where |
+----+-------------+-------+------------+------+---------------+------+---------+------+------+----------+-------------+
1 row in set, 1 warning (0.00 sec)

mysql>
mysql> create index ind_ename on emp(ename);
Query OK, 0 rows affected (0.33 sec)
Records: 0  Duplicates: 0  Warnings: 0

mysql> desc emp;
+-----------+-------------+------+-----+---------+-------+
| Field     | Type        | Null | Key | Default | Extra |
+-----------+-------------+------+-----+---------+-------+
| EMPNO     | int         | NO   | PRI | NULL    |       |
| ENAME     | varchar(12) | YES  | MUL | NULL    |       |
| GENDER    | char(1)     | YES  |     | NULL    |       |
| JOB       | varchar(20) | YES  | MUL | NULL    |       |
| MGR       | int         | YES  | MUL | NULL    |       |
| HIREDATE  | date        | YES  |     | NULL    |       |
| SAL       | int         | YES  |     | NULL    |       |
| COMM      | int         | YES  |     | NULL    |       |
| DEPTNO    | int         | NO   | MUL | NULL    |       |
| BONUSID   | int         | YES  |     | NULL    |       |
| USER NAME | varchar(20) | YES  |     | NULL    |       |
| PWD       | varchar(20) | YES  |     | NULL    |       |
| PHONE     | varchar(45) | YES  |     | NULL    |       |
| isActive  | tinyint(1)  | YES  |     | NULL    |       |
+-----------+-------------+------+-----+---------+-------+
14 rows in set (0.00 sec)

mysql> select * from emp where ename='smith';
+-------+-------+--------+-------+------+------------+------+------+--------+---------+-----------+-----------+------------+----------+
| EMPNO | ENAME | GENDER | JOB   | MGR  | HIREDATE   | SAL  | COMM | DEPTNO | BONUSID | USER NAME | PWD       | PHONE      | isActive |
+-------+-------+--------+-------+------+------------+------+------+--------+---------+-----------+-----------+------------+----------+
|  7369 | SMITH | M      | CLERK | 7902 | 1980-12-17 |  800 | NULL |     20 |       2 | TRITONE   | a12recmpm | 7032300023 |        0 |
+-------+-------+--------+-------+------+------------+------+------+--------+---------+-----------+-----------+------------+----------+
1 row in set (0.00 sec)

mysql> explain select * from emp where ename='smith';
+----+-------------+-------+------------+------+---------------+-----------+---------+-------+------+----------+-------+
| id | select_type | table | partitions | type | possible_keys | key       | key_len | ref   | rows | filtered | Extra |
+----+-------------+-------+------------+------+---------------+-----------+---------+-------+------+----------+-------+
|  1 | SIMPLE      | emp   | NULL       | ref  | ind_ename     | ind_ename | 51      | const |    1 |   100.00 | NULL  |
+----+-------------+-------+------------+------+---------------+-----------+---------+-------+------+----------+-------+
1 row in set, 1 warning (0.00 sec)

mysql> show index from emp;
+-------+------------+------------------------+--------------+-------------+-----------+-------------+----------+--------+------+------------+---------+---------------+---------+------------+
| Table | Non_unique | Key_name               | Seq_in_index | Column_name | Collation | Cardinality | Sub_part | Packed | Null | Index_type | Comment | Index_comment | Visible | Expression |
+-------+------------+------------------------+--------------+-------------+-----------+-------------+----------+--------+------+------------+---------+---------------+---------+------------+
| emp   |          0 | PRIMARY                |            1 | EMPNO       | A         |          28 |     NULL |   NULL |      | BTREE      |         |               | YES     | NULL       |
| emp   |          1 | EMP_FOREIGN_KEY_deptno |            1 | DEPTNO      | A         |           4 |     NULL |   NULL |      | BTREE      |         |               | YES     | NULL       |
| emp   |          1 | EMP_FOREIGN_KEY_mgr    |            1 | MGR         | A         |           9 |     NULL |   NULL | YES  | BTREE      |         |               | YES     | NULL       |
| emp   |          1 | ind_job                |            1 | JOB         | A         |           8 |     NULL |   NULL | YES  | BTREE      |         |               | YES     | NULL       |
| emp   |          1 | ind_ename              |            1 | ENAME       | A         |          28 |     NULL |   NULL | YES  | BTREE      |         |               | YES     | NULL       |
+-------+------------+------------------------+--------------+-------------+-----------+-------------+----------+--------+------+------------+---------+---------------+---------+------------+
5 rows in set (0.00 sec)

mysql> drop index ind_job on emp;
Query OK, 0 rows affected (0.16 sec)
Records: 0  Duplicates: 0  Warnings: 0

mysql> drop index ind_ename on emp;
Query OK, 0 rows affected (0.15 sec)
Records: 0  Duplicates: 0  Warnings: 0

mysql> show index from emp;
+-------+------------+------------------------+--------------+-------------+-----------+-------------+----------+--------+------+------------+---------+---------------+---------+------------+
| Table | Non_unique | Key_name               | Seq_in_index | Column_name | Collation | Cardinality | Sub_part | Packed | Null | Index_type | Comment | Index_comment | Visible | Expression |
+-------+------------+------------------------+--------------+-------------+-----------+-------------+----------+--------+------+------------+---------+---------------+---------+------------+
| emp   |          0 | PRIMARY                |            1 | EMPNO       | A         |          28 |     NULL |   NULL |      | BTREE      |         |               | YES     | NULL       |
| emp   |          1 | EMP_FOREIGN_KEY_deptno |            1 | DEPTNO      | A         |           4 |     NULL |   NULL |      | BTREE      |         |               | YES     | NULL       |
| emp   |          1 | EMP_FOREIGN_KEY_mgr    |            1 | MGR         | A         |           9 |     NULL |   NULL | YES  | BTREE      |         |               | YES     | NULL       |
+-------+------------+------------------------+--------------+-------------+-----------+-------------+----------+--------+------+------------+---------+---------------+---------+------------+
3 rows in set (0.00 sec)

mysql> explain select * from emp where ename='smith';
+----+-------------+-------+------------+------+---------------+------+---------+------+------+----------+-------------+
| id | select_type | table | partitions | type | possible_keys | key  | key_len | ref  | rows | filtered | Extra       |
+----+-------------+-------+------------+------+---------------+------+---------+------+------+----------+-------------+
|  1 | SIMPLE      | emp   | NULL       | ALL  | NULL          | NULL | NULL    | NULL |   28 |    10.00 | Using where |
+----+-------------+-------+------------+------+---------------+------+---------+------+------+----------+-------------+
1 row in set, 1 warning (0.00 sec)

mysql> explain analyze  select job from emp where job='manager';
+------------------------------------------------------------------------------------------------------------------------------------------------------------------------------------------+
| EXPLAIN                                                                                                                                                                                  |
+------------------------------------------------------------------------------------------------------------------------------------------------------------------------------------------+
| -> Filter: (emp.JOB = 'manager')  (cost=3.05 rows=3) (actual time=0.053..0.063 rows=5 loops=1)
    -> Table scan on emp  (cost=3.05 rows=28) (actual time=0.044..0.054 rows=28 loops=1)
 |
+------------------------------------------------------------------------------------------------------------------------------------------------------------------------------------------+
1 row in set (0.00 sec)

mysql> create index ind_job on emp(job);
Query OK, 0 rows affected (0.30 sec)
Records: 0  Duplicates: 0  Warnings: 0

mysql> explain analyze  select job from emp where job='manager';
+------------------------------------------------------------------------------------------------------------------------------+
| EXPLAIN                                                                                                                      |
+------------------------------------------------------------------------------------------------------------------------------+
| -> Covering index lookup on emp using ind_job (JOB='manager')  (cost=0.76 rows=5) (actual time=0.029..0.035 rows=5 loops=1)
 |
+------------------------------------------------------------------------------------------------------------------------------+
1 row in set (0.00 sec)

mysql> select job from emp where job in ('manager','salesmnan')'
    '> ^C
mysql> select job from emp where job in ('manager','salesman');
+----------+
| job      |
+----------+
| MANAGER  |
| MANAGER  |
| MANAGER  |
| MANAGER  |
| MANAGER  |
| SALESMAN |
| SALESMAN |
| SALESMAN |
| SALESMAN |
| SALESMAN |
| SALESMAN |
+----------+
11 rows in set (0.00 sec)

mysql> explain select job from emp where job in ('manager','salesman');
+----+-------------+-------+------------+-------+---------------+---------+---------+------+------+----------+--------------------------+
| id | select_type | table | partitions | type  | possible_keys | key     | key_len | ref  | rows | filtered | Extra                    |
+----+-------------+-------+------------+-------+---------------+---------+---------+------+------+----------+--------------------------+
|  1 | SIMPLE      | emp   | NULL       | range | ind_job       | ind_job | 83      | NULL |   11 |   100.00 | Using where; Using index |
+----+-------------+-------+------------+-------+---------------+---------+---------+------+------+----------+--------------------------+
1 row in set, 1 warning (0.00 sec)

mysql> explain analyzeselect job from emp where job in ('manager','salesman');
ERROR 1064 (42000): You have an error in your SQL syntax; check the manual that corresponds to your MySQL server version for the right syntax to use near 'from emp where job in ('manager','salesman')' at line 1
mysql> explain analyze select job from emp where job in ('manager','salesman');
+------------------------------------------------------------------------------------------------------------------------------------------------------------------------------------------------------------------------------------------------------------------------------------+
| EXPLAIN                                                                                                                                                                                                                                                                            |
+------------------------------------------------------------------------------------------------------------------------------------------------------------------------------------------------------------------------------------------------------------------------------------+
| -> Filter: (emp.JOB in ('manager','salesman'))  (cost=2.49 rows=11) (actual time=0.024..0.043 rows=11 loops=1)
    -> Covering index range scan on emp using ind_job over (JOB = 'manager') OR (JOB = 'salesman')  (cost=2.49 rows=11) (actual time=0.022..0.036 rows=11 loops=1)
 |
+------------------------------------------------------------------------------------------------------------------------------------------------------------------------------------------------------------------------------------------------------------------------------------+
1 row in set (0.00 sec)

mysql> explain analyze select job from emp where job in ('salesman','manager');
+------------------------------------------------------------------------------------------------------------------------------------------------------------------------------------------------------------------------------------------------------------------------------------+
| EXPLAIN                                                                                                                                                                                                                                                                            |
+------------------------------------------------------------------------------------------------------------------------------------------------------------------------------------------------------------------------------------------------------------------------------------+
| -> Filter: (emp.JOB in ('salesman','manager'))  (cost=2.49 rows=11) (actual time=0.025..0.042 rows=11 loops=1)
    -> Covering index range scan on emp using ind_job over (JOB = 'manager') OR (JOB = 'salesman')  (cost=2.49 rows=11) (actual time=0.022..0.036 rows=11 loops=1)
 |
+------------------------------------------------------------------------------------------------------------------------------------------------------------------------------------------------------------------------------------------------------------------------------------+
1 row in set (0.00 sec)

mysql> select job from emp where job in ('salesman','manager');
+----------+
| job      |
+----------+
| MANAGER  |
| MANAGER  |
| MANAGER  |
| MANAGER  |
| MANAGER  |
| SALESMAN |
| SALESMAN |
| SALESMAN |
| SALESMAN |
| SALESMAN |
| SALESMAN |
+----------+
11 rows in set (0.00 sec)

mysql>
mysql>
mysql>
mysql>
mysql> use information_schema;
Database changed
mysql> show tables;
+---------------------------------------+
| Tables_in_information_schema          |
+---------------------------------------+
| ADMINISTRABLE_ROLE_AUTHORIZATIONS     |
| APPLICABLE_ROLES                      |
| CHARACTER_SETS                        |
| CHECK_CONSTRAINTS                     |
| COLLATION_CHARACTER_SET_APPLICABILITY |
| COLLATIONS                            |
| COLUMN_PRIVILEGES                     |
| COLUMN_STATISTICS                     |
| COLUMNS                               |
| COLUMNS_EXTENSIONS                    |
| ENABLED_ROLES                         |
| ENGINES                               |
| EVENTS                                |
| FILES                                 |
| INNODB_BUFFER_PAGE                    |
| INNODB_BUFFER_PAGE_LRU                |
| INNODB_BUFFER_POOL_STATS              |
| INNODB_CACHED_INDEXES                 |
| INNODB_CMP                            |
| INNODB_CMP_PER_INDEX                  |
| INNODB_CMP_PER_INDEX_RESET            |
| INNODB_CMP_RESET                      |
| INNODB_CMPMEM                         |
| INNODB_CMPMEM_RESET                   |
| INNODB_COLUMNS                        |
| INNODB_DATAFILES                      |
| INNODB_FIELDS                         |
| INNODB_FOREIGN                        |
| INNODB_FOREIGN_COLS                   |
| INNODB_FT_BEING_DELETED               |
| INNODB_FT_CONFIG                      |
| INNODB_FT_DEFAULT_STOPWORD            |
| INNODB_FT_DELETED                     |
| INNODB_FT_INDEX_CACHE                 |
| INNODB_FT_INDEX_TABLE                 |
| INNODB_INDEXES                        |
| INNODB_METRICS                        |
| INNODB_SESSION_TEMP_TABLESPACES       |
| INNODB_TABLES                         |
| INNODB_TABLESPACES                    |
| INNODB_TABLESPACES_BRIEF              |
| INNODB_TABLESTATS                     |
| INNODB_TEMP_TABLE_INFO                |
| INNODB_TRX                            |
| INNODB_VIRTUAL                        |
| KEY_COLUMN_USAGE                      |
| KEYWORDS                              |
| OPTIMIZER_TRACE                       |
| PARAMETERS                            |
| PARTITIONS                            |
| PLUGINS                               |
| PROCESSLIST                           |
| PROFILING                             |
| REFERENTIAL_CONSTRAINTS               |
| RESOURCE_GROUPS                       |
| ROLE_COLUMN_GRANTS                    |
| ROLE_ROUTINE_GRANTS                   |
| ROLE_TABLE_GRANTS                     |
| ROUTINES                              |
| SCHEMA_PRIVILEGES                     |
| SCHEMATA                              |
| SCHEMATA_EXTENSIONS                   |
| ST_GEOMETRY_COLUMNS                   |
| ST_SPATIAL_REFERENCE_SYSTEMS          |
| ST_UNITS_OF_MEASURE                   |
| STATISTICS                            |
| TABLE_CONSTRAINTS                     |
| TABLE_CONSTRAINTS_EXTENSIONS          |
| TABLE_PRIVILEGES                      |
| TABLES                                |
| TABLES_EXTENSIONS                     |
| TABLESPACES                           |
| TABLESPACES_EXTENSIONS                |
| TRIGGERS                              |
| USER_ATTRIBUTES                       |
| USER_PRIVILEGES                       |
| VIEW_ROUTINE_USAGE                    |
| VIEW_TABLE_USAGE                      |
| VIEWS                                 |
+---------------------------------------+
79 rows in set (0.00 sec)

mysql> use sys
Database changed
mysql> show tables;
+-----------------------------------------------+
| Tables_in_sys                                 |
+-----------------------------------------------+
| host_summary                                  |
| host_summary_by_file_io                       |
| host_summary_by_file_io_type                  |
| host_summary_by_stages                        |
| host_summary_by_statement_latency             |
| host_summary_by_statement_type                |
| innodb_buffer_stats_by_schema                 |
| innodb_buffer_stats_by_table                  |
| innodb_lock_waits                             |
| io_by_thread_by_latency                       |
| io_global_by_file_by_bytes                    |
| io_global_by_file_by_latency                  |
| io_global_by_wait_by_bytes                    |
| io_global_by_wait_by_latency                  |
| latest_file_io                                |
| memory_by_host_by_current_bytes               |
| memory_by_thread_by_current_bytes             |
| memory_by_user_by_current_bytes               |
| memory_global_by_current_bytes                |
| memory_global_total                           |
| metrics                                       |
| processlist                                   |
| ps_check_lost_instrumentation                 |
| schema_auto_increment_columns                 |
| schema_index_statistics                       |
| schema_object_overview                        |
| schema_redundant_indexes                      |
| schema_table_lock_waits                       |
| schema_table_statistics                       |
| schema_table_statistics_with_buffer           |
| schema_tables_with_full_table_scans           |
| schema_unused_indexes                         |
| session                                       |
| session_ssl_status                            |
| statement_analysis                            |
| statements_with_errors_or_warnings            |
| statements_with_full_table_scans              |
| statements_with_runtimes_in_95th_percentile   |
| statements_with_sorting                       |
| statements_with_temp_tables                   |
| sys_config                                    |
| user_summary                                  |
| user_summary_by_file_io                       |
| user_summary_by_file_io_type                  |
| user_summary_by_stages                        |
| user_summary_by_statement_latency             |
| user_summary_by_statement_type                |
| version                                       |
| wait_classes_global_by_avg_latency            |
| wait_classes_global_by_latency                |
| waits_by_host_by_latency                      |
| waits_by_user_by_latency                      |
| waits_global_by_latency                       |
| x$host_summary                                |
| x$host_summary_by_file_io                     |
| x$host_summary_by_file_io_type                |
| x$host_summary_by_stages                      |
| x$host_summary_by_statement_latency           |
| x$host_summary_by_statement_type              |
| x$innodb_buffer_stats_by_schema               |
| x$innodb_buffer_stats_by_table                |
| x$innodb_lock_waits                           |
| x$io_by_thread_by_latency                     |
| x$io_global_by_file_by_bytes                  |
| x$io_global_by_file_by_latency                |
| x$io_global_by_wait_by_bytes                  |
| x$io_global_by_wait_by_latency                |
| x$latest_file_io                              |
| x$memory_by_host_by_current_bytes             |
| x$memory_by_thread_by_current_bytes           |
| x$memory_by_user_by_current_bytes             |
| x$memory_global_by_current_bytes              |
| x$memory_global_total                         |
| x$processlist                                 |
| x$ps_digest_95th_percentile_by_avg_us         |
| x$ps_digest_avg_latency_distribution          |
| x$ps_schema_table_statistics_io               |
| x$schema_flattened_keys                       |
| x$schema_index_statistics                     |
| x$schema_table_lock_waits                     |
| x$schema_table_statistics                     |
| x$schema_table_statistics_with_buffer         |
| x$schema_tables_with_full_table_scans         |
| x$session                                     |
| x$statement_analysis                          |
| x$statements_with_errors_or_warnings          |
| x$statements_with_full_table_scans            |
| x$statements_with_runtimes_in_95th_percentile |
| x$statements_with_sorting                     |
| x$statements_with_temp_tables                 |
| x$user_summary                                |
| x$user_summary_by_file_io                     |
| x$user_summary_by_file_io_type                |
| x$user_summary_by_stages                      |
| x$user_summary_by_statement_latency           |
| x$user_summary_by_statement_type              |
| x$wait_classes_global_by_avg_latency          |
| x$wait_classes_global_by_latency              |
| x$waits_by_host_by_latency                    |
| x$waits_by_user_by_latency                    |
| x$waits_global_by_latency                     |
+-----------------------------------------------+
101 rows in set (0.04 sec)

mysql> show databases;
+--------------------+
| Database           |
+--------------------+
| db1                |
| db2                |
| information_schema |
| mysql              |
| performance_schema |
| sakila             |
| sys                |
| world              |
| z                  |
+--------------------+
9 rows in set (0.00 sec)

mysql> use performance_schema;
Database changed
mysql> show tables;
+------------------------------------------------------+
| Tables_in_performance_schema                         |
+------------------------------------------------------+
| accounts                                             |
| binary_log_transaction_compression_stats             |
| cond_instances                                       |
| data_lock_waits                                      |
| data_locks                                           |
| error_log                                            |
| events_errors_summary_by_account_by_error            |
| events_errors_summary_by_host_by_error               |
| events_errors_summary_by_thread_by_error             |
| events_errors_summary_by_user_by_error               |
| events_errors_summary_global_by_error                |
| events_stages_current                                |
| events_stages_history                                |
| events_stages_history_long                           |
| events_stages_summary_by_account_by_event_name       |
| events_stages_summary_by_host_by_event_name          |
| events_stages_summary_by_thread_by_event_name        |
| events_stages_summary_by_user_by_event_name          |
| events_stages_summary_global_by_event_name           |
| events_statements_current                            |
| events_statements_histogram_by_digest                |
| events_statements_histogram_global                   |
| events_statements_history                            |
| events_statements_history_long                       |
| events_statements_summary_by_account_by_event_name   |
| events_statements_summary_by_digest                  |
| events_statements_summary_by_host_by_event_name      |
| events_statements_summary_by_program                 |
| events_statements_summary_by_thread_by_event_name    |
| events_statements_summary_by_user_by_event_name      |
| events_statements_summary_global_by_event_name       |
| events_transactions_current                          |
| events_transactions_history                          |
| events_transactions_history_long                     |
| events_transactions_summary_by_account_by_event_name |
| events_transactions_summary_by_host_by_event_name    |
| events_transactions_summary_by_thread_by_event_name  |
| events_transactions_summary_by_user_by_event_name    |
| events_transactions_summary_global_by_event_name     |
| events_waits_current                                 |
| events_waits_history                                 |
| events_waits_history_long                            |
| events_waits_summary_by_account_by_event_name        |
| events_waits_summary_by_host_by_event_name           |
| events_waits_summary_by_instance                     |
| events_waits_summary_by_thread_by_event_name         |
| events_waits_summary_by_user_by_event_name           |
| events_waits_summary_global_by_event_name            |
| file_instances                                       |
| file_summary_by_event_name                           |
| file_summary_by_instance                             |
| global_status                                        |
| global_variables                                     |
| host_cache                                           |
| hosts                                                |
| keyring_component_status                             |
| keyring_keys                                         |
| log_status                                           |
| memory_summary_by_account_by_event_name              |
| memory_summary_by_host_by_event_name                 |
| memory_summary_by_thread_by_event_name               |
| memory_summary_by_user_by_event_name                 |
| memory_summary_global_by_event_name                  |
| metadata_locks                                       |
| mutex_instances                                      |
| objects_summary_global_by_type                       |
| performance_timers                                   |
| persisted_variables                                  |
| prepared_statements_instances                        |
| processlist                                          |
| replication_applier_configuration                    |
| replication_applier_filters                          |
| replication_applier_global_filters                   |
| replication_applier_status                           |
| replication_applier_status_by_coordinator            |
| replication_applier_status_by_worker                 |
| replication_asynchronous_connection_failover         |
| replication_asynchronous_connection_failover_managed |
| replication_connection_configuration                 |
| replication_connection_status                        |
| replication_group_member_stats                       |
| replication_group_members                            |
| rwlock_instances                                     |
| session_account_connect_attrs                        |
| session_connect_attrs                                |
| session_status                                       |
| session_variables                                    |
| setup_actors                                         |
| setup_consumers                                      |
| setup_instruments                                    |
| setup_objects                                        |
| setup_threads                                        |
| socket_instances                                     |
| socket_summary_by_event_name                         |
| socket_summary_by_instance                           |
| status_by_account                                    |
| status_by_host                                       |
| status_by_thread                                     |
| status_by_user                                       |
| table_handles                                        |
| table_io_waits_summary_by_index_usage                |
| table_io_waits_summary_by_table                      |
| table_lock_waits_summary_by_table                    |
| threads                                              |
| tls_channel_status                                   |
| user_defined_functions                               |
| user_variables_by_thread                             |
| users                                                |
| variables_by_thread                                  |
| variables_info                                       |
+------------------------------------------------------+
110 rows in set (0.02 sec)

mysql> use information_schema;
Database changed
mysql> show tables;\
+---------------------------------------+
| Tables_in_information_schema          |
+---------------------------------------+
| ADMINISTRABLE_ROLE_AUTHORIZATIONS     |
| APPLICABLE_ROLES                      |
| CHARACTER_SETS                        |
| CHECK_CONSTRAINTS                     |
| COLLATION_CHARACTER_SET_APPLICABILITY |
| COLLATIONS                            |
| COLUMN_PRIVILEGES                     |
| COLUMN_STATISTICS                     |
| COLUMNS                               |
| COLUMNS_EXTENSIONS                    |
| ENABLED_ROLES                         |
| ENGINES                               |
| EVENTS                                |
| FILES                                 |
| INNODB_BUFFER_PAGE                    |
| INNODB_BUFFER_PAGE_LRU                |
| INNODB_BUFFER_POOL_STATS              |
| INNODB_CACHED_INDEXES                 |
| INNODB_CMP                            |
| INNODB_CMP_PER_INDEX                  |
| INNODB_CMP_PER_INDEX_RESET            |
| INNODB_CMP_RESET                      |
| INNODB_CMPMEM                         |
| INNODB_CMPMEM_RESET                   |
| INNODB_COLUMNS                        |
| INNODB_DATAFILES                      |
| INNODB_FIELDS                         |
| INNODB_FOREIGN                        |
| INNODB_FOREIGN_COLS                   |
| INNODB_FT_BEING_DELETED               |
| INNODB_FT_CONFIG                      |
| INNODB_FT_DEFAULT_STOPWORD            |
| INNODB_FT_DELETED                     |
| INNODB_FT_INDEX_CACHE                 |
| INNODB_FT_INDEX_TABLE                 |
| INNODB_INDEXES                        |
| INNODB_METRICS                        |
| INNODB_SESSION_TEMP_TABLESPACES       |
| INNODB_TABLES                         |
| INNODB_TABLESPACES                    |
| INNODB_TABLESPACES_BRIEF              |
| INNODB_TABLESTATS                     |
| INNODB_TEMP_TABLE_INFO                |
| INNODB_TRX                            |
| INNODB_VIRTUAL                        |
| KEY_COLUMN_USAGE                      |
| KEYWORDS                              |
| OPTIMIZER_TRACE                       |
| PARAMETERS                            |
| PARTITIONS                            |
| PLUGINS                               |
| PROCESSLIST                           |
| PROFILING                             |
| REFERENTIAL_CONSTRAINTS               |
| RESOURCE_GROUPS                       |
| ROLE_COLUMN_GRANTS                    |
| ROLE_ROUTINE_GRANTS                   |
| ROLE_TABLE_GRANTS                     |
| ROUTINES                              |
| SCHEMA_PRIVILEGES                     |
| SCHEMATA                              |
| SCHEMATA_EXTENSIONS                   |
| ST_GEOMETRY_COLUMNS                   |
| ST_SPATIAL_REFERENCE_SYSTEMS          |
| ST_UNITS_OF_MEASURE                   |
| STATISTICS                            |
| TABLE_CONSTRAINTS                     |
| TABLE_CONSTRAINTS_EXTENSIONS          |
| TABLE_PRIVILEGES                      |
| TABLES                                |
| TABLES_EXTENSIONS                     |
| TABLESPACES                           |
| TABLESPACES_EXTENSIONS                |
| TRIGGERS                              |
| USER_ATTRIBUTES                       |
| USER_PRIVILEGES                       |
| VIEW_ROUTINE_USAGE                    |
| VIEW_TABLE_USAGE                      |
| VIEWS                                 |
+---------------------------------------+
79 rows in set (0.00 sec)

mysql> usae db1;
ERROR 1064 (42000): You have an error in your SQL syntax; check the manual that corresponds to your MySQL server version for the right syntax to use near 'usae db1' at line 1
mysql> use db1;
Database changed
mysql> create table u (c1 int unique, c2 int);
Query OK, 0 rows affected (0.99 sec)

mysql> desc u;
+-------+------+------+-----+---------+-------+
| Field | Type | Null | Key | Default | Extra |
+-------+------+------+-----+---------+-------+
| c1    | int  | YES  | UNI | NULL    |       |
| c2    | int  | YES  |     | NULL    |       |
+-------+------+------+-----+---------+-------+
2 rows in set (0.00 sec)

mysql> insert into u values(1,1);
Query OK, 1 row affected (0.00 sec)

mysql> insert into u values(2,1);
Query OK, 1 row affected (0.00 sec)

mysql> insert into u values(3,1);
Query OK, 1 row affected (0.00 sec)

mysql> select * from u where c1=1;
+------+------+
| c1   | c2   |
+------+------+
|    1 |    1 |
+------+------+
1 row in set (0.00 sec)

mysql> explain select * from u where c1=1;
+----+-------------+-------+------------+-------+---------------+------+---------+-------+------+----------+-------+
| id | select_type | table | partitions | type  | possible_keys | key  | key_len | ref   | rows | filtered | Extra |
+----+-------------+-------+------------+-------+---------------+------+---------+-------+------+----------+-------+
|  1 | SIMPLE      | u     | NULL       | const | c1            | c1   | 5       | const |    1 |   100.00 | NULL  |
+----+-------------+-------+------------+-------+---------------+------+---------+-------+------+----------+-------+
1 row in set, 1 warning (0.00 sec)

mysql> select * from u;
+------+------+
| c1   | c2   |
+------+------+
|    1 |    1 |
|    2 |    1 |
|    3 |    1 |
+------+------+
3 rows in set (0.00 sec)

mysql> insert into u values(30,1);
Query OK, 1 row affected (0.00 sec)

mysql> insert into u values(35,1);
Query OK, 1 row affected (0.00 sec)

mysql> insert into u values(25,1);
Query OK, 1 row affected (0.00 sec)

mysql> select * from u;
+------+------+
| c1   | c2   |
+------+------+
|    1 |    1 |
|    2 |    1 |
|    3 |    1 |
|   30 |    1 |
|   35 |    1 |
|   25 |    1 |
+------+------+
6 rows in set (0.00 sec)

mysql> desc u;
+-------+------+------+-----+---------+-------+
| Field | Type | Null | Key | Default | Extra |
+-------+------+------+-----+---------+-------+
| c1    | int  | YES  | UNI | NULL    |       |
| c2    | int  | YES  |     | NULL    |       |
+-------+------+------+-----+---------+-------+
2 rows in set (0.00 sec)

mysql> alter table u add constraint uni_c2 unique key(c2);
ERROR 1062 (23000): Duplicate entry '1' for key 'u.uni_c2'
mysql> rollback;
Query OK, 0 rows affected (0.00 sec)

mysql> alter table u add constraint uni_c2 unique key(c2);
ERROR 1062 (23000): Duplicate entry '1' for key 'u.uni_c2'
mysql> select * from u;
+------+------+
| c1   | c2   |
+------+------+
|    1 |    1 |
|    2 |    1 |
|    3 |    1 |
|   30 |    1 |
|   35 |    1 |
|   25 |    1 |
+------+------+
6 rows in set (0.00 sec)

mysql> delete from u;
Query OK, 6 rows affected (0.00 sec)

mysql> commit;
Query OK, 0 rows affected (0.06 sec)

mysql> insert into u values(1,1);
Query OK, 1 row affected (0.00 sec)

mysql> insert into u values(2,1);
Query OK, 1 row affected (0.00 sec)

mysql> insert into u values(3,1);
Query OK, 1 row affected (0.00 sec)

mysql> insert into u values(30,1);
Query OK, 1 row affected (0.00 sec)

mysql> insert into u values(30,10);
ERROR 1062 (23000): Duplicate entry '30' for key 'u.c1'
mysql> insert into u values(31,10);
Query OK, 1 row affected (0.00 sec)

mysql> insert into u values(32,7);
Query OK, 1 row affected (0.00 sec)

mysql> select * from u;
+------+------+
| c1   | c2   |
+------+------+
|    1 |    1 |
|    2 |    1 |
|    3 |    1 |
|   30 |    1 |
|   31 |   10 |
|   32 |    7 |
+------+------+
6 rows in set (0.00 sec)

mysql> select * from u where c1 = 1;
+------+------+
| c1   | c2   |
+------+------+
|    1 |    1 |
+------+------+
1 row in set (0.00 sec)

mysql> explain select * from u where c1 = 1;
+----+-------------+-------+------------+-------+---------------+------+---------+-------+------+----------+-------+
| id | select_type | table | partitions | type  | possible_keys | key  | key_len | ref   | rows | filtered | Extra |
+----+-------------+-------+------------+-------+---------------+------+---------+-------+------+----------+-------+
|  1 | SIMPLE      | u     | NULL       | const | c1            | c1   | 5       | const |    1 |   100.00 | NULL  |
+----+-------------+-------+------------+-------+---------------+------+---------+-------+------+----------+-------+
1 row in set, 1 warning (0.00 sec)

mysql> select * from u where c2 = 1;
+------+------+
| c1   | c2   |
+------+------+
|    1 |    1 |
|    2 |    1 |
|    3 |    1 |
|   30 |    1 |
+------+------+
4 rows in set (0.00 sec)

mysql> explain select * from u where c2 = 1;
+----+-------------+-------+------------+------+---------------+------+---------+------+------+----------+-------------+
| id | select_type | table | partitions | type | possible_keys | key  | key_len | ref  | rows | filtered | Extra       |
+----+-------------+-------+------------+------+---------------+------+---------+------+------+----------+-------------+
|  1 | SIMPLE      | u     | NULL       | ALL  | NULL          | NULL | NULL    | NULL |    6 |    16.67 | Using where |
+----+-------------+-------+------------+------+---------------+------+---------+------+------+----------+-------------+
1 row in set, 1 warning (0.00 sec)

mysql> desc u;
+-------+------+------+-----+---------+-------+
| Field | Type | Null | Key | Default | Extra |
+-------+------+------+-----+---------+-------+
| c1    | int  | YES  | UNI | NULL    |       |
| c2    | int  | YES  |     | NULL    |       |
+-------+------+------+-----+---------+-------+
2 rows in set (0.00 sec)

mysql> show index from u;
+-------+------------+----------+--------------+-------------+-----------+-------------+----------+--------+------+------------+---------+---------------+---------+------------+
| Table | Non_unique | Key_name | Seq_in_index | Column_name | Collation | Cardinality | Sub_part | Packed | Null | Index_type | Comment | Index_comment | Visible | Expression |
+-------+------------+----------+--------------+-------------+-----------+-------------+----------+--------+------+------------+---------+---------------+---------+------------+
| u     |          0 | c1       |            1 | c1          | A         |           6 |     NULL |   NULL | YES  | BTREE      |         |               | YES     | NULL       |
+-------+------------+----------+--------------+-------------+-----------+-------------+----------+--------+------+------------+---------+---------------+---------+------------+
1 row in set (0.00 sec)

mysql> alter table u add constraint uni_c2 unique (c2);
ERROR 1062 (23000): Duplicate entry '1' for key 'u.uni_c2'
mysql>