  sal: 3500,
  comm: null,
  deptno: 50,
  phone: [ '020-25420200', Long("9822336644") ],
  skills: { languages: [ 'C++', 'JAVA' ], web: [ 'php', 'java', 'jquery' ] }
}
{
  _id: ObjectId("629049b2fc70df11aafff880"),
  empid: 1044,
  ename: 'rudra',
  address: {
    building: '18',
    coord: [ -73.996984, 40.72589 ],
    street: 'West Houston Street',
    zipcode: '10012'
  },
  isDocActive: false,
  gender: 'male',
  canVote: true,
  canDrive: true,
  color: [ 'Lime' ],
  fruit: [ 'Indian Fig' ],
  cards: [
    { aadhar: { 'aadhar-No': '55543', isActive: true } },
    { PAN: { 'PAN-No': 'Kinj093', isActive: false } },
    { voter: { voterID: 'Ind03o3', isActive: true } },
    {
      licence: {
        'licence-No': 'LMV9478',
        issueDate: '2020-01-01',
        expireDate: '2040-01-01',
        isActive: true
      }
    }
  ],
  job: 'programmer',
  mgr: 1021,
  hiredate: ISODate("1981-11-04T00:00:00.000Z"),
  sal: 2400,
  comm: null,
  deptno: 50,
  phone: '020-25420212',
  skills: {
    web: [ 'php', 'java', 'jquery' ],
    database: [ 'oracle', 'ms-sql server', 'mongodb' ]
  }
}
{
  _id: ObjectId("629049b2fc70df11aafff881"),
  empid: 1048,
  ename: 'neel',
  address: {
    building: '195',
    coord: [ -73.9246028, 40.6522396 ],
    street: 'East   56 Street',
    zipcode: '11203'
  },
  isDocActive: false,
  gender: 'male',
  canVote: true,
  canDrive: true,
  color: [ 'Orange' ],
  fruit: [],
  cards: [
    { aadhar: { 'aadhar-No': '99099', isActive: true } },
    { PAN: { 'PAN-No': 'Kinj093', isActive: false } },
    { voter: { voterID: 'Ind03o3', isActive: true } },
    {
      licence: {
        'licence-No': 'LMV9478',
        issueDate: '2020-01-01',
        expireDate: '2040-01-01',
        isActive: true
      }
    }
  ],
  job: 'programmer',
  mgr: 1039,
  hiredate: ISODate("1980-03-14T00:00:00.000Z"),
  sal: 1800,
  comm: 1400,
  deptno: 50,
  phone: '022-2534565',
  skills: {
    language: 'ruby',
    database: {
      rdbms: [ 'oracle', 'db2' ],
      nosql: [ 'mongodb', 'hive', 'hbase' ]
    }
  }
}
{
  _id: ObjectId("629049b2fc70df11aafff882"),
  empid: 1047,
  ename: 'nitish',
  address: {
    building: '60',
    coord: [ -74.0085357, 40.70620539999999 ],
    street: 'Wall Street',
    zipcode: '10005'
  },
  isDocActive: true,
  gender: 'male',
  canVote: true,
  canDrive: true,
  color: [ 'Coral', 'Cream' ],
  fruit: [],
  cards: [
    { aadhar: { 'aadhar-No': '99890', isActive: true } },
    { PAN: { 'PAN-No': 'Kinj093', isActive: false } },
    { voter: { voterID: 'Ind03o3', isActive: true } },
    {
      licence: {
        'licence-No': 'LMV9478',
        issueDate: '2020-01-01',
        expireDate: '2040-01-01',
        isActive: true
      }
    }
  ],
  job: 'programmer',
  mgr: 1039,
  hiredate: ISODate("1980-03-14T00:00:00.000Z"),
  sal: 1300,
  comm: 1200,
  deptno: 50,
  phone: '022-2548345',
  skills: {
    language: [ '.NET', 'java' ],
    database: { rdbms: [ 'oracle', 'db2' ], nosql: [ 'mongodb', 'hive' ] },
    web: [ 'json', 'jquery', 'javascript', 'php' ]
  }
}
{
  _id: ObjectId("629049b2fc70df11aafff883"),
  empid: 1046,
  ename: 'anoop',
  address: {
    building: '103-05',
    coord: [ -73.8642349, 40.75356 ],
    street: '37 Avenue',
    zipcode: '11368'
  },
  isDocActive: false,
  gender: 'male',
  canVote: true,
  canDrive: true,
  color: [ 'Navy Blue' ],
  fruit: [],
  cards: [
    { aadhar: { 'aadhar-No': '83722', isActive: true } },
    { PAN: { 'PAN-No': 'Kinj093', isActive: false } },
    { voter: { voterID: 'Ind03o3', isActive: true } },
    {
      licence: {
        'licence-No': 'LMV9478',
        issueDate: '2020-01-01',
        expireDate: '2040-01-01',
        isActive: true
      }
    }
  ],
  job: 'programmer',
  mgr: 1029,
  hiredate: ISODate("1980-02-17T00:00:00.000Z"),
  sal: 2300,
  comm: 1200,
  deptno: 50,
  phone: '022-2548345',
  skills: {
    language: [ '.NET', 'java' ],
    database: 'oracle',
    web: [ 'json', 'jquery', 'javascript' ]
  }
}
{
  _id: ObjectId("629049b2fc70df11aafff884"),
  empid: 1045,
  ename: 'pankaj',
  address: {
    building: '531',
    coord: [ -73.9634876, 40.6940001 ],
    street: 'Myrtle Avenue',
    zipcode: '11205'
  },
  isDocActive: false,
  gender: 'male',
  canVote: true,
  canDrive: true,
  color: [ 'White' ],
  fruit: [ 'Peach' ],
  cards: [
    { aadhar: { 'aadhar-No': '55565', isActive: true } },
    { PAN: { 'PAN-No': 'Kinj093', isActive: false } },
    { voter: { voterID: 'Ind03o3', isActive: true } },
    {
      licence: {
        'licence-No': 'LMV9478',
        issueDate: '2020-01-01',
        expireDate: '2040-01-01',
        isActive: true
      }
    }
  ],
  job: 'programmer',
  mgr: 1023,
  hiredate: ISODate("1980-02-17T00:00:00.000Z"),
  sal: 3600,
  comm: null,
  deptno: 40,
  phone: '022-2548345',
  skills: { language: '.NET', database: 'ms-sql server' }
}
{
  _id: ObjectId("629049b2fc70df11aafff885"),
  empid: 1049,
  ename: 'arjun',
  address: {
    building: '107',
    coord: [ -74.00920839999999, 40.7132925 ],
    street: 'Church Street',
    zipcode: '10007'
  },
  isDocActive: true,
  gender: 'male',
  canVote: true,
  canDrive: true,
  color: [ 'Sky Blue', 'Navy Blue', 'Blue' ],
  fruit: [ 'Lychee' ],
  cards: [
    { aadhar: { 'aadhar-No': '55434', isActive: true } },
    { PAN: { 'PAN-No': 'Kinj093', isActive: false } },
    { voter: { voterID: 'Ind03o3', isActive: true } },
    {
      licence: {
        'licence-No': 'LMV9478',
        issueDate: '2020-01-01',
        expireDate: '2040-01-01',
        isActive: true
      }
    }
  ],
  job: 'auditor',
  mgr: 1020,
  hiredate: ISODate("1984-05-05T00:00:00.000Z"),
  sal: 3200,
  comm: null,
  hra: 1500,
  da: 1200,
  deptno: 20
}
{
  _id: ObjectId("629049b2fc70df11aafff886"),
  empid: 1050,
  ename: 'amol',
  address: {
    building: '1006',
    coord: [ -73.84856870000002, 40.8903781 ],
    street: 'East 233 Street',
    zipcode: '10466'
  },
  isDocActive: false,
  gender: 'male',
  canVote: true,
  canDrive: true,
  color: [ 'Snow White' ],
  fruit: [ 'Orange' ],
  cards: [
    { aadhar: { 'aadhar-No': '44445', isActive: true } },
    { PAN: { 'PAN-No': 'Kinj093', isActive: false } },
    { voter: { voterID: 'Ind03o3', isActive: true } },
    {
      licence: {
        'licence-No': 'LMV9478',
        issueDate: '2020-01-01',
        expireDate: '2040-01-01',
        isActive: true
      }
    }
  ],
  job: 'auditor',
  mgr: 1047,
  hiredate: ISODate("1984-05-06T00:00:00.000Z"),
  sal: 3800,
  comm: null,
  hra: 1000,
  da: 900,
  deptno: 20
}
{
  _id: ObjectId("629049b2fc70df11aafff887"),
  empid: 1051,
  ename: 'sangita',
  address: {
    building: '56',
    coord: [ -73.991495, 40.692273 ],
    street: 'Court Street',
    zipcode: '11201'
  },
  isDocActive: false,
  gender: 'female',
  canVote: true,
  canDrive: true,
  color: [ 'White' ],
  fruit: [ 'Papaya' ],
  cards: [
    { aadhar: { 'aadhar-No': '99983', isActive: true } },
    { PAN: { 'PAN-No': 'Kinj093', isActive: false } },
    { voter: { voterID: 'Ind03o3', isActive: true } },
    {
      licence: {
        'licence-No': 'LMV9478',
        issueDate: '2020-01-01',
        expireDate: '2040-01-01',
        isActive: true
      }
    }
  ],
  job: 'auditor',
  mgr: 1040,
  hiredate: ISODate("1984-03-30T00:00:00.000Z"),
  sal: 3100,
  comm: null,
  hra: 1000,
  da: 1500,
  deptno: 20
}
{
  _id: ObjectId("629049b2fc70df11aafff888"),
  empid: 1052,
  ename: 'gita',
  address: {
    building: '7615',
    coord: [ -74.0228449, 40.6281815 ],
    street: '5 Avenue',
    zipcode: '11209'
  },
  isDocActive: true,
  gender: 'female',
  canVote: true,
  canDrive: true,
  color: [ 'Indian Red' ],
  fruit: [ 'Kiwi' ],
  cards: [
    { aadhar: { 'aadhar-No': '44460', isActive: true } },
    { PAN: { 'PAN-No': 'Kinj093', isActive: false } },
    { voter: { voterID: 'Ind03o3', isActive: true } },
    {
      licence: {
        'licence-No': 'LMV9478',
        issueDate: '2020-01-01',
        expireDate: '2040-01-01',
        isActive: true
      }
    }
  ],
  job: 'writer',
  language: [ 'english', 'hindi' ],
  mgr: 1049,
  hiredate: ISODate("1984-03-29T00:00:00.000Z"),
  sal: 2150,
  comm: 750,
  hra: 1300,
  da: 1700,
  deptno: 40
}
{
  _id: ObjectId("629049b2fc70df11aafff889"),
  empid: 1053,
  ename: 'sita',
  address: {
    building: '120',
    coord: [ -73.9998042, 40.7251256 ],
    street: 'Prince Street',
    zipcode: '10012'
  },
  isDocActive: false,
  gender: 'female',
  canVote: true,
  canDrive: true,
  color: [ 'Snow White' ],
  fruit: [ 'Guava' ],
  cards: [
    { aadhar: { 'aadhar-No': '12233', isActive: true } },
    { PAN: { 'PAN-No': 'Kinj093', isActive: false } },
    { voter: { voterID: 'Ind03o3', isActive: true } },
    {
      licence: {
        'licence-No': 'LMV9478',
        issueDate: '2020-01-01',
        expireDate: '2040-01-01',
        isActive: true
      }
    }
  ],
  job: 'writer',
  language: [ 'english', 'hindi', 'marathi' ],
  mgr: 1049,
  hiredate: ISODate("1984-03-30T00:00:00.000Z"),
  sal: 3755,
  comm: 750,
  hra: 1100,
  da: 1100,
  deptno: 40
}
{
  _id: ObjectId("629049b2fc70df11aafff88a"),
  empid: 2001,
  ename: 'pinky',
  address: {
    building: '1236',
    coord: [ -73.8893654, 40.81376179999999 ],
    street: '238 Spofford Ave',
    zipcode: '10474'
  },
  isDocActive: true,
  gender: 'female',
  canVote: true,
  canDrive: true,
  color: [ 'India Green' ],
  fruit: [ 'banana', 'Jackfruit' ],
  cards: [
    { aadhar: { 'aadhar-No': '33434', isActive: true } },
    { PAN: { 'PAN-No': 'Kinj093', isActive: false } },
    { voter: { voterID: 'Ind03o3', isActive: true } },
    {
      licence: {
        'licence-No': 'LMV9478',
        issueDate: '2020-01-01',
        expireDate: '2040-01-01',
        isActive: true
      }
    }
  ],
  job: 'Computer Programmer',
  mgr: 1039,
  hiredate: ISODate("1983-07-17T00:00:00.000Z"),
  sal: 3500,
  comm: null,
  deptno: 10
}
{
  _id: ObjectId("629049b2fc70df11aafff88b"),
  empid: 2004,
  ename: 'sangu',
  address: {
    building: '405',
    coord: [ -73.97534999999999, 40.7516269 ],
    street: 'Lexington Avenue',
    zipcode: '10174'
  },
  isDocActive: true,
  gender: 'female',
  canVote: true,
  canDrive: true,
  color: [ 'Apple Green' ],
  fruit: [ 'Passion Fruit' ],
  cards: [
    { aadhar: { 'aadhar-No': '33321', isActive: true } },
    { PAN: { 'PAN-No': 'Kinj093', isActive: false } },
    { voter: { voterID: 'Ind03o3', isActive: true } },
    {
      licence: {
        'licence-No': 'LMV9478',
        issueDate: '2020-01-01',
        expireDate: '2040-01-01',
        isActive: true
      }
    }
  ],
  job: 'Computer Programmer',
  mgr: 2002,
  hiredate: ISODate("1980-07-17T00:00:00.000Z"),
  sal: 6000,
  comm: null,
  deptno: 10
}
{
  _id: ObjectId("629049b2fc70df11aafff88c"),
  empid: 2003,
  ename: 'supriya',
  address: {
    building: '1069',
    coord: [ -73.902463, 40.694924 ],
    street: 'Wyckoff Avenue',
    zipcode: '11385'
  },
  isDocActive: true,
  gender: 'female',
  canVote: true,
  canDrive: true,
  color: [ 'Snow White' ],
  fruit: [],
  cards: [
    { aadhar: { 'aadhar-No': '33343', isActive: true } },
    { PAN: { 'PAN-No': 'Kinj093', isActive: false } },
    { voter: { voterID: 'Ind03o3', isActive: true } },
    {
      licence: {
        'licence-No': 'LMV9478',
        issueDate: '2020-01-01',
        expireDate: '2040-01-01',
        isActive: true
      }
    }
  ],
  job: 'Computer Programmer',
  mgr: 2001,
  hiredate: ISODate("1983-07-17T00:00:00.000Z"),
  sal: 3500,
  comm: null,
  deptno: 30
}
{
  _id: ObjectId("629049b2fc70df11aafff88d"),
  empid: 2005,
  ename: 'laxman',
  address: {
    building: '2491',
    coord: [ -74.1459332, 40.6103714 ],
    street: 'Victory Boulevard',
    zipcode: '10314'
  },
  isDocActive: false,
  gender: 'male',
  canVote: true,
  canDrive: true,
  color: [ 'India Green' ],
  fruit: [],
  cards: [
    { aadhar: { 'aadhar-No': '76565', isActive: true } },
    { PAN: { 'PAN-No': 'Kinj093', isActive: false } },
    { voter: { voterID: 'Ind03o3', isActive: true } },
    {
      licence: {
        'licence-No': 'LMV9478',
        issueDate: '2020-01-01',
        expireDate: '2040-01-01'
      }
    }
  ],
  job: 'Computer Programmer',
  mgr: 2001,
  hiredate: ISODate("1980-11-17T00:00:00.000Z"),
  sal: 6500,
  comm: null,
  deptno: 20
}
{
  _id: ObjectId("629049b2fc70df11aafff88e"),
  empid: 2002,
  ename: 'priti',
  address: {
    building: '625',
    coord: [ -73.990494, 40.7569545 ],
    street: '8 Avenue',
    zipcode: '10018'
  },
  isDocActive: false,
  gender: 'female',
  canVote: true,
  canDrive: true,
  color: [ 'Violet' ],
  fruit: [],
  cards: [
    { aadhar: { 'aadhar-No': '55565', isActive: true } },
    { PAN: { 'PAN-No': 'Kinj093', isActive: false } },
    { voter: { voterID: 'Ind03o3', isActive: true } },
    {
      licence: {
        'licence-No': 'LMV9478',
        issueDate: '2020-01-01',
        expireDate: '2040-01-01',
        isActive: true
      }
    }
  ],
  job: 'Computer Programmer',
  mgr: 1037,
  hiredate: ISODate("1983-07-17T00:00:00.000Z"),
  sal: 5500,
  comm: null,
  deptno: 20
}
{
  _id: ObjectId("629049b2fc70df11aafff88f"),
  empid: 2007,
  ename: 'raj',
  address: {
    building: '87-69',
    coord: [ -73.8309503, 40.7001121 ],
    street: 'Lefferts Boulevard',
    zipcode: '11418'
  },
  isDocActive: false,
  gender: 'male',
  canVote: true,
  canDrive: true,
  color: [ 'Dark Orange' ],
  fruit: [ 'Papaya' ],
  cards: [
    { aadhar: { 'aadhar-No': '87767', isActive: true } },
    { PAN: { 'PAN-No': 'Kinj093', isActive: false } },
    { voter: { voterID: 'Ind03o3', isActive: true } },
    {
      licence: {
        'licence-No': 'LMV9478',
        issueDate: '2020-01-01',
        expireDate: '2040-01-01',
        isActive: true
      }
    }
  ],
  job: 'Computer Programmer',
  mgr: 1039,
  hiredate: ISODate("1981-08-17T00:00:00.000Z"),
  sal: 7000,
  comm: null,
  deptno: 40
}
{
  _id: ObjectId("629049b2fc70df11aafff890"),
  empid: 2006,
  ename: 'rahsmi',
  address: {
    building: '7905',
    coord: [ -73.8740217, 40.7135015 ],
    street: 'Metropolitan Avenue',
    zipcode: '11379'
  },
  isDocActive: true,
  gender: 'female',
  canVote: true,
  canDrive: true,
  color: [ 'Orange' ],
  fruit: [ 'Peach' ],
  cards: [
    { aadhar: { 'aadhar-No': '77625', isActive: true } },
    { PAN: { 'PAN-No': 'Kinj093', isActive: false } },
    { voter: { voterID: 'Ind03o3', isActive: true } },
    {
      licence: {
        'licence-No': 'LMV9478',
        issueDate: '2020-01-01',
        expireDate: '2040-01-01',
        isActive: true
      }
    }
  ],
  job: 'Computer Programmer',
  mgr: 2002,
  hiredate: ISODate("1982-05-17T00:00:00.000Z"),
  sal: 5600,
  comm: null,
  deptno: 30
}
{
  _id: ObjectId("629049b2fc70df11aafff891"),
  empid: 2009,
  ename: 'janhavi',
  address: {
    building: '464',
    coord: [ -73.9791458, 40.744328 ],
    street: '3 Avenue',
    zipcode: '10016'
  },
  isDocActive: false,
  gender: 'female',
  canVote: true,
  canDrive: true,
  color: [ 'Violet' ],
  fruit: [ 'Papaya' ],
  cards: [
    { aadhar: { 'aadhar-No': '11117', isActive: true } },
    { PAN: { 'PAN-No': 'Kinj093', isActive: false } },
    { voter: { voterID: 'Ind03o3', isActive: true } },
    {
      licence: {
        'licence-No': 'LMV9478',
        issueDate: '2020-01-01',
        expireDate: '2040-01-01',
        isActive: true
      }
    }
  ],
  job: 'Computer Programmer',
  mgr: 2002,
  hiredate: ISODate("1983-08-17T00:00:00.000Z"),
  sal: 4700,
  comm: null,
  deptno: 40
}
{
  _id: ObjectId("629049b2fc70df11aafff892"),
  empid: 2008,
  ename: 'roselin',
  address: {
    building: '1418',
    coord: [ -73.95685019999999, 40.7753401 ],
    street: 'Third Avenue',
    zipcode: '10028'
  },
  isDocActive: true,
  gender: 'female',
  canVote: true,
  canDrive: true,
  color: [ 'White' ],
  fruit: [ 'watermelon', 'mango' ],
  cards: [
    { aadhar: { 'aadhar-No': '22223', isActive: true } },
    { PAN: { 'PAN-No': 'Kinj093', isActive: false } },
    { voter: { voterID: 'Ind03o3', isActive: true } },
    {
      licence: {
        'licence-No': 'LMV9478',
        issueDate: '2020-01-01',
        expireDate: '2040-01-01',
        isActive: true
      }
    }
  ],
  job: 'Computer Programmer',
  mgr: 2005,
  hiredate: ISODate("1983-02-17T00:00:00.000Z"),
  sal: 800,
  comm: null,
  deptno: 30
}
{
  _id: ObjectId("629049b2fc70df11aafff893"),
  empid: 2011,
  ename: 'snehal',
  address: {
    building: '1031',
    coord: [ -73.9075537, 40.6438684 ],
    street: 'East   92 Street',
    zipcode: '11236'
  },
  isDocActive: true,
  gender: 'female',
  canVote: true,
  canDrive: true,
  color: [ 'India Green' ],
  fruit: [ 'apple' ],
  cards: [
    { aadhar: { 'aadhar-No': '66667', isActive: true } },
    { PAN: { 'PAN-No': 'Kinj093', isActive: false } },
    { voter: { voterID: 'Ind03o3', isActive: true } },
    {
      licence: {
        'licence-No': 'LMV9478',
        issueDate: '2020-01-01',
        expireDate: '2040-01-01',
        isActive: true
      }
    }
  ],
  job: 'WEB Programmer',
  mgr: 1039,
  hiredate: ISODate("1983-07-17T00:00:00.000Z"),
  sal: 2500,
  comm: null,
  deptno: 10
}
{
  _id: ObjectId("629049b2fc70df11aafff894"),
  empid: 2012,
  ename: 'rupal',
  address: {
    building: '1111',
    coord: [ -74.0796436, 40.59878339999999 ],
    street: 'Hylan Boulevard',
    zipcode: '10305'
  },
  isDocActive: false,
  gender: 'female',
  canVote: true,
  canDrive: true,
  color: [ 'Violet' ],
  fruit: [ 'grapes' ],
  cards: [
    { aadhar: { 'aadhar-No': '12374', isActive: true } },
    { PAN: { 'PAN-No': 'Kinj093', isActive: false } },
    { voter: { voterID: 'Ind03o3', isActive: true } },
    {
      licence: {
        'licence-No': 'LMV9478',
        issueDate: '2020-01-01',
        expireDate: '2040-01-01',
        isActive: true
      }
    }
  ],
  job: 'WEB Programmer',
  mgr: 1037,
  hiredate: ISODate("1983-07-17T00:00:00.000Z"),
  sal: 6500,
  comm: null,
  deptno: 20
}
{
  _id: ObjectId("629049b2fc70df11aafff895"),
  empid: 2013,
  ename: 'bandish',
  address: {
    building: '976',
    coord: [ -73.92701509999999, 40.6620192 ],
    street: 'Rutland Road',
    zipcode: '11212'
  },
  isDocActive: true,
  gender: 'female',
  canVote: true,
  canDrive: true,
  color: [ 'Snow White' ],
  fruit: [ 'mango' ],
  cards: [
    { aadhar: { 'aadhar-No': '93710', isActive: true } },
    { PAN: { 'PAN-No': 'Kinj093', isActive: false } },
    { voter: { voterID: 'Ind03o3', isActive: true } },
    {
      licence: {
        'licence-No': 'LMV9478',
        issueDate: '2020-01-01',
        expireDate: '2040-01-01'
      }
    }
  ],
  job: 'WEB Programmer',
  mgr: 2001,
  hiredate: ISODate("1983-07-17T00:00:00.000Z"),
  sal: 7000,
  comm: null,
  deptno: 30
}
{
  _id: ObjectId("629049b2fc70df11aafff896"),
  empid: 2010,
  ename: 'jasu',
  address: {
    building: '437',
    coord: [ -73.975393, 40.757365 ],
    street: 'Madison Avenue',
    zipcode: '10022'
  },
  isDocActive: false,
  gender: 'male',
  canVote: true,
  canDrive: true,
  color: [ 'Lawn Green' ],
  fruit: [ 'Fig', 'apple' ],
  cards: [
    { aadhar: { 'aadhar-No': '44446', isActive: true } },
    { PAN: { 'PAN-No': 'Kinj093', isActive: false } },
    { voter: { voterID: 'Ind03o3', isActive: true } },
    {
      licence: {
        'licence-No': 'LMV9478',
        issueDate: '2020-01-01',
        expireDate: '2040-01-01',
        isActive: true
      }
    }
  ],
  job: 'Computer Programmer',
  mgr: 2007,
  hiredate: ISODate("1983-04-17T00:00:00.000Z"),
  sal: 5800,
  comm: null,
  deptno: 40
}
{
  _id: ObjectId("629049b2fc70df11aafff897"),
  empid: 2014,
  ename: 'madhavi',
  address: {
    building: '148',
    coord: [ -73.9806854, 40.7778589 ],
    street: 'West   72 Street',
    zipcode: '10023'
  },
  isDocActive: true,
  gender: 'female',
  canVote: true,
  canDrive: true,
  color: [ 'Apple Green' ],
  fruit: [ 'mango' ],
  cards: [
    { aadhar: { 'aadhar-No': '00900', isActive: true } },
    { PAN: { 'PAN-No': 'Kinj093', isActive: false } },
    { voter: { voterID: 'Ind03o3', isActive: true } },
    {
      licence: {
        'licence-No': 'LMV9478',
        issueDate: '2020-01-01',
        expireDate: '2040-01-01',
        isActive: true
      }
    }
  ],
  job: 'WEB Programmer',
  mgr: 2002,
  hiredate: ISODate("1980-07-17T00:00:00.000Z"),
  sal: 6900,
  comm: null,
  deptno: 10
}
{
  _id: ObjectId("629049b2fc70df11aafff898"),
  empid: 2015,
  ename: 'ram',
  address: {
    building: '364',
    coord: [ -73.96084119999999, 40.8014307 ],
    street: 'West  110 Street',
    zipcode: '10025'
  },
  isDocActive: false,
  gender: 'male',
  canVote: true,
  canDrive: true,
  color: [ 'India Green' ],
  fruit: [ 'cherry', 'grapes' ],
  cards: [
    { aadhar: { 'aadhar-No': '00600', isActive: true } },
    { PAN: { 'PAN-No': 'Kinj093', isActive: false } },
    { voter: { voterID: 'Ind03o3', isActive: true } },
    {
      licence: {
        'licence-No': 'LMV9478',
        issueDate: '2020-01-01',
        expireDate: '2040-01-01',
        isActive: true
      }
    }
  ],
  job: 'WEB Programmer',
  mgr: 2001,
  hiredate: ISODate("1980-11-17T00:00:00.000Z"),
  sal: 6200,
  comm: null,
  deptno: 20
}
{
  _id: ObjectId("629049b2fc70df11aafff899"),
  empid: 2016,
  ename: 'aditi',
  address: {
    building: '1423',
    coord: [ -73.9615132, 40.6253268 ],
    street: 'Avenue J',
    zipcode: '11230'
  },
  isDocActive: true,
  gender: 'female',
  canVote: true,
  canDrive: true,
  color: [ 'Orange' ],
  fruit: [ 'lime', 'Guava' ],
  cards: [
    { aadhar: { 'aadhar-No': '88788', isActive: true } },
    { PAN: { 'PAN-No': 'Kinj093', isActive: false } },
    { voter: { voterID: 'Ind03o3', isActive: true } },
    {
      licence: {
        'licence-No': 'LMV9478',
        issueDate: '2020-01-01',
        expireDate: '2040-01-01',
        isActive: true
      }
    }
  ],
  job: 'WEB Programmer',
  mgr: 2002,
  hiredate: ISODate("1982-05-17T00:00:00.000Z"),
  sal: 5700,
  comm: null,
  deptno: 30
}
{
  _id: ObjectId("629049b2fc70df11aafff89a"),
  empid: 2017,
  ename: 'neeraj',
  address: {
    building: '0',
    coord: [ -84.2040813, 9.9986585 ],
    street: 'Guardia Airport Parking',
    zipcode: '11371'
  },
  isDocActive: false,
  gender: 'male',
  canVote: true,
  canDrive: true,
  color: [ 'Dark Orange' ],
  fruit: [ 'pineapple' ],
  cards: [
    { aadhar: { 'aadhar-No': '55475', isActive: true } },
    { PAN: { 'PAN-No': 'Kinj093', isActive: false } },
    { voter: { voterID: 'Ind03o3', isActive: true } },
    {
      licence: {
        'licence-No': 'LMV9478',
        issueDate: '2020-01-01',
        expireDate: '2040-01-01',
        isActive: true
      }
    }
  ],
  job: 'WEB Programmer',
  mgr: 1039,
  hiredate: ISODate("1981-08-17T00:00:00.000Z"),
  sal: 7700,
  comm: null,
  deptno: 40
}
{
  _id: ObjectId("629049b2fc70df11aafff89b"),
  empid: 2018,
  ename: 'meera',
  address: {
    building: '73',
    coord: [ -74.1178949, 40.5734906 ],
    street: 'New Dorp Plaza',
    zipcode: '10306'
  },
  isDocActive: true,
  gender: 'female',
  canVote: true,
  canDrive: true,
  color: [ 'White' ],
  fruit: [ 'watermelon' ],
  cards: [
    { aadhar: { 'aadhar-No': '92832', isActive: true } },
    { PAN: { 'PAN-No': 'Kinj093', isActive: false } },
    { voter: { voterID: 'Ind03o3', isActive: true } },
    {
      licence: {
        'licence-No': 'LMV9478',
        issueDate: '2020-01-01',
        expireDate: '2040-01-01',
        isActive: true
      }
    }
  ],
  job: 'WEB Programmer',
  mgr: 2005,
  hiredate: ISODate("1983-02-17T00:00:00.000Z"),
  sal: 801,
  comm: null,
  deptno: 30
}
{
  _id: ObjectId("629049b2fc70df11aafff89c"),
  empid: 2019,
  ename: 'zara',
  address: {
    building: '277',
    coord: [ -73.8941893, 40.8634684 ],
    street: 'East Kingsbridge Road',
    zipcode: '10458'
  },
  isDocActive: false,
  gender: 'female',
  canVote: true,
  canDrive: true,
  color: [ 'Violet' ],
  fruit: [ 'Dragon Fruit' ],
  cards: [
    { aadhar: { 'aadhar-No': '73878', isActive: true } },
    { PAN: { 'PAN-No': 'Kinj093', isActive: false } },
    { voter: { voterID: 'Ind03o3', isActive: true } },
    {
      licence: {
        'licence-No': 'LMV9478',
        issueDate: '2020-01-01',
        expireDate: '2040-01-01',
        isActive: true
      }
    }
  ],
  job: 'WEB Programmer',
  mgr: 2002,
  hiredate: ISODate("1983-08-17T00:00:00.000Z"),
  sal: 3700,
  comm: null,
  deptno: 40
}
{
  _id: ObjectId("629049b2fc70df11aafff89d"),
  empid: 2020,
  ename: 'tanvi',
  address: {
    building: '203',
    coord: [ -74.15235919999999, 40.5563756 ],
    street: 'Giffords Lane',
    zipcode: '10308'
  },
  isDocActive: false,
  gender: 'female',
  canVote: true,
  canDrive: true,
  color: [ 'Lawn Green' ],
  fruit: [ 'Avocado' ],
  cards: [
    { aadhar: { 'aadhar-No': '87828', isActive: true } },
    { PAN: { 'PAN-No': 'Kinj093', isActive: false } },
    { voter: { voterID: 'Ind03o3', isActive: true } },
    {
      licence: {
        'licence-No': 'LMV9478',
        issueDate: '2020-01-01',
        expireDate: '2040-01-01'
      }
    }
  ],
  job: 'WEB Programmer',
  mgr: 2007,
  hiredate: ISODate("1983-04-17T00:00:00.000Z"),
  sal: 5700,
  comm: null,
  deptno: 40
}
{
  _id: ObjectId("629049b2fc70df11aafff89e"),
  empid: 2022,
  ename: 'Emma',
  address: {
    building: '2031',
    coord: [ -78.15235919457, 47.5568756 ],
    street: 'Keesey Street',
    zipcode: '11310'
  },
  isDocActive: false,
  gender: 'female',
  canVote: false,
  canDrive: true,
  color: [ 'Lawn Green', 'Sky Blue' ],
  fruit: [ 'Avocado', 'Grapes', 'Orance' ],
  cards: [
    { aadhar: { 'aadhar-No': '23232', isActive: true } },
    { PAN: { 'PAN-No': 'Kinj093', isActive: false } },
    { voter: { voterID: 'Ind03o3', isActive: true } },
    {
      licence: {
        'licence-No': 'LMV9478',
        issueDate: '2020-01-01',
        expireDate: '2040-01-01',
        isActive: true
      }
    }
  ],
  job: 'WEB Programmer',
  mgr: 2001,
  hiredate: ISODate("1982-08-17T00:00:00.000Z"),
  sal: 7000,
  comm: null,
  deptno: 10
}
{
  _id: ObjectId("629049b2fc70df11aafff89f"),
  empid: 2023,
  ename: 'Olivia',
  address: {
    building: '031',
    coord: [ -78.15231429456999, 42.5560956 ],
    street: 'Hazel Grove',
    zipcode: '133038'
  },
  isDocActive: true,
  gender: 'female',
  canVote: false,
  canDrive: true,
  color: [ 'Lawn Green', 'Sky Blue' ],
  fruit: [ 'Banana', 'Grapes', 'Orance' ],
  cards: [
    { aadhar: { 'aadhar-No': '23435', isActive: true } },
    { PAN: { 'PAN-No': 'Kinj093', isActive: false } },
    { voter: { voterID: 'Ind03o3', isActive: true } },
    {
      licence: {
        'licence-No': 'LMV9478',
        issueDate: '2020-01-01',
        expireDate: '2040-01-01',
        isActive: true
      }
    }
  ],
  job: 'WEB Programmer',
  mgr: 2001,
  hiredate: ISODate("1981-06-17T00:00:00.000Z"),
  sal: 9000,
  comm: null,
  deptno: 10
}
{
  _id: ObjectId("629049b2fc70df11aafff8a0"),
  empid: 2024,
  ename: 'Mia',
  address: {
    building: '032',
    coord: [ -78.15235919457, 43.5578756 ],
    street: 'Kidd Cottages',
    zipcode: '33038'
  },
  isDocActive: false,
  gender: 'female',
  canVote: false,
  canDrive: true,
  color: [ 'Light Pink', 'Light Blue' ],
  fruit: [ 'Orance' ],
  cards: [
    { aadhar: { 'aadhar-No': '64434', isActive: true } },
    { PAN: { 'PAN-No': 'Kinj093', isActive: false } },
    { voter: { voterID: 'Ind03o3', isActive: true } },
    {
      licence: {
        'licence-No': 'LMV9478',
        issueDate: '2020-01-01',
        expireDate: '2040-01-01',
        isActive: true
      }
    }
  ],
  job: 'WEB Programmer',
  mgr: 2001,
  hiredate: ISODate("1983-04-17T00:00:00.000Z"),
  sal: 9500,
  comm: null,
  deptno: 10
}
{
  _id: ObjectId("629049b2fc70df11aafff8a1"),
  empid: 2021,
  ename: 'Emma',
  address: {
    building: '2031',
    coord: [ -78.15235919457, 47.5568756 ],
    street: 'Giffords Lane',
    zipcode: '11309'
  },
  isDocActive: true,
  gender: 'female',
  canVote: true,
  canDrive: true,
  color: [ 'Lawn Green', 'Sky Blue' ],
  fruit: [ 'Avocado', 'Grapes', 'Orance' ],
  cards: [
    { aadhar: { 'aadhar-No': '02920', isActive: true } },
    { PAN: { 'PAN-No': 'Kinj093', isActive: false } },
    { voter: { voterID: 'Ind03o3', isActive: true } },
    {
      licence: {
        'licence-No': 'LMV9478',
        issueDate: '2020-01-01',
        expireDate: '2040-01-01',
        isActive: true
      }
    }
  ],
  job: 'WEB Programmer',
  mgr: 2001,
  hiredate: ISODate("1982-04-17T00:00:00.000Z"),
  sal: 7700,
  comm: null,
  deptno: 10
}
{
  _id: ObjectId("629049b2fc70df11aafff8a2"),
  empid: 2025,
  ename: 'Emily',
  address: {
    building: '7036',
    coord: [ -78.15299819456999, 40.5568756 ],
    street: 'Adams Row',
    zipcode: '15310'
  },
  isDocActive: false,
  gender: 'female',
  canVote: false,
  canDrive: false,
  color: [ 'Yellow' ],
  fruit: [ 'Grapes' ],
  cards: [
    { aadhar: { 'aadhar-No': '75463', isActive: true } },
    { PAN: { 'PAN-No': 'Kinj093', isActive: false } },
    { voter: { voterID: 'Ind03o3', isActive: true } },
    {
      licence: {
        'licence-No': 'LMV9478',
        issueDate: '2020-01-01',
        expireDate: '2040-01-01',
        isActive: true
      }
    }
  ],
  job: 'WEB Programmer',
  mgr: 2004,
  hiredate: ISODate("1981-04-19T00:00:00.000Z"),
  sal: 7600,
  comm: null,
  deptno: 40
}

primaryDB> db.getCollectionNames();
[ 'books', 'emp' ]
primaryDB> db.createCollection('student', {capped: true, size: 1000, max: 2 });
{ ok: 1 }
primaryDB> db.getCollectionNames();
[ 'books', 'emp', 'student' ]
primaryDB> db.emp.isCapped();
false
primaryDB> db.student.isCapped();
true
primaryDB> db.student.insert({_id:1, sname:"saleel1")});
Uncaught:
SyntaxError: Unexpected token, expected "," (1:41)

> 1 | db.student.insert({_id:1, sname:"saleel1")});
    |                                          ^
  2 |

primaryDB> db.student.insert({_id:1, sname:"saleel1"});
DeprecationWarning: Collection.insert() is deprecated. Use insertOne, insertMany, or bulkWrite.
{ acknowledged: true, insertedIds: { '0': 1 } }
primaryDB>

primaryDB> db.student.find();
[ { _id: 1, sname: 'saleel1' } ]
primaryDB>

primaryDB>

primaryDB> db.student.insert({_id:2, sname:"saleel2", isActive:true});
{ acknowledged: true, insertedIds: { '0': 2 } }
primaryDB> db.student.find();
[
  { _id: 1, sname: 'saleel1' },
  { _id: 2, sname: 'saleel2', isActive: true }
]
primaryDB> db.student.insert({_id:3, sname:"saleel3", isActive:false, salary:3000});
{ acknowledged: true, insertedIds: { '0': 3 } }
primaryDB>

primaryDB> db.student.find();
[
  { _id: 2, sname: 'saleel2', isActive: true },
  { _id: 3, sname: 'saleel3', isActive: false, salary: 3000 }
]
primaryDB> db.student.insert({_id:4, sname:"saleel4", isActive:false, salary:3000});
{ acknowledged: true, insertedIds: { '0': 4 } }
primaryDB> db.student.find();\
Uncaught:
SyntaxError: Expecting Unicode escape sequence \uXXXX. (1:19)

> 1 | db.student.find();\
    |                    ^
  2 |

primaryDB> db.student.find();
[
  { _id: 3, sname: 'saleel3', isActive: false, salary: 3000 },
  { _id: 4, sname: 'saleel4', isActive: false, salary: 3000 }
]
primaryDB> db.createCollection('person');
{ ok: 1 }
primaryDB> show tables;
books
emp
person
student
primaryDB> db.getCollectionNames();
[ 'books', 'emp', 'student', 'person' ]
primaryDB> show tables;
books
emp
person
student
primaryDB> db.getCollectionNames();
[ 'books', 'emp', 'student', 'person' ]
primaryDB> edit db.person.insertOne({_id:"saleel",name:"saleel bagde", city:'pune', state:'MH'})
Opening an editor...

primaryDB> db.person.insertOne({ _id: "saleel", name: "saleel bagde", city: 'pune', state: 'MH', passportDetails: { passpassportNo: "sal7859kFF", validity: "25 years" } });
{ acknowledged: true, insertedId: 'saleel' }
primaryDB> db.person.find();
[
  {
    _id: 'saleel',
    name: 'saleel bagde',
    city: 'pune',
    state: 'MH',
    passportDetails: { passportNo: 'sal7859kFF', validity: '25 years' }
  }
]
primaryDB> db.person.find({}, {name:true, city:true, state:true, passportDetails.passportNo});
Uncaught:
SyntaxError: Unexpected token, expected "," (1:69)

> 1 | db.person.find({}, {name:true, city:true, state:true, passportDetails.passportNo});
    |                                                                      ^
  2 |

primaryDB> db.person.find({}, {name:true, city:true, state:true, "passportDetails.passportNo"});
Uncaught:
SyntaxError: Unexpected token (1:82)

> 1 | db.person.find({}, {name:true, city:true, state:true, "passportDetails.passportNo"});
    |                                                                                   ^
  2 |

primaryDB> db.person.find({}, {name:true, city:true, state:true, "passportDetails.passportNo":true});
[
  {
    _id: 'saleel',
    name: 'saleel bagde',
    city: 'pune',
    state: 'MH',
    passportDetails: { passportNo: 'sal7859kFF' }
  }
]
primaryDB> db.person.insertOne({ _id: "saleel", name: "saleel bagde", city: 'pune', state: 'MH', passportDetails: { passportNo: "sal7859kFF", validity: "25 years" } });
MongoServerError: E11000 duplicate key error collection: primaryDB.person index: _id_ dup key: { _id: "saleel" }
primaryDB>

primaryDB>

primaryDB>

primaryDB> db.createCollection('person1');
{ ok: 1 }
primaryDB> db.createCollection('passport');;

primaryDB> db.person1.insertOne({ _id: "saleel", name: "saleel bagde", city: 'pune', state: 'MH' });
{ acknowledged: true, insertedId: 'saleel' }
primaryDB>

primaryDB>

primaryDB> db.person1.find();
[ { _id: 'saleel', name: 'saleel bagde', city: 'pune', state: 'MH' } ]
primaryDB>

primaryDB>

primaryDB> db.passport.insertOne({ _id: "saleel", passportNo: "sal7859kFF", validity: "25 years" });
{ acknowledged: true, insertedId: 'saleel' }
primaryDB>

primaryDB>

primaryDB> db.person1.find();
[ { _id: 'saleel', name: 'saleel bagde', city: 'pune', state: 'MH' } ]
primaryDB> db.passport.find();
[ { _id: 'saleel', passportNo: 'sal7859kFF', validity: '25 years' } ]
primaryDB>

primaryDB>

primaryDB>

primaryDB> db.person.find();
[
  {
    _id: 'saleel',
    name: 'saleel bagde',
    city: 'pune',
    state: 'MH',
    passportDetails: { passportNo: 'sal7859kFF', validity: '25 years' }
  }
]
primaryDB> db.person1.find();
[ { _id: 'saleel', name: 'saleel bagde', city: 'pune', state: 'MH' } ]
primaryDB> db.passport.find();
[ { _id: 'saleel', passportNo: 'sal7859kFF', validity: '25 years' } ]
primaryDB>

primaryDB> edit db.person1.aggregate()
Opening an editor...

primaryDB> db.person1.aggregate([{ $lookup: { from: "passport", localField: "_id", foreignField: "_id", as: "Passport Details" } }])
[
  {
    _id: 'saleel',
    name: 'saleel bagde',
    city: 'pune',
    state: 'MH',
    'Passport Details': [
      { _id: 'saleel', passportNo: 'sal7859kFF', validity: '25 years' }
    ]
  }
]
primaryDB> edit
Opening an editor...

primaryDB> db.person1.aggregate([{ $lookup: { from: "passport", localField: "_id", foreignField: "_id", as: "Passport Details" } }])
[
  {
    _id: 'saleel',
    name: 'saleel bagde',
    city: 'pune',
    state: 'MH',
    'Passport Details': [
      { _id: 'saleel', passportNo: 'sal7859kFF', validity: '25 years' }
    ]
  }
]
primaryDB>

primaryDB> show tables;
books
emp
passport
person
person1
student
primaryDB> db.getCollectionNames();
[ 'books', 'emp', 'student', 'passport', 'person', 'person1' ]
primaryDB> db.books.find();
[
  { _id: 9, Title: 'Redis', cost: 1600 },
  { _id: ObjectId("629066aa8271b158d247864e"), title: 'abc' }
]
primaryDB> db.books.remove({});
DeprecationWarning: Collection.remove() is deprecated. Use deleteOne, deleteMany, findOneAndDelete, or bulkWrite.
{ acknowledged: true, deletedCount: 2 }
primaryDB>

primaryDB> db.books.find();

primaryDB> edit db.books.insertMany([{_id:"B1", title:"redis"}, {_id:"B2", title:'neo4j'}, {}, {}, {}, {})
Opening an editor...

primaryDB> db.books.insertMany([{ _id: "B1", title: "redis" }, { _id: "B2", title: 'neo4j' }, { _id: "B3", title: "hbase" }, { _id: "B4", title: 'hive' }, { _id: "B5", title: 'pig' }]);
{
  acknowledged: true,
  insertedIds: { '0': 'B1', '1': 'B2', '2': 'B3', '3': 'B4', '4': 'B5' }
}
primaryDB> db.books.find();
[
  { _id: 'B1', title: 'redis' },
  { _id: 'B2', title: 'neo4j' },
  { _id: 'B3', title: 'hbase' },
  { _id: 'B4', title: 'hive' },
  { _id: 'B5', title: 'pig' }
]
primaryDB> db.createCollection('author');
{ ok: 1 }
primaryDB> edit
Opening an editor...

primaryDB> db.books.remove({})
{ acknowledged: true, deletedCount: 5 }
primaryDB> edit
Opening an editor...

primaryDB> db.books.insertMany([ { _id: 1, title: "redis", ISBN: 'B1' }, { _id: 2, title: 'neo4j', ISBN: 'B2' }, { _id: 3, title: "hbase", ISBN: 'B3' }, { _id: 4, title: 'hive', ISBN: 'B4' }, { _id: 5, title: 'pig', ISBN: 'B5' }]);
{
  acknowledged: true,
  insertedIds: { '0': 1, '1': 2, '2': 3, '3': 4, '4': 5 }
}
primaryDB> db.books.find();
[
  { _id: 1, title: 'redis', ISBN: 'B1' },
  { _id: 2, title: 'neo4j', ISBN: 'B2' },
  { _id: 3, title: 'hbase', ISBN: 'B3' },
  { _id: 4, title: 'hive', ISBN: 'B4' },
  { _id: 5, title: 'pig', ISBN: 'B5' }
]
primaryDB> edit
Opening an editor...

primaryDB> db.author.insertMany([{ _id: "A1", name: "omkar", bookID: "B1" }, { _id: "A2", name: 'saleel', bookID: "B1" }, { _id: "A3", name: "sharmin", bookID: "B2" }, { _id: "A4", name: 'ruhan', bookID: "B2" }, { _id: "A5", name: 'bandish', bookID: "B3" }, { _id: "A6", name: "supriya", bookID: "B3" }, { _id: "A7", name: 'sangita', bookID: "B3" }, { _id: "A8", name: "monika", bookID: "B4" }, { _id: "A9", name: 'kaushal', bookID: "B2" }, { _id: "A10", name: 'hatasha', bookID: "B1" }, { _id: "A11", name: 'vrushali', bookID: "B4" }])
{
  acknowledged: true,
  insertedIds: {
    '0': 'A1',
    '1': 'A2',
    '2': 'A3',
    '3': 'A4',
    '4': 'A5',
    '5': 'A6',
    '6': 'A7',
    '7': 'A8',
    '8': 'A9',
    '9': 'A10',
    '10': 'A11'
  }
}
primaryDB> db.books.find();
[
  { _id: 1, title: 'redis', ISBN: 'B1' },
  { _id: 2, title: 'neo4j', ISBN: 'B2' },
  { _id: 3, title: 'hbase', ISBN: 'B3' },
  { _id: 4, title: 'hive', ISBN: 'B4' },
  { _id: 5, title: 'pig', ISBN: 'B5' }
]
primaryDB> db.author.find();
[
  { _id: 'A1', name: 'omkar', bookID: 'B1' },
  { _id: 'A2', name: 'saleel', bookID: 'B1' },
  { _id: 'A3', name: 'sharmin', bookID: 'B2' },
  { _id: 'A4', name: 'ruhan', bookID: 'B2' },
  { _id: 'A5', name: 'bandish', bookID: 'B3' },
  { _id: 'A6', name: 'supriya', bookID: 'B3' },
  { _id: 'A7', name: 'sangita', bookID: 'B3' },
  { _id: 'A8', name: 'monika', bookID: 'B4' },
  { _id: 'A9', name: 'kaushal', bookID: 'B2' },
  { _id: 'A10', name: 'hatasha', bookID: 'B1' },
  { _id: 'A11', name: 'vrushali', bookID: 'B4' }
]
primaryDB> edit
Opening an editor...

primaryDB> db.books.aggregate([{ $lookup: { from: "author", localField: "ISBN", foreignField: "bookID", as: "Author Details" } }])
[
  {
    _id: 1,
    title: 'redis',
    ISBN: 'B1',
    'Author Details': [
      { _id: 'A1', name: 'omkar', bookID: 'B1' },
      { _id: 'A2', name: 'saleel', bookID: 'B1' },
      { _id: 'A10', name: 'hatasha', bookID: 'B1' }
    ]
  },
  {
    _id: 2,
    title: 'neo4j',
    ISBN: 'B2',
    'Author Details': [
      { _id: 'A3', name: 'sharmin', bookID: 'B2' },
      { _id: 'A4', name: 'ruhan', bookID: 'B2' },
      { _id: 'A9', name: 'kaushal', bookID: 'B2' }
    ]
  },
  {
    _id: 3,
    title: 'hbase',
    ISBN: 'B3',
    'Author Details': [
      { _id: 'A5', name: 'bandish', bookID: 'B3' },
      { _id: 'A6', name: 'supriya', bookID: 'B3' },
      { _id: 'A7', name: 'sangita', bookID: 'B3' }
    ]
  },
  {
    _id: 4,
    title: 'hive',
    ISBN: 'B4',
    'Author Details': [
      { _id: 'A8', name: 'monika', bookID: 'B4' },
      { _id: 'A11', name: 'vrushali', bookID: 'B4' }
    ]
  },
  { _id: 5, title: 'pig', ISBN: 'B5', 'Author Details': [] }
]
primaryDB> edit
Opening an editor...

primaryDB> db.books.aggregate([{ $lookup: { from: "author", localField: "ISBN", foreignField: "bookID", as: "Author Details" } }])
[
  {
    _id: 1,
    title: 'redis',
    ISBN: 'B1',
    'Author Details': [
      { _id: 'A1', name: 'omkar', bookID: 'B1' },
      { _id: 'A2', name: 'saleel', bookID: 'B1' },
      { _id: 'A10', name: 'hatasha', bookID: 'B1' }
    ]
  },
  {
    _id: 2,
    title: 'neo4j',
    ISBN: 'B2',
    'Author Details': [
      { _id: 'A3', name: 'sharmin', bookID: 'B2' },
      { _id: 'A4', name: 'ruhan', bookID: 'B2' },
      { _id: 'A9', name: 'kaushal', bookID: 'B2' }
    ]
  },
  {
    _id: 3,
    title: 'hbase',
    ISBN: 'B3',
    'Author Details': [
      { _id: 'A5', name: 'bandish', bookID: 'B3' },
      { _id: 'A6', name: 'supriya', bookID: 'B3' },
      { _id: 'A7', name: 'sangita', bookID: 'B3' }
    ]
  },
  {
    _id: 4,
    title: 'hive',
    ISBN: 'B4',
    'Author Details': [
      { _id: 'A8', name: 'monika', bookID: 'B4' },
      { _id: 'A11', name: 'vrushali', bookID: 'B4' }
    ]
  },
  { _id: 5, title: 'pig', ISBN: 'B5', 'Author Details': [] }
]
primaryDB> db.author.find();
[
  { _id: 'A1', name: 'omkar', bookID: 'B1' },
  { _id: 'A2', name: 'saleel', bookID: 'B1' },
  { _id: 'A3', name: 'sharmin', bookID: 'B2' },
  { _id: 'A4', name: 'ruhan', bookID: 'B2' },
  { _id: 'A5', name: 'bandish', bookID: 'B3' },
  { _id: 'A6', name: 'supriya', bookID: 'B3' },
  { _id: 'A7', name: 'sangita', bookID: 'B3' },
  { _id: 'A8', name: 'monika', bookID: 'B4' },
  { _id: 'A9', name: 'kaushal', bookID: 'B2' },
  { _id: 'A10', name: 'hatasha', bookID: 'B1' },
  { _id: 'A11', name: 'vrushali', bookID: 'B4' }
]
primaryDB> db.author.updateOne( {_id:'A10'}, {$set:{name:"natasha" } } );
{
  acknowledged: true,
  insertedId: null,
  matchedCount: 1,
  modifiedCount: 1,
  upsertedCount: 0
}
primaryDB> db.author.find();
[
  { _id: 'A1', name: 'omkar', bookID: 'B1' },
  { _id: 'A2', name: 'saleel', bookID: 'B1' },
  { _id: 'A3', name: 'sharmin', bookID: 'B2' },
  { _id: 'A4', name: 'ruhan', bookID: 'B2' },
  { _id: 'A5', name: 'bandish', bookID: 'B3' },
  { _id: 'A6', name: 'supriya', bookID: 'B3' },
  { _id: 'A7', name: 'sangita', bookID: 'B3' },
  { _id: 'A8', name: 'monika', bookID: 'B4' },
  { _id: 'A9', name: 'kaushal', bookID: 'B2' },
  { _id: 'A10', name: 'natasha', bookID: 'B1' },
  { _id: 'A11', name: 'vrushali', bookID: 'B4' }
]
primaryDB> db.author.updateOne( {_id:'A10'}, {$set:{charges: 125000 } } );
{
  acknowledged: true,
  insertedId: null,
  matchedCount: 1,
  modifiedCount: 1,
  upsertedCount: 0
}
primaryDB> db.author.find();
[
  { _id: 'A1', name: 'omkar', bookID: 'B1' },
  { _id: 'A2', name: 'saleel', bookID: 'B1' },
  { _id: 'A3', name: 'sharmin', bookID: 'B2' },
  { _id: 'A4', name: 'ruhan', bookID: 'B2' },
  { _id: 'A5', name: 'bandish', bookID: 'B3' },
  { _id: 'A6', name: 'supriya', bookID: 'B3' },
  { _id: 'A7', name: 'sangita', bookID: 'B3' },
  { _id: 'A8', name: 'monika', bookID: 'B4' },
  { _id: 'A9', name: 'kaushal', bookID: 'B2' },
  { _id: 'A10', name: 'natasha', bookID: 'B1', charges: 125000 },
  { _id: 'A11', name: 'vrushali', bookID: 'B4' }
]
primaryDB> db.author.updateMany( {}, { $set:{charges: 10000 } } );
{
  acknowledged: true,
  insertedId: null,
  matchedCount: 11,
  modifiedCount: 11,
  upsertedCount: 0
}
primaryDB> db.author.find();
[
  { _id: 'A1', name: 'omkar', bookID: 'B1', charges: 10000 },
  { _id: 'A2', name: 'saleel', bookID: 'B1', charges: 10000 },
  { _id: 'A3', name: 'sharmin', bookID: 'B2', charges: 10000 },
  { _id: 'A4', name: 'ruhan', bookID: 'B2', charges: 10000 },
  { _id: 'A5', name: 'bandish', bookID: 'B3', charges: 10000 },
  { _id: 'A6', name: 'supriya', bookID: 'B3', charges: 10000 },
  { _id: 'A7', name: 'sangita', bookID: 'B3', charges: 10000 },
  { _id: 'A8', name: 'monika', bookID: 'B4', charges: 10000 },
  { _id: 'A9', name: 'kaushal', bookID: 'B2', charges: 10000 },
  { _id: 'A10', name: 'natasha', bookID: 'B1', charges: 10000 },
  { _id: 'A11', name: 'vrushali', bookID: 'B4', charges: 10000 }
]
primaryDB> db.author.updateMany( {}, { $unset:{charges: 0} } );
{
  acknowledged: true,
  insertedId: null,
  matchedCount: 11,
  modifiedCount: 11,
  upsertedCount: 0
}
primaryDB> db.author.find();
[
  { _id: 'A1', name: 'omkar', bookID: 'B1' },
  { _id: 'A2', name: 'saleel', bookID: 'B1' },
  { _id: 'A3', name: 'sharmin', bookID: 'B2' },
  { _id: 'A4', name: 'ruhan', bookID: 'B2' },
  { _id: 'A5', name: 'bandish', bookID: 'B3' },
  { _id: 'A6', name: 'supriya', bookID: 'B3' },
  { _id: 'A7', name: 'sangita', bookID: 'B3' },
  { _id: 'A8', name: 'monika', bookID: 'B4' },
  { _id: 'A9', name: 'kaushal', bookID: 'B2' },
  { _id: 'A10', name: 'natasha', bookID: 'B1' },
  { _id: 'A11', name: 'vrushali', bookID: 'B4' }
]
primaryDB> db.author.updateMany( {}, { $set:{c1: 2000, c2:1000} } );
{
  acknowledged: true,
  insertedId: null,
  matchedCount: 11,
  modifiedCount: 11,
  upsertedCount: 0
}
primaryDB> db.author.find();
[
  { _id: 'A1', name: 'omkar', bookID: 'B1', c1: 2000, c2: 1000 },
  { _id: 'A2', name: 'saleel', bookID: 'B1', c1: 2000, c2: 1000 },
  { _id: 'A3', name: 'sharmin', bookID: 'B2', c1: 2000, c2: 1000 },
  { _id: 'A4', name: 'ruhan', bookID: 'B2', c1: 2000, c2: 1000 },
  { _id: 'A5', name: 'bandish', bookID: 'B3', c1: 2000, c2: 1000 },
  { _id: 'A6', name: 'supriya', bookID: 'B3', c1: 2000, c2: 1000 },
  { _id: 'A7', name: 'sangita', bookID: 'B3', c1: 2000, c2: 1000 },
  { _id: 'A8', name: 'monika', bookID: 'B4', c1: 2000, c2: 1000 },
  { _id: 'A9', name: 'kaushal', bookID: 'B2', c1: 2000, c2: 1000 },
  { _id: 'A10', name: 'natasha', bookID: 'B1', c1: 2000, c2: 1000 },
  { _id: 'A11', name: 'vrushali', bookID: 'B4', c1: 2000, c2: 1000 }
]
primaryDB> db.author.updateMany( {}, { $unset:{c1: 0, c2:0} } );
{
  acknowledged: true,
  insertedId: null,
  matchedCount: 11,
  modifiedCount: 11,
  upsertedCount: 0
}
primaryDB> db.author.find();
[
  { _id: 'A1', name: 'omkar', bookID: 'B1' },
  { _id: 'A2', name: 'saleel', bookID: 'B1' },
  { _id: 'A3', name: 'sharmin', bookID: 'B2' },
  { _id: 'A4', name: 'ruhan', bookID: 'B2' },
  { _id: 'A5', name: 'bandish', bookID: 'B3' },
  { _id: 'A6', name: 'supriya', bookID: 'B3' },
  { _id: 'A7', name: 'sangita', bookID: 'B3' },
  { _id: 'A8', name: 'monika', bookID: 'B4' },
  { _id: 'A9', name: 'kaushal', bookID: 'B2' },
  { _id: 'A10', name: 'natasha', bookID: 'B1' },
  { _id: 'A11', name: 'vrushali', bookID: 'B4' }
]
primaryDB> db.author.updateMany( {}, { $set:{c1: 2000, c2:1000} } );
{
  acknowledged: true,
  insertedId: null,
  matchedCount: 11,
  modifiedCount: 11,
  upsertedCount: 0
}
primaryDB> db.author.find();
[
  { _id: 'A1', name: 'omkar', bookID: 'B1', c1: 2000, c2: 1000 },
  { _id: 'A2', name: 'saleel', bookID: 'B1', c1: 2000, c2: 1000 },
  { _id: 'A3', name: 'sharmin', bookID: 'B2', c1: 2000, c2: 1000 },
  { _id: 'A4', name: 'ruhan', bookID: 'B2', c1: 2000, c2: 1000 },
  { _id: 'A5', name: 'bandish', bookID: 'B3', c1: 2000, c2: 1000 },
  { _id: 'A6', name: 'supriya', bookID: 'B3', c1: 2000, c2: 1000 },
  { _id: 'A7', name: 'sangita', bookID: 'B3', c1: 2000, c2: 1000 },
  { _id: 'A8', name: 'monika', bookID: 'B4', c1: 2000, c2: 1000 },
  { _id: 'A9', name: 'kaushal', bookID: 'B2', c1: 2000, c2: 1000 },
  { _id: 'A10', name: 'natasha', bookID: 'B1', c1: 2000, c2: 1000 },
  { _id: 'A11', name: 'vrushali', bookID: 'B4', c1: 2000, c2: 1000 }
]
primaryDB> db.author.updateMany( {}, { $rename:{c1:"Salary", c2:"Commission"} } );
{
  acknowledged: true,
  insertedId: null,
  matchedCount: 11,
  modifiedCount: 11,
  upsertedCount: 0
}
primaryDB> db.author.find();
[
  {
    _id: 'A1',
    name: 'omkar',
    bookID: 'B1',
    Commission: 1000,
    Salary: 2000
  },
  {
    _id: 'A2',
    name: 'saleel',
    bookID: 'B1',
    Commission: 1000,
    Salary: 2000
  },
  {
    _id: 'A3',
    name: 'sharmin',
    bookID: 'B2',
    Commission: 1000,
    Salary: 2000
  },
  {
    _id: 'A4',
    name: 'ruhan',
    bookID: 'B2',
    Commission: 1000,
    Salary: 2000
  },
  {
    _id: 'A5',
    name: 'bandish',
    bookID: 'B3',
    Commission: 1000,
    Salary: 2000
  },
  {
    _id: 'A6',
    name: 'supriya',
    bookID: 'B3',
    Commission: 1000,
    Salary: 2000
  },
  {
    _id: 'A7',
    name: 'sangita',
    bookID: 'B3',
    Commission: 1000,
    Salary: 2000
  },
  {
    _id: 'A8',
    name: 'monika',
    bookID: 'B4',
    Commission: 1000,
    Salary: 2000
  },
  {
    _id: 'A9',
    name: 'kaushal',
    bookID: 'B2',
    Commission: 1000,
    Salary: 2000
  },
  {
    _id: 'A10',
    name: 'natasha',
    bookID: 'B1',
    Commission: 1000,
    Salary: 2000
  },
  {
    _id: 'A11',
    name: 'vrushali',
    bookID: 'B4',
    Commission: 1000,
    Salary: 2000
  }
]
primaryDB> db.author.updateMany( {}, { $inc:{Salary:25.57} } );
{
  acknowledged: true,
  insertedId: null,
  matchedCount: 11,
  modifiedCount: 11,
  upsertedCount: 0
}
primaryDB> db.author.find();
[
  {
    _id: 'A1',
    name: 'omkar',
    bookID: 'B1',
    Commission: 1000,
    Salary: 2025.57
  },
  {
    _id: 'A2',
    name: 'saleel',
    bookID: 'B1',
    Commission: 1000,
    Salary: 2025.57
  },
  {
    _id: 'A3',
    name: 'sharmin',
    bookID: 'B2',
    Commission: 1000,
    Salary: 2025.57
  },
  {
    _id: 'A4',
    name: 'ruhan',
    bookID: 'B2',
    Commission: 1000,
    Salary: 2025.57
  },
  {
    _id: 'A5',
    name: 'bandish',
    bookID: 'B3',
    Commission: 1000,
    Salary: 2025.57
  },
  {
    _id: 'A6',
    name: 'supriya',
    bookID: 'B3',
    Commission: 1000,
    Salary: 2025.57
  },
  {
    _id: 'A7',
    name: 'sangita',
    bookID: 'B3',
    Commission: 1000,
    Salary: 2025.57
  },
  {
    _id: 'A8',
    name: 'monika',
    bookID: 'B4',
    Commission: 1000,
    Salary: 2025.57
  },
  {
    _id: 'A9',
    name: 'kaushal',
    bookID: 'B2',
    Commission: 1000,
    Salary: 2025.57
  },
  {
    _id: 'A10',
    name: 'natasha',
    bookID: 'B1',
    Commission: 1000,
    Salary: 2025.57
  },
  {
    _id: 'A11',
    name: 'vrushali',
    bookID: 'B4',
    Commission: 1000,
    Salary: 2025.57
  }
]
primaryDB> db.author.updateMany( {}, { $inc:{Salary:-25.57} } );
{
  acknowledged: true,
  insertedId: null,
  matchedCount: 11,
  modifiedCount: 11,
  upsertedCount: 0
}
primaryDB> db.author.find();
[
  {
    _id: 'A1',
    name: 'omkar',
    bookID: 'B1',
    Commission: 1000,
    Salary: 2000
  },
  {
    _id: 'A2',
    name: 'saleel',
    bookID: 'B1',
    Commission: 1000,
    Salary: 2000
  },
  {
    _id: 'A3',
    name: 'sharmin',
    bookID: 'B2',
    Commission: 1000,
    Salary: 2000
  },
  {
    _id: 'A4',
    name: 'ruhan',
    bookID: 'B2',
    Commission: 1000,
    Salary: 2000
  },
  {
    _id: 'A5',
    name: 'bandish',
    bookID: 'B3',
    Commission: 1000,
    Salary: 2000
  },
  {
    _id: 'A6',
    name: 'supriya',
    bookID: 'B3',
    Commission: 1000,
    Salary: 2000
  },
  {
    _id: 'A7',
    name: 'sangita',
    bookID: 'B3',
    Commission: 1000,
    Salary: 2000
  },
  {
    _id: 'A8',
    name: 'monika',
    bookID: 'B4',
    Commission: 1000,
    Salary: 2000
  },
  {
    _id: 'A9',
    name: 'kaushal',
    bookID: 'B2',
    Commission: 1000,
    Salary: 2000
  },
  {
    _id: 'A10',
    name: 'natasha',
    bookID: 'B1',
    Commission: 1000,
    Salary: 2000
  },
  {
    _id: 'A11',
    name: 'vrushali',
    bookID: 'B4',
    Commission: 1000,
    Salary: 2000
  }
]
primaryDB> db.author.updateOne( {}, { $inc:{Salary:25.57} } );
{
  acknowledged: true,
  insertedId: null,
  matchedCount: 1,
  modifiedCount: 1,
  upsertedCount: 0
}
primaryDB> db.author.find();
[
  {
    _id: 'A1',
    name: 'omkar',
    bookID: 'B1',
    Commission: 1000,
    Salary: 2025.57
  },
  {
    _id: 'A2',
    name: 'saleel',
    bookID: 'B1',
    Commission: 1000,
    Salary: 2000
  },
  {
    _id: 'A3',
    name: 'sharmin',
    bookID: 'B2',
    Commission: 1000,
    Salary: 2000
  },
  {
    _id: 'A4',
    name: 'ruhan',
    bookID: 'B2',
    Commission: 1000,
    Salary: 2000
  },
  {
    _id: 'A5',
    name: 'bandish',
    bookID: 'B3',
    Commission: 1000,
    Salary: 2000
  },
  {
    _id: 'A6',
    name: 'supriya',
    bookID: 'B3',
    Commission: 1000,
    Salary: 2000
  },
  {
    _id: 'A7',
    name: 'sangita',
    bookID: 'B3',
    Commission: 1000,
    Salary: 2000
  },
  {
    _id: 'A8',
    name: 'monika',
    bookID: 'B4',
    Commission: 1000,
    Salary: 2000
  },
  {
    _id: 'A9',
    name: 'kaushal',
    bookID: 'B2',
    Commission: 1000,
    Salary: 2000
  },
  {
    _id: 'A10',
    name: 'natasha',
    bookID: 'B1',
    Commission: 1000,
    Salary: 2000
  },
  {
    _id: 'A11',
    name: 'vrushali',
    bookID: 'B4',
    Commission: 1000,
    Salary: 2000
  }
]
primaryDB> db.author.deleteOne({_id:'A11'});
{ acknowledged: true, deletedCount: 1 }
primaryDB> db.author.find();
[
  {
    _id: 'A1',
    name: 'omkar',
    bookID: 'B1',
    Commission: 1000,
    Salary: 2025.57
  },
  {
    _id: 'A2',
    name: 'saleel',
    bookID: 'B1',
    Commission: 1000,
    Salary: 2000
  },
  {
    _id: 'A3',
    name: 'sharmin',
    bookID: 'B2',
    Commission: 1000,
    Salary: 2000
  },
  {
    _id: 'A4',
    name: 'ruhan',
    bookID: 'B2',
    Commission: 1000,
    Salary: 2000
  },
  {
    _id: 'A5',
    name: 'bandish',
    bookID: 'B3',
    Commission: 1000,
    Salary: 2000
  },
  {
    _id: 'A6',
    name: 'supriya',
    bookID: 'B3',
    Commission: 1000,
    Salary: 2000
  },
  {
    _id: 'A7',
    name: 'sangita',
    bookID: 'B3',
    Commission: 1000,
    Salary: 2000
  },
  {
    _id: 'A8',
    name: 'monika',
    bookID: 'B4',
    Commission: 1000,
    Salary: 2000
  },
  {
    _id: 'A9',
    name: 'kaushal',
    bookID: 'B2',
    Commission: 1000,
    Salary: 2000
  },
  {
    _id: 'A10',
    name: 'natasha',
    bookID: 'B1',
    Commission: 1000,
    Salary: 2000
  }
]
primaryDB> db.author.deleteMany({salary:{$gt:2000} });
{ acknowledged: true, deletedCount: 0 }
primaryDB>

primaryDB> db.author.deleteMany({Salary:{$gt:2000} });
{ acknowledged: true, deletedCount: 1 }
primaryDB>

primaryDB> db.author.find();
[
  {
    _id: 'A2',
    name: 'saleel',
    bookID: 'B1',
    Commission: 1000,
    Salary: 2000
  },
  {
    _id: 'A3',
    name: 'sharmin',
    bookID: 'B2',
    Commission: 1000,
    Salary: 2000
  },
  {
    _id: 'A4',
    name: 'ruhan',
    bookID: 'B2',
    Commission: 1000,
    Salary: 2000
  },
  {
    _id: 'A5',
    name: 'bandish',
    bookID: 'B3',
    Commission: 1000,
    Salary: 2000
  },
  {
    _id: 'A6',
    name: 'supriya',
    bookID: 'B3',
    Commission: 1000,
    Salary: 2000
  },
  {
    _id: 'A7',
    name: 'sangita',
    bookID: 'B3',
    Commission: 1000,
    Salary: 2000
  },
  {
    _id: 'A8',
    name: 'monika',
    bookID: 'B4',
    Commission: 1000,
    Salary: 2000
  },
  {
    _id: 'A9',
    name: 'kaushal',
    bookID: 'B2',
    Commission: 1000,
    Salary: 2000
  },
  {
    _id: 'A10',
    name: 'natasha',
    bookID: 'B1',
    Commission: 1000,
    Salary: 2000
  }
]
primaryDB> db.author.deleteMany({Salary:{$lte:2000} });
{ acknowledged: true, deletedCount: 9 }
primaryDB> db.author.find();

primaryDB> db.books.find();
[
  { _id: 1, title: 'redis', ISBN: 'B1' },
  { _id: 2, title: 'neo4j', ISBN: 'B2' },
  { _id: 3, title: 'hbase', ISBN: 'B3' },
  { _id: 4, title: 'hive', ISBN: 'B4' },
  { _id: 5, title: 'pig', ISBN: 'B5' }
]
primaryDB> db.books.deleteMany({_id:{$in:[1,3,5 ]}})
{ acknowledged: true, deletedCount: 3 }
primaryDB> db.books.find();
[
  { _id: 2, title: 'neo4j', ISBN: 'B2' },
  { _id: 4, title: 'hive', ISBN: 'B4' }
]
primaryDB> db.emp.find();
[
  {
    _id: ObjectId("629049b2fc70df11aafff867"),
    empid: 1021,
    ename: 'smith',
    address: {
      building: '469',
      coord: [ -73.961704, 40.662942 ],
      street: 'Flatbush Avenue',
      zipcode: '11225'
    },
    isDocActive: false,
    gender: 'male',
    canVote: true,
    canDrive: true,
    color: [ 'red', 'cyan', 'gray' ],
    fruit: [ 'grapes', 'Orange' ],
    cards: [
      { aadhar: { 'aadhar-No': '43564', isActive: true } },
      { PAN: { 'PAN-No': 'smh838', isActive: false } },
      { voter: { voterID: 'Ind03o3', isActive: true } },
      {
        licence: {
          'licence-No': 'LMV9478',
          issueDate: '2020-01-01',
          expireDate: '2040-01-01',
          isActive: true
        }
      }
    ],
    job: 'manager',
    mgr: 1020,
    hiredate: ISODate("1981-05-01T00:00:00.000Z"),
    sal: 3400,
    comm: null,
    deptno: 10
  },
  {
    _id: ObjectId("629049b2fc70df11aafff868"),
    empid: 1022,
    ename: 'james',
    address: {
      building: '351',
      coord: [ -73.98513559999999, 40.7676919 ],
      street: 'West   57 Street',
      zipcode: '10019'
    },
    isDocActive: true,
    gender: 'male',
    canVote: true,
    canDrive: true,
    color: [ 'Red', 'Blue', 'Green', 'Yellow' ],
    fruit: [ 'Indian Fig' ],
    cards: [
      { aadhar: { 'aadhar-No': '73826', isActive: true } },
      { PAN: { 'PAN-No': 'Kinj093', isActive: false } },
      { voter: { voterID: 'Ind03o3', isActive: true } },
      {
        licence: {
          'licence-No': 'LMV9478',
          issueDate: '2020-01-01',
          expireDate: '2040-01-01',
          isActive: true
        }
      }
    ],
    job: 'manager',
    mgr: 1020,
    hiredate: ISODate("1981-07-09T00:00:00.000Z"),
    sal: 4700,
    comm: null,
    deptno: 20
  },
  {
    _id: ObjectId("629049b2fc70df11aafff869"),
    empid: 1020,
    ename: 'king',
    address: {
      building: '1007',
      coord: [ -73.856077, 40.848447 ],
      street: 'Morris Park Ave',
      zipcode: '10462'
    },
    isDocActive: false,
    gender: 'male',
    canVote: true,
    canDrive: true,
    color: [ 'blue', 'black' ],
    fruit: [],
    cards: [
      { aadhar: { 'aadhar-No': '93478', isActive: true } },
      { PAN: { 'PAN-No': 'Kinj093', isActive: false } },
      { voter: { voterID: 'Ind03o3', isActive: true } },
      {
        licence: {
          'licence-No': 'LMV9478',
          issueDate: '2020-01-01',
          expireDate: '2040-01-01',
          isActive: true
        }
      }
    ],
    job: 'president',
    mgr: null,
    hiredate: ISODate("1981-11-17T00:00:00.000Z"),
    sal: 5000,
    comm: null,
    deptno: 10
  },
  {
    _id: ObjectId("629049b2fc70df11aafff86a"),
    empid: 1023,
    ename: 'jack',
    address: {
      building: '2780',
      coord: [ -73.98241999999999, 40.579505 ],
      street: 'Stillwell Avenue',
      zipcode: '11224'
    },
    isDocActive: false,
    gender: 'male',
    canVote: true,
    canDrive: true,
    color: [ 'Air Force Blue', 'Apple Green' ],
    fruit: [ 'Orange' ],
    cards: [
      { aadhar: { 'aadhar-No': '12321', isActive: true } },
      { PAN: { 'PAN-No': 'Kinj093', isActive: false } },
      { voter: { voterID: 'Ind03o3', isActive: true } },
      {
        licence: {
          'licence-No': 'LMV9478',
          issueDate: '2020-01-01',
          expireDate: '2040-01-01',
          isActive: true
        }
      }
    ],
    job: 'accountant',
    mgr: 1022,
    hiredate: ISODate("1981-04-02T00:00:00.000Z"),
    sal: 2700,
    comm: null,
    deptno: 30
  },
  {
    _id: ObjectId("629049b2fc70df11aafff86b"),
    empid: 1024,
    ename: 'martin',
    address: {
      building: '8825',
      coord: [ -73.8803827, 40.7643124 ],
      street: 'Astoria Boulevard',
      zipcode: '11369'
    },
    isDocActive: true,
    gender: 'male',
    canVote: true,
    canDrive: true,
    color: [ 'Banana Yellow' ],
    fruit: [],
    cards: [
      { aadhar: { 'aadhar-No': '72877', isActive: true } },
      { PAN: { 'PAN-No': 'Kinj093', isActive: false } },
      { voter: { voterID: 'Ind03o3', isActive: true } },
      {
        licence: {
          'licence-No': 'LMV9478',
          issueDate: '2020-01-01',
          expireDate: '2040-01-01',
          isActive: true
        }
      }
    ],
    job: 'salesman',
    mgr: 1023,
    hiredate: ISODate("1981-02-20T00:00:00.000Z"),
    sal: 2900,
    comm: 735,
    deptno: 30
  },
  {
    _id: ObjectId("629049b2fc70df11aafff86c"),
    empid: 1023,
    ename: 'scott',
    address: {
      building: '97-22',
      coord: [ -73.8601152, 40.7311739 ],
      street: '63 Road',
      zipcode: '11374'
    },
    isDocActive: false,
    gender: 'male',
    canVote: true,
    canDrive: true,
    color: [ 'Ash Grey', 'White' ],
    fruit: [],
    cards: [
      { aadhar: { 'aadhar-No': '93872', isActive: true } },
      { PAN: { 'PAN-No': 'Kinj093', isActive: false } },
      { voter: { voterID: 'Ind03o3', isActive: true } },
      {
        licence: {
          'licence-No': 'LMV9478',
          issueDate: '2020-01-01',
          expireDate: '2040-01-01',
          isActive: true
        }
      }
    ],
    job: 'salesman',
    mgr: 1023,
    hiredate: ISODate("1981-09-28T00:00:00.000Z"),
    sal: 2500,
    comm: 350,
    deptno: 30
  },
  {
    _id: ObjectId("629049b2fc70df11aafff86d"),
    empid: 1025,
    ename: 'crow',
    address: {
      building: '2206',
      coord: [ -74.1377286, 40.6119572 ],
      street: 'Victory Boulevard',
      zipcode: '10314'
    },
    isDocActive: false,
    gender: 'male',
    canVote: true,
    canDrive: true,
    color: [ 'Apple Green', 'Ash Grey' ],
    fruit: [],
    cards: [
      { aadhar: { 'aadhar-No': '77876', isActive: true } },
      { PAN: { 'PAN-No': 'Kinj093', isActive: false } },
      { voter: { voterID: 'Ind03o3', isActive: true } },
      {
        licence: {
          'licence-No': 'LMV9478',
          issueDate: '2020-01-01',
          expireDate: '2040-01-01',
          isActive: true
        }
      }
    ],
    job: 'salesman',
    mgr: 1023,
    hiredate: ISODate("1981-09-08T00:00:00.000Z"),
    sal: 3200,
    comm: null,
    deptno: 20
  },
  {
    _id: ObjectId("629049b2fc70df11aafff86e"),
    empid: 1026,
    ename: 'blake',
    address: {
      building: '7114',
      coord: [ -73.9068506, 40.6199034 ],
      street: 'Avenue U',
      zipcode: '11234'
    },
    isDocActive: false,
    gender: 'male',
    canVote: true,
    canDrive: true,
    color: [ 'Brass', 'Bright Green' ],
    fruit: [],
    cards: [
      { aadhar: { 'aadhar-No': '12321', isActive: true } },
      { PAN: { 'PAN-No': 'Kinj093', isActive: false } },
      { voter: { voterID: 'Ind03o3', isActive: true } },
      {
        licence: {
          'licence-No': 'LMV9478',
          issueDate: '2020-01-01',
          expireDate: '2040-01-01',
          isActive: true
        }
      }
    ],
    job: 'clerk',
    mgr: 1024,
    hiredate: ISODate("1981-12-03T00:00:00.000Z"),
    sal: 1200,
    comm: null,
    deptno: 30
  },
  {
    _id: ObjectId("629049b2fc70df11aafff86f"),
    empid: 1030,
    ename: 'saleel',
    address: {
      building: '7715',
      coord: [ -73.9973325, 40.61174889999999 ],
      street: '18 Avenue',
      zipcode: '11214'
    },
    isDocActive: false,
    gender: 'male',
    canVote: true,
    canDrive: true,
    color: [ 'Coral' ],
    fruit: [ 'Dates', 'Orange' ],
    cards: [
      { aadhar: { 'aadhar-No': '73822', isActive: true } },
      { PAN: { 'PAN-No': 'Kinj093', isActive: false } },
      { voter: { voterID: 'Ind03o3', isActive: true } },
      {
        licence: {
          'licence-No': 'LMV9478',
          issueDate: '2020-01-01',
          expireDate: '2040-01-01',
          isActive: true
        }
      }
    ],
    job: 'programmer',
    mgr: 1020,
    hiredate: ISODate("1982-12-09T00:00:00.000Z"),
    sal: 2900,
    comm: null,
    deptno: 10
  },
  {
    _id: ObjectId("629049b2fc70df11aafff870"),
    empid: 1027,
    ename: 'richards',
    address: {
      building: '6409',
      coord: [ -74.00528899999999, 40.628886 ],
      street: '11 Avenue',
      zipcode: '11219'
    },
    isDocActive: false,
    gender: 'male',
    canVote: true,
    canDrive: true,
    color: [ 'Charcoal', 'Cherry' ],
    fruit: [],
    cards: [
      { aadhar: { 'aadhar-No': '83972', isActive: true } },
      { PAN: { 'PAN-No': 'Kinj093', isActive: false } },
      { voter: { voterID: 'Ind03o3', isActive: true } },
      {
        licence: {
          'licence-No': 'LMV9478',
          issueDate: '2020-01-01',
          expireDate: '2040-01-01',
          isActive: true
        }
      }
    ],
    job: 'clerk',
    mgr: 1024,
    hiredate: ISODate("1981-02-22T00:00:00.000Z"),
    sal: 1500,
    comm: null,
    deptno: 10
  },
  {
    _id: ObjectId("629049b2fc70df11aafff871"),
    empid: 1028,
    ename: 'peter',
    address: {
      building: '1839',
      coord: [ -73.9482609, 40.6408271 ],
      street: 'Nostrand Avenue',
      zipcode: '11226'
    },
    isDocActive: true,
    gender: 'male',
    canVote: true,
    canDrive: true,
    color: [ 'Brown' ],
    fruit: [ 'banana', 'Jackfruit' ],
    cards: [
      { aadhar: { 'aadhar-No': '92783', isActive: true } },
      { PAN: { 'PAN-No': 'Kinj093', isActive: false } },
      { voter: { voterID: 'Ind03o3', isActive: true } },
      {
        licence: {
          'licence-No': 'LMV9478',
          issueDate: '2020-01-01',
          expireDate: '2040-01-01',
          isActive: true
        }
      }
    ],
    job: 'analyst',
    mgr: 1025,
    hiredate: ISODate("1981-12-03T00:00:00.000Z"),
    sal: 3500,
    comm: null,
    deptno: 30
  },
  {
    _id: ObjectId("629049b2fc70df11aafff872"),
    empid: 1032,
    ename: 'vrushali',
    address: {
      building: '1',
      coord: [ -73.96926909999999, 40.7685235 ],
      street: 'East   66 Street',
      zipcode: '10065'
    },
    isDocActive: true,
    gender: 'female',
    canVote: true,
    canDrive: true,
    color: [ 'Iceberg' ],
    fruit: [ 'Orange', 'Papaya', 'Kiwi' ],
    cards: [
      { aadhar: { 'aadhar-No': '22343', isActive: true } },
      { PAN: { 'PAN-No': 'Kinj093', isActive: false } },
      { voter: { voterID: 'Ind03o3', isActive: true } },
      {
        licence: {
          'licence-No': 'LMV9478',
          issueDate: '2020-01-01',
          expireDate: '2040-01-01',
          isActive: true
        }
      }
    ],
    job: 'analyst',
    mgr: 1030,
    hiredate: ISODate("1982-02-23T00:00:00.000Z"),
    sal: 4999,
    comm: null,
    deptno: 20
  },
  {
    _id: ObjectId("629049b2fc70df11aafff873"),
    empid: 1031,
    ename: 'sharmin',
    address: {
      building: '1269',
      coord: [ -73.871194, 40.6730975 ],
      street: 'Sutter Avenue',
      zipcode: '11208'
    },
    isDocActive: false,
    gender: 'female',
    canVote: true,
    canDrive: true,
    color: [ 'Cream' ],
    fruit: [ 'Indian Fig' ],
    cards: [
      { aadhar: { 'aadhar-No': '16523', isActive: true } },
      { PAN: { 'PAN-No': 'Kinj093', isActive: false } },
      { voter: { voterID: 'Ind03o3', isActive: true } },
      {
        licence: {
          'licence-No': 'LMV9478',
          issueDate: '2020-01-01',
          expireDate: '2040-01-01',
          isActive: true
        }
      }
    ],
    job: 'programmer',
    mgr: 1020,
    hiredate: ISODate("1983-01-12T00:00:00.000Z"),
    sal: 4999,
    comm: null,
    deptno: 40
  },
  {
    _id: ObjectId("629049b2fc70df11aafff874"),
    empid: 1033,
    ename: 'vasant',
    address: {
      building: '705',
      coord: [ -73.9653967, 40.6064339 ],
      street: 'Kings Highway',
      zipcode: '11223'
    },
    isDocActive: false,
    gender: 'male',
    canVote: true,
    canDrive: true,
    color: [ 'Bright Green' ],
    fruit: [],
    cards: [
      { aadhar: { 'aadhar-No': '93824', isActive: true } },
      { PAN: { 'PAN-No': 'Kinj093', isActive: false } },
      { voter: { voterID: 'Ind03o3', isActive: true } },
      {
        licence: {
          'licence-No': 'LMV9478',
          issueDate: '2020-01-01',
          expireDate: '2040-01-01',
          isActive: true
        }
      }
    ],
    job: 'salesman',
    mgr: 1029,
    hiredate: ISODate("1982-02-24T00:00:00.000Z"),
    sal: 2200,
    comm: 0,
    deptno: 40
  },
  {
    _id: ObjectId("629049b2fc70df11aafff875"),
    empid: 1029,
    ename: 'bob',
    address: {
      building: '2300',
      coord: [ -73.8786113, 40.8502883 ],
      street: 'Southern Boulevard',
      zipcode: '10460'
    },
    isDocActive: false,
    gender: 'male',
    canVote: true,
    canDrive: true,
    color: [ 'Copper' ],
    fruit: [],
    cards: [
      { aadhar: { 'aadhar-No': '73122', isActive: true } },
      { PAN: { 'PAN-No': 'Kinj093', isActive: false } },
      { voter: { voterID: 'Ind03o3', isActive: true } },
      {
        licence: {
          'licence-No': 'LMV9478',
          issueDate: '2020-01-01',
          expireDate: '2040-01-01',
          isActive: true
        }
      }
    ],
    job: 'manager',
    mgr: 1020,
    hiredate: ISODate("1980-12-17T00:00:00.000Z"),
    sal: 4900,
    comm: null,
    deptno: 30
  },
  {
    _id: ObjectId("629049b2fc70df11aafff876"),
    empid: 1035,
    ename: 'rahul',
    address: {
      building: '265-15',
      coord: [ -73.7032601, 40.7386417 ],
      street: 'Hillside Avenue',
      zipcode: '11004'
    },
    isDocActive: false,
    gender: 'male',
    canVote: true,
    canDrive: true,
    color: [ 'Indian Red' ],
    fruit: [ 'Lychee', 'Indian Fig' ],
    cards: [
      { aadhar: { 'aadhar-No': '00998', isActive: true } },
      { PAN: { 'PAN-No': 'Kinj093', isActive: false } },
      { voter: { voterID: 'Ind03o3', isActive: true } },
      {
        licence: {
          'licence-No': 'LMV9478',
          issueDate: '2020-01-01',
          expireDate: '2040-01-01',
          isActive: true
        }
      }
    ],
    job: 'clerk',
    mgr: 1029,
    hiredate: ISODate("1981-12-31T00:00:00.000Z"),
    sal: 1200,
    comm: null,
    deptno: 40
  },
  {
    _id: ObjectId("629049b2fc70df11aafff877"),
    empid: 1034,
    ename: 'vasu',
    address: {
      building: '203',
      coord: [ -73.97822040000001, 40.6435254 ],
      street: 'Church Avenue',
      zipcode: '11218'
    },
    isDocActive: false,
    gender: 'male',
    canVote: true,
    canDrive: true,
    color: [ 'India Green' ],
    fruit: [ 'Dates' ],
    cards: [
      { aadhar: { 'aadhar-No': '19826', isActive: true } },
      { PAN: { 'PAN-No': 'Kinj093', isActive: false } },
      { voter: { voterID: 'Ind03o3', isActive: true } },
      {
        licence: {
          'licence-No': 'LMV9478',
          issueDate: '2020-01-01',
          expireDate: '2040-01-01',
          isActive: true
        }
      }
    ],
    job: 'salesman',
    mgr: 1029,
    hiredate: ISODate("1980-02-14T00:00:00.000Z"),
    sal: 2200,
    comm: 250,
    deptno: 40
  },
  {
    _id: ObjectId("629049b2fc70df11aafff878"),
    empid: 1036,
    ename: 'raju',
    address: {
      building: '6909',
      coord: [ -74.0259567, 40.6353674 ],
      street: '3 Avenue',
      zipcode: '11209'
    },
    isDocActive: true,
    gender: 'male',
    canVote: true,
    canDrive: true,
    color: [ 'Indian Yellow' ],
    fruit: [ 'Crab apples' ],
    cards: [
      { aadhar: { 'aadhar-No': '55622', isActive: true } },
      { PAN: { 'PAN-No': 'Kinj093', isActive: false } },
      { voter: { voterID: 'Ind03o3', isActive: true } },
      {
        licence: {
          'licence-No': 'LMV9478',
          issueDate: '2020-01-01',
          expireDate: '2040-01-01',
          isActive: true
        }
      }
    ],
    job: 'administrator',
    mgr: 1031,
    hiredate: ISODate("1983-06-15T00:00:00.000Z"),
    sal: 3400,
    comm: null,
    deptno: 50
  },
  {
    _id: ObjectId("629049b2fc70df11aafff879"),
    empid: 1037,
    ename: 'ramu',
    address: {
      building: '522',
      coord: [ -73.95171, 40.767461 ],
      street: 'East   74 Street',
      zipcode: '10021'
    },
    isDocActive: false,
    gender: 'male',
    canVote: true,
    canDrive: true,
    color: [ 'Lemon' ],
    fruit: [ 'Jackfruit', 'banana', 'Apple' ],
    cards: [
      { aadhar: { 'aadhar-No': '00983', isActive: true } },
      { PAN: { 'PAN-No': 'Kinj093', isActive: false } },
      { voter: { voterID: 'Ind03o3', isActive: true } },
      {
        licence: {
          'licence-No': 'LMV9478',
          issueDate: '2020-01-01',
          expireDate: '2040-01-01',
          isActive: true
        }
      }
    ],
    job: 'clerk',
    mgr: 1031,
    hiredate: ISODate("1983-07-12T00:00:00.000Z"),
    sal: 1400,
    comm: null,
    deptno: 50
  },
  {
    _id: ObjectId("629049b2fc70df11aafff87a"),
    empid: 1039,
    ename: 'saleel',
    address: {
      building: '129-08',
      coord: [ -73.839297, 40.78147 ],
      street: '20 Avenue',
      zipcode: '11356'
    },
    isDocActive: false,
    gender: 'male',
    canVote: true,
    canDrive: true,
    color: [ 'Cherry', 'Charcoal' ],
    fruit: [],
    cards: [
      { aadhar: { 'aadhar-No': '66675', isActive: true } },
      { PAN: { 'PAN-No': 'Kinj093', isActive: false } },
      { voter: { voterID: 'Ind03o3', isActive: true } },
      {
        licence: {
          'licence-No': 'LMV9478',
          issueDate: '2020-01-01',
          expireDate: '2040-01-01',
          isActive: true
        }
      }
    ],
    job: 'analyst',
    mgr: 1022,
    hiredate: ISODate("1982-12-09T00:00:00.000Z"),
    sal: 3700,
    comm: null,
    deptno: 50
  }
]
Type "it" for more
primaryDB> it
[
  {
    _id: ObjectId("629049b2fc70df11aafff87b"),
    empid: 1038,
    ename: 'neel',
    address: {
      building: '284',
      coord: [ -73.9829239, 40.6580753 ],
      street: 'Prospect Park West',
      zipcode: '11215'
    },
    isDocActive: true,
    gender: 'male',
    canVote: true,
    canDrive: true,
    color: [ 'Apple Green' ],
    fruit: [],
    cards: [
      { aadhar: { 'aadhar-No': '00098', isActive: true } },
      { PAN: { 'PAN-No': 'Kinj093', isActive: false } },
      { voter: { voterID: 'Ind03o3', isActive: true } },
      {
        licence: {
          'licence-No': 'LMV9478',
          issueDate: '2020-01-01',
          expireDate: '2040-01-01',
          isActive: true
        }
      }
    ],
    job: 'administrator',
    mgr: 1030,
    hiredate: ISODate("1983-03-14T00:00:00.000Z"),
    sal: 4200,
    comm: null,
    deptno: 10
  },
  {
    _id: ObjectId("629049b2fc70df11aafff87c"),
    empid: 1040,
    ename: 'amit',
    address: {
      building: '759',
      coord: [ -73.9925306, 40.7309346 ],
      street: 'Broadway',
      zipcode: '10003'
    },
    isDocActive: false,
    gender: 'male',
    canVote: true,
    canDrive: true,
    color: [ 'Indian Red' ],
    fruit: [ 'Crab apples' ],
    cards: [
      { aadhar: { 'aadhar-No': '66623', isActive: true } },
      { PAN: { 'PAN-No': 'Kinj093', isActive: false } },
      { voter: { voterID: 'Ind03o3', isActive: true } },
      {
        licence: {
          'licence-No': 'LMV9478',
          issueDate: '2020-01-01',
          expireDate: '2040-01-01',
          isActive: true
        }
      }
    ],
    job: 'administrator',
    mgr: 1029,
    hiredate: ISODate("1982-12-08T00:00:00.000Z"),
    sal: 3500,
    comm: null,
    deptno: 50,
    phone: [ 85088422, Long("9822884228") ]
  },
  {
    _id: ObjectId("629049b2fc70df11aafff87d"),
    empid: 1041,
    ename: 'dinesh',
    address: {
      building: '3406',
      coord: [ -73.94024739999999, 40.7623288 ],
      street: '10 Street',
      zipcode: '11106'
    },
    isDocActive: true,
    gender: 'male',
    canVote: true,
    canDrive: true,
    color: [ 'Air Force Blue' ],
    fruit: [],
    cards: [
      { aadhar: { 'aadhar-No': '77767', isActive: true } },
      { PAN: { 'PAN-No': 'Kinj093', isActive: false } },
      { voter: { voterID: 'Ind03o3', isActive: true } },
      {
        licence: {
          'licence-No': 'LMV9478',
          issueDate: '2020-01-01',
          expireDate: '2040-01-01',
          isActive: true
        }
      }
    ],
    job: 'programmer',
    mgr: 1021,
    hiredate: ISODate("1982-12-09T00:00:00.000Z"),
    sal: 3500,
    comm: null,
    deptno: 50,
    phone: [ 85088422, Long("9822884228") ],
    skills: { languages: [ 'C++', 'JAVA' ], web: [ 'php', 'java', 'jquery' ] }
  },
  {
    _id: ObjectId("629049b2fc70df11aafff87e"),
    empid: 1042,
    ename: 'amit',
    address: {
      building: '502',
      coord: [ -73.976112, 40.786714 ],
      street: 'Amsterdam Avenue',
      zipcode: '10024'
    },
    isDocActive: false,
    gender: 'male',
    canVote: true,
    canDrive: true,
    color: [ 'Orange' ],
    fruit: [],
    cards: [
      { aadhar: { 'aadhar-No': '77787', isActive: true } },
      { PAN: { 'PAN-No': 'Kinj093', isActive: false } },
      { voter: { voterID: 'Ind03o3', isActive: true } },
      {
        licence: {
          'licence-No': 'LMV9478',
          issueDate: '2020-01-01',
          expireDate: '2040-01-01',
          isActive: true
        }
      }
    ],
    job: 'administrator',
    mgr: 1029,
    hiredate: ISODate("1981-11-03T00:00:00.000Z"),
    sal: 3500,
    comm: null,
    deptno: 50,
    phone: [ '9850884228', '9822884228' ]
  },
  {
    _id: ObjectId("629049b2fc70df11aafff87f"),
    empid: 1043,
    ename: 'dinesh',
    address: {
      building: '730',
      coord: [ -73.96805719999999, 40.7925587 ],
      street: 'Columbus Avenue',
      zipcode: '10025'
    },
    isDocActive: false,
    gender: 'male',
    canVote: true,
    canDrive: true,
    color: [ 'Navy Blue' ],
    fruit: [],
    cards: [
      { aadhar: { 'aadhar-No': '77789', isActive: true } },
      { PAN: { 'PAN-No': 'Kinj093', isActive: false } },
      { voter: { voterID: 'Ind03o3', isActive: true } },
      {
        licence: {
          'licence-No': 'LMV9478',
          issueDate: '2020-01-01',
          expireDate: '2040-01-01',
          isActive: true
        }
      }
    ],
    job: 'programmer',
    mgr: 1021,
    hiredate: ISODate("1981-11-04T00:00:00.000Z"),
    sal: 3500,
    comm: null,
    deptno: 50,
    phone: [ '020-25420200', Long("9822336644") ],
    skills: { languages: [ 'C++', 'JAVA' ], web: [ 'php', 'java', 'jquery' ] }
  },
  {
    _id: ObjectId("629049b2fc70df11aafff880"),
    empid: 1044,
    ename: 'rudra',
    address: {
      building: '18',
      coord: [ -73.996984, 40.72589 ],
      street: 'West Houston Street',
      zipcode: '10012'
    },
    isDocActive: false,
    gender: 'male',
    canVote: true,
    canDrive: true,
    color: [ 'Lime' ],
    fruit: [ 'Indian Fig' ],
    cards: [
      { aadhar: { 'aadhar-No': '55543', isActive: true } },
      { PAN: { 'PAN-No': 'Kinj093', isActive: false } },
      { voter: { voterID: 'Ind03o3', isActive: true } },
      {
        licence: {
          'licence-No': 'LMV9478',
          issueDate: '2020-01-01',
          expireDate: '2040-01-01',
          isActive: true
        }
      }
    ],
    job: 'programmer',
    mgr: 1021,
    hiredate: ISODate("1981-11-04T00:00:00.000Z"),
    sal: 2400,
    comm: null,
    deptno: 50,
    phone: '020-25420212',
    skills: {
      web: [ 'php', 'java', 'jquery' ],
      database: [ 'oracle', 'ms-sql server', 'mongodb' ]
    }
  },
  {
    _id: ObjectId("629049b2fc70df11aafff881"),
    empid: 1048,
    ename: 'neel',
    address: {
      building: '195',
      coord: [ -73.9246028, 40.6522396 ],
      street: 'East   56 Street',
      zipcode: '11203'
    },
    isDocActive: false,
    gender: 'male',
    canVote: true,
    canDrive: true,
    color: [ 'Orange' ],
    fruit: [],
    cards: [
      { aadhar: { 'aadhar-No': '99099', isActive: true } },
      { PAN: { 'PAN-No': 'Kinj093', isActive: false } },
      { voter: { voterID: 'Ind03o3', isActive: true } },
      {
        licence: {
          'licence-No': 'LMV9478',
          issueDate: '2020-01-01',
          expireDate: '2040-01-01',
          isActive: true
        }
      }
    ],
    job: 'programmer',
    mgr: 1039,
    hiredate: ISODate("1980-03-14T00:00:00.000Z"),
    sal: 1800,
    comm: 1400,
    deptno: 50,
    phone: '022-2534565',
    skills: {
      language: 'ruby',
      database: {
        rdbms: [ 'oracle', 'db2' ],
        nosql: [ 'mongodb', 'hive', 'hbase' ]
      }
    }
  },
  {
    _id: ObjectId("629049b2fc70df11aafff882"),
    empid: 1047,
    ename: 'nitish',
    address: {
      building: '60',
      coord: [ -74.0085357, 40.70620539999999 ],
      street: 'Wall Street',
      zipcode: '10005'
    },
    isDocActive: true,
    gender: 'male',
    canVote: true,
    canDrive: true,
    color: [ 'Coral', 'Cream' ],
    fruit: [],
    cards: [
      { aadhar: { 'aadhar-No': '99890', isActive: true } },
      { PAN: { 'PAN-No': 'Kinj093', isActive: false } },
      { voter: { voterID: 'Ind03o3', isActive: true } },
      {
        licence: {
          'licence-No': 'LMV9478',
          issueDate: '2020-01-01',
          expireDate: '2040-01-01',
          isActive: true
        }
      }
    ],
    job: 'programmer',
    mgr: 1039,
    hiredate: ISODate("1980-03-14T00:00:00.000Z"),
    sal: 1300,
    comm: 1200,
    deptno: 50,
    phone: '022-2548345',
    skills: {
      language: [ '.NET', 'java' ],
      database: { rdbms: [ 'oracle', 'db2' ], nosql: [ 'mongodb', 'hive' ] },
      web: [ 'json', 'jquery', 'javascript', 'php' ]
    }
  },
  {
    _id: ObjectId("629049b2fc70df11aafff883"),
    empid: 1046,
    ename: 'anoop',
    address: {
      building: '103-05',
      coord: [ -73.8642349, 40.75356 ],
      street: '37 Avenue',
      zipcode: '11368'
    },
    isDocActive: false,
    gender: 'male',
    canVote: true,
    canDrive: true,
    color: [ 'Navy Blue' ],
    fruit: [],
    cards: [
      { aadhar: { 'aadhar-No': '83722', isActive: true } },
      { PAN: { 'PAN-No': 'Kinj093', isActive: false } },
      { voter: { voterID: 'Ind03o3', isActive: true } },
      {
        licence: {
          'licence-No': 'LMV9478',
          issueDate: '2020-01-01',
          expireDate: '2040-01-01',
          isActive: true
        }
      }
    ],
    job: 'programmer',
    mgr: 1029,
    hiredate: ISODate("1980-02-17T00:00:00.000Z"),
    sal: 2300,
    comm: 1200,
    deptno: 50,
    phone: '022-2548345',
    skills: {
      language: [ '.NET', 'java' ],
      database: 'oracle',
      web: [ 'json', 'jquery', 'javascript' ]
    }
  },
  {
    _id: ObjectId("629049b2fc70df11aafff884"),
    empid: 1045,
    ename: 'pankaj',
    address: {
      building: '531',
      coord: [ -73.9634876, 40.6940001 ],
      street: 'Myrtle Avenue',
      zipcode: '11205'
    },
    isDocActive: false,
    gender: 'male',
    canVote: true,
    canDrive: true,
    color: [ 'White' ],
    fruit: [ 'Peach' ],
    cards: [
      { aadhar: { 'aadhar-No': '55565', isActive: true } },
      { PAN: { 'PAN-No': 'Kinj093', isActive: false } },
      { voter: { voterID: 'Ind03o3', isActive: true } },
      {
        licence: {
          'licence-No': 'LMV9478',
          issueDate: '2020-01-01',
          expireDate: '2040-01-01',
          isActive: true
        }
      }
    ],
    job: 'programmer',
    mgr: 1023,
    hiredate: ISODate("1980-02-17T00:00:00.000Z"),
    sal: 3600,
    comm: null,
    deptno: 40,
    phone: '022-2548345',
    skills: { language: '.NET', database: 'ms-sql server' }
  },
  {
    _id: ObjectId("629049b2fc70df11aafff885"),
    empid: 1049,
    ename: 'arjun',
    address: {
      building: '107',
      coord: [ -74.00920839999999, 40.7132925 ],
      street: 'Church Street',
      zipcode: '10007'
    },
    isDocActive: true,
    gender: 'male',
    canVote: true,
    canDrive: true,
    color: [ 'Sky Blue', 'Navy Blue', 'Blue' ],
    fruit: [ 'Lychee' ],
    cards: [
      { aadhar: { 'aadhar-No': '55434', isActive: true } },
      { PAN: { 'PAN-No': 'Kinj093', isActive: false } },
      { voter: { voterID: 'Ind03o3', isActive: true } },
      {
        licence: {
          'licence-No': 'LMV9478',
          issueDate: '2020-01-01',
          expireDate: '2040-01-01',
          isActive: true
        }
      }
    ],
    job: 'auditor',
    mgr: 1020,
    hiredate: ISODate("1984-05-05T00:00:00.000Z"),
    sal: 3200,
    comm: null,
    hra: 1500,
    da: 1200,
    deptno: 20
  },
  {
    _id: ObjectId("629049b2fc70df11aafff886"),
    empid: 1050,
    ename: 'amol',
    address: {
      building: '1006',
      coord: [ -73.84856870000002, 40.8903781 ],
      street: 'East 233 Street',
      zipcode: '10466'
    },
    isDocActive: false,
    gender: 'male',
    canVote: true,
    canDrive: true,
    color: [ 'Snow White' ],
    fruit: [ 'Orange' ],
    cards: [
      { aadhar: { 'aadhar-No': '44445', isActive: true } },
      { PAN: { 'PAN-No': 'Kinj093', isActive: false } },
      { voter: { voterID: 'Ind03o3', isActive: true } },
      {
        licence: {
          'licence-No': 'LMV9478',
          issueDate: '2020-01-01',
          expireDate: '2040-01-01',
          isActive: true
        }
      }
    ],
    job: 'auditor',
    mgr: 1047,
    hiredate: ISODate("1984-05-06T00:00:00.000Z"),
    sal: 3800,
    comm: null,
    hra: 1000,
    da: 900,
    deptno: 20
  },
  {
    _id: ObjectId("629049b2fc70df11aafff887"),
    empid: 1051,
    ename: 'sangita',
    address: {
      building: '56',
      coord: [ -73.991495, 40.692273 ],
      street: 'Court Street',
      zipcode: '11201'
    },
    isDocActive: false,
    gender: 'female',
    canVote: true,
    canDrive: true,
    color: [ 'White' ],
    fruit: [ 'Papaya' ],
    cards: [
      { aadhar: { 'aadhar-No': '99983', isActive: true } },
      { PAN: { 'PAN-No': 'Kinj093', isActive: false } },
      { voter: { voterID: 'Ind03o3', isActive: true } },
      {
        licence: {
          'licence-No': 'LMV9478',
          issueDate: '2020-01-01',
          expireDate: '2040-01-01',
          isActive: true
        }
      }
    ],
    job: 'auditor',
    mgr: 1040,
    hiredate: ISODate("1984-03-30T00:00:00.000Z"),
    sal: 3100,
    comm: null,
    hra: 1000,
    da: 1500,
    deptno: 20
  },
  {
    _id: ObjectId("629049b2fc70df11aafff888"),
    empid: 1052,
    ename: 'gita',
    address: {
      building: '7615',
      coord: [ -74.0228449, 40.6281815 ],
      street: '5 Avenue',
      zipcode: '11209'
    },
    isDocActive: true,
    gender: 'female',
    canVote: true,
    canDrive: true,
    color: [ 'Indian Red' ],
    fruit: [ 'Kiwi' ],
    cards: [
      { aadhar: { 'aadhar-No': '44460', isActive: true } },
      { PAN: { 'PAN-No': 'Kinj093', isActive: false } },
      { voter: { voterID: 'Ind03o3', isActive: true } },
      {
        licence: {
          'licence-No': 'LMV9478',
          issueDate: '2020-01-01',
          expireDate: '2040-01-01',
          isActive: true
        }
      }
    ],
    job: 'writer',
    language: [ 'english', 'hindi' ],
    mgr: 1049,
    hiredate: ISODate("1984-03-29T00:00:00.000Z"),
    sal: 2150,
    comm: 750,
    hra: 1300,
    da: 1700,
    deptno: 40
  },
  {
    _id: ObjectId("629049b2fc70df11aafff889"),
    empid: 1053,
    ename: 'sita',
    address: {
      building: '120',
      coord: [ -73.9998042, 40.7251256 ],
      street: 'Prince Street',
      zipcode: '10012'
    },
    isDocActive: false,
    gender: 'female',
    canVote: true,
    canDrive: true,
    color: [ 'Snow White' ],
    fruit: [ 'Guava' ],
    cards: [
      { aadhar: { 'aadhar-No': '12233', isActive: true } },
      { PAN: { 'PAN-No': 'Kinj093', isActive: false } },
      { voter: { voterID: 'Ind03o3', isActive: true } },
      {
        licence: {
          'licence-No': 'LMV9478',
          issueDate: '2020-01-01',
          expireDate: '2040-01-01',
          isActive: true
        }
      }
    ],
    job: 'writer',
    language: [ 'english', 'hindi', 'marathi' ],
    mgr: 1049,
    hiredate: ISODate("1984-03-30T00:00:00.000Z"),
    sal: 3755,
    comm: 750,
    hra: 1100,
    da: 1100,
    deptno: 40
  },
  {
    _id: ObjectId("629049b2fc70df11aafff88a"),
    empid: 2001,
    ename: 'pinky',
    address: {
      building: '1236',
      coord: [ -73.8893654, 40.81376179999999 ],
      street: '238 Spofford Ave',
      zipcode: '10474'
    },
    isDocActive: true,
    gender: 'female',
    canVote: true,
    canDrive: true,
    color: [ 'India Green' ],
    fruit: [ 'banana', 'Jackfruit' ],
    cards: [
      { aadhar: { 'aadhar-No': '33434', isActive: true } },
      { PAN: { 'PAN-No': 'Kinj093', isActive: false } },
      { voter: { voterID: 'Ind03o3', isActive: true } },
      {
        licence: {
          'licence-No': 'LMV9478',
          issueDate: '2020-01-01',
          expireDate: '2040-01-01',
          isActive: true
        }
      }
    ],
    job: 'Computer Programmer',
    mgr: 1039,
    hiredate: ISODate("1983-07-17T00:00:00.000Z"),
    sal: 3500,
    comm: null,
    deptno: 10
  },
  {
    _id: ObjectId("629049b2fc70df11aafff88b"),
    empid: 2004,
    ename: 'sangu',
    address: {
      building: '405',
      coord: [ -73.97534999999999, 40.7516269 ],
      street: 'Lexington Avenue',
      zipcode: '10174'
    },
    isDocActive: true,
    gender: 'female',
    canVote: true,
    canDrive: true,
    color: [ 'Apple Green' ],
    fruit: [ 'Passion Fruit' ],
    cards: [
      { aadhar: { 'aadhar-No': '33321', isActive: true } },
      { PAN: { 'PAN-No': 'Kinj093', isActive: false } },
      { voter: { voterID: 'Ind03o3', isActive: true } },
      {
        licence: {
          'licence-No': 'LMV9478',
          issueDate: '2020-01-01',
          expireDate: '2040-01-01',
          isActive: true
        }
      }
    ],
    job: 'Computer Programmer',
    mgr: 2002,
    hiredate: ISODate("1980-07-17T00:00:00.000Z"),
    sal: 6000,
    comm: null,
    deptno: 10
  },
  {
    _id: ObjectId("629049b2fc70df11aafff88c"),
    empid: 2003,
    ename: 'supriya',
    address: {
      building: '1069',
      coord: [ -73.902463, 40.694924 ],
      street: 'Wyckoff Avenue',
      zipcode: '11385'
    },
    isDocActive: true,
    gender: 'female',
    canVote: true,
    canDrive: true,
    color: [ 'Snow White' ],
    fruit: [],
    cards: [
      { aadhar: { 'aadhar-No': '33343', isActive: true } },
      { PAN: { 'PAN-No': 'Kinj093', isActive: false } },
      { voter: { voterID: 'Ind03o3', isActive: true } },
      {
        licence: {
          'licence-No': 'LMV9478',
          issueDate: '2020-01-01',
          expireDate: '2040-01-01',
          isActive: true
        }
      }
    ],
    job: 'Computer Programmer',
    mgr: 2001,
    hiredate: ISODate("1983-07-17T00:00:00.000Z"),
    sal: 3500,
    comm: null,
    deptno: 30
  },
  {
    _id: ObjectId("629049b2fc70df11aafff88d"),
    empid: 2005,
    ename: 'laxman',
    address: {
      building: '2491',
      coord: [ -74.1459332, 40.6103714 ],
      street: 'Victory Boulevard',
      zipcode: '10314'
    },
    isDocActive: false,
    gender: 'male',
    canVote: true,
    canDrive: true,
    color: [ 'India Green' ],
    fruit: [],
    cards: [
      { aadhar: { 'aadhar-No': '76565', isActive: true } },
      { PAN: { 'PAN-No': 'Kinj093', isActive: false } },
      { voter: { voterID: 'Ind03o3', isActive: true } },
      {
        licence: {
          'licence-No': 'LMV9478',
          issueDate: '2020-01-01',
          expireDate: '2040-01-01'
        }
      }
    ],
    job: 'Computer Programmer',
    mgr: 2001,
    hiredate: ISODate("1980-11-17T00:00:00.000Z"),
    sal: 6500,
    comm: null,
    deptno: 20
  },
  {
    _id: ObjectId("629049b2fc70df11aafff88e"),
    empid: 2002,
    ename: 'priti',
    address: {
      building: '625',
      coord: [ -73.990494, 40.7569545 ],
      street: '8 Avenue',
      zipcode: '10018'
    },
    isDocActive: false,
    gender: 'female',
    canVote: true,
    canDrive: true,
    color: [ 'Violet' ],
    fruit: [],
    cards: [
      { aadhar: { 'aadhar-No': '55565', isActive: true } },
      { PAN: { 'PAN-No': 'Kinj093', isActive: false } },
      { voter: { voterID: 'Ind03o3', isActive: true } },
      {
        licence: {
          'licence-No': 'LMV9478',
          issueDate: '2020-01-01',
          expireDate: '2040-01-01',
          isActive: true
        }
      }
    ],
    job: 'Computer Programmer',
    mgr: 1037,
    hiredate: ISODate("1983-07-17T00:00:00.000Z"),
    sal: 5500,
    comm: null,
    deptno: 20
  }
]
Type "it" for more
primaryDB> db.emp.aggregate([]);
[
  {
    _id: ObjectId("629049b2fc70df11aafff867"),
    empid: 1021,
    ename: 'smith',
    address: {
      building: '469',
      coord: [ -73.961704, 40.662942 ],
      street: 'Flatbush Avenue',
      zipcode: '11225'
    },
    isDocActive: false,
    gender: 'male',
    canVote: true,
    canDrive: true,
    color: [ 'red', 'cyan', 'gray' ],
    fruit: [ 'grapes', 'Orange' ],
    cards: [
      { aadhar: { 'aadhar-No': '43564', isActive: true } },
      { PAN: { 'PAN-No': 'smh838', isActive: false } },
      { voter: { voterID: 'Ind03o3', isActive: true } },
      {
        licence: {
          'licence-No': 'LMV9478',
          issueDate: '2020-01-01',
          expireDate: '2040-01-01',
          isActive: true
        }
      }
    ],
    job: 'manager',
    mgr: 1020,
    hiredate: ISODate("1981-05-01T00:00:00.000Z"),
    sal: 3400,
    comm: null,
    deptno: 10
  },
  {
    _id: ObjectId("629049b2fc70df11aafff868"),
    empid: 1022,
    ename: 'james',
    address: {
      building: '351',
      coord: [ -73.98513559999999, 40.7676919 ],
      street: 'West   57 Street',
      zipcode: '10019'
    },
    isDocActive: true,
    gender: 'male',
    canVote: true,
    canDrive: true,
    color: [ 'Red', 'Blue', 'Green', 'Yellow' ],
    fruit: [ 'Indian Fig' ],
    cards: [
      { aadhar: { 'aadhar-No': '73826', isActive: true } },
      { PAN: { 'PAN-No': 'Kinj093', isActive: false } },
      { voter: { voterID: 'Ind03o3', isActive: true } },
      {
        licence: {
          'licence-No': 'LMV9478',
          issueDate: '2020-01-01',
          expireDate: '2040-01-01',
          isActive: true
        }
      }
    ],
    job: 'manager',
    mgr: 1020,
    hiredate: ISODate("1981-07-09T00:00:00.000Z"),
    sal: 4700,
    comm: null,
    deptno: 20
  },
  {
    _id: ObjectId("629049b2fc70df11aafff869"),
    empid: 1020,
    ename: 'king',
    address: {
      building: '1007',
      coord: [ -73.856077, 40.848447 ],
      street: 'Morris Park Ave',
      zipcode: '10462'
    },
    isDocActive: false,
    gender: 'male',
    canVote: true,
    canDrive: true,
    color: [ 'blue', 'black' ],
    fruit: [],
    cards: [
      { aadhar: { 'aadhar-No': '93478', isActive: true } },
      { PAN: { 'PAN-No': 'Kinj093', isActive: false } },
      { voter: { voterID: 'Ind03o3', isActive: true } },
      {
        licence: {
          'licence-No': 'LMV9478',
          issueDate: '2020-01-01',
          expireDate: '2040-01-01',
          isActive: true
        }
      }
    ],
    job: 'president',
    mgr: null,
    hiredate: ISODate("1981-11-17T00:00:00.000Z"),
    sal: 5000,
    comm: null,
    deptno: 10
  },
  {
    _id: ObjectId("629049b2fc70df11aafff86a"),
    empid: 1023,
    ename: 'jack',
    address: {
      building: '2780',
      coord: [ -73.98241999999999, 40.579505 ],
      street: 'Stillwell Avenue',
      zipcode: '11224'
    },
    isDocActive: false,
    gender: 'male',
    canVote: true,
    canDrive: true,
    color: [ 'Air Force Blue', 'Apple Green' ],
    fruit: [ 'Orange' ],
    cards: [
      { aadhar: { 'aadhar-No': '12321', isActive: true } },
      { PAN: { 'PAN-No': 'Kinj093', isActive: false } },
      { voter: { voterID: 'Ind03o3', isActive: true } },
      {
        licence: {
          'licence-No': 'LMV9478',
          issueDate: '2020-01-01',
          expireDate: '2040-01-01',
          isActive: true
        }
      }
    ],
    job: 'accountant',
    mgr: 1022,
    hiredate: ISODate("1981-04-02T00:00:00.000Z"),
    sal: 2700,
    comm: null,
    deptno: 30
  },
  {
    _id: ObjectId("629049b2fc70df11aafff86b"),
    empid: 1024,
    ename: 'martin',
    address: {
      building: '8825',
      coord: [ -73.8803827, 40.7643124 ],
      street: 'Astoria Boulevard',
      zipcode: '11369'
    },
    isDocActive: true,
    gender: 'male',
    canVote: true,
    canDrive: true,
    color: [ 'Banana Yellow' ],
    fruit: [],
    cards: [
      { aadhar: { 'aadhar-No': '72877', isActive: true } },
      { PAN: { 'PAN-No': 'Kinj093', isActive: false } },
      { voter: { voterID: 'Ind03o3', isActive: true } },
      {
        licence: {
          'licence-No': 'LMV9478',
          issueDate: '2020-01-01',
          expireDate: '2040-01-01',
          isActive: true
        }
      }
    ],
    job: 'salesman',
    mgr: 1023,
    hiredate: ISODate("1981-02-20T00:00:00.000Z"),
    sal: 2900,
    comm: 735,
    deptno: 30
  },
  {
    _id: ObjectId("629049b2fc70df11aafff86c"),
    empid: 1023,
    ename: 'scott',
    address: {
      building: '97-22',
      coord: [ -73.8601152, 40.7311739 ],
      street: '63 Road',
      zipcode: '11374'
    },
    isDocActive: false,
    gender: 'male',
    canVote: true,
    canDrive: true,
    color: [ 'Ash Grey', 'White' ],
    fruit: [],
    cards: [
      { aadhar: { 'aadhar-No': '93872', isActive: true } },
      { PAN: { 'PAN-No': 'Kinj093', isActive: false } },
      { voter: { voterID: 'Ind03o3', isActive: true } },
      {
        licence: {
          'licence-No': 'LMV9478',
          issueDate: '2020-01-01',
          expireDate: '2040-01-01',
          isActive: true
        }
      }
    ],
    job: 'salesman',
    mgr: 1023,
    hiredate: ISODate("1981-09-28T00:00:00.000Z"),
    sal: 2500,
    comm: 350,
    deptno: 30
  },
  {
    _id: ObjectId("629049b2fc70df11aafff86d"),
    empid: 1025,
    ename: 'crow',
    address: {
      building: '2206',
      coord: [ -74.1377286, 40.6119572 ],
      street: 'Victory Boulevard',
      zipcode: '10314'
    },
    isDocActive: false,
    gender: 'male',
    canVote: true,
    canDrive: true,
    color: [ 'Apple Green', 'Ash Grey' ],
    fruit: [],
    cards: [
      { aadhar: { 'aadhar-No': '77876', isActive: true } },
      { PAN: { 'PAN-No': 'Kinj093', isActive: false } },
      { voter: { voterID: 'Ind03o3', isActive: true } },
      {
        licence: {
          'licence-No': 'LMV9478',
          issueDate: '2020-01-01',
          expireDate: '2040-01-01',
          isActive: true
        }
      }
    ],
    job: 'salesman',
    mgr: 1023,
    hiredate: ISODate("1981-09-08T00:00:00.000Z"),
    sal: 3200,
    comm: null,
    deptno: 20
  },
  {
    _id: ObjectId("629049b2fc70df11aafff86e"),
    empid: 1026,
    ename: 'blake',
    address: {
      building: '7114',
      coord: [ -73.9068506, 40.6199034 ],
      street: 'Avenue U',
      zipcode: '11234'
    },
    isDocActive: false,
    gender: 'male',
    canVote: true,
    canDrive: true,
    color: [ 'Brass', 'Bright Green' ],
    fruit: [],
    cards: [
      { aadhar: { 'aadhar-No': '12321', isActive: true } },
      { PAN: { 'PAN-No': 'Kinj093', isActive: false } },
      { voter: { voterID: 'Ind03o3', isActive: true } },
      {
        licence: {
          'licence-No': 'LMV9478',
          issueDate: '2020-01-01',
          expireDate: '2040-01-01',
          isActive: true
        }
      }
    ],
    job: 'clerk',
    mgr: 1024,
    hiredate: ISODate("1981-12-03T00:00:00.000Z"),
    sal: 1200,
    comm: null,
    deptno: 30
  },
  {
    _id: ObjectId("629049b2fc70df11aafff86f"),
    empid: 1030,
    ename: 'saleel',
    address: {
      building: '7715',
      coord: [ -73.9973325, 40.61174889999999 ],
      street: '18 Avenue',
      zipcode: '11214'
    },
    isDocActive: false,
    gender: 'male',
    canVote: true,
    canDrive: true,
    color: [ 'Coral' ],
    fruit: [ 'Dates', 'Orange' ],
    cards: [
      { aadhar: { 'aadhar-No': '73822', isActive: true } },
      { PAN: { 'PAN-No': 'Kinj093', isActive: false } },
      { voter: { voterID: 'Ind03o3', isActive: true } },
      {
        licence: {
          'licence-No': 'LMV9478',
          issueDate: '2020-01-01',
          expireDate: '2040-01-01',
          isActive: true
        }
      }
    ],
    job: 'programmer',
    mgr: 1020,
    hiredate: ISODate("1982-12-09T00:00:00.000Z"),
    sal: 2900,
    comm: null,
    deptno: 10
  },
  {
    _id: ObjectId("629049b2fc70df11aafff870"),
    empid: 1027,
    ename: 'richards',
    address: {
      building: '6409',
      coord: [ -74.00528899999999, 40.628886 ],
      street: '11 Avenue',
      zipcode: '11219'
    },
    isDocActive: false,
    gender: 'male',
    canVote: true,
    canDrive: true,
    color: [ 'Charcoal', 'Cherry' ],
    fruit: [],
    cards: [
      { aadhar: { 'aadhar-No': '83972', isActive: true } },
      { PAN: { 'PAN-No': 'Kinj093', isActive: false } },
      { voter: { voterID: 'Ind03o3', isActive: true } },
      {
        licence: {
          'licence-No': 'LMV9478',
          issueDate: '2020-01-01',
          expireDate: '2040-01-01',
          isActive: true
        }
      }
    ],
    job: 'clerk',
    mgr: 1024,
    hiredate: ISODate("1981-02-22T00:00:00.000Z"),
    sal: 1500,
    comm: null,
    deptno: 10
  },
  {
    _id: ObjectId("629049b2fc70df11aafff871"),
    empid: 1028,
    ename: 'peter',
    address: {
      building: '1839',
      coord: [ -73.9482609, 40.6408271 ],
      street: 'Nostrand Avenue',
      zipcode: '11226'
    },
    isDocActive: true,
    gender: 'male',
    canVote: true,
    canDrive: true,
    color: [ 'Brown' ],
    fruit: [ 'banana', 'Jackfruit' ],
    cards: [
      { aadhar: { 'aadhar-No': '92783', isActive: true } },
      { PAN: { 'PAN-No': 'Kinj093', isActive: false } },
      { voter: { voterID: 'Ind03o3', isActive: true } },
      {
        licence: {
          'licence-No': 'LMV9478',
          issueDate: '2020-01-01',
          expireDate: '2040-01-01',
          isActive: true
        }
      }
    ],
    job: 'analyst',
    mgr: 1025,
    hiredate: ISODate("1981-12-03T00:00:00.000Z"),
    sal: 3500,
    comm: null,
    deptno: 30
  },
  {
    _id: ObjectId("629049b2fc70df11aafff872"),
    empid: 1032,
    ename: 'vrushali',
    address: {
      building: '1',
      coord: [ -73.96926909999999, 40.7685235 ],
      street: 'East   66 Street',
      zipcode: '10065'
    },
    isDocActive: true,
    gender: 'female',
    canVote: true,
    canDrive: true,
    color: [ 'Iceberg' ],
    fruit: [ 'Orange', 'Papaya', 'Kiwi' ],
    cards: [
      { aadhar: { 'aadhar-No': '22343', isActive: true } },
      { PAN: { 'PAN-No': 'Kinj093', isActive: false } },
      { voter: { voterID: 'Ind03o3', isActive: true } },
      {
        licence: {
          'licence-No': 'LMV9478',
          issueDate: '2020-01-01',
          expireDate: '2040-01-01',
          isActive: true
        }
      }
    ],
    job: 'analyst',
    mgr: 1030,
    hiredate: ISODate("1982-02-23T00:00:00.000Z"),
    sal: 4999,
    comm: null,
    deptno: 20
  },
  {
    _id: ObjectId("629049b2fc70df11aafff873"),
    empid: 1031,
    ename: 'sharmin',
    address: {
      building: '1269',
      coord: [ -73.871194, 40.6730975 ],
      street: 'Sutter Avenue',
      zipcode: '11208'
    },
    isDocActive: false,
    gender: 'female',
    canVote: true,
    canDrive: true,
    color: [ 'Cream' ],
    fruit: [ 'Indian Fig' ],
    cards: [
      { aadhar: { 'aadhar-No': '16523', isActive: true } },
      { PAN: { 'PAN-No': 'Kinj093', isActive: false } },
      { voter: { voterID: 'Ind03o3', isActive: true } },
      {
        licence: {
          'licence-No': 'LMV9478',
          issueDate: '2020-01-01',
          expireDate: '2040-01-01',
          isActive: true
        }
      }
    ],
    job: 'programmer',
    mgr: 1020,
    hiredate: ISODate("1983-01-12T00:00:00.000Z"),
    sal: 4999,
    comm: null,
    deptno: 40
  },
  {
    _id: ObjectId("629049b2fc70df11aafff874"),
    empid: 1033,
    ename: 'vasant',
    address: {
      building: '705',
      coord: [ -73.9653967, 40.6064339 ],
      street: 'Kings Highway',
      zipcode: '11223'
    },
    isDocActive: false,
    gender: 'male',
    canVote: true,
    canDrive: true,
    color: [ 'Bright Green' ],
    fruit: [],
    cards: [
      { aadhar: { 'aadhar-No': '93824', isActive: true } },
      { PAN: { 'PAN-No': 'Kinj093', isActive: false } },
      { voter: { voterID: 'Ind03o3', isActive: true } },
      {
        licence: {
          'licence-No': 'LMV9478',
          issueDate: '2020-01-01',
          expireDate: '2040-01-01',
          isActive: true
        }
      }
    ],
    job: 'salesman',
    mgr: 1029,
    hiredate: ISODate("1982-02-24T00:00:00.000Z"),
    sal: 2200,
    comm: 0,
    deptno: 40
  },
  {
    _id: ObjectId("629049b2fc70df11aafff875"),
    empid: 1029,
    ename: 'bob',
    address: {
      building: '2300',
      coord: [ -73.8786113, 40.8502883 ],
      street: 'Southern Boulevard',
      zipcode: '10460'
    },
    isDocActive: false,
    gender: 'male',
    canVote: true,
    canDrive: true,
    color: [ 'Copper' ],
    fruit: [],
    cards: [
      { aadhar: { 'aadhar-No': '73122', isActive: true } },
      { PAN: { 'PAN-No': 'Kinj093', isActive: false } },
      { voter: { voterID: 'Ind03o3', isActive: true } },
      {
        licence: {
          'licence-No': 'LMV9478',
          issueDate: '2020-01-01',
          expireDate: '2040-01-01',
          isActive: true
        }
      }
    ],
    job: 'manager',
    mgr: 1020,
    hiredate: ISODate("1980-12-17T00:00:00.000Z"),
    sal: 4900,
    comm: null,
    deptno: 30
  },
  {
    _id: ObjectId("629049b2fc70df11aafff876"),
    empid: 1035,
    ename: 'rahul',
    address: {
      building: '265-15',
      coord: [ -73.7032601, 40.7386417 ],
      street: 'Hillside Avenue',
      zipcode: '11004'
    },
    isDocActive: false,
    gender: 'male',
    canVote: true,
    canDrive: true,
    color: [ 'Indian Red' ],
    fruit: [ 'Lychee', 'Indian Fig' ],
    cards: [
      { aadhar: { 'aadhar-No': '00998', isActive: true } },
      { PAN: { 'PAN-No': 'Kinj093', isActive: false } },
      { voter: { voterID: 'Ind03o3', isActive: true } },
      {
        licence: {
          'licence-No': 'LMV9478',
          issueDate: '2020-01-01',
          expireDate: '2040-01-01',
          isActive: true
        }
      }
    ],
    job: 'clerk',
    mgr: 1029,
    hiredate: ISODate("1981-12-31T00:00:00.000Z"),
    sal: 1200,
    comm: null,
    deptno: 40
  },
  {
    _id: ObjectId("629049b2fc70df11aafff877"),
    empid: 1034,
    ename: 'vasu',
    address: {
      building: '203',
      coord: [ -73.97822040000001, 40.6435254 ],
      street: 'Church Avenue',
      zipcode: '11218'
    },
    isDocActive: false,
    gender: 'male',
    canVote: true,
    canDrive: true,
    color: [ 'India Green' ],
    fruit: [ 'Dates' ],
    cards: [
      { aadhar: { 'aadhar-No': '19826', isActive: true } },
      { PAN: { 'PAN-No': 'Kinj093', isActive: false } },
      { voter: { voterID: 'Ind03o3', isActive: true } },
      {
        licence: {
          'licence-No': 'LMV9478',
          issueDate: '2020-01-01',
          expireDate: '2040-01-01',
          isActive: true
        }
      }
    ],
    job: 'salesman',
    mgr: 1029,
    hiredate: ISODate("1980-02-14T00:00:00.000Z"),
    sal: 2200,
    comm: 250,
    deptno: 40
  },
  {
    _id: ObjectId("629049b2fc70df11aafff878"),
    empid: 1036,
    ename: 'raju',
    address: {
      building: '6909',
      coord: [ -74.0259567, 40.6353674 ],
      street: '3 Avenue',
      zipcode: '11209'
    },
    isDocActive: true,
    gender: 'male',
    canVote: true,
    canDrive: true,
    color: [ 'Indian Yellow' ],
    fruit: [ 'Crab apples' ],
    cards: [
      { aadhar: { 'aadhar-No': '55622', isActive: true } },
      { PAN: { 'PAN-No': 'Kinj093', isActive: false } },
      { voter: { voterID: 'Ind03o3', isActive: true } },
      {
        licence: {
          'licence-No': 'LMV9478',
          issueDate: '2020-01-01',
          expireDate: '2040-01-01',
          isActive: true
        }
      }
    ],
    job: 'administrator',
    mgr: 1031,
    hiredate: ISODate("1983-06-15T00:00:00.000Z"),
    sal: 3400,
    comm: null,
    deptno: 50
  },
  {
    _id: ObjectId("629049b2fc70df11aafff879"),
    empid: 1037,
    ename: 'ramu',
    address: {
      building: '522',
      coord: [ -73.95171, 40.767461 ],
      street: 'East   74 Street',
      zipcode: '10021'
    },
    isDocActive: false,
    gender: 'male',
    canVote: true,
    canDrive: true,
    color: [ 'Lemon' ],
    fruit: [ 'Jackfruit', 'banana', 'Apple' ],
    cards: [
      { aadhar: { 'aadhar-No': '00983', isActive: true } },
      { PAN: { 'PAN-No': 'Kinj093', isActive: false } },
      { voter: { voterID: 'Ind03o3', isActive: true } },
      {
        licence: {
          'licence-No': 'LMV9478',
          issueDate: '2020-01-01',
          expireDate: '2040-01-01',
          isActive: true
        }
      }
    ],
    job: 'clerk',
    mgr: 1031,
    hiredate: ISODate("1983-07-12T00:00:00.000Z"),
    sal: 1400,
    comm: null,
    deptno: 50
  },
  {
    _id: ObjectId("629049b2fc70df11aafff87a"),
    empid: 1039,
    ename: 'saleel',
    address: {
      building: '129-08',
      coord: [ -73.839297, 40.78147 ],
      street: '20 Avenue',
      zipcode: '11356'
    },
    isDocActive: false,
    gender: 'male',
    canVote: true,
    canDrive: true,
    color: [ 'Cherry', 'Charcoal' ],
    fruit: [],
    cards: [
      { aadhar: { 'aadhar-No': '66675', isActive: true } },
      { PAN: { 'PAN-No': 'Kinj093', isActive: false } },
      { voter: { voterID: 'Ind03o3', isActive: true } },
      {
        licence: {
          'licence-No': 'LMV9478',
          issueDate: '2020-01-01',
          expireDate: '2040-01-01',
          isActive: true
        }
      }
    ],
    job: 'analyst',
    mgr: 1022,
    hiredate: ISODate("1982-12-09T00:00:00.000Z"),
    sal: 3700,
    comm: null,
    deptno: 50
  }
]
Type "it" for more
primaryDB> it
[
  {
    _id: ObjectId("629049b2fc70df11aafff87b"),
    empid: 1038,
    ename: 'neel',
    address: {
      building: '284',
      coord: [ -73.9829239, 40.6580753 ],
      street: 'Prospect Park West',
      zipcode: '11215'
    },
    isDocActive: true,
    gender: 'male',
    canVote: true,
    canDrive: true,
    color: [ 'Apple Green' ],
    fruit: [],
    cards: [
      { aadhar: { 'aadhar-No': '00098', isActive: true } },
      { PAN: { 'PAN-No': 'Kinj093', isActive: false } },
      { voter: { voterID: 'Ind03o3', isActive: true } },
      {
        licence: {
          'licence-No': 'LMV9478',
          issueDate: '2020-01-01',
          expireDate: '2040-01-01',
          isActive: true
        }
      }
    ],
    job: 'administrator',
    mgr: 1030,
    hiredate: ISODate("1983-03-14T00:00:00.000Z"),
    sal: 4200,
    comm: null,
    deptno: 10
  },
  {
    _id: ObjectId("629049b2fc70df11aafff87c"),
    empid: 1040,
    ename: 'amit',
    address: {
      building: '759',
      coord: [ -73.9925306, 40.7309346 ],
      street: 'Broadway',
      zipcode: '10003'
    },
    isDocActive: false,
    gender: 'male',
    canVote: true,
    canDrive: true,
    color: [ 'Indian Red' ],
    fruit: [ 'Crab apples' ],
    cards: [
      { aadhar: { 'aadhar-No': '66623', isActive: true } },
      { PAN: { 'PAN-No': 'Kinj093', isActive: false } },
      { voter: { voterID: 'Ind03o3', isActive: true } },
      {
        licence: {
          'licence-No': 'LMV9478',
          issueDate: '2020-01-01',
          expireDate: '2040-01-01',
          isActive: true
        }
      }
    ],
    job: 'administrator',
    mgr: 1029,
    hiredate: ISODate("1982-12-08T00:00:00.000Z"),
    sal: 3500,
    comm: null,
    deptno: 50,
    phone: [ 85088422, Long("9822884228") ]
  },
  {
    _id: ObjectId("629049b2fc70df11aafff87d"),
    empid: 1041,
    ename: 'dinesh',
    address: {
      building: '3406',
      coord: [ -73.94024739999999, 40.7623288 ],
      street: '10 Street',
      zipcode: '11106'
    },
    isDocActive: true,
    gender: 'male',
    canVote: true,
    canDrive: true,
    color: [ 'Air Force Blue' ],
    fruit: [],
    cards: [
      { aadhar: { 'aadhar-No': '77767', isActive: true } },
      { PAN: { 'PAN-No': 'Kinj093', isActive: false } },
      { voter: { voterID: 'Ind03o3', isActive: true } },
      {
        licence: {
          'licence-No': 'LMV9478',
          issueDate: '2020-01-01',
          expireDate: '2040-01-01',
          isActive: true
        }
      }
    ],
    job: 'programmer',
    mgr: 1021,
    hiredate: ISODate("1982-12-09T00:00:00.000Z"),
    sal: 3500,
    comm: null,
    deptno: 50,
    phone: [ 85088422, Long("9822884228") ],
    skills: { languages: [ 'C++', 'JAVA' ], web: [ 'php', 'java', 'jquery' ] }
  },
  {
    _id: ObjectId("629049b2fc70df11aafff87e"),
    empid: 1042,
    ename: 'amit',
    address: {
      building: '502',
      coord: [ -73.976112, 40.786714 ],
      street: 'Amsterdam Avenue',
      zipcode: '10024'
    },
    isDocActive: false,
    gender: 'male',
    canVote: true,
    canDrive: true,
    color: [ 'Orange' ],
    fruit: [],
    cards: [
      { aadhar: { 'aadhar-No': '77787', isActive: true } },
      { PAN: { 'PAN-No': 'Kinj093', isActive: false } },
      { voter: { voterID: 'Ind03o3', isActive: true } },
      {
        licence: {
          'licence-No': 'LMV9478',
          issueDate: '2020-01-01',
          expireDate: '2040-01-01',
          isActive: true
        }
      }
    ],
    job: 'administrator',
    mgr: 1029,
    hiredate: ISODate("1981-11-03T00:00:00.000Z"),
    sal: 3500,
    comm: null,
    deptno: 50,
    phone: [ '9850884228', '9822884228' ]
  },
  {
    _id: ObjectId("629049b2fc70df11aafff87f"),
    empid: 1043,
    ename: 'dinesh',
    address: {
      building: '730',
      coord: [ -73.96805719999999, 40.7925587 ],
      street: 'Columbus Avenue',
      zipcode: '10025'
    },
    isDocActive: false,
    gender: 'male',
    canVote: true,
    canDrive: true,
    color: [ 'Navy Blue' ],
    fruit: [],
    cards: [
      { aadhar: { 'aadhar-No': '77789', isActive: true } },
      { PAN: { 'PAN-No': 'Kinj093', isActive: false } },
      { voter: { voterID: 'Ind03o3', isActive: true } },
      {
        licence: {
          'licence-No': 'LMV9478',
          issueDate: '2020-01-01',
          expireDate: '2040-01-01',
          isActive: true
        }
      }
    ],
    job: 'programmer',
    mgr: 1021,
    hiredate: ISODate("1981-11-04T00:00:00.000Z"),
    sal: 3500,
    comm: null,
    deptno: 50,
    phone: [ '020-25420200', Long("9822336644") ],
    skills: { languages: [ 'C++', 'JAVA' ], web: [ 'php', 'java', 'jquery' ] }
  },
  {
    _id: ObjectId("629049b2fc70df11aafff880"),
    empid: 1044,
    ename: 'rudra',
    address: {
      building: '18',
      coord: [ -73.996984, 40.72589 ],
      street: 'West Houston Street',
      zipcode: '10012'
    },
    isDocActive: false,
    gender: 'male',
    canVote: true,
    canDrive: true,
    color: [ 'Lime' ],
    fruit: [ 'Indian Fig' ],
    cards: [
      { aadhar: { 'aadhar-No': '55543', isActive: true } },
      { PAN: { 'PAN-No': 'Kinj093', isActive: false } },
      { voter: { voterID: 'Ind03o3', isActive: true } },
      {
        licence: {
          'licence-No': 'LMV9478',
          issueDate: '2020-01-01',
          expireDate: '2040-01-01',
          isActive: true
        }
      }
    ],
    job: 'programmer',
    mgr: 1021,
    hiredate: ISODate("1981-11-04T00:00:00.000Z"),
    sal: 2400,
    comm: null,
    deptno: 50,
    phone: '020-25420212',
    skills: {
      web: [ 'php', 'java', 'jquery' ],
      database: [ 'oracle', 'ms-sql server', 'mongodb' ]
    }
  },
  {
    _id: ObjectId("629049b2fc70df11aafff881"),
    empid: 1048,
    ename: 'neel',
    address: {
      building: '195',
      coord: [ -73.9246028, 40.6522396 ],
      street: 'East   56 Street',
      zipcode: '11203'
    },
    isDocActive: false,
    gender: 'male',
    canVote: true,
    canDrive: true,
    color: [ 'Orange' ],
    fruit: [],
    cards: [
      { aadhar: { 'aadhar-No': '99099', isActive: true } },
      { PAN: { 'PAN-No': 'Kinj093', isActive: false } },
      { voter: { voterID: 'Ind03o3', isActive: true } },
      {
        licence: {
          'licence-No': 'LMV9478',
          issueDate: '2020-01-01',
          expireDate: '2040-01-01',
          isActive: true
        }
      }
    ],
    job: 'programmer',
    mgr: 1039,
    hiredate: ISODate("1980-03-14T00:00:00.000Z"),
    sal: 1800,
    comm: 1400,
    deptno: 50,
    phone: '022-2534565',
    skills: {
      language: 'ruby',
      database: {
        rdbms: [ 'oracle', 'db2' ],
        nosql: [ 'mongodb', 'hive', 'hbase' ]
      }
    }
  },
  {
    _id: ObjectId("629049b2fc70df11aafff882"),
    empid: 1047,
    ename: 'nitish',
    address: {
      building: '60',
      coord: [ -74.0085357, 40.70620539999999 ],
      street: 'Wall Street',
      zipcode: '10005'
    },
    isDocActive: true,
    gender: 'male',
    canVote: true,
    canDrive: true,
    color: [ 'Coral', 'Cream' ],
    fruit: [],
    cards: [
      { aadhar: { 'aadhar-No': '99890', isActive: true } },
      { PAN: { 'PAN-No': 'Kinj093', isActive: false } },
      { voter: { voterID: 'Ind03o3', isActive: true } },
      {
        licence: {
          'licence-No': 'LMV9478',
          issueDate: '2020-01-01',
          expireDate: '2040-01-01',
          isActive: true
        }
      }
    ],
    job: 'programmer',
    mgr: 1039,
    hiredate: ISODate("1980-03-14T00:00:00.000Z"),
    sal: 1300,
    comm: 1200,
    deptno: 50,
    phone: '022-2548345',
    skills: {
      language: [ '.NET', 'java' ],
      database: { rdbms: [ 'oracle', 'db2' ], nosql: [ 'mongodb', 'hive' ] },
      web: [ 'json', 'jquery', 'javascript', 'php' ]
    }
  },
  {
    _id: ObjectId("629049b2fc70df11aafff883"),
    empid: 1046,
    ename: 'anoop',
    address: {
      building: '103-05',
      coord: [ -73.8642349, 40.75356 ],
      street: '37 Avenue',
      zipcode: '11368'
    },
    isDocActive: false,
    gender: 'male',
    canVote: true,
    canDrive: true,
    color: [ 'Navy Blue' ],
    fruit: [],
    cards: [
      { aadhar: { 'aadhar-No': '83722', isActive: true } },
      { PAN: { 'PAN-No': 'Kinj093', isActive: false } },
      { voter: { voterID: 'Ind03o3', isActive: true } },
      {
        licence: {
          'licence-No': 'LMV9478',
          issueDate: '2020-01-01',
          expireDate: '2040-01-01',
          isActive: true
        }
      }
    ],
    job: 'programmer',
    mgr: 1029,
    hiredate: ISODate("1980-02-17T00:00:00.000Z"),
    sal: 2300,
    comm: 1200,
    deptno: 50,
    phone: '022-2548345',
    skills: {
      language: [ '.NET', 'java' ],
      database: 'oracle',
      web: [ 'json', 'jquery', 'javascript' ]
    }
  },
  {
    _id: ObjectId("629049b2fc70df11aafff884"),
    empid: 1045,
    ename: 'pankaj',
    address: {
      building: '531',
      coord: [ -73.9634876, 40.6940001 ],
      street: 'Myrtle Avenue',
      zipcode: '11205'
    },
    isDocActive: false,
    gender: 'male',
    canVote: true,
    canDrive: true,
    color: [ 'White' ],
    fruit: [ 'Peach' ],
    cards: [
      { aadhar: { 'aadhar-No': '55565', isActive: true } },
      { PAN: { 'PAN-No': 'Kinj093', isActive: false } },
      { voter: { voterID: 'Ind03o3', isActive: true } },
      {
        licence: {
          'licence-No': 'LMV9478',
          issueDate: '2020-01-01',
          expireDate: '2040-01-01',
          isActive: true
        }
      }
    ],
    job: 'programmer',
    mgr: 1023,
    hiredate: ISODate("1980-02-17T00:00:00.000Z"),
    sal: 3600,
    comm: null,
    deptno: 40,
    phone: '022-2548345',
    skills: { language: '.NET', database: 'ms-sql server' }
  },
  {
    _id: ObjectId("629049b2fc70df11aafff885"),
    empid: 1049,
    ename: 'arjun',
    address: {
      building: '107',
      coord: [ -74.00920839999999, 40.7132925 ],
      street: 'Church Street',
      zipcode: '10007'
    },
    isDocActive: true,
    gender: 'male',
    canVote: true,
    canDrive: true,
    color: [ 'Sky Blue', 'Navy Blue', 'Blue' ],
    fruit: [ 'Lychee' ],
    cards: [
      { aadhar: { 'aadhar-No': '55434', isActive: true } },
      { PAN: { 'PAN-No': 'Kinj093', isActive: false } },
      { voter: { voterID: 'Ind03o3', isActive: true } },
      {
        licence: {
          'licence-No': 'LMV9478',
          issueDate: '2020-01-01',
          expireDate: '2040-01-01',
          isActive: true
        }
      }
    ],
    job: 'auditor',
    mgr: 1020,
    hiredate: ISODate("1984-05-05T00:00:00.000Z"),
    sal: 3200,
    comm: null,
    hra: 1500,
    da: 1200,
    deptno: 20
  },
  {
    _id: ObjectId("629049b2fc70df11aafff886"),
    empid: 1050,
    ename: 'amol',
    address: {
      building: '1006',
      coord: [ -73.84856870000002, 40.8903781 ],
      street: 'East 233 Street',
      zipcode: '10466'
    },
    isDocActive: false,
    gender: 'male',
    canVote: true,
    canDrive: true,
    color: [ 'Snow White' ],
    fruit: [ 'Orange' ],
    cards: [
      { aadhar: { 'aadhar-No': '44445', isActive: true } },
      { PAN: { 'PAN-No': 'Kinj093', isActive: false } },
      { voter: { voterID: 'Ind03o3', isActive: true } },
      {
        licence: {
          'licence-No': 'LMV9478',
          issueDate: '2020-01-01',
          expireDate: '2040-01-01',
          isActive: true
        }
      }
    ],
    job: 'auditor',
    mgr: 1047,
    hiredate: ISODate("1984-05-06T00:00:00.000Z"),
    sal: 3800,
    comm: null,
    hra: 1000,
    da: 900,
    deptno: 20
  },
  {
    _id: ObjectId("629049b2fc70df11aafff887"),
    empid: 1051,
    ename: 'sangita',
    address: {
      building: '56',
      coord: [ -73.991495, 40.692273 ],
      street: 'Court Street',
      zipcode: '11201'
    },
    isDocActive: false,
    gender: 'female',
    canVote: true,
    canDrive: true,
    color: [ 'White' ],
    fruit: [ 'Papaya' ],
    cards: [
      { aadhar: { 'aadhar-No': '99983', isActive: true } },
      { PAN: { 'PAN-No': 'Kinj093', isActive: false } },
      { voter: { voterID: 'Ind03o3', isActive: true } },
      {
        licence: {
          'licence-No': 'LMV9478',
          issueDate: '2020-01-01',
          expireDate: '2040-01-01',
          isActive: true
        }
      }
    ],
    job: 'auditor',
    mgr: 1040,
    hiredate: ISODate("1984-03-30T00:00:00.000Z"),
    sal: 3100,
    comm: null,
    hra: 1000,
    da: 1500,
    deptno: 20
  },
  {
    _id: ObjectId("629049b2fc70df11aafff888"),
    empid: 1052,
    ename: 'gita',
    address: {
      building: '7615',
      coord: [ -74.0228449, 40.6281815 ],
      street: '5 Avenue',
      zipcode: '11209'
    },
    isDocActive: true,
    gender: 'female',
    canVote: true,
    canDrive: true,
    color: [ 'Indian Red' ],
    fruit: [ 'Kiwi' ],
    cards: [
      { aadhar: { 'aadhar-No': '44460', isActive: true } },
      { PAN: { 'PAN-No': 'Kinj093', isActive: false } },
      { voter: { voterID: 'Ind03o3', isActive: true } },
      {
        licence: {
          'licence-No': 'LMV9478',
          issueDate: '2020-01-01',
          expireDate: '2040-01-01',
          isActive: true
        }
      }
    ],
    job: 'writer',
    language: [ 'english', 'hindi' ],
    mgr: 1049,
    hiredate: ISODate("1984-03-29T00:00:00.000Z"),
    sal: 2150,
    comm: 750,
    hra: 1300,
    da: 1700,
    deptno: 40
  },
  {
    _id: ObjectId("629049b2fc70df11aafff889"),
    empid: 1053,
    ename: 'sita',
    address: {
      building: '120',
      coord: [ -73.9998042, 40.7251256 ],
      street: 'Prince Street',
      zipcode: '10012'
    },
    isDocActive: false,
    gender: 'female',
    canVote: true,
    canDrive: true,
    color: [ 'Snow White' ],
    fruit: [ 'Guava' ],
    cards: [
      { aadhar: { 'aadhar-No': '12233', isActive: true } },
      { PAN: { 'PAN-No': 'Kinj093', isActive: false } },
      { voter: { voterID: 'Ind03o3', isActive: true } },
      {
        licence: {
          'licence-No': 'LMV9478',
          issueDate: '2020-01-01',
          expireDate: '2040-01-01',
          isActive: true
        }
      }
    ],
    job: 'writer',
    language: [ 'english', 'hindi', 'marathi' ],
    mgr: 1049,
    hiredate: ISODate("1984-03-30T00:00:00.000Z"),
    sal: 3755,
    comm: 750,
    hra: 1100,
    da: 1100,
    deptno: 40
  },
  {
    _id: ObjectId("629049b2fc70df11aafff88a"),
    empid: 2001,
    ename: 'pinky',
    address: {
      building: '1236',
      coord: [ -73.8893654, 40.81376179999999 ],
      street: '238 Spofford Ave',
      zipcode: '10474'
    },
    isDocActive: true,
    gender: 'female',
    canVote: true,
    canDrive: true,
    color: [ 'India Green' ],
    fruit: [ 'banana', 'Jackfruit' ],
    cards: [
      { aadhar: { 'aadhar-No': '33434', isActive: true } },
      { PAN: { 'PAN-No': 'Kinj093', isActive: false } },
      { voter: { voterID: 'Ind03o3', isActive: true } },
      {
        licence: {
          'licence-No': 'LMV9478',
          issueDate: '2020-01-01',
          expireDate: '2040-01-01',
          isActive: true
        }
      }
    ],
    job: 'Computer Programmer',
    mgr: 1039,
    hiredate: ISODate("1983-07-17T00:00:00.000Z"),
    sal: 3500,
    comm: null,
    deptno: 10
  },
  {
    _id: ObjectId("629049b2fc70df11aafff88b"),
    empid: 2004,
    ename: 'sangu',
    address: {
      building: '405',
      coord: [ -73.97534999999999, 40.7516269 ],
      street: 'Lexington Avenue',
      zipcode: '10174'
    },
    isDocActive: true,
    gender: 'female',
    canVote: true,
    canDrive: true,
    color: [ 'Apple Green' ],
    fruit: [ 'Passion Fruit' ],
    cards: [
      { aadhar: { 'aadhar-No': '33321', isActive: true } },
      { PAN: { 'PAN-No': 'Kinj093', isActive: false } },
      { voter: { voterID: 'Ind03o3', isActive: true } },
      {
        licence: {
          'licence-No': 'LMV9478',
          issueDate: '2020-01-01',
          expireDate: '2040-01-01',
          isActive: true
        }
      }
    ],
    job: 'Computer Programmer',
    mgr: 2002,
    hiredate: ISODate("1980-07-17T00:00:00.000Z"),
    sal: 6000,
    comm: null,
    deptno: 10
  },
  {
    _id: ObjectId("629049b2fc70df11aafff88c"),
    empid: 2003,
    ename: 'supriya',
    address: {
      building: '1069',
      coord: [ -73.902463, 40.694924 ],
      street: 'Wyckoff Avenue',
      zipcode: '11385'
    },
    isDocActive: true,
    gender: 'female',
    canVote: true,
    canDrive: true,
    color: [ 'Snow White' ],
    fruit: [],
    cards: [
      { aadhar: { 'aadhar-No': '33343', isActive: true } },
      { PAN: { 'PAN-No': 'Kinj093', isActive: false } },
      { voter: { voterID: 'Ind03o3', isActive: true } },
      {
        licence: {
          'licence-No': 'LMV9478',
          issueDate: '2020-01-01',
          expireDate: '2040-01-01',
          isActive: true
        }
      }
    ],
    job: 'Computer Programmer',
    mgr: 2001,
    hiredate: ISODate("1983-07-17T00:00:00.000Z"),
    sal: 3500,
    comm: null,
    deptno: 30
  },
  {
    _id: ObjectId("629049b2fc70df11aafff88d"),
    empid: 2005,
    ename: 'laxman',
    address: {
      building: '2491',
      coord: [ -74.1459332, 40.6103714 ],
      street: 'Victory Boulevard',
      zipcode: '10314'
    },
    isDocActive: false,
    gender: 'male',
    canVote: true,
    canDrive: true,
    color: [ 'India Green' ],
    fruit: [],
    cards: [
      { aadhar: { 'aadhar-No': '76565', isActive: true } },
      { PAN: { 'PAN-No': 'Kinj093', isActive: false } },
      { voter: { voterID: 'Ind03o3', isActive: true } },
      {
        licence: {
          'licence-No': 'LMV9478',
          issueDate: '2020-01-01',
          expireDate: '2040-01-01'
        }
      }
    ],
    job: 'Computer Programmer',
    mgr: 2001,
    hiredate: ISODate("1980-11-17T00:00:00.000Z"),
    sal: 6500,
    comm: null,
    deptno: 20
  },
  {
    _id: ObjectId("629049b2fc70df11aafff88e"),
    empid: 2002,
    ename: 'priti',
    address: {
      building: '625',
      coord: [ -73.990494, 40.7569545 ],
      street: '8 Avenue',
      zipcode: '10018'
    },
    isDocActive: false,
    gender: 'female',
    canVote: true,
    canDrive: true,
    color: [ 'Violet' ],
    fruit: [],
    cards: [
      { aadhar: { 'aadhar-No': '55565', isActive: true } },
      { PAN: { 'PAN-No': 'Kinj093', isActive: false } },
      { voter: { voterID: 'Ind03o3', isActive: true } },
      {
        licence: {
          'licence-No': 'LMV9478',
          issueDate: '2020-01-01',
          expireDate: '2040-01-01',
          isActive: true
        }
      }
    ],
    job: 'Computer Programmer',
    mgr: 1037,
    hiredate: ISODate("1983-07-17T00:00:00.000Z"),
    sal: 5500,
    comm: null,
    deptno: 20
  }
]
Type "it" for more
primaryDB> db.emp.aggregate();
[
  {
    _id: ObjectId("629049b2fc70df11aafff867"),
    empid: 1021,
    ename: 'smith',
    address: {
      building: '469',
      coord: [ -73.961704, 40.662942 ],
      street: 'Flatbush Avenue',
      zipcode: '11225'
    },
    isDocActive: false,
    gender: 'male',
    canVote: true,
    canDrive: true,
    color: [ 'red', 'cyan', 'gray' ],
    fruit: [ 'grapes', 'Orange' ],
    cards: [
      { aadhar: { 'aadhar-No': '43564', isActive: true } },
      { PAN: { 'PAN-No': 'smh838', isActive: false } },
      { voter: { voterID: 'Ind03o3', isActive: true } },
      {
        licence: {
          'licence-No': 'LMV9478',
          issueDate: '2020-01-01',
          expireDate: '2040-01-01',
          isActive: true
        }
      }
    ],
    job: 'manager',
    mgr: 1020,
    hiredate: ISODate("1981-05-01T00:00:00.000Z"),
    sal: 3400,
    comm: null,
    deptno: 10
  },
  {
    _id: ObjectId("629049b2fc70df11aafff868"),
    empid: 1022,
    ename: 'james',
    address: {
      building: '351',
      coord: [ -73.98513559999999, 40.7676919 ],
      street: 'West   57 Street',
      zipcode: '10019'
    },
    isDocActive: true,
    gender: 'male',
    canVote: true,
    canDrive: true,
    color: [ 'Red', 'Blue', 'Green', 'Yellow' ],
    fruit: [ 'Indian Fig' ],
    cards: [
      { aadhar: { 'aadhar-No': '73826', isActive: true } },
      { PAN: { 'PAN-No': 'Kinj093', isActive: false } },
      { voter: { voterID: 'Ind03o3', isActive: true } },
      {
        licence: {
          'licence-No': 'LMV9478',
          issueDate: '2020-01-01',
          expireDate: '2040-01-01',
          isActive: true
        }
      }
    ],
    job: 'manager',
    mgr: 1020,
    hiredate: ISODate("1981-07-09T00:00:00.000Z"),
    sal: 4700,
    comm: null,
    deptno: 20
  },
  {
    _id: ObjectId("629049b2fc70df11aafff869"),
    empid: 1020,
    ename: 'king',
    address: {
      building: '1007',
      coord: [ -73.856077, 40.848447 ],
      street: 'Morris Park Ave',
      zipcode: '10462'
    },
    isDocActive: false,
    gender: 'male',
    canVote: true,
    canDrive: true,
    color: [ 'blue', 'black' ],
    fruit: [],
    cards: [
      { aadhar: { 'aadhar-No': '93478', isActive: true } },
      { PAN: { 'PAN-No': 'Kinj093', isActive: false } },
      { voter: { voterID: 'Ind03o3', isActive: true } },
      {
        licence: {
          'licence-No': 'LMV9478',
          issueDate: '2020-01-01',
          expireDate: '2040-01-01',
          isActive: true
        }
      }
    ],
    job: 'president',
    mgr: null,
    hiredate: ISODate("1981-11-17T00:00:00.000Z"),
    sal: 5000,
    comm: null,
    deptno: 10
  },
  {
    _id: ObjectId("629049b2fc70df11aafff86a"),
    empid: 1023,
    ename: 'jack',
    address: {
      building: '2780',
      coord: [ -73.98241999999999, 40.579505 ],
      street: 'Stillwell Avenue',
      zipcode: '11224'
    },
    isDocActive: false,
    gender: 'male',
    canVote: true,
    canDrive: true,
    color: [ 'Air Force Blue', 'Apple Green' ],
    fruit: [ 'Orange' ],
    cards: [
      { aadhar: { 'aadhar-No': '12321', isActive: true } },
      { PAN: { 'PAN-No': 'Kinj093', isActive: false } },
      { voter: { voterID: 'Ind03o3', isActive: true } },
      {
        licence: {
          'licence-No': 'LMV9478',
          issueDate: '2020-01-01',
          expireDate: '2040-01-01',
          isActive: true
        }
      }
    ],
    job: 'accountant',
    mgr: 1022,
    hiredate: ISODate("1981-04-02T00:00:00.000Z"),
    sal: 2700,
    comm: null,
    deptno: 30
  },
  {
    _id: ObjectId("629049b2fc70df11aafff86b"),
    empid: 1024,
    ename: 'martin',
    address: {
      building: '8825',
      coord: [ -73.8803827, 40.7643124 ],
      street: 'Astoria Boulevard',
      zipcode: '11369'
    },
    isDocActive: true,
    gender: 'male',
    canVote: true,
    canDrive: true,
    color: [ 'Banana Yellow' ],
    fruit: [],
    cards: [
      { aadhar: { 'aadhar-No': '72877', isActive: true } },
      { PAN: { 'PAN-No': 'Kinj093', isActive: false } },
      { voter: { voterID: 'Ind03o3', isActive: true } },
      {
        licence: {
          'licence-No': 'LMV9478',
          issueDate: '2020-01-01',
          expireDate: '2040-01-01',
          isActive: true
        }
      }
    ],
    job: 'salesman',
    mgr: 1023,
    hiredate: ISODate("1981-02-20T00:00:00.000Z"),
    sal: 2900,
    comm: 735,
    deptno: 30
  },
  {
    _id: ObjectId("629049b2fc70df11aafff86c"),
    empid: 1023,
    ename: 'scott',
    address: {
      building: '97-22',
      coord: [ -73.8601152, 40.7311739 ],
      street: '63 Road',
      zipcode: '11374'
    },
    isDocActive: false,
    gender: 'male',
    canVote: true,
    canDrive: true,
    color: [ 'Ash Grey', 'White' ],
    fruit: [],
    cards: [
      { aadhar: { 'aadhar-No': '93872', isActive: true } },
      { PAN: { 'PAN-No': 'Kinj093', isActive: false } },
      { voter: { voterID: 'Ind03o3', isActive: true } },
      {
        licence: {
          'licence-No': 'LMV9478',
          issueDate: '2020-01-01',
          expireDate: '2040-01-01',
          isActive: true
        }
      }
    ],
    job: 'salesman',
    mgr: 1023,
    hiredate: ISODate("1981-09-28T00:00:00.000Z"),
    sal: 2500,
    comm: 350,
    deptno: 30
  },
  {
    _id: ObjectId("629049b2fc70df11aafff86d"),
    empid: 1025,
    ename: 'crow',
    address: {
      building: '2206',
      coord: [ -74.1377286, 40.6119572 ],
      street: 'Victory Boulevard',
      zipcode: '10314'
    },
    isDocActive: false,
    gender: 'male',
    canVote: true,
    canDrive: true,
    color: [ 'Apple Green', 'Ash Grey' ],
    fruit: [],
    cards: [
      { aadhar: { 'aadhar-No': '77876', isActive: true } },
      { PAN: { 'PAN-No': 'Kinj093', isActive: false } },
      { voter: { voterID: 'Ind03o3', isActive: true } },
      {
        licence: {
          'licence-No': 'LMV9478',
          issueDate: '2020-01-01',
          expireDate: '2040-01-01',
          isActive: true
        }
      }
    ],
    job: 'salesman',
    mgr: 1023,
    hiredate: ISODate("1981-09-08T00:00:00.000Z"),
    sal: 3200,
    comm: null,
    deptno: 20
  },
  {
    _id: ObjectId("629049b2fc70df11aafff86e"),
    empid: 1026,
    ename: 'blake',
    address: {
      building: '7114',
      coord: [ -73.9068506, 40.6199034 ],
      street: 'Avenue U',
      zipcode: '11234'
    },
    isDocActive: false,
    gender: 'male',
    canVote: true,
    canDrive: true,
    color: [ 'Brass', 'Bright Green' ],
    fruit: [],
    cards: [
      { aadhar: { 'aadhar-No': '12321', isActive: true } },
      { PAN: { 'PAN-No': 'Kinj093', isActive: false } },
      { voter: { voterID: 'Ind03o3', isActive: true } },
      {
        licence: {
          'licence-No': 'LMV9478',
          issueDate: '2020-01-01',
          expireDate: '2040-01-01',
          isActive: true
        }
      }
    ],
    job: 'clerk',
    mgr: 1024,
    hiredate: ISODate("1981-12-03T00:00:00.000Z"),
    sal: 1200,
    comm: null,
    deptno: 30
  },
  {
    _id: ObjectId("629049b2fc70df11aafff86f"),
    empid: 1030,
    ename: 'saleel',
    address: {
      building: '7715',
      coord: [ -73.9973325, 40.61174889999999 ],
      street: '18 Avenue',
      zipcode: '11214'
    },
    isDocActive: false,
    gender: 'male',
    canVote: true,
    canDrive: true,
    color: [ 'Coral' ],
    fruit: [ 'Dates', 'Orange' ],
    cards: [
      { aadhar: { 'aadhar-No': '73822', isActive: true } },
      { PAN: { 'PAN-No': 'Kinj093', isActive: false } },
      { voter: { voterID: 'Ind03o3', isActive: true } },
      {
        licence: {
          'licence-No': 'LMV9478',
          issueDate: '2020-01-01',
          expireDate: '2040-01-01',
          isActive: true
        }
      }
    ],
    job: 'programmer',
    mgr: 1020,
    hiredate: ISODate("1982-12-09T00:00:00.000Z"),
    sal: 2900,
    comm: null,
    deptno: 10
  },
  {
    _id: ObjectId("629049b2fc70df11aafff870"),
    empid: 1027,
    ename: 'richards',
    address: {
      building: '6409',
      coord: [ -74.00528899999999, 40.628886 ],
      street: '11 Avenue',
      zipcode: '11219'
    },
    isDocActive: false,
    gender: 'male',
    canVote: true,
    canDrive: true,
    color: [ 'Charcoal', 'Cherry' ],
    fruit: [],
    cards: [
      { aadhar: { 'aadhar-No': '83972', isActive: true } },
      { PAN: { 'PAN-No': 'Kinj093', isActive: false } },
      { voter: { voterID: 'Ind03o3', isActive: true } },
      {
        licence: {
          'licence-No': 'LMV9478',
          issueDate: '2020-01-01',
          expireDate: '2040-01-01',
          isActive: true
        }
      }
    ],
    job: 'clerk',
    mgr: 1024,
    hiredate: ISODate("1981-02-22T00:00:00.000Z"),
    sal: 1500,
    comm: null,
    deptno: 10
  },
  {
    _id: ObjectId("629049b2fc70df11aafff871"),
    empid: 1028,
    ename: 'peter',
    address: {
      building: '1839',
      coord: [ -73.9482609, 40.6408271 ],
      street: 'Nostrand Avenue',
      zipcode: '11226'
    },
    isDocActive: true,
    gender: 'male',
    canVote: true,
    canDrive: true,
    color: [ 'Brown' ],
    fruit: [ 'banana', 'Jackfruit' ],
    cards: [
      { aadhar: { 'aadhar-No': '92783', isActive: true } },
      { PAN: { 'PAN-No': 'Kinj093', isActive: false } },
      { voter: { voterID: 'Ind03o3', isActive: true } },
      {
        licence: {
          'licence-No': 'LMV9478',
          issueDate: '2020-01-01',
          expireDate: '2040-01-01',
          isActive: true
        }
      }
    ],
    job: 'analyst',
    mgr: 1025,
    hiredate: ISODate("1981-12-03T00:00:00.000Z"),
    sal: 3500,
    comm: null,
    deptno: 30
  },
  {
    _id: ObjectId("629049b2fc70df11aafff872"),
    empid: 1032,
    ename: 'vrushali',
    address: {
      building: '1',
      coord: [ -73.96926909999999, 40.7685235 ],
      street: 'East   66 Street',
      zipcode: '10065'
    },
    isDocActive: true,
    gender: 'female',
    canVote: true,
    canDrive: true,
    color: [ 'Iceberg' ],
    fruit: [ 'Orange', 'Papaya', 'Kiwi' ],
    cards: [
      { aadhar: { 'aadhar-No': '22343', isActive: true } },
      { PAN: { 'PAN-No': 'Kinj093', isActive: false } },
      { voter: { voterID: 'Ind03o3', isActive: true } },
      {
        licence: {
          'licence-No': 'LMV9478',
          issueDate: '2020-01-01',
          expireDate: '2040-01-01',
          isActive: true
        }
      }
    ],
    job: 'analyst',
    mgr: 1030,
    hiredate: ISODate("1982-02-23T00:00:00.000Z"),
    sal: 4999,
    comm: null,
    deptno: 20
  },
  {
    _id: ObjectId("629049b2fc70df11aafff873"),
    empid: 1031,
    ename: 'sharmin',
    address: {
      building: '1269',
      coord: [ -73.871194, 40.6730975 ],
      street: 'Sutter Avenue',
      zipcode: '11208'
    },
    isDocActive: false,
    gender: 'female',
    canVote: true,
    canDrive: true,
    color: [ 'Cream' ],
    fruit: [ 'Indian Fig' ],
    cards: [
      { aadhar: { 'aadhar-No': '16523', isActive: true } },
      { PAN: { 'PAN-No': 'Kinj093', isActive: false } },
      { voter: { voterID: 'Ind03o3', isActive: true } },
      {
        licence: {
          'licence-No': 'LMV9478',
          issueDate: '2020-01-01',
          expireDate: '2040-01-01',
          isActive: true
        }
      }
    ],
    job: 'programmer',
    mgr: 1020,
    hiredate: ISODate("1983-01-12T00:00:00.000Z"),
    sal: 4999,
    comm: null,
    deptno: 40
  },
  {
    _id: ObjectId("629049b2fc70df11aafff874"),
    empid: 1033,
    ename: 'vasant',
    address: {
      building: '705',
      coord: [ -73.9653967, 40.6064339 ],
      street: 'Kings Highway',
      zipcode: '11223'
    },
    isDocActive: false,
    gender: 'male',
    canVote: true,
    canDrive: true,
    color: [ 'Bright Green' ],
    fruit: [],
    cards: [
      { aadhar: { 'aadhar-No': '93824', isActive: true } },
      { PAN: { 'PAN-No': 'Kinj093', isActive: false } },
      { voter: { voterID: 'Ind03o3', isActive: true } },
      {
        licence: {
          'licence-No': 'LMV9478',
          issueDate: '2020-01-01',
          expireDate: '2040-01-01',
          isActive: true
        }
      }
    ],
    job: 'salesman',
    mgr: 1029,
    hiredate: ISODate("1982-02-24T00:00:00.000Z"),
    sal: 2200,
    comm: 0,
    deptno: 40
  },
  {
    _id: ObjectId("629049b2fc70df11aafff875"),
    empid: 1029,
    ename: 'bob',
    address: {
      building: '2300',
      coord: [ -73.8786113, 40.8502883 ],
      street: 'Southern Boulevard',
      zipcode: '10460'
    },
    isDocActive: false,
    gender: 'male',
    canVote: true,
    canDrive: true,
    color: [ 'Copper' ],
    fruit: [],
    cards: [
      { aadhar: { 'aadhar-No': '73122', isActive: true } },
      { PAN: { 'PAN-No': 'Kinj093', isActive: false } },
      { voter: { voterID: 'Ind03o3', isActive: true } },
      {
        licence: {
          'licence-No': 'LMV9478',
          issueDate: '2020-01-01',
          expireDate: '2040-01-01',
          isActive: true
        }
      }
    ],
    job: 'manager',
    mgr: 1020,
    hiredate: ISODate("1980-12-17T00:00:00.000Z"),
    sal: 4900,
    comm: null,
    deptno: 30
  },
  {
    _id: ObjectId("629049b2fc70df11aafff876"),
    empid: 1035,
    ename: 'rahul',
    address: {
      building: '265-15',
      coord: [ -73.7032601, 40.7386417 ],
      street: 'Hillside Avenue',
      zipcode: '11004'
    },
    isDocActive: false,
    gender: 'male',
    canVote: true,
    canDrive: true,
    color: [ 'Indian Red' ],
    fruit: [ 'Lychee', 'Indian Fig' ],
    cards: [
      { aadhar: { 'aadhar-No': '00998', isActive: true } },
      { PAN: { 'PAN-No': 'Kinj093', isActive: false } },
      { voter: { voterID: 'Ind03o3', isActive: true } },
      {
        licence: {
          'licence-No': 'LMV9478',
          issueDate: '2020-01-01',
          expireDate: '2040-01-01',
          isActive: true
        }
      }
    ],
    job: 'clerk',
    mgr: 1029,
    hiredate: ISODate("1981-12-31T00:00:00.000Z"),
    sal: 1200,
    comm: null,
    deptno: 40
  },
  {
    _id: ObjectId("629049b2fc70df11aafff877"),
    empid: 1034,
    ename: 'vasu',
    address: {
      building: '203',
      coord: [ -73.97822040000001, 40.6435254 ],
      street: 'Church Avenue',
      zipcode: '11218'
    },
    isDocActive: false,
    gender: 'male',
    canVote: true,
    canDrive: true,
    color: [ 'India Green' ],
    fruit: [ 'Dates' ],
    cards: [
      { aadhar: { 'aadhar-No': '19826', isActive: true } },
      { PAN: { 'PAN-No': 'Kinj093', isActive: false } },
      { voter: { voterID: 'Ind03o3', isActive: true } },
      {
        licence: {
          'licence-No': 'LMV9478',
          issueDate: '2020-01-01',
          expireDate: '2040-01-01',
          isActive: true
        }
      }
    ],
    job: 'salesman',
    mgr: 1029,
    hiredate: ISODate("1980-02-14T00:00:00.000Z"),
    sal: 2200,
    comm: 250,
    deptno: 40
  },
  {
    _id: ObjectId("629049b2fc70df11aafff878"),
    empid: 1036,
    ename: 'raju',
    address: {
      building: '6909',
      coord: [ -74.0259567, 40.6353674 ],
      street: '3 Avenue',
      zipcode: '11209'
    },
    isDocActive: true,
    gender: 'male',
    canVote: true,
    canDrive: true,
    color: [ 'Indian Yellow' ],
    fruit: [ 'Crab apples' ],
    cards: [
      { aadhar: { 'aadhar-No': '55622', isActive: true } },
      { PAN: { 'PAN-No': 'Kinj093', isActive: false } },
      { voter: { voterID: 'Ind03o3', isActive: true } },
      {
        licence: {
          'licence-No': 'LMV9478',
          issueDate: '2020-01-01',
          expireDate: '2040-01-01',
          isActive: true
        }
      }
    ],
    job: 'administrator',
    mgr: 1031,
    hiredate: ISODate("1983-06-15T00:00:00.000Z"),
    sal: 3400,
    comm: null,
    deptno: 50
  },
  {
    _id: ObjectId("629049b2fc70df11aafff879"),
    empid: 1037,
    ename: 'ramu',
    address: {
      building: '522',
      coord: [ -73.95171, 40.767461 ],
      street: 'East   74 Street',
      zipcode: '10021'
    },
    isDocActive: false,
    gender: 'male',
    canVote: true,
    canDrive: true,
    color: [ 'Lemon' ],
    fruit: [ 'Jackfruit', 'banana', 'Apple' ],
    cards: [
      { aadhar: { 'aadhar-No': '00983', isActive: true } },
      { PAN: { 'PAN-No': 'Kinj093', isActive: false } },
      { voter: { voterID: 'Ind03o3', isActive: true } },
      {
        licence: {
          'licence-No': 'LMV9478',
          issueDate: '2020-01-01',
          expireDate: '2040-01-01',
          isActive: true
        }
      }
    ],
    job: 'clerk',
    mgr: 1031,
    hiredate: ISODate("1983-07-12T00:00:00.000Z"),
    sal: 1400,
    comm: null,
    deptno: 50
  },
  {
    _id: ObjectId("629049b2fc70df11aafff87a"),
    empid: 1039,
    ename: 'saleel',
    address: {
      building: '129-08',
      coord: [ -73.839297, 40.78147 ],
      street: '20 Avenue',
      zipcode: '11356'
    },
    isDocActive: false,
    gender: 'male',
    canVote: true,
    canDrive: true,
    color: [ 'Cherry', 'Charcoal' ],
    fruit: [],
    cards: [
      { aadhar: { 'aadhar-No': '66675', isActive: true } },
      { PAN: { 'PAN-No': 'Kinj093', isActive: false } },
      { voter: { voterID: 'Ind03o3', isActive: true } },
      {
        licence: {
          'licence-No': 'LMV9478',
          issueDate: '2020-01-01',
          expireDate: '2040-01-01',
          isActive: true
        }
      }
    ],
    job: 'analyst',
    mgr: 1022,
    hiredate: ISODate("1982-12-09T00:00:00.000Z"),
    sal: 3700,
    comm: null,
    deptno: 50
  }
]
Type "it" for more
primaryDB> db.emp.aggregate([{}]);
MongoServerError: A pipeline stage specification object must contain exactly one field.
primaryDB>

primaryDB>

primaryDB>

primaryDB> db.emp.aggregate([{$match: { job:'manager' } }])
[
  {
    _id: ObjectId("629049b2fc70df11aafff867"),
    empid: 1021,
    ename: 'smith',
    address: {
      building: '469',
      coord: [ -73.961704, 40.662942 ],
      street: 'Flatbush Avenue',
      zipcode: '11225'
    },
    isDocActive: false,
    gender: 'male',
    canVote: true,
    canDrive: true,
    color: [ 'red', 'cyan', 'gray' ],
    fruit: [ 'grapes', 'Orange' ],
    cards: [
      { aadhar: { 'aadhar-No': '43564', isActive: true } },
      { PAN: { 'PAN-No': 'smh838', isActive: false } },
      { voter: { voterID: 'Ind03o3', isActive: true } },
      {
        licence: {
          'licence-No': 'LMV9478',
          issueDate: '2020-01-01',
          expireDate: '2040-01-01',
          isActive: true
        }
      }
    ],
    job: 'manager',
    mgr: 1020,
    hiredate: ISODate("1981-05-01T00:00:00.000Z"),
    sal: 3400,
    comm: null,
    deptno: 10
  },
  {
    _id: ObjectId("629049b2fc70df11aafff868"),
    empid: 1022,
    ename: 'james',
    address: {
      building: '351',
      coord: [ -73.98513559999999, 40.7676919 ],
      street: 'West   57 Street',
      zipcode: '10019'
    },
    isDocActive: true,
    gender: 'male',
    canVote: true,
    canDrive: true,
    color: [ 'Red', 'Blue', 'Green', 'Yellow' ],
    fruit: [ 'Indian Fig' ],
    cards: [
      { aadhar: { 'aadhar-No': '73826', isActive: true } },
      { PAN: { 'PAN-No': 'Kinj093', isActive: false } },
      { voter: { voterID: 'Ind03o3', isActive: true } },
      {
        licence: {
          'licence-No': 'LMV9478',
          issueDate: '2020-01-01',
          expireDate: '2040-01-01',
          isActive: true
        }
      }
    ],
    job: 'manager',
    mgr: 1020,
    hiredate: ISODate("1981-07-09T00:00:00.000Z"),
    sal: 4700,
    comm: null,
    deptno: 20
  },
  {
    _id: ObjectId("629049b2fc70df11aafff875"),
    empid: 1029,
    ename: 'bob',
    address: {
      building: '2300',
      coord: [ -73.8786113, 40.8502883 ],
      street: 'Southern Boulevard',
      zipcode: '10460'
    },
    isDocActive: false,
    gender: 'male',
    canVote: true,
    canDrive: true,
    color: [ 'Copper' ],
    fruit: [],
    cards: [
      { aadhar: { 'aadhar-No': '73122', isActive: true } },
      { PAN: { 'PAN-No': 'Kinj093', isActive: false } },
      { voter: { voterID: 'Ind03o3', isActive: true } },
      {
        licence: {
          'licence-No': 'LMV9478',
          issueDate: '2020-01-01',
          expireDate: '2040-01-01',
          isActive: true
        }
      }
    ],
    job: 'manager',
    mgr: 1020,
    hiredate: ISODate("1980-12-17T00:00:00.000Z"),
    sal: 4900,
    comm: null,
    deptno: 30
  }
]
primaryDB> edit db.emp.aggregate([{$match: { job:'manager' } }])
Opening an editor...

primaryDB> db.emp.aggregate([{ $match: { $or: [{ job: 'manager' }, { job: 'salesman' }] } }]);
[
  {
    _id: ObjectId("629049b2fc70df11aafff867"),
    empid: 1021,
    ename: 'smith',
    address: {
      building: '469',
      coord: [ -73.961704, 40.662942 ],
      street: 'Flatbush Avenue',
      zipcode: '11225'
    },
    isDocActive: false,
    gender: 'male',
    canVote: true,
    canDrive: true,
    color: [ 'red', 'cyan', 'gray' ],
    fruit: [ 'grapes', 'Orange' ],
    cards: [
      { aadhar: { 'aadhar-No': '43564', isActive: true } },
      { PAN: { 'PAN-No': 'smh838', isActive: false } },
      { voter: { voterID: 'Ind03o3', isActive: true } },
      {
        licence: {
          'licence-No': 'LMV9478',
          issueDate: '2020-01-01',
          expireDate: '2040-01-01',
          isActive: true
        }
      }
    ],
    job: 'manager',
    mgr: 1020,
    hiredate: ISODate("1981-05-01T00:00:00.000Z"),
    sal: 3400,
    comm: null,
    deptno: 10
  },
  {
    _id: ObjectId("629049b2fc70df11aafff868"),
    empid: 1022,
    ename: 'james',
    address: {
      building: '351',
      coord: [ -73.98513559999999, 40.7676919 ],
      street: 'West   57 Street',
      zipcode: '10019'
    },
    isDocActive: true,
    gender: 'male',
    canVote: true,
    canDrive: true,
    color: [ 'Red', 'Blue', 'Green', 'Yellow' ],
    fruit: [ 'Indian Fig' ],
    cards: [
      { aadhar: { 'aadhar-No': '73826', isActive: true } },
      { PAN: { 'PAN-No': 'Kinj093', isActive: false } },
      { voter: { voterID: 'Ind03o3', isActive: true } },
      {
        licence: {
          'licence-No': 'LMV9478',
          issueDate: '2020-01-01',
          expireDate: '2040-01-01',
          isActive: true
        }
      }
    ],
    job: 'manager',
    mgr: 1020,
    hiredate: ISODate("1981-07-09T00:00:00.000Z"),
    sal: 4700,
    comm: null,
    deptno: 20
  },
  {
    _id: ObjectId("629049b2fc70df11aafff86b"),
    empid: 1024,
    ename: 'martin',
    address: {
      building: '8825',
      coord: [ -73.8803827, 40.7643124 ],
      street: 'Astoria Boulevard',
      zipcode: '11369'
    },
    isDocActive: true,
    gender: 'male',
    canVote: true,
    canDrive: true,
    color: [ 'Banana Yellow' ],
    fruit: [],
    cards: [
      { aadhar: { 'aadhar-No': '72877', isActive: true } },
      { PAN: { 'PAN-No': 'Kinj093', isActive: false } },
      { voter: { voterID: 'Ind03o3', isActive: true } },
      {
        licence: {
          'licence-No': 'LMV9478',
          issueDate: '2020-01-01',
          expireDate: '2040-01-01',
          isActive: true
        }
      }
    ],
    job: 'salesman',
    mgr: 1023,
    hiredate: ISODate("1981-02-20T00:00:00.000Z"),
    sal: 2900,
    comm: 735,
    deptno: 30
  },
  {
    _id: ObjectId("629049b2fc70df11aafff86c"),
    empid: 1023,
    ename: 'scott',
    address: {
      building: '97-22',
      coord: [ -73.8601152, 40.7311739 ],
      street: '63 Road',
      zipcode: '11374'
    },
    isDocActive: false,
    gender: 'male',
    canVote: true,
    canDrive: true,
    color: [ 'Ash Grey', 'White' ],
    fruit: [],
    cards: [
      { aadhar: { 'aadhar-No': '93872', isActive: true } },
      { PAN: { 'PAN-No': 'Kinj093', isActive: false } },
      { voter: { voterID: 'Ind03o3', isActive: true } },
      {
        licence: {
          'licence-No': 'LMV9478',
          issueDate: '2020-01-01',
          expireDate: '2040-01-01',
          isActive: true
        }
      }
    ],
    job: 'salesman',
    mgr: 1023,
    hiredate: ISODate("1981-09-28T00:00:00.000Z"),
    sal: 2500,
    comm: 350,
    deptno: 30
  },
  {
    _id: ObjectId("629049b2fc70df11aafff86d"),
    empid: 1025,
    ename: 'crow',
    address: {
      building: '2206',
      coord: [ -74.1377286, 40.6119572 ],
      street: 'Victory Boulevard',
      zipcode: '10314'
    },
    isDocActive: false,
    gender: 'male',
    canVote: true,
    canDrive: true,
    color: [ 'Apple Green', 'Ash Grey' ],
    fruit: [],
    cards: [
      { aadhar: { 'aadhar-No': '77876', isActive: true } },
      { PAN: { 'PAN-No': 'Kinj093', isActive: false } },
      { voter: { voterID: 'Ind03o3', isActive: true } },
      {
        licence: {
          'licence-No': 'LMV9478',
          issueDate: '2020-01-01',
          expireDate: '2040-01-01',
          isActive: true
        }
      }
    ],
    job: 'salesman',
    mgr: 1023,
    hiredate: ISODate("1981-09-08T00:00:00.000Z"),
    sal: 3200,
    comm: null,
    deptno: 20
  },
  {
    _id: ObjectId("629049b2fc70df11aafff874"),
    empid: 1033,
    ename: 'vasant',
    address: {
      building: '705',
      coord: [ -73.9653967, 40.6064339 ],
      street: 'Kings Highway',
      zipcode: '11223'
    },
    isDocActive: false,
    gender: 'male',
    canVote: true,
    canDrive: true,
    color: [ 'Bright Green' ],
    fruit: [],
    cards: [
      { aadhar: { 'aadhar-No': '93824', isActive: true } },
      { PAN: { 'PAN-No': 'Kinj093', isActive: false } },
      { voter: { voterID: 'Ind03o3', isActive: true } },
      {
        licence: {
          'licence-No': 'LMV9478',
          issueDate: '2020-01-01',
          expireDate: '2040-01-01',
          isActive: true
        }
      }
    ],
    job: 'salesman',
    mgr: 1029,
    hiredate: ISODate("1982-02-24T00:00:00.000Z"),
    sal: 2200,
    comm: 0,
    deptno: 40
  },
  {
    _id: ObjectId("629049b2fc70df11aafff875"),
    empid: 1029,
    ename: 'bob',
    address: {
      building: '2300',
      coord: [ -73.8786113, 40.8502883 ],
      street: 'Southern Boulevard',
      zipcode: '10460'
    },
    isDocActive: false,
    gender: 'male',
    canVote: true,
    canDrive: true,
    color: [ 'Copper' ],
    fruit: [],
    cards: [
      { aadhar: { 'aadhar-No': '73122', isActive: true } },
      { PAN: { 'PAN-No': 'Kinj093', isActive: false } },
      { voter: { voterID: 'Ind03o3', isActive: true } },
      {
        licence: {
          'licence-No': 'LMV9478',
          issueDate: '2020-01-01',
          expireDate: '2040-01-01',
          isActive: true
        }
      }
    ],
    job: 'manager',
    mgr: 1020,
    hiredate: ISODate("1980-12-17T00:00:00.000Z"),
    sal: 4900,
    comm: null,
    deptno: 30
  },
  {
    _id: ObjectId("629049b2fc70df11aafff877"),
    empid: 1034,
    ename: 'vasu',
    address: {
      building: '203',
      coord: [ -73.97822040000001, 40.6435254 ],
      street: 'Church Avenue',
      zipcode: '11218'
    },
    isDocActive: false,
    gender: 'male',
    canVote: true,
    canDrive: true,
    color: [ 'India Green' ],
    fruit: [ 'Dates' ],
    cards: [
      { aadhar: { 'aadhar-No': '19826', isActive: true } },
      { PAN: { 'PAN-No': 'Kinj093', isActive: false } },
      { voter: { voterID: 'Ind03o3', isActive: true } },
      {
        licence: {
          'licence-No': 'LMV9478',
          issueDate: '2020-01-01',
          expireDate: '2040-01-01',
          isActive: true
        }
      }
    ],
    job: 'salesman',
    mgr: 1029,
    hiredate: ISODate("1980-02-14T00:00:00.000Z"),
    sal: 2200,
    comm: 250,
    deptno: 40
  }
]
primaryDB> edit
Opening an editor...

primaryDB> db.emp.aggregate([{ $match: { $or: [{ job: 'manager' }, { job: 'salesman' }] } }, { $project: { _id: 0, ename: true, gender: true, canVote: 1, canDrive: 1, sal: 1 } }])
[
  {
    ename: 'smith',
    gender: 'male',
    canVote: true,
    canDrive: true,
    sal: 3400
  },
  {
    ename: 'james',
    gender: 'male',
    canVote: true,
    canDrive: true,
    sal: 4700
  },
  {
    ename: 'martin',
    gender: 'male',
    canVote: true,
    canDrive: true,
    sal: 2900
  },
  {
    ename: 'scott',
    gender: 'male',
    canVote: true,
    canDrive: true,
    sal: 2500
  },
  {
    ename: 'crow',
    gender: 'male',
    canVote: true,
    canDrive: true,
    sal: 3200
  },
  {
    ename: 'vasant',
    gender: 'male',
    canVote: true,
    canDrive: true,
    sal: 2200
  },
  {
    ename: 'bob',
    gender: 'male',
    canVote: true,
    canDrive: true,
    sal: 4900
  },
  {
    ename: 'vasu',
    gender: 'male',
    canVote: true,
    canDrive: true,
    sal: 2200
  }
]
primaryDB> edit
Opening an editor...

primaryDB> db.emp.aggregate([{ $match: { $or: [{ job: 'manager' }, { job: 'salesman' }] } }, { $project: { _id: 0, ename: true, job: true, gender: true, canVote: 1, canDrive: 1, sal: 1 } }])
[
  {
    ename: 'smith',
    gender: 'male',
    canVote: true,
    canDrive: true,
    job: 'manager',
    sal: 3400
  },
  {
    ename: 'james',
    gender: 'male',
    canVote: true,
    canDrive: true,
    job: 'manager',
    sal: 4700
  },
  {
    ename: 'martin',
    gender: 'male',
    canVote: true,
    canDrive: true,
    job: 'salesman',
    sal: 2900
  },
  {
    ename: 'scott',
    gender: 'male',
    canVote: true,
    canDrive: true,
    job: 'salesman',
    sal: 2500
  },
  {
    ename: 'crow',
    gender: 'male',
    canVote: true,
    canDrive: true,
    job: 'salesman',
    sal: 3200
  },
  {
    ename: 'vasant',
    gender: 'male',
    canVote: true,
    canDrive: true,
    job: 'salesman',
    sal: 2200
  },
  {
    ename: 'bob',
    gender: 'male',
    canVote: true,
    canDrive: true,
    job: 'manager',
    sal: 4900
  },
  {
    ename: 'vasu',
    gender: 'male',
    canVote: true,
    canDrive: true,
    job: 'salesman',
    sal: 2200
  }
]
primaryDB> db.emp.aggregate([{ $match: { $or: [{ job: 'manager' }, { job: 'salesman' }] } }, { $project: { _id: 0, ename: true, job: true, gender: true, canVote: 1, canDrive: 1, sal: 1 } }])
[
  {
    ename: 'smith',
    gender: 'male',
    canVote: true,
    canDrive: true,
    job: 'manager',
    sal: 3400
  },
  {
    ename: 'james',
    gender: 'male',
    canVote: true,
    canDrive: true,
    job: 'manager',
    sal: 4700
  },
  {
    ename: 'martin',
    gender: 'male',
    canVote: true,
    canDrive: true,
    job: 'salesman',
    sal: 2900
  },
  {
    ename: 'scott',
    gender: 'male',
    canVote: true,
    canDrive: true,
    job: 'salesman',
    sal: 2500
  },
  {
    ename: 'crow',
    gender: 'male',
    canVote: true,
    canDrive: true,
    job: 'salesman',
    sal: 3200
  },
  {
    ename: 'vasant',
    gender: 'male',
    canVote: true,
    canDrive: true,
    job: 'salesman',
    sal: 2200
  },
  {
    ename: 'bob',
    gender: 'male',
    canVote: true,
    canDrive: true,
    job: 'manager',
    sal: 4900
  },
  {
    ename: 'vasu',
    gender: 'male',
    canVote: true,
    canDrive: true,
    job: 'salesman',
    sal: 2200
  }
]
primaryDB> edit
Opening an editor...

primaryDB> db.emp.aggregate([{ $match: { $or: [{ job: 'manager' }, { job: 'salesman' }] } }, { $project: { _id: 0, ename: true, job: true, gender: true, canVote: 1, canDrive: 1, salary: '$sal' } }])
[
  {
    ename: 'smith',
    gender: 'male',
    canVote: true,
    canDrive: true,
    job: 'manager',
    salary: 3400
  },
  {
    ename: 'james',
    gender: 'male',
    canVote: true,
    canDrive: true,
    job: 'manager',
    salary: 4700
  },
  {
    ename: 'martin',
    gender: 'male',
    canVote: true,
    canDrive: true,
    job: 'salesman',
    salary: 2900
  },
  {
    ename: 'scott',
    gender: 'male',
    canVote: true,
    canDrive: true,
    job: 'salesman',
    salary: 2500
  },
  {
    ename: 'crow',
    gender: 'male',
    canVote: true,
    canDrive: true,
    job: 'salesman',
    salary: 3200
  },
  {
    ename: 'vasant',
    gender: 'male',
    canVote: true,
    canDrive: true,
    job: 'salesman',
    salary: 2200
  },
  {
    ename: 'bob',
    gender: 'male',
    canVote: true,
    canDrive: true,
    job: 'manager',
    salary: 4900
  },
  {
    ename: 'vasu',
    gender: 'male',
    canVote: true,
    canDrive: true,
    job: 'salesman',
    salary: 2200
  }
]
primaryDB> db.emp.aggregate([{ $match: { $or: [{ job: 'manager' }, { job: 'salesman' }] } }, { $project: { _id: 0, ename: true, job: true, gender: true, canVote: 1, canDrive: 1, salary: '$sal',"New Salary":0 } }])
MongoServerError: Invalid $project :: caused by :: Cannot do exclusion on field New Salary in inclusion projection
primaryDB> db.emp.aggregate([{ $match: { $or: [{ job: 'manager' }, { job: 'salesman' }] } }, { $project: { _id: 0, ename: true, job: true, gender: true, canVote: 1, canDrive: 1, salary: '$sal',"New Salary": 1010 } }])
[
  {
    ename: 'smith',
    gender: 'male',
    canVote: true,
    canDrive: true,
    job: 'manager',
    salary: 3400
  },
  {
    ename: 'james',
    gender: 'male',
    canVote: true,
    canDrive: true,
    job: 'manager',
    salary: 4700
  },
  {
    ename: 'martin',
    gender: 'male',
    canVote: true,
    canDrive: true,
    job: 'salesman',
    salary: 2900
  },
  {
    ename: 'scott',
    gender: 'male',
    canVote: true,
    canDrive: true,
    job: 'salesman',
    salary: 2500
  },
  {
    ename: 'crow',
    gender: 'male',
    canVote: true,
    canDrive: true,
    job: 'salesman',
    salary: 3200
  },
  {
    ename: 'vasant',
    gender: 'male',
    canVote: true,
    canDrive: true,
    job: 'salesman',
    salary: 2200
  },
  {
    ename: 'bob',
    gender: 'male',
    canVote: true,
    canDrive: true,
    job: 'manager',
    salary: 4900
  },
  {
    ename: 'vasu',
    gender: 'male',
    canVote: true,
    canDrive: true,
    job: 'salesman',
    salary: 2200
  }
]
primaryDB> edit db.emp.aggregate([{ $match: { $or: [{ job: 'manager' }, { job: 'salesman' }] } }, { $project: { _id: 0, ename: true, job: true, gender: true, canVote: 1, canDrive: 1, salary: '$sal',"New Salary":{$add }  } }])
Opening an editor...

primaryDB> db.emp.aggregate([{ $match: { $or: [{ job: 'manager' }, { job: 'salesman' }] } }, { $project: { _id: 0, ename: true, job: true, gender: true, canVote: 1, canDrive: 1, salary: '$sal', "New Salary": { $add: [10, 20] } } }])
[
  {
    ename: 'smith',
    gender: 'male',
    canVote: true,
    canDrive: true,
    job: 'manager',
    salary: 3400,
    'New Salary': 30
  },
  {
    ename: 'james',
    gender: 'male',
    canVote: true,
    canDrive: true,
    job: 'manager',
    salary: 4700,
    'New Salary': 30
  },
  {
    ename: 'martin',
    gender: 'male',
    canVote: true,
    canDrive: true,
    job: 'salesman',
    salary: 2900,
    'New Salary': 30
  },
  {
    ename: 'scott',
    gender: 'male',
    canVote: true,
    canDrive: true,
    job: 'salesman',
    salary: 2500,
    'New Salary': 30
  },
  {
    ename: 'crow',
    gender: 'male',
    canVote: true,
    canDrive: true,
    job: 'salesman',
    salary: 3200,
    'New Salary': 30
  },
  {
    ename: 'vasant',
    gender: 'male',
    canVote: true,
    canDrive: true,
    job: 'salesman',
    salary: 2200,
    'New Salary': 30
  },
  {
    ename: 'bob',
    gender: 'male',
    canVote: true,
    canDrive: true,
    job: 'manager',
    salary: 4900,
    'New Salary': 30
  },
  {
    ename: 'vasu',
    gender: 'male',
    canVote: true,
    canDrive: true,
    job: 'salesman',
    salary: 2200,
    'New Salary': 30
  }
]
primaryDB> edit
Opening an editor...

primaryDB> db.emp.aggregate([{ $match: { $or: [{ job: 'manager' }, { job: 'salesman' }] } }, { $project: { _id: 0, ename: true, job: true, gender: true, canVote: 1, canDrive: 1, salary: '$sal', "New Salary": { $add: ["$sal", 75] } } }])
[
  {
    ename: 'smith',
    gender: 'male',
    canVote: true,
    canDrive: true,
    job: 'manager',
    salary: 3400,
    'New Salary': 3475
  },
  {
    ename: 'james',
    gender: 'male',
    canVote: true,
    canDrive: true,
    job: 'manager',
    salary: 4700,
    'New Salary': 4775
  },
  {
    ename: 'martin',
    gender: 'male',
    canVote: true,
    canDrive: true,
    job: 'salesman',
    salary: 2900,
    'New Salary': 2975
  },
  {
    ename: 'scott',
    gender: 'male',
    canVote: true,
    canDrive: true,
    job: 'salesman',
    salary: 2500,
    'New Salary': 2575
  },
  {
    ename: 'crow',
    gender: 'male',
    canVote: true,
    canDrive: true,
    job: 'salesman',
    salary: 3200,
    'New Salary': 3275
  },
  {
    ename: 'vasant',
    gender: 'male',
    canVote: true,
    canDrive: true,
    job: 'salesman',
    salary: 2200,
    'New Salary': 2275
  },
  {
    ename: 'bob',
    gender: 'male',
    canVote: true,
    canDrive: true,
    job: 'manager',
    salary: 4900,
    'New Salary': 4975
  },
  {
    ename: 'vasu',
    gender: 'male',
    canVote: true,
    canDrive: true,
    job: 'salesman',
    salary: 2200,
    'New Salary': 2275
  }
]
primaryDB> edit db.emp.aggregate([{ $match: { $or: [{ job: 'manager' }, { job: 'salesman' }] } }, { $project: { _id: 0, ename: true, job: true, gender: true, canVote: 1, canDrive: 1, salary: '$sal', "New Salary": { $multiply: ["$sal", 75] } } }])
Opening an editor...

primaryDB> edit db.emp.aggregate([{ $match: { $or: [{ job: 'manager' }, { job: 'salesman' }] } }, { $project: { _id: 0, ename: true, job: true, gender: true, canVote: 1, canDrive: 1, salary: '$sal', commission:'$comm', "Gross Salary":{$add:['$sal','$comm']} "New Salary": { $multiply: ["$sal", 2] }  } }])
Opening an editor...

primaryDB> db.emp.aggregate([{ $match: { $or: [{ job: 'manager' }, { job: 'salesman' }] } }, { $project: { _id: 0, ename: true, job: true, gender: true, canVote: 1, canDrive: 1, salary: '$sal', commission: '$comm', "Gross Salary": { $add: ['$sal', '$comm'] }, "New Salary": { $multiply: ["$sal", 2] } } }])
[
  {
    ename: 'smith',
    gender: 'male',
    canVote: true,
    canDrive: true,
    job: 'manager',
    salary: 3400,
    commission: null,
    'Gross Salary': null,
    'New Salary': 6800
  },
  {
    ename: 'james',
    gender: 'male',
    canVote: true,
    canDrive: true,
    job: 'manager',
    salary: 4700,
    commission: null,
    'Gross Salary': null,
    'New Salary': 9400
  },
  {
    ename: 'martin',
    gender: 'male',
    canVote: true,
    canDrive: true,
    job: 'salesman',
    salary: 2900,
    commission: 735,
    'Gross Salary': 3635,
    'New Salary': 5800
  },
  {
    ename: 'scott',
    gender: 'male',
    canVote: true,
    canDrive: true,
    job: 'salesman',
    salary: 2500,
    commission: 350,
    'Gross Salary': 2850,
    'New Salary': 5000
  },
  {
    ename: 'crow',
    gender: 'male',
    canVote: true,
    canDrive: true,
    job: 'salesman',
    salary: 3200,
    commission: null,
    'Gross Salary': null,
    'New Salary': 6400
  },
  {
    ename: 'vasant',
    gender: 'male',
    canVote: true,
    canDrive: true,
    job: 'salesman',
    salary: 2200,
    commission: 0,
    'Gross Salary': 2200,
    'New Salary': 4400
  },
  {
    ename: 'bob',
    gender: 'male',
    canVote: true,
    canDrive: true,
    job: 'manager',
    salary: 4900,
    commission: null,
    'Gross Salary': null,
    'New Salary': 9800
  },
  {
    ename: 'vasu',
    gender: 'male',
    canVote: true,
    canDrive: true,
    job: 'salesman',
    salary: 2200,
    commission: 250,
    'Gross Salary': 2450,
    'New Salary': 4400
  }
]
primaryDB> edit
Opening an editor...

primaryDB> db.emp.aggregate([{ $match: { $or: [{ job: 'manager' }, { job: 'salesman' }] } }, { $project: { _id: 0, ename: true, job: true, gender: true, canVote: 1, canDrive: 1, salary: '$sal', commission: '$comm', "Gross Salary": { $add: ['$sal', '$comm'] }, "New Salary": { $multiply: ["$sal", 2] }, x: { $add: [10, 10] } } }])
[
  {
    ename: 'smith',
    gender: 'male',
    canVote: true,
    canDrive: true,
    job: 'manager',
    salary: 3400,
    commission: null,
    'Gross Salary': null,
    'New Salary': 6800,
    x: 20
  },
  {
    ename: 'james',
    gender: 'male',
    canVote: true,
    canDrive: true,
    job: 'manager',
    salary: 4700,
    commission: null,
    'Gross Salary': null,
    'New Salary': 9400,
    x: 20
  },
  {
    ename: 'martin',
    gender: 'male',
    canVote: true,
    canDrive: true,
    job: 'salesman',
    salary: 2900,
    commission: 735,
    'Gross Salary': 3635,
    'New Salary': 5800,
    x: 20
  },
  {
    ename: 'scott',
    gender: 'male',
    canVote: true,
    canDrive: true,
    job: 'salesman',
    salary: 2500,
    commission: 350,
    'Gross Salary': 2850,
    'New Salary': 5000,
    x: 20
  },
  {
    ename: 'crow',
    gender: 'male',
    canVote: true,
    canDrive: true,
    job: 'salesman',
    salary: 3200,
    commission: null,
    'Gross Salary': null,
    'New Salary': 6400,
    x: 20
  },
  {
    ename: 'vasant',
    gender: 'male',
    canVote: true,
    canDrive: true,
    job: 'salesman',
    salary: 2200,
    commission: 0,
    'Gross Salary': 2200,
    'New Salary': 4400,
    x: 20
  },
  {
    ename: 'bob',
    gender: 'male',
    canVote: true,
    canDrive: true,
    job: 'manager',
    salary: 4900,
    commission: null,
    'Gross Salary': null,
    'New Salary': 9800,
    x: 20
  },
  {
    ename: 'vasu',
    gender: 'male',
    canVote: true,
    canDrive: true,
    job: 'salesman',
    salary: 2200,
    commission: 250,
    'Gross Salary': 2450,
    'New Salary': 4400,
    x: 20
  }
]
primaryDB> edit
Opening an editor...

primaryDB> db.emp.aggregate([{ $match: { $or: [{ job: 'manager' }, { job: 'salesman' }] } }, { $project: { _id: 0, ename: true, job: true, gender: true, canVote: 1, canDrive: 1, salary: '$sal', commission: '$comm', "Gross Salary": { $add: ['$sal', '$comm'] }, "New Salary": { $multiply: ["$sal", 2] }, x: { $multiply: [{ $add: [10, 10] }, 7] } } }])
[
  {
    ename: 'smith',
    gender: 'male',
    canVote: true,
    canDrive: true,
    job: 'manager',
    salary: 3400,
    commission: null,
    'Gross Salary': null,
    'New Salary': 6800,
    x: 140
  },
  {
    ename: 'james',
    gender: 'male',
    canVote: true,
    canDrive: true,
    job: 'manager',
    salary: 4700,
    commission: null,
    'Gross Salary': null,
    'New Salary': 9400,
    x: 140
  },
  {
    ename: 'martin',
    gender: 'male',
    canVote: true,
    canDrive: true,
    job: 'salesman',
    salary: 2900,
    commission: 735,
    'Gross Salary': 3635,
    'New Salary': 5800,
    x: 140
  },
  {
    ename: 'scott',
    gender: 'male',
    canVote: true,
    canDrive: true,
    job: 'salesman',
    salary: 2500,
    commission: 350,
    'Gross Salary': 2850,
    'New Salary': 5000,
    x: 140
  },
  {
    ename: 'crow',
    gender: 'male',
    canVote: true,
    canDrive: true,
    job: 'salesman',
    salary: 3200,
    commission: null,
    'Gross Salary': null,
    'New Salary': 6400,
    x: 140
  },
  {
    ename: 'vasant',
    gender: 'male',
    canVote: true,
    canDrive: true,
    job: 'salesman',
    salary: 2200,
    commission: 0,
    'Gross Salary': 2200,
    'New Salary': 4400,
    x: 140
  },
  {
    ename: 'bob',
    gender: 'male',
    canVote: true,
    canDrive: true,
    job: 'manager',
    salary: 4900,
    commission: null,
    'Gross Salary': null,
    'New Salary': 9800,
    x: 140
  },
  {
    ename: 'vasu',
    gender: 'male',
    canVote: true,
    canDrive: true,
    job: 'salesman',
    salary: 2200,
    commission: 250,
    'Gross Salary': 2450,
    'New Salary': 4400,
    x: 140
  }
]
primaryDB> edit
Opening an editor...

primaryDB> db.emp.aggregate([{ $match: { $or: [{ job: 'manager' }, { job: 'salesman' }] } }, { $project: { _id: 0, ename: true, job: true, gender: true, canVote: 1, canDrive: 1, salary: '$sal', commission: '$comm', "Gross Salary": { $add: ['$sal', '$comm'] }, "New Salary": { $multiply: ["$sal", 2] }, x: { $multiply: [{ $add: ["$Gross Salary", 10] }, 7] } } }])
[
  {
    ename: 'smith',
    gender: 'male',
    canVote: true,
    canDrive: true,
    job: 'manager',
    salary: 3400,
    commission: null,
    'Gross Salary': null,
    'New Salary': 6800,
    x: null
  },
  {
    ename: 'james',
    gender: 'male',
    canVote: true,
    canDrive: true,
    job: 'manager',
    salary: 4700,
    commission: null,
    'Gross Salary': null,
    'New Salary': 9400,
    x: null
  },
  {
    ename: 'martin',
    gender: 'male',
    canVote: true,
    canDrive: true,
    job: 'salesman',
    salary: 2900,
    commission: 735,
    'Gross Salary': 3635,
    'New Salary': 5800,
    x: null
  },
  {
    ename: 'scott',
    gender: 'male',
    canVote: true,
    canDrive: true,
    job: 'salesman',
    salary: 2500,
    commission: 350,
    'Gross Salary': 2850,
    'New Salary': 5000,
    x: null
  },
  {
    ename: 'crow',
    gender: 'male',
    canVote: true,
    canDrive: true,
    job: 'salesman',
    salary: 3200,
    commission: null,
    'Gross Salary': null,
    'New Salary': 6400,
    x: null
  },
  {
    ename: 'vasant',
    gender: 'male',
    canVote: true,
    canDrive: true,
    job: 'salesman',
    salary: 2200,
    commission: 0,
    'Gross Salary': 2200,
    'New Salary': 4400,
    x: null
  },
  {
    ename: 'bob',
    gender: 'male',
    canVote: true,
    canDrive: true,
    job: 'manager',
    salary: 4900,
    commission: null,
    'Gross Salary': null,
    'New Salary': 9800,
    x: null
  },
  {
    ename: 'vasu',
    gender: 'male',
    canVote: true,
    canDrive: true,
    job: 'salesman',
    salary: 2200,
    commission: 250,
    'Gross Salary': 2450,
    'New Salary': 4400,
    x: null
  }
]
primaryDB> edit
Opening an editor...

primaryDB> db.emp.aggregate([{ $match: { $or: [{ job: 'manager' }, { job: 'salesman' }] } }, { $project: { _id: 0, ename: true, job: true, gender: true, canVote: 1, canDrive: 1, salary: '$sal', commission: '$comm', "Gross Salary": { $add: ['$sal', '$comm'] }, "New Salary": { $multiply: ["$sal", 2] }, x: { $multiply: [{ $add: ["Gross Salary", 10] }, 7] } } }])
MongoServerError: Failed to optimize pipeline :: caused by :: $add only supports numeric or date types, not string
primaryDB> edit
Opening an editor...

primaryDB> db.emp.aggregate([{ $match: { $or: [{ job: 'manager' }, { job: 'salesman' }] } }, { $project: { _id: 0, ename: true, job: true, salary: '$sal', commission: '$comm', }, { $addField:{ "Gross Salary:['$sal', '$comm']  }  } }])
Uncaught:
SyntaxError: Unexpected token (1:168)

> 1 | db.emp.aggregate([{ $match: { $or: [{ job: 'manager' }, { job: 'salesman' }] } }, { $project: { _id: 0, ename: true, job: true, salary: '$sal', commission: '$comm', }, { $addField:{ "Gross Salary:['$sal', '$comm']  }  } }])
    |                                                                                                                                                                         ^
  2 |

primaryDB>

primaryDB> edit
Opening an editor...

primaryDB> db.emp.aggregate([{ $match: { $or: [{ job: 'manager' }, { job: 'salesman' }] } }, { $project: { _id: 0, ename: true, job: true, salary: '$sal', commission: '$comm' } }])
[
  { ename: 'smith', job: 'manager', salary: 3400, commission: null },
  { ename: 'james', job: 'manager', salary: 4700, commission: null },
  { ename: 'martin', job: 'salesman', salary: 2900, commission: 735 },
  { ename: 'scott', job: 'salesman', salary: 2500, commission: 350 },
  { ename: 'crow', job: 'salesman', salary: 3200, commission: null },
  { ename: 'vasant', job: 'salesman', salary: 2200, commission: 0 },
  { ename: 'bob', job: 'manager', salary: 4900, commission: null },
  { ename: 'vasu', job: 'salesman', salary: 2200, commission: 250 }
]
primaryDB> edit
Opening an editor...

primaryDB> db.emp.aggregate([{ $match: { $or: [{ job: 'manager' }, { job: 'salesman' }] } }, { $project: { _id: 0, ename: true, job: true, salary: '$sal', commission: '$comm' } }, { $addFields: { x: { $add: ['$sal', '$comm'] } } }])
[
  {
    ename: 'smith',
    job: 'manager',
    salary: 3400,
    commission: null,
    x: null
  },
  {
    ename: 'james',
    job: 'manager',
    salary: 4700,
    commission: null,
    x: null
  },
  {
    ename: 'martin',
    job: 'salesman',
    salary: 2900,
    commission: 735,
    x: null
  },
  {
    ename: 'scott',
    job: 'salesman',
    salary: 2500,
    commission: 350,
    x: null
  },
  {
    ename: 'crow',
    job: 'salesman',
    salary: 3200,
    commission: null,
    x: null
  },
  {
    ename: 'vasant',
    job: 'salesman',
    salary: 2200,
    commission: 0,
    x: null
  },
  {
    ename: 'bob',
    job: 'manager',
    salary: 4900,
    commission: null,
    x: null
  },
  {
    ename: 'vasu',
    job: 'salesman',
    salary: 2200,
    commission: 250,
    x: null
  }
]
primaryDB> edit
Opening an editor...

primaryDB> db.emp.aggregate([{ $match: { $or: [{ job: 'manager' }, { job: 'salesman' }] } }, { $project: { _id: 0, ename: true, job: true, salary: '$sal', commission: '$comm' } }, { $addFields: { x: { $add: ['$salary', '$commission'] } } }])
[
  {
    ename: 'smith',
    job: 'manager',
    salary: 3400,
    commission: null,
    x: null
  },
  {
    ename: 'james',
    job: 'manager',
    salary: 4700,
    commission: null,
    x: null
  },
  {
    ename: 'martin',
    job: 'salesman',
    salary: 2900,
    commission: 735,
    x: 3635
  },
  {
    ename: 'scott',
    job: 'salesman',
    salary: 2500,
    commission: 350,
    x: 2850
  },
  {
    ename: 'crow',
    job: 'salesman',
    salary: 3200,
    commission: null,
    x: null
  },
  {
    ename: 'vasant',
    job: 'salesman',
    salary: 2200,
    commission: 0,
    x: 2200
  },
  {
    ename: 'bob',
    job: 'manager',
    salary: 4900,
    commission: null,
    x: null
  },
  {
    ename: 'vasu',
    job: 'salesman',
    salary: 2200,
    commission: 250,
    x: 2450
  }
]
primaryDB> edit
Opening an editor...

primaryDB> db.emp.aggregate([{ $match: { $or: [{ job: 'manager' }, { job: 'salesman' }] } }, { $project: { _id: 0, ename: true, job: true, salary: '$sal', commission: '$comm' } }, { $addFields: { x: { $add: ['$salary', '$commission'] }, y: { $add: ['$x', 1000] } } }])
[
  {
    ename: 'smith',
    job: 'manager',
    salary: 3400,
    commission: null,
    x: null,
    y: null
  },
  {
    ename: 'james',
    job: 'manager',
    salary: 4700,
    commission: null,
    x: null,
    y: null
  },
  {
    ename: 'martin',
    job: 'salesman',
    salary: 2900,
    commission: 735,
    x: 3635,
    y: null
  },
  {
    ename: 'scott',
    job: 'salesman',
    salary: 2500,
    commission: 350,
    x: 2850,
    y: null
  },
  {
    ename: 'crow',
    job: 'salesman',
    salary: 3200,
    commission: null,
    x: null,
    y: null
  },
  {
    ename: 'vasant',
    job: 'salesman',
    salary: 2200,
    commission: 0,
    x: 2200,
    y: null
  },
  {
    ename: 'bob',
    job: 'manager',
    salary: 4900,
    commission: null,
    x: null,
    y: null
  },
  {
    ename: 'vasu',
    job: 'salesman',
    salary: 2200,
    commission: 250,
    x: 2450,
    y: null
  }
]
primaryDB> edit
Opening an editor...

primaryDB> db.emp.aggregate([{ $match: { $or: [{ job: 'manager' }, { job: 'salesman' }] } }, { $project: { _id: 0, ename: true, job: true, salary: '$sal', commission: '$comm' } }, { $addFields: { x: { $add: ['$salary', '$commission'] } } }, { $addFields: { y: { $add: ['$x', 1000] } } }])
[
  {
    ename: 'smith',
    job: 'manager',
    salary: 3400,
    commission: null,
    x: null,
    y: null
  },
  {
    ename: 'james',
    job: 'manager',
    salary: 4700,
    commission: null,
    x: null,
    y: null
  },
  {
    ename: 'martin',
    job: 'salesman',
    salary: 2900,
    commission: 735,
    x: 3635,
    y: 4635
  },
  {
    ename: 'scott',
    job: 'salesman',
    salary: 2500,
    commission: 350,
    x: 2850,
    y: 3850
  },
  {
    ename: 'crow',
    job: 'salesman',
    salary: 3200,
    commission: null,
    x: null,
    y: null
  },
  {
    ename: 'vasant',
    job: 'salesman',
    salary: 2200,
    commission: 0,
    x: 2200,
    y: 3200
  },
  {
    ename: 'bob',
    job: 'manager',
    salary: 4900,
    commission: null,
    x: null,
    y: null
  },
  {
    ename: 'vasu',
    job: 'salesman',
    salary: 2200,
    commission: 250,
    x: 2450,
    y: 3450
  }
]
primaryDB> edit
Opening an editor...

primaryDB> db.emp.aggregate([{ $match: { $or: [{ job: 'manager' }, { job: 'salesman' }] } }, { $project: { _id: 0, ename: true, job: true, salary: '$sal', commission: '$comm' } }, { $addFields: { x: { $add: ['$salary', '$commission'] } } }, { $addFields: { y: { $multiply: ['$x', 2] } } }])
[
  {
    ename: 'smith',
    job: 'manager',
    salary: 3400,
    commission: null,
    x: null,
    y: null
  },
  {
    ename: 'james',
    job: 'manager',
    salary: 4700,
    commission: null,
    x: null,
    y: null
  },
  {
    ename: 'martin',
    job: 'salesman',
    salary: 2900,
    commission: 735,
    x: 3635,
    y: 7270
  },
  {
    ename: 'scott',
    job: 'salesman',
    salary: 2500,
    commission: 350,
    x: 2850,
    y: 5700
  },
  {
    ename: 'crow',
    job: 'salesman',
    salary: 3200,
    commission: null,
    x: null,
    y: null
  },
  {
    ename: 'vasant',
    job: 'salesman',
    salary: 2200,
    commission: 0,
    x: 2200,
    y: 4400
  },
  {
    ename: 'bob',
    job: 'manager',
    salary: 4900,
    commission: null,
    x: null,
    y: null
  },
  {
    ename: 'vasu',
    job: 'salesman',
    salary: 2200,
    commission: 250,
    x: 2450,
    y: 4900
  }
]
primaryDB> edit
Opening an editor...

primaryDB> db.emp.aggregate([{ $match: { $or: [{ job: 'manager' }, { job: 'salesman' }] } }, { $project: { _id: 0, ename: true, job: true, "Gross Salary": '$sal', commission: '$comm' } }, { $addFields: { x: { $add: ['$"Gross Salary"', '$commission'] } } }, { $addFields: { y: { $multiply: ['$x', 2] } } }])
[
  {
    ename: 'smith',
    job: 'manager',
    'Gross Salary': 3400,
    commission: null,
    x: null,
    y: null
  },
  {
    ename: 'james',
    job: 'manager',
    'Gross Salary': 4700,
    commission: null,
    x: null,
    y: null
  },
  {
    ename: 'martin',
    job: 'salesman',
    'Gross Salary': 2900,
    commission: 735,
    x: null,
    y: null
  },
  {
    ename: 'scott',
    job: 'salesman',
    'Gross Salary': 2500,
    commission: 350,
    x: null,
    y: null
  },
  {
    ename: 'crow',
    job: 'salesman',
    'Gross Salary': 3200,
    commission: null,
    x: null,
    y: null
  },
  {
    ename: 'vasant',
    job: 'salesman',
    'Gross Salary': 2200,
    commission: 0,
    x: null,
    y: null
  },
  {
    ename: 'bob',
    job: 'manager',
    'Gross Salary': 4900,
    commission: null,
    x: null,
    y: null
  },
  {
    ename: 'vasu',
    job: 'salesman',
    'Gross Salary': 2200,
    commission: 250,
    x: null,
    y: null
  }
]
primaryDB> edit
Opening an editor...

primaryDB> db.emp.aggregate([{ $match: { $or: [{ job: 'manager' }, { job: 'salesman' }] } }, { $project: { _id: 0, ename: true, job: true, "Gross Salary": '$sal', commission: '$comm' } }, { $addFields: { x: { $add: ["$Gross Salary", '$commission'] } } }, { $addFields: { y: { $multiply: ['$x', 2] } } }])
[
  {
    ename: 'smith',
    job: 'manager',
    'Gross Salary': 3400,
    commission: null,
    x: null,
    y: null
  },
  {
    ename: 'james',
    job: 'manager',
    'Gross Salary': 4700,
    commission: null,
    x: null,
    y: null
  },
  {
    ename: 'martin',
    job: 'salesman',
    'Gross Salary': 2900,
    commission: 735,
    x: 3635,
    y: 7270
  },
  {
    ename: 'scott',
    job: 'salesman',
    'Gross Salary': 2500,
    commission: 350,
    x: 2850,
    y: 5700
  },
  {
    ename: 'crow',
    job: 'salesman',
    'Gross Salary': 3200,
    commission: null,
    x: null,
    y: null
  },
  {
    ename: 'vasant',
    job: 'salesman',
    'Gross Salary': 2200,
    commission: 0,
    x: 2200,
    y: 4400
  },
  {
    ename: 'bob',
    job: 'manager',
    'Gross Salary': 4900,
    commission: null,
    x: null,
    y: null
  },
  {
    ename: 'vasu',
    job: 'salesman',
    'Gross Salary': 2200,
    commission: 250,
    x: 2450,
    y: 4900
  }
]
primaryDB> edit
Opening an editor...

primaryDB> db.emp.aggregate([{ $match: { $or: [{ job: 'manager' }, { job: 'salesman' }] } }, { $project: { _id: 0, ename: true, job: true, "Gross Salary": '$sal', commission: '$comm' } }, { $addFields: { x: { $add: ["$Gross Salary", '$commission'] } } }, { $addFields: { y: { $multiply: ['$x', 2] } } }])
[
  {
    ename: 'smith',
    job: 'manager',
    'Gross Salary': 3400,
    commission: null,
    x: null,
    y: null
  },
  {
    ename: 'james',
    job: 'manager',
    'Gross Salary': 4700,
    commission: null,
    x: null,
    y: null
  },
  {
    ename: 'martin',
    job: 'salesman',
    'Gross Salary': 2900,
    commission: 735,
    x: 3635,
    y: 7270
  },
  {
    ename: 'scott',
    job: 'salesman',
    'Gross Salary': 2500,
    commission: 350,
    x: 2850,
    y: 5700
  },
  {
    ename: 'crow',
    job: 'salesman',
    'Gross Salary': 3200,
    commission: null,
    x: null,
    y: null
  },
  {
    ename: 'vasant',
    job: 'salesman',
    'Gross Salary': 2200,
    commission: 0,
    x: 2200,
    y: 4400
  },
  {
    ename: 'bob',
    job: 'manager',
    'Gross Salary': 4900,
    commission: null,
    x: null,
    y: null
  },
  {
    ename: 'vasu',
    job: 'salesman',
    'Gross Salary': 2200,
    commission: 250,
    x: 2450,
    y: 4900
  }
]
primaryDB>

primaryDB>

primaryDB>

primaryDB> db.emp.aggregate([{$project: {sal:1, comm:1, _id:0}}])
[
  { sal: 3400, comm: null },
  { sal: 4700, comm: null },
  { sal: 5000, comm: null },
  { sal: 2700, comm: null },
  { sal: 2900, comm: 735 },
  { sal: 2500, comm: 350 },
  { sal: 3200, comm: null },
  { sal: 1200, comm: null },
  { sal: 2900, comm: null },
  { sal: 1500, comm: null },
  { sal: 3500, comm: null },
  { sal: 4999, comm: null },
  { sal: 4999, comm: null },
  { sal: 2200, comm: 0 },
  { sal: 4900, comm: null },
  { sal: 1200, comm: null },
  { sal: 2200, comm: 250 },
  { sal: 3400, comm: null },
  { sal: 1400, comm: null },
  { sal: 3700, comm: null }
]
Type "it" for more
primaryDB> edit db.emp.aggregate([{$project: {sal:1, comm:1, _id:0}}])
Opening an editor...

primaryDB> db.emp.aggregate([{ $project: { sal: 1, comm: 1, _id: 0 } }, { $addFields: { x: { $ifNull: ['$comm', 0] } } }])
[
  { sal: 3400, comm: null, x: 0 },
  { sal: 4700, comm: null, x: 0 },
  { sal: 5000, comm: null, x: 0 },
  { sal: 2700, comm: null, x: 0 },
  { sal: 2900, comm: 735, x: 735 },
  { sal: 2500, comm: 350, x: 350 },
  { sal: 3200, comm: null, x: 0 },
  { sal: 1200, comm: null, x: 0 },
  { sal: 2900, comm: null, x: 0 },
  { sal: 1500, comm: null, x: 0 },
  { sal: 3500, comm: null, x: 0 },
  { sal: 4999, comm: null, x: 0 },
  { sal: 4999, comm: null, x: 0 },
  { sal: 2200, comm: 0, x: 0 },
  { sal: 4900, comm: null, x: 0 },
  { sal: 1200, comm: null, x: 0 },
  { sal: 2200, comm: 250, x: 250 },
  { sal: 3400, comm: null, x: 0 },
  { sal: 1400, comm: null, x: 0 },
  { sal: 3700, comm: null, x: 0 }
]
Type "it" for more
primaryDB> edit
Opening an editor...

primaryDB> db.emp.aggregate([{ $project: { sal: 1, comm: 1, _id: 0, ename: true } }, { $addFields: { x: { $ifNull: ['$comm', 0] } } }])
[
  { ename: 'smith', sal: 3400, comm: null, x: 0 },
  { ename: 'james', sal: 4700, comm: null, x: 0 },
  { ename: 'king', sal: 5000, comm: null, x: 0 },
  { ename: 'jack', sal: 2700, comm: null, x: 0 },
  { ename: 'martin', sal: 2900, comm: 735, x: 735 },
  { ename: 'scott', sal: 2500, comm: 350, x: 350 },
  { ename: 'crow', sal: 3200, comm: null, x: 0 },
  { ename: 'blake', sal: 1200, comm: null, x: 0 },
  { ename: 'saleel', sal: 2900, comm: null, x: 0 },
  { ename: 'richards', sal: 1500, comm: null, x: 0 },
  { ename: 'peter', sal: 3500, comm: null, x: 0 },
  { ename: 'vrushali', sal: 4999, comm: null, x: 0 },
  { ename: 'sharmin', sal: 4999, comm: null, x: 0 },
  { ename: 'vasant', sal: 2200, comm: 0, x: 0 },
  { ename: 'bob', sal: 4900, comm: null, x: 0 },
  { ename: 'rahul', sal: 1200, comm: null, x: 0 },
  { ename: 'vasu', sal: 2200, comm: 250, x: 250 },
  { ename: 'raju', sal: 3400, comm: null, x: 0 },
  { ename: 'ramu', sal: 1400, comm: null, x: 0 },
  { ename: 'saleel', sal: 3700, comm: null, x: 0 }
]
Type "it" for more
primaryDB> edit
Opening an editor...

primaryDB> db.emp.aggregate([{ $project: { sal: 1, comm: 1, _id: 0, ename: true, "Upper Names": { $toUpper: "$ename" } } }, { $addFields: { x: { $ifNull: ['$comm', 0] } } }])
[
  {
    ename: 'smith',
    sal: 3400,
    comm: null,
    'Upper Names': 'SMITH',
    x: 0
  },
  {
    ename: 'james',
    sal: 4700,
    comm: null,
    'Upper Names': 'JAMES',
    x: 0
  },
  { ename: 'king', sal: 5000, comm: null, 'Upper Names': 'KING', x: 0 },
  { ename: 'jack', sal: 2700, comm: null, 'Upper Names': 'JACK', x: 0 },
  {
    ename: 'martin',
    sal: 2900,
    comm: 735,
    'Upper Names': 'MARTIN',
    x: 735
  },
  {
    ename: 'scott',
    sal: 2500,
    comm: 350,
    'Upper Names': 'SCOTT',
    x: 350
  },
  { ename: 'crow', sal: 3200, comm: null, 'Upper Names': 'CROW', x: 0 },
  {
    ename: 'blake',
    sal: 1200,
    comm: null,
    'Upper Names': 'BLAKE',
    x: 0
  },
  {
    ename: 'saleel',
    sal: 2900,
    comm: null,
    'Upper Names': 'SALEEL',
    x: 0
  },
  {
    ename: 'richards',
    sal: 1500,
    comm: null,
    'Upper Names': 'RICHARDS',
    x: 0
  },
  {
    ename: 'peter',
    sal: 3500,
    comm: null,
    'Upper Names': 'PETER',
    x: 0
  },
  {
    ename: 'vrushali',
    sal: 4999,
    comm: null,
    'Upper Names': 'VRUSHALI',
    x: 0
  },
  {
    ename: 'sharmin',
    sal: 4999,
    comm: null,
    'Upper Names': 'SHARMIN',
    x: 0
  },
  {
    ename: 'vasant',
    sal: 2200,
    comm: 0,
    'Upper Names': 'VASANT',
    x: 0
  },
  { ename: 'bob', sal: 4900, comm: null, 'Upper Names': 'BOB', x: 0 },
  {
    ename: 'rahul',
    sal: 1200,
    comm: null,
    'Upper Names': 'RAHUL',
    x: 0
  },
  {
    ename: 'vasu',
    sal: 2200,
    comm: 250,
    'Upper Names': 'VASU',
    x: 250
  },
  { ename: 'raju', sal: 3400, comm: null, 'Upper Names': 'RAJU', x: 0 },
  { ename: 'ramu', sal: 1400, comm: null, 'Upper Names': 'RAMU', x: 0 },
  {
    ename: 'saleel',
    sal: 3700,
    comm: null,
    'Upper Names': 'SALEEL',
    x: 0
  }
]
Type "it" for more
primaryDB> edit
Opening an editor...

primaryDB> db.emp.aggregate([{ $project: { sal: 1, comm: 1, _id: 0, ename: true, "Upper Names": { $toUpper: "$ename" } } }, { $addFields: { x: { $ifNull: ['$comm', -1] } } }, { $match: { x: { $gt: -1 } } }])
[
  {
    ename: 'martin',
    sal: 2900,
    comm: 735,
    'Upper Names': 'MARTIN',
    x: 735
  },
  {
    ename: 'scott',
    sal: 2500,
    comm: 350,
    'Upper Names': 'SCOTT',
    x: 350
  },
  {
    ename: 'vasant',
    sal: 2200,
    comm: 0,
    'Upper Names': 'VASANT',
    x: 0
  },
  {
    ename: 'vasu',
    sal: 2200,
    comm: 250,
    'Upper Names': 'VASU',
    x: 250
  },
  {
    ename: 'neel',
    sal: 1800,
    comm: 1400,
    'Upper Names': 'NEEL',
    x: 1400
  },
  {
    ename: 'nitish',
    sal: 1300,
    comm: 1200,
    'Upper Names': 'NITISH',
    x: 1200
  },
  {
    ename: 'anoop',
    sal: 2300,
    comm: 1200,
    'Upper Names': 'ANOOP',
    x: 1200
  },
  {
    ename: 'gita',
    sal: 2150,
    comm: 750,
    'Upper Names': 'GITA',
    x: 750
  },
  {
    ename: 'sita',
    sal: 3755,
    comm: 750,
    'Upper Names': 'SITA',
    x: 750
  }
]
primaryDB> edit
Opening an editor...

primaryDB> db.emp.aggregate([{ $project: { sal: 1, comm: 1, _id: 0, ename: true, "Upper Names": { $toUpper: "$ename" } } }, { $match: { comm: null } }])edit
Uncaught:
SyntaxError: Missing semicolon. (1:141)

> 1 | db.emp.aggregate([{ $project: { sal: 1, comm: 1, _id: 0, ename: true, "Upper Names": { $toUpper: "$ename" } } }, { $match: { comm: null } }])edit
    |                                                                                                                                              ^
  2 |

primaryDB> edit
Opening an editor...

primaryDB> db.emp.aggregate([{ $project: { sal: 1, comm: 1, _id: 0, ename: true, "Upper Names": { $toUpper: "$ename" } } }, { $match: { comm: null } }]);
[
  { ename: 'smith', sal: 3400, comm: null, 'Upper Names': 'SMITH' },
  { ename: 'james', sal: 4700, comm: null, 'Upper Names': 'JAMES' },
  { ename: 'king', sal: 5000, comm: null, 'Upper Names': 'KING' },
  { ename: 'jack', sal: 2700, comm: null, 'Upper Names': 'JACK' },
  { ename: 'crow', sal: 3200, comm: null, 'Upper Names': 'CROW' },
  { ename: 'blake', sal: 1200, comm: null, 'Upper Names': 'BLAKE' },
  { ename: 'saleel', sal: 2900, comm: null, 'Upper Names': 'SALEEL' },
  {
    ename: 'richards',
    sal: 1500,
    comm: null,
    'Upper Names': 'RICHARDS'
  },
  { ename: 'peter', sal: 3500, comm: null, 'Upper Names': 'PETER' },
  {
    ename: 'vrushali',
    sal: 4999,
    comm: null,
    'Upper Names': 'VRUSHALI'
  },
  { ename: 'sharmin', sal: 4999, comm: null, 'Upper Names': 'SHARMIN' },
  { ename: 'bob', sal: 4900, comm: null, 'Upper Names': 'BOB' },
  { ename: 'rahul', sal: 1200, comm: null, 'Upper Names': 'RAHUL' },
  { ename: 'raju', sal: 3400, comm: null, 'Upper Names': 'RAJU' },
  { ename: 'ramu', sal: 1400, comm: null, 'Upper Names': 'RAMU' },
  { ename: 'saleel', sal: 3700, comm: null, 'Upper Names': 'SALEEL' },
  { ename: 'neel', sal: 4200, comm: null, 'Upper Names': 'NEEL' },
  { ename: 'amit', sal: 3500, comm: null, 'Upper Names': 'AMIT' },
  { ename: 'dinesh', sal: 3500, comm: null, 'Upper Names': 'DINESH' },
  { ename: 'amit', sal: 3500, comm: null, 'Upper Names': 'AMIT' }
]
Type "it" for more
primaryDB> edit
Opening an editor...

primaryDB> db.emp.aggregate([{ $project: { sal: 1, comm: 1, _id: 0, ename: true, "Upper Names": { $toUpper: "$ename" } } }, { $match: { ifNull:['$comm', -1]: {$gt:-1} } }])
Uncaught:
SyntaxError: Unexpected token, expected "," (1:145)

> 1 | db.emp.aggregate([{ $project: { sal: 1, comm: 1, _id: 0, ename: true, "Upper Names": { $toUpper: "$ename" } } }, { $match: { ifNull:['$comm', -1]: {$gt:-1} } }])
    |                                                                                                                                                  ^
  2 |

primaryDB> edit
Opening an editor...

primaryDB> db.emp.aggregate([{ $project: { sal: 1, comm: 1, _id: 0, ename: true, "Upper Names": { $toUpper: "$ename" } } }, { $match: { $ifNull: ['$comm', -1]: { $gt: -1 } } }])
Uncaught:
SyntaxError: Unexpected token, expected "," (1:147)

> 1 | db.emp.aggregate([{ $project: { sal: 1, comm: 1, _id: 0, ename: true, "Upper Names": { $toUpper: "$ename" } } }, { $match: { $ifNull: ['$comm', -1]: { $gt: -1 } } }])
    |                                                                                                                                                    ^
  2 |

primaryDB> edit
Opening an editor...

primaryDB> db.emp.aggregate([{ $project: { sal: 1, comm: 1, _id: 0, ename: true, "Upper Names": { $toUpper: "$ename" } } }, { $match: { { $ifNull: ['$comm', -1]}: { $gt: -1 } } }])
Uncaught:
SyntaxError: Unexpected token (1:125)

> 1 | db.emp.aggregate([{ $project: { sal: 1, comm: 1, _id: 0, ename: true, "Upper Names": { $toUpper: "$ename" } } }, { $match: { { $ifNull: ['$comm', -1]}: { $gt: -1 } } }])
    |                                                                                                                              ^
  2 |

primaryDB> edit
Opening an editor...

primaryDB> db.emp.aggregate([{ $project: { sal: 1, comm: 1, _id: 0, ename: true, "Upper Names": { $toUpper: "$ename" } } }, { $match: { x: { $ifNull: ['$comm', -1] }: { $gt: -1 } } }])
Uncaught:
SyntaxError: Unexpected token, expected "," (1:154)

> 1 | db.emp.aggregate([{ $project: { sal: 1, comm: 1, _id: 0, ename: true, "Upper Names": { $toUpper: "$ename" } } }, { $match: { x: { $ifNull: ['$comm', -1] }: { $gt: -1 } } }])
    |                                                                                                                                                           ^
  2 |

primaryDB> edit
Opening an editor...

primaryDB> db.emp.aggregate([{ $project: { sal: 1, comm: 1, _id: 0, ename: true, "Upper Names": { $toUpper: "$ename" } } }, { $match: { $ifNull: ['$comm', -1] :-1 } }])
Uncaught:
SyntaxError: Unexpected token, expected "," (1:148)

> 1 | db.emp.aggregate([{ $project: { sal: 1, comm: 1, _id: 0, ename: true, "Upper Names": { $toUpper: "$ename" } } }, { $match: { $ifNull: ['$comm', -1] :-1 } }])
    |                                                                                                                                                     ^
  2 |

primaryDB> edit
Opening an editor...

primaryDB> db.emp.aggregate([{ $project: { sal: 1, comm: 1, _id: 0, ename: true, "Upper Names": { $toUpper: "$ename" }, xx: { $ifNull: ['$comm', -1] } } }])
[
  {
    ename: 'smith',
    sal: 3400,
    comm: null,
    'Upper Names': 'SMITH',
    x: -1
  },
  {
    ename: 'james',
    sal: 4700,
    comm: null,
    'Upper Names': 'JAMES',
    x: -1
  },
  {
    ename: 'king',
    sal: 5000,
    comm: null,
    'Upper Names': 'KING',
    x: -1
  },
  {
    ename: 'jack',
    sal: 2700,
    comm: null,
    'Upper Names': 'JACK',
    x: -1
  },
  {
    ename: 'martin',
    sal: 2900,
    comm: 735,
    'Upper Names': 'MARTIN',
    x: 735
  },
  {
    ename: 'scott',
    sal: 2500,
    comm: 350,
    'Upper Names': 'SCOTT',
    x: 350
  },
  {
    ename: 'crow',
    sal: 3200,
    comm: null,
    'Upper Names': 'CROW',
    x: -1
  },
  {
    ename: 'blake',
    sal: 1200,
    comm: null,
    'Upper Names': 'BLAKE',
    x: -1
  },
  {
    ename: 'saleel',
    sal: 2900,
    comm: null,
    'Upper Names': 'SALEEL',
    x: -1
  },
  {
    ename: 'richards',
    sal: 1500,
    comm: null,
    'Upper Names': 'RICHARDS',
    x: -1
  },
  {
    ename: 'peter',
    sal: 3500,
    comm: null,
    'Upper Names': 'PETER',
    x: -1
  },
  {
    ename: 'vrushali',
    sal: 4999,
    comm: null,
    'Upper Names': 'VRUSHALI',
    x: -1
  },
  {
    ename: 'sharmin',
    sal: 4999,
    comm: null,
    'Upper Names': 'SHARMIN',
    x: -1
  },
  {
    ename: 'vasant',
    sal: 2200,
    comm: 0,
    'Upper Names': 'VASANT',
    x: 0
  },
  { ename: 'bob', sal: 4900, comm: null, 'Upper Names': 'BOB', x: -1 },
  {
    ename: 'rahul',
    sal: 1200,
    comm: null,
    'Upper Names': 'RAHUL',
    x: -1
  },
  {
    ename: 'vasu',
    sal: 2200,
    comm: 250,
    'Upper Names': 'VASU',
    x: 250
  },
  {
    ename: 'raju',
    sal: 3400,
    comm: null,
    'Upper Names': 'RAJU',
    x: -1
  },
  {
    ename: 'ramu',
    sal: 1400,
    comm: null,
    'Upper Names': 'RAMU',
    x: -1
  },
  {
    ename: 'saleel',
    sal: 3700,
    comm: null,
    'Upper Names': 'SALEEL',
    x: -1
  }
]
Type "it" for more
primaryDB> edit
Opening an editor...

primaryDB> db.emp.aggregate([{ $project: { sal: 1, comm: 1, _id: 0, ename: true, "Upper Names": { $toUpper: "$ename" }, xx: { $ifNull: ['$comm', 0] } } }])
[
  {
    ename: 'smith',
    sal: 3400,
    comm: null,
    'Upper Names': 'SMITH',
    x: 0
  },
  {
    ename: 'james',
    sal: 4700,
    comm: null,
    'Upper Names': 'JAMES',
    x: 0
  },
  { ename: 'king', sal: 5000, comm: null, 'Upper Names': 'KING', x: 0 },
  { ename: 'jack', sal: 2700, comm: null, 'Upper Names': 'JACK', x: 0 },
  {
    ename: 'martin',
    sal: 2900,
    comm: 735,
    'Upper Names': 'MARTIN',
    x: 735
  },
  {
    ename: 'scott',
    sal: 2500,
    comm: 350,
    'Upper Names': 'SCOTT',
    x: 350
  },
  { ename: 'crow', sal: 3200, comm: null, 'Upper Names': 'CROW', x: 0 },
  {
    ename: 'blake',
    sal: 1200,
    comm: null,
    'Upper Names': 'BLAKE',
    x: 0
  },
  {
    ename: 'saleel',
    sal: 2900,
    comm: null,
    'Upper Names': 'SALEEL',
    x: 0
  },
  {
    ename: 'richards',
    sal: 1500,
    comm: null,
    'Upper Names': 'RICHARDS',
    x: 0
  },
  {
    ename: 'peter',
    sal: 3500,
    comm: null,
    'Upper Names': 'PETER',
    x: 0
  },
  {
    ename: 'vrushali',
    sal: 4999,
    comm: null,
    'Upper Names': 'VRUSHALI',
    x: 0
  },
  {
    ename: 'sharmin',
    sal: 4999,
    comm: null,
    'Upper Names': 'SHARMIN',
    x: 0
  },
  {
    ename: 'vasant',
    sal: 2200,
    comm: 0,
    'Upper Names': 'VASANT',
    x: 0
  },
  { ename: 'bob', sal: 4900, comm: null, 'Upper Names': 'BOB', x: 0 },
  {
    ename: 'rahul',
    sal: 1200,
    comm: null,
    'Upper Names': 'RAHUL',
    x: 0
  },
  {
    ename: 'vasu',
    sal: 2200,
    comm: 250,
    'Upper Names': 'VASU',
    x: 250
  },
  { ename: 'raju', sal: 3400, comm: null, 'Upper Names': 'RAJU', x: 0 },
  { ename: 'ramu', sal: 1400, comm: null, 'Upper Names': 'RAMU', x: 0 },
  {
    ename: 'saleel',
    sal: 3700,
    comm: null,
    'Upper Names': 'SALEEL',
    x: 0
  }
]
Type "it" for more
primaryDB> edit
Opening an editor...

primaryDB> db.emp.aggregate([{ $project: { sal: 1, comm: 1, _id: 0, ename: true, "Upper Names": { $toUpper: "$ename" }, xx: { $ifNull: ['$comm', 0] } } }])
[
  {
    ename: 'smith',
    sal: 3400,
    comm: null,
    'Upper Names': 'SMITH',
    x: 0
  },
  {
    ename: 'james',
    sal: 4700,
    comm: null,
    'Upper Names': 'JAMES',
    x: 0
  },
  { ename: 'king', sal: 5000, comm: null, 'Upper Names': 'KING', x: 0 },
  { ename: 'jack', sal: 2700, comm: null, 'Upper Names': 'JACK', x: 0 },
  {
    ename: 'martin',
    sal: 2900,
    comm: 735,
    'Upper Names': 'MARTIN',
    x: 735
  },
  {
    ename: 'scott',
    sal: 2500,
    comm: 350,
    'Upper Names': 'SCOTT',
    x: 350
  },
  { ename: 'crow', sal: 3200, comm: null, 'Upper Names': 'CROW', x: 0 },
  {
    ename: 'blake',
    sal: 1200,
    comm: null,
    'Upper Names': 'BLAKE',
    x: 0
  },
  {
    ename: 'saleel',
    sal: 2900,
    comm: null,
    'Upper Names': 'SALEEL',
    x: 0
  },
  {
    ename: 'richards',
    sal: 1500,
    comm: null,
    'Upper Names': 'RICHARDS',
    x: 0
  },
  {
    ename: 'peter',
    sal: 3500,
    comm: null,
    'Upper Names': 'PETER',
    x: 0
  },
  {
    ename: 'vrushali',
    sal: 4999,
    comm: null,
    'Upper Names': 'VRUSHALI',
    x: 0
  },
  {
    ename: 'sharmin',
    sal: 4999,
    comm: null,
    'Upper Names': 'SHARMIN',
    x: 0
  },
  {
    ename: 'vasant',
    sal: 2200,
    comm: 0,
    'Upper Names': 'VASANT',
    x: 0
  },
  { ename: 'bob', sal: 4900, comm: null, 'Upper Names': 'BOB', x: 0 },
  {
    ename: 'rahul',
    sal: 1200,
    comm: null,
    'Upper Names': 'RAHUL',
    x: 0
  },
  {
    ename: 'vasu',
    sal: 2200,
    comm: 250,
    'Upper Names': 'VASU',
    x: 250
  },
  { ename: 'raju', sal: 3400, comm: null, 'Upper Names': 'RAJU', x: 0 },
  { ename: 'ramu', sal: 1400, comm: null, 'Upper Names': 'RAMU', x: 0 },
  {
    ename: 'saleel',
    sal: 3700,
    comm: null,
    'Upper Names': 'SALEEL',
    x: 0
  }
]
Type "it" for more
primaryDB> edit
Opening an editor...

primaryDB> db.emp.aggregate([{ $project: { sal: 1, comm: 1, _id: 0, ename: true, "Upper Names": { $toUpper: "$ename" }, xx: { $ifNull: ['$comm', 0] } } }, { $match: { x: { $gt: 0 } } }])
[
  {
    ename: 'martin',
    sal: 2900,
    comm: 735,
    'Upper Names': 'MARTIN',
    x: 735
  },
  {
    ename: 'scott',
    sal: 2500,
    comm: 350,
    'Upper Names': 'SCOTT',
    x: 350
  },
  {
    ename: 'vasu',
    sal: 2200,
    comm: 250,
    'Upper Names': 'VASU',
    x: 250
  },
  {
    ename: 'neel',
    sal: 1800,
    comm: 1400,
    'Upper Names': 'NEEL',
    x: 1400
  },
  {
    ename: 'nitish',
    sal: 1300,
    comm: 1200,
    'Upper Names': 'NITISH',
    x: 1200
  },
  {
    ename: 'anoop',
    sal: 2300,
    comm: 1200,
    'Upper Names': 'ANOOP',
    x: 1200
  },
  {
    ename: 'gita',
    sal: 2150,
    comm: 750,
    'Upper Names': 'GITA',
    x: 750
  },
  {
    ename: 'sita',
    sal: 3755,
    comm: 750,
    'Upper Names': 'SITA',
    x: 750
  }
]
primaryDB>

primaryDB>

primaryDB>

primaryDB> edit
Opening an editor...

primaryDB> db.emp.aggregate([{ $project: { sal: 1, comm: 1, _id: 0, ename: true, "Upper Names": { $toUpper: "$ename" }, xx: { $ifNull: ['$comm', 0] } } }, { $match: { x: { $gt: 0 } } }])
[
  {
    ename: 'martin',
    sal: 2900,
    comm: 735,
    'Upper Names': 'MARTIN',
    x: 735
  },
  {
    ename: 'scott',
    sal: 2500,
    comm: 350,
    'Upper Names': 'SCOTT',
    x: 350
  },
  {
    ename: 'vasu',
    sal: 2200,
    comm: 250,
    'Upper Names': 'VASU',
    x: 250
  },
  {
    ename: 'neel',
    sal: 1800,
    comm: 1400,
    'Upper Names': 'NEEL',
    x: 1400
  },
  {
    ename: 'nitish',
    sal: 1300,
    comm: 1200,
    'Upper Names': 'NITISH',
    x: 1200
  },
  {
    ename: 'anoop',
    sal: 2300,
    comm: 1200,
    'Upper Names': 'ANOOP',
    x: 1200
  },
  {
    ename: 'gita',
    sal: 2150,
    comm: 750,
    'Upper Names': 'GITA',
    x: 750
  },
  {
    ename: 'sita',
    sal: 3755,
    comm: 750,
    'Upper Names': 'SITA',
    x: 750
  }
]
primaryDB> edit
Opening an editor...

primaryDB> db.emp.aggregate([{ $project: { sal: 1, comm: 1, _id: 0, ename: true, "Upper Names": { $toUpper: "$ename" }, xx: { $ifNull: ['$comm', 0] } } }, { $match: { x: { $gt: 0 } } }])
[
  {
    ename: 'martin',
    sal: 2900,
    comm: 735,
    'Upper Names': 'MARTIN',
    x: 735
  },
  {
    ename: 'scott',
    sal: 2500,
    comm: 350,
    'Upper Names': 'SCOTT',
    x: 350
  },
  {
    ename: 'vasu',
    sal: 2200,
    comm: 250,
    'Upper Names': 'VASU',
    x: 250
  },
  {
    ename: 'neel',
    sal: 1800,
    comm: 1400,
    'Upper Names': 'NEEL',
    x: 1400
  },
  {
    ename: 'nitish',
    sal: 1300,
    comm: 1200,
    'Upper Names': 'NITISH',
    x: 1200
  },
  {
    ename: 'anoop',
    sal: 2300,
    comm: 1200,
    'Upper Names': 'ANOOP',
    x: 1200
  },
  {
    ename: 'gita',
    sal: 2150,
    comm: 750,
    'Upper Names': 'GITA',
    x: 750
  },
  {
    ename: 'sita',
    sal: 3755,
    comm: 750,
    'Upper Names': 'SITA',
    x: 750
  }
]
primaryDB>

primaryDB>

primaryDB>

primaryDB>

primaryDB>

primaryDB> exit

C:\Users\faculty>